============================================
PLATFORM_VERSION_CODENAME=REL
PLATFORM_VERSION=7.1.2
AOSIP_VERSION=6.0-Derp-lettuce-20170619
TARGET_PRODUCT=aosip_lettuce
TARGET_BUILD_VARIANT=userdebug
TARGET_BUILD_TYPE=release
TARGET_BUILD_APPS=
TARGET_ARCH=arm64
TARGET_ARCH_VARIANT=armv8-a
TARGET_CPU_VARIANT=cortex-a53
TARGET_2ND_ARCH=arm
TARGET_2ND_ARCH_VARIANT=armv7-a-neon
TARGET_2ND_CPU_VARIANT=cortex-a53
HOST_ARCH=x86_64
HOST_2ND_ARCH=x86
HOST_OS=linux
HOST_OS_EXTRA=Linux-4.4.0-79-generic-x86_64-with-Ubuntu-16.04-xenial
HOST_CROSS_OS=windows
HOST_CROSS_ARCH=x86
HOST_CROSS_2ND_ARCH=x86_64
HOST_BUILD_TYPE=release
BUILD_ID=N2G47X
OUT_DIR=/root/worspace/aosip/out
============================================
prebuilts/clang/host/linux-x86/clang-2690385/bin/clang++   -fno-exceptions -Wno-multichar -m64 -Wa,--noexecstack -fPIC -no-canonical-prefixes -U_FORTIFY_SOURCE -D_FORTIFY_SOURCE=2 -fstack-protector -D__STDC_FORMAT_MACROS -D__STDC_CONSTANT_MACROS -DANDROID -fmessage-length=0 -W -Wall -Wno-unused -Winit-self -Wpointer-arith -O2 -g -fno-strict-aliasing -DNDEBUG -UDEBUG  -D__compiler_offsetof=__builtin_offsetof -Werror=int-conversion -Wno-reserved-id-macro -Wno-format-pedantic -Wno-unused-command-line-argument   --gcc-toolchain=prebuilts/gcc/linux-x86/host/x86_64-linux-glibc2.15-4.8 -fstack-protector-strong    --gcc-toolchain=prebuilts/gcc/linux-x86/host/x86_64-linux-glibc2.15-4.8 --sysroot prebuilts/gcc/linux-x86/host/x86_64-linux-glibc2.15-4.8/sysroot -Bprebuilts/gcc/linux-x86/host/x86_64-linux-glibc2.15-4.8/x86_64-linux/bin -target x86_64-linux-gnu   -Wsign-promo  -Wno-inconsistent-missing-override   --gcc-toolchain=prebuilts/gcc/linux-x86/host/x86_64-linux-glibc2.15-4.8 --sysroot prebuilts/gcc/linux-x86/host/x86_64-linux-glibc2.15-4.8/sysroot -isystem prebuilts/gcc/linux-x86/host/x86_64-linux-glibc2.15-4.8/x86_64-linux/include/c++/4.8 -isystem prebuilts/gcc/linux-x86/host/x86_64-linux-glibc2.15-4.8/x86_64-linux/include/c++/4.8/x86_64-linux -isystem prebuilts/gcc/linux-x86/host/x86_64-linux-glibc2.15-4.8/x86_64-linux/include/c++/4.8/backward -target x86_64-linux-gnu -c -std=c++11 -g -W -Wall -MMD -MP -O -DNOLOG -march=native -o /root/worspace/aosip/out/host/linux-x86/obj/EXECUTABLES/ckati_intermediates/affinity.o build/kati/affinity.cc
prebuilts/clang/host/linux-x86/clang-2690385/bin/clang++   -fno-exceptions -Wno-multichar -m64 -Wa,--noexecstack -fPIC -no-canonical-prefixes -U_FORTIFY_SOURCE -D_FORTIFY_SOURCE=2 -fstack-protector -D__STDC_FORMAT_MACROS -D__STDC_CONSTANT_MACROS -DANDROID -fmessage-length=0 -W -Wall -Wno-unused -Winit-self -Wpointer-arith -O2 -g -fno-strict-aliasing -DNDEBUG -UDEBUG  -D__compiler_offsetof=__builtin_offsetof -Werror=int-conversion -Wno-reserved-id-macro -Wno-format-pedantic -Wno-unused-command-line-argument   --gcc-toolchain=prebuilts/gcc/linux-x86/host/x86_64-linux-glibc2.15-4.8 -fstack-protector-strong    --gcc-toolchain=prebuilts/gcc/linux-x86/host/x86_64-linux-glibc2.15-4.8 --sysroot prebuilts/gcc/linux-x86/host/x86_64-linux-glibc2.15-4.8/sysroot -Bprebuilts/gcc/linux-x86/host/x86_64-linux-glibc2.15-4.8/x86_64-linux/bin -target x86_64-linux-gnu   -Wsign-promo  -Wno-inconsistent-missing-override   --gcc-toolchain=prebuilts/gcc/linux-x86/host/x86_64-linux-glibc2.15-4.8 --sysroot prebuilts/gcc/linux-x86/host/x86_64-linux-glibc2.15-4.8/sysroot -isystem prebuilts/gcc/linux-x86/host/x86_64-linux-glibc2.15-4.8/x86_64-linux/include/c++/4.8 -isystem prebuilts/gcc/linux-x86/host/x86_64-linux-glibc2.15-4.8/x86_64-linux/include/c++/4.8/x86_64-linux -isystem prebuilts/gcc/linux-x86/host/x86_64-linux-glibc2.15-4.8/x86_64-linux/include/c++/4.8/backward -target x86_64-linux-gnu -c -std=c++11 -g -W -Wall -MMD -MP -O -DNOLOG -march=native -o /root/worspace/aosip/out/host/linux-x86/obj/EXECUTABLES/ckati_intermediates/command.o build/kati/command.cc
prebuilts/clang/host/linux-x86/clang-2690385/bin/clang++   -fno-exceptions -Wno-multichar -m64 -Wa,--noexecstack -fPIC -no-canonical-prefixes -U_FORTIFY_SOURCE -D_FORTIFY_SOURCE=2 -fstack-protector -D__STDC_FORMAT_MACROS -D__STDC_CONSTANT_MACROS -DANDROID -fmessage-length=0 -W -Wall -Wno-unused -Winit-self -Wpointer-arith -O2 -g -fno-strict-aliasing -DNDEBUG -UDEBUG  -D__compiler_offsetof=__builtin_offsetof -Werror=int-conversion -Wno-reserved-id-macro -Wno-format-pedantic -Wno-unused-command-line-argument   --gcc-toolchain=prebuilts/gcc/linux-x86/host/x86_64-linux-glibc2.15-4.8 -fstack-protector-strong    --gcc-toolchain=prebuilts/gcc/linux-x86/host/x86_64-linux-glibc2.15-4.8 --sysroot prebuilts/gcc/linux-x86/host/x86_64-linux-glibc2.15-4.8/sysroot -Bprebuilts/gcc/linux-x86/host/x86_64-linux-glibc2.15-4.8/x86_64-linux/bin -target x86_64-linux-gnu   -Wsign-promo  -Wno-inconsistent-missing-override   --gcc-toolchain=prebuilts/gcc/linux-x86/host/x86_64-linux-glibc2.15-4.8 --sysroot prebuilts/gcc/linux-x86/host/x86_64-linux-glibc2.15-4.8/sysroot -isystem prebuilts/gcc/linux-x86/host/x86_64-linux-glibc2.15-4.8/x86_64-linux/include/c++/4.8 -isystem prebuilts/gcc/linux-x86/host/x86_64-linux-glibc2.15-4.8/x86_64-linux/include/c++/4.8/x86_64-linux -isystem prebuilts/gcc/linux-x86/host/x86_64-linux-glibc2.15-4.8/x86_64-linux/include/c++/4.8/backward -target x86_64-linux-gnu -c -std=c++11 -g -W -Wall -MMD -MP -O -DNOLOG -march=native -o /root/worspace/aosip/out/host/linux-x86/obj/EXECUTABLES/ckati_intermediates/dep.o build/kati/dep.cc
prebuilts/clang/host/linux-x86/clang-2690385/bin/clang++   -fno-exceptions -Wno-multichar -m64 -Wa,--noexecstack -fPIC -no-canonical-prefixes -U_FORTIFY_SOURCE -D_FORTIFY_SOURCE=2 -fstack-protector -D__STDC_FORMAT_MACROS -D__STDC_CONSTANT_MACROS -DANDROID -fmessage-length=0 -W -Wall -Wno-unused -Winit-self -Wpointer-arith -O2 -g -fno-strict-aliasing -DNDEBUG -UDEBUG  -D__compiler_offsetof=__builtin_offsetof -Werror=int-conversion -Wno-reserved-id-macro -Wno-format-pedantic -Wno-unused-command-line-argument   --gcc-toolchain=prebuilts/gcc/linux-x86/host/x86_64-linux-glibc2.15-4.8 -fstack-protector-strong    --gcc-toolchain=prebuilts/gcc/linux-x86/host/x86_64-linux-glibc2.15-4.8 --sysroot prebuilts/gcc/linux-x86/host/x86_64-linux-glibc2.15-4.8/sysroot -Bprebuilts/gcc/linux-x86/host/x86_64-linux-glibc2.15-4.8/x86_64-linux/bin -target x86_64-linux-gnu   -Wsign-promo  -Wno-inconsistent-missing-override   --gcc-toolchain=prebuilts/gcc/linux-x86/host/x86_64-linux-glibc2.15-4.8 --sysroot prebuilts/gcc/linux-x86/host/x86_64-linux-glibc2.15-4.8/sysroot -isystem prebuilts/gcc/linux-x86/host/x86_64-linux-glibc2.15-4.8/x86_64-linux/include/c++/4.8 -isystem prebuilts/gcc/linux-x86/host/x86_64-linux-glibc2.15-4.8/x86_64-linux/include/c++/4.8/x86_64-linux -isystem prebuilts/gcc/linux-x86/host/x86_64-linux-glibc2.15-4.8/x86_64-linux/include/c++/4.8/backward -target x86_64-linux-gnu -c -std=c++11 -g -W -Wall -MMD -MP -O -DNOLOG -march=native -o /root/worspace/aosip/out/host/linux-x86/obj/EXECUTABLES/ckati_intermediates/eval.o build/kati/eval.cc
prebuilts/clang/host/linux-x86/clang-2690385/bin/clang++   -fno-exceptions -Wno-multichar -m64 -Wa,--noexecstack -fPIC -no-canonical-prefixes -U_FORTIFY_SOURCE -D_FORTIFY_SOURCE=2 -fstack-protector -D__STDC_FORMAT_MACROS -D__STDC_CONSTANT_MACROS -DANDROID -fmessage-length=0 -W -Wall -Wno-unused -Winit-self -Wpointer-arith -O2 -g -fno-strict-aliasing -DNDEBUG -UDEBUG  -D__compiler_offsetof=__builtin_offsetof -Werror=int-conversion -Wno-reserved-id-macro -Wno-format-pedantic -Wno-unused-command-line-argument   --gcc-toolchain=prebuilts/gcc/linux-x86/host/x86_64-linux-glibc2.15-4.8 -fstack-protector-strong    --gcc-toolchain=prebuilts/gcc/linux-x86/host/x86_64-linux-glibc2.15-4.8 --sysroot prebuilts/gcc/linux-x86/host/x86_64-linux-glibc2.15-4.8/sysroot -Bprebuilts/gcc/linux-x86/host/x86_64-linux-glibc2.15-4.8/x86_64-linux/bin -target x86_64-linux-gnu   -Wsign-promo  -Wno-inconsistent-missing-override   --gcc-toolchain=prebuilts/gcc/linux-x86/host/x86_64-linux-glibc2.15-4.8 --sysroot prebuilts/gcc/linux-x86/host/x86_64-linux-glibc2.15-4.8/sysroot -isystem prebuilts/gcc/linux-x86/host/x86_64-linux-glibc2.15-4.8/x86_64-linux/include/c++/4.8 -isystem prebuilts/gcc/linux-x86/host/x86_64-linux-glibc2.15-4.8/x86_64-linux/include/c++/4.8/x86_64-linux -isystem prebuilts/gcc/linux-x86/host/x86_64-linux-glibc2.15-4.8/x86_64-linux/include/c++/4.8/backward -target x86_64-linux-gnu -c -std=c++11 -g -W -Wall -MMD -MP -O -DNOLOG -march=native -o /root/worspace/aosip/out/host/linux-x86/obj/EXECUTABLES/ckati_intermediates/exec.o build/kati/exec.cc
prebuilts/clang/host/linux-x86/clang-2690385/bin/clang++   -fno-exceptions -Wno-multichar -m64 -Wa,--noexecstack -fPIC -no-canonical-prefixes -U_FORTIFY_SOURCE -D_FORTIFY_SOURCE=2 -fstack-protector -D__STDC_FORMAT_MACROS -D__STDC_CONSTANT_MACROS -DANDROID -fmessage-length=0 -W -Wall -Wno-unused -Winit-self -Wpointer-arith -O2 -g -fno-strict-aliasing -DNDEBUG -UDEBUG  -D__compiler_offsetof=__builtin_offsetof -Werror=int-conversion -Wno-reserved-id-macro -Wno-format-pedantic -Wno-unused-command-line-argument   --gcc-toolchain=prebuilts/gcc/linux-x86/host/x86_64-linux-glibc2.15-4.8 -fstack-protector-strong    --gcc-toolchain=prebuilts/gcc/linux-x86/host/x86_64-linux-glibc2.15-4.8 --sysroot prebuilts/gcc/linux-x86/host/x86_64-linux-glibc2.15-4.8/sysroot -Bprebuilts/gcc/linux-x86/host/x86_64-linux-glibc2.15-4.8/x86_64-linux/bin -target x86_64-linux-gnu   -Wsign-promo  -Wno-inconsistent-missing-override   --gcc-toolchain=prebuilts/gcc/linux-x86/host/x86_64-linux-glibc2.15-4.8 --sysroot prebuilts/gcc/linux-x86/host/x86_64-linux-glibc2.15-4.8/sysroot -isystem prebuilts/gcc/linux-x86/host/x86_64-linux-glibc2.15-4.8/x86_64-linux/include/c++/4.8 -isystem prebuilts/gcc/linux-x86/host/x86_64-linux-glibc2.15-4.8/x86_64-linux/include/c++/4.8/x86_64-linux -isystem prebuilts/gcc/linux-x86/host/x86_64-linux-glibc2.15-4.8/x86_64-linux/include/c++/4.8/backward -target x86_64-linux-gnu -c -std=c++11 -g -W -Wall -MMD -MP -O -DNOLOG -march=native -o /root/worspace/aosip/out/host/linux-x86/obj/EXECUTABLES/ckati_intermediates/expr.o build/kati/expr.cc
prebuilts/clang/host/linux-x86/clang-2690385/bin/clang++   -fno-exceptions -Wno-multichar -m64 -Wa,--noexecstack -fPIC -no-canonical-prefixes -U_FORTIFY_SOURCE -D_FORTIFY_SOURCE=2 -fstack-protector -D__STDC_FORMAT_MACROS -D__STDC_CONSTANT_MACROS -DANDROID -fmessage-length=0 -W -Wall -Wno-unused -Winit-self -Wpointer-arith -O2 -g -fno-strict-aliasing -DNDEBUG -UDEBUG  -D__compiler_offsetof=__builtin_offsetof -Werror=int-conversion -Wno-reserved-id-macro -Wno-format-pedantic -Wno-unused-command-line-argument   --gcc-toolchain=prebuilts/gcc/linux-x86/host/x86_64-linux-glibc2.15-4.8 -fstack-protector-strong    --gcc-toolchain=prebuilts/gcc/linux-x86/host/x86_64-linux-glibc2.15-4.8 --sysroot prebuilts/gcc/linux-x86/host/x86_64-linux-glibc2.15-4.8/sysroot -Bprebuilts/gcc/linux-x86/host/x86_64-linux-glibc2.15-4.8/x86_64-linux/bin -target x86_64-linux-gnu   -Wsign-promo  -Wno-inconsistent-missing-override   --gcc-toolchain=prebuilts/gcc/linux-x86/host/x86_64-linux-glibc2.15-4.8 --sysroot prebuilts/gcc/linux-x86/host/x86_64-linux-glibc2.15-4.8/sysroot -isystem prebuilts/gcc/linux-x86/host/x86_64-linux-glibc2.15-4.8/x86_64-linux/include/c++/4.8 -isystem prebuilts/gcc/linux-x86/host/x86_64-linux-glibc2.15-4.8/x86_64-linux/include/c++/4.8/x86_64-linux -isystem prebuilts/gcc/linux-x86/host/x86_64-linux-glibc2.15-4.8/x86_64-linux/include/c++/4.8/backward -target x86_64-linux-gnu -c -std=c++11 -g -W -Wall -MMD -MP -O -DNOLOG -march=native -o /root/worspace/aosip/out/host/linux-x86/obj/EXECUTABLES/ckati_intermediates/file.o build/kati/file.cc
prebuilts/clang/host/linux-x86/clang-2690385/bin/clang++   -fno-exceptions -Wno-multichar -m64 -Wa,--noexecstack -fPIC -no-canonical-prefixes -U_FORTIFY_SOURCE -D_FORTIFY_SOURCE=2 -fstack-protector -D__STDC_FORMAT_MACROS -D__STDC_CONSTANT_MACROS -DANDROID -fmessage-length=0 -W -Wall -Wno-unused -Winit-self -Wpointer-arith -O2 -g -fno-strict-aliasing -DNDEBUG -UDEBUG  -D__compiler_offsetof=__builtin_offsetof -Werror=int-conversion -Wno-reserved-id-macro -Wno-format-pedantic -Wno-unused-command-line-argument   --gcc-toolchain=prebuilts/gcc/linux-x86/host/x86_64-linux-glibc2.15-4.8 -fstack-protector-strong    --gcc-toolchain=prebuilts/gcc/linux-x86/host/x86_64-linux-glibc2.15-4.8 --sysroot prebuilts/gcc/linux-x86/host/x86_64-linux-glibc2.15-4.8/sysroot -Bprebuilts/gcc/linux-x86/host/x86_64-linux-glibc2.15-4.8/x86_64-linux/bin -target x86_64-linux-gnu   -Wsign-promo  -Wno-inconsistent-missing-override   --gcc-toolchain=prebuilts/gcc/linux-x86/host/x86_64-linux-glibc2.15-4.8 --sysroot prebuilts/gcc/linux-x86/host/x86_64-linux-glibc2.15-4.8/sysroot -isystem prebuilts/gcc/linux-x86/host/x86_64-linux-glibc2.15-4.8/x86_64-linux/include/c++/4.8 -isystem prebuilts/gcc/linux-x86/host/x86_64-linux-glibc2.15-4.8/x86_64-linux/include/c++/4.8/x86_64-linux -isystem prebuilts/gcc/linux-x86/host/x86_64-linux-glibc2.15-4.8/x86_64-linux/include/c++/4.8/backward -target x86_64-linux-gnu -c -std=c++11 -g -W -Wall -MMD -MP -O -DNOLOG -march=native -o /root/worspace/aosip/out/host/linux-x86/obj/EXECUTABLES/ckati_intermediates/file_cache.o build/kati/file_cache.cc
prebuilts/clang/host/linux-x86/clang-2690385/bin/clang++   -fno-exceptions -Wno-multichar -m64 -Wa,--noexecstack -fPIC -no-canonical-prefixes -U_FORTIFY_SOURCE -D_FORTIFY_SOURCE=2 -fstack-protector -D__STDC_FORMAT_MACROS -D__STDC_CONSTANT_MACROS -DANDROID -fmessage-length=0 -W -Wall -Wno-unused -Winit-self -Wpointer-arith -O2 -g -fno-strict-aliasing -DNDEBUG -UDEBUG  -D__compiler_offsetof=__builtin_offsetof -Werror=int-conversion -Wno-reserved-id-macro -Wno-format-pedantic -Wno-unused-command-line-argument   --gcc-toolchain=prebuilts/gcc/linux-x86/host/x86_64-linux-glibc2.15-4.8 -fstack-protector-strong    --gcc-toolchain=prebuilts/gcc/linux-x86/host/x86_64-linux-glibc2.15-4.8 --sysroot prebuilts/gcc/linux-x86/host/x86_64-linux-glibc2.15-4.8/sysroot -Bprebuilts/gcc/linux-x86/host/x86_64-linux-glibc2.15-4.8/x86_64-linux/bin -target x86_64-linux-gnu   -Wsign-promo  -Wno-inconsistent-missing-override   --gcc-toolchain=prebuilts/gcc/linux-x86/host/x86_64-linux-glibc2.15-4.8 --sysroot prebuilts/gcc/linux-x86/host/x86_64-linux-glibc2.15-4.8/sysroot -isystem prebuilts/gcc/linux-x86/host/x86_64-linux-glibc2.15-4.8/x86_64-linux/include/c++/4.8 -isystem prebuilts/gcc/linux-x86/host/x86_64-linux-glibc2.15-4.8/x86_64-linux/include/c++/4.8/x86_64-linux -isystem prebuilts/gcc/linux-x86/host/x86_64-linux-glibc2.15-4.8/x86_64-linux/include/c++/4.8/backward -target x86_64-linux-gnu -c -std=c++11 -g -W -Wall -MMD -MP -O -DNOLOG -march=native -o /root/worspace/aosip/out/host/linux-x86/obj/EXECUTABLES/ckati_intermediates/fileutil.o build/kati/fileutil.cc
prebuilts/clang/host/linux-x86/clang-2690385/bin/clang++   -fno-exceptions -Wno-multichar -m64 -Wa,--noexecstack -fPIC -no-canonical-prefixes -U_FORTIFY_SOURCE -D_FORTIFY_SOURCE=2 -fstack-protector -D__STDC_FORMAT_MACROS -D__STDC_CONSTANT_MACROS -DANDROID -fmessage-length=0 -W -Wall -Wno-unused -Winit-self -Wpointer-arith -O2 -g -fno-strict-aliasing -DNDEBUG -UDEBUG  -D__compiler_offsetof=__builtin_offsetof -Werror=int-conversion -Wno-reserved-id-macro -Wno-format-pedantic -Wno-unused-command-line-argument   --gcc-toolchain=prebuilts/gcc/linux-x86/host/x86_64-linux-glibc2.15-4.8 -fstack-protector-strong    --gcc-toolchain=prebuilts/gcc/linux-x86/host/x86_64-linux-glibc2.15-4.8 --sysroot prebuilts/gcc/linux-x86/host/x86_64-linux-glibc2.15-4.8/sysroot -Bprebuilts/gcc/linux-x86/host/x86_64-linux-glibc2.15-4.8/x86_64-linux/bin -target x86_64-linux-gnu   -Wsign-promo  -Wno-inconsistent-missing-override   --gcc-toolchain=prebuilts/gcc/linux-x86/host/x86_64-linux-glibc2.15-4.8 --sysroot prebuilts/gcc/linux-x86/host/x86_64-linux-glibc2.15-4.8/sysroot -isystem prebuilts/gcc/linux-x86/host/x86_64-linux-glibc2.15-4.8/x86_64-linux/include/c++/4.8 -isystem prebuilts/gcc/linux-x86/host/x86_64-linux-glibc2.15-4.8/x86_64-linux/include/c++/4.8/x86_64-linux -isystem prebuilts/gcc/linux-x86/host/x86_64-linux-glibc2.15-4.8/x86_64-linux/include/c++/4.8/backward -target x86_64-linux-gnu -c -std=c++11 -g -W -Wall -MMD -MP -O -DNOLOG -march=native -o /root/worspace/aosip/out/host/linux-x86/obj/EXECUTABLES/ckati_intermediates/find.o build/kati/find.cc
prebuilts/clang/host/linux-x86/clang-2690385/bin/clang++   -fno-exceptions -Wno-multichar -m64 -Wa,--noexecstack -fPIC -no-canonical-prefixes -U_FORTIFY_SOURCE -D_FORTIFY_SOURCE=2 -fstack-protector -D__STDC_FORMAT_MACROS -D__STDC_CONSTANT_MACROS -DANDROID -fmessage-length=0 -W -Wall -Wno-unused -Winit-self -Wpointer-arith -O2 -g -fno-strict-aliasing -DNDEBUG -UDEBUG  -D__compiler_offsetof=__builtin_offsetof -Werror=int-conversion -Wno-reserved-id-macro -Wno-format-pedantic -Wno-unused-command-line-argument   --gcc-toolchain=prebuilts/gcc/linux-x86/host/x86_64-linux-glibc2.15-4.8 -fstack-protector-strong    --gcc-toolchain=prebuilts/gcc/linux-x86/host/x86_64-linux-glibc2.15-4.8 --sysroot prebuilts/gcc/linux-x86/host/x86_64-linux-glibc2.15-4.8/sysroot -Bprebuilts/gcc/linux-x86/host/x86_64-linux-glibc2.15-4.8/x86_64-linux/bin -target x86_64-linux-gnu   -Wsign-promo  -Wno-inconsistent-missing-override   --gcc-toolchain=prebuilts/gcc/linux-x86/host/x86_64-linux-glibc2.15-4.8 --sysroot prebuilts/gcc/linux-x86/host/x86_64-linux-glibc2.15-4.8/sysroot -isystem prebuilts/gcc/linux-x86/host/x86_64-linux-glibc2.15-4.8/x86_64-linux/include/c++/4.8 -isystem prebuilts/gcc/linux-x86/host/x86_64-linux-glibc2.15-4.8/x86_64-linux/include/c++/4.8/x86_64-linux -isystem prebuilts/gcc/linux-x86/host/x86_64-linux-glibc2.15-4.8/x86_64-linux/include/c++/4.8/backward -target x86_64-linux-gnu -c -std=c++11 -g -W -Wall -MMD -MP -O -DNOLOG -march=native -o /root/worspace/aosip/out/host/linux-x86/obj/EXECUTABLES/ckati_intermediates/flags.o build/kati/flags.cc
prebuilts/clang/host/linux-x86/clang-2690385/bin/clang++   -fno-exceptions -Wno-multichar -m64 -Wa,--noexecstack -fPIC -no-canonical-prefixes -U_FORTIFY_SOURCE -D_FORTIFY_SOURCE=2 -fstack-protector -D__STDC_FORMAT_MACROS -D__STDC_CONSTANT_MACROS -DANDROID -fmessage-length=0 -W -Wall -Wno-unused -Winit-self -Wpointer-arith -O2 -g -fno-strict-aliasing -DNDEBUG -UDEBUG  -D__compiler_offsetof=__builtin_offsetof -Werror=int-conversion -Wno-reserved-id-macro -Wno-format-pedantic -Wno-unused-command-line-argument   --gcc-toolchain=prebuilts/gcc/linux-x86/host/x86_64-linux-glibc2.15-4.8 -fstack-protector-strong    --gcc-toolchain=prebuilts/gcc/linux-x86/host/x86_64-linux-glibc2.15-4.8 --sysroot prebuilts/gcc/linux-x86/host/x86_64-linux-glibc2.15-4.8/sysroot -Bprebuilts/gcc/linux-x86/host/x86_64-linux-glibc2.15-4.8/x86_64-linux/bin -target x86_64-linux-gnu   -Wsign-promo  -Wno-inconsistent-missing-override   --gcc-toolchain=prebuilts/gcc/linux-x86/host/x86_64-linux-glibc2.15-4.8 --sysroot prebuilts/gcc/linux-x86/host/x86_64-linux-glibc2.15-4.8/sysroot -isystem prebuilts/gcc/linux-x86/host/x86_64-linux-glibc2.15-4.8/x86_64-linux/include/c++/4.8 -isystem prebuilts/gcc/linux-x86/host/x86_64-linux-glibc2.15-4.8/x86_64-linux/include/c++/4.8/x86_64-linux -isystem prebuilts/gcc/linux-x86/host/x86_64-linux-glibc2.15-4.8/x86_64-linux/include/c++/4.8/backward -target x86_64-linux-gnu -c -std=c++11 -g -W -Wall -MMD -MP -O -DNOLOG -march=native -o /root/worspace/aosip/out/host/linux-x86/obj/EXECUTABLES/ckati_intermediates/func.o build/kati/func.cc
prebuilts/clang/host/linux-x86/clang-2690385/bin/clang++   -fno-exceptions -Wno-multichar -m64 -Wa,--noexecstack -fPIC -no-canonical-prefixes -U_FORTIFY_SOURCE -D_FORTIFY_SOURCE=2 -fstack-protector -D__STDC_FORMAT_MACROS -D__STDC_CONSTANT_MACROS -DANDROID -fmessage-length=0 -W -Wall -Wno-unused -Winit-self -Wpointer-arith -O2 -g -fno-strict-aliasing -DNDEBUG -UDEBUG  -D__compiler_offsetof=__builtin_offsetof -Werror=int-conversion -Wno-reserved-id-macro -Wno-format-pedantic -Wno-unused-command-line-argument   --gcc-toolchain=prebuilts/gcc/linux-x86/host/x86_64-linux-glibc2.15-4.8 -fstack-protector-strong    --gcc-toolchain=prebuilts/gcc/linux-x86/host/x86_64-linux-glibc2.15-4.8 --sysroot prebuilts/gcc/linux-x86/host/x86_64-linux-glibc2.15-4.8/sysroot -Bprebuilts/gcc/linux-x86/host/x86_64-linux-glibc2.15-4.8/x86_64-linux/bin -target x86_64-linux-gnu   -Wsign-promo  -Wno-inconsistent-missing-override   --gcc-toolchain=prebuilts/gcc/linux-x86/host/x86_64-linux-glibc2.15-4.8 --sysroot prebuilts/gcc/linux-x86/host/x86_64-linux-glibc2.15-4.8/sysroot -isystem prebuilts/gcc/linux-x86/host/x86_64-linux-glibc2.15-4.8/x86_64-linux/include/c++/4.8 -isystem prebuilts/gcc/linux-x86/host/x86_64-linux-glibc2.15-4.8/x86_64-linux/include/c++/4.8/x86_64-linux -isystem prebuilts/gcc/linux-x86/host/x86_64-linux-glibc2.15-4.8/x86_64-linux/include/c++/4.8/backward -target x86_64-linux-gnu -c -std=c++11 -g -W -Wall -MMD -MP -O -DNOLOG -march=native -o /root/worspace/aosip/out/host/linux-x86/obj/EXECUTABLES/ckati_intermediates/io.o build/kati/io.cc
prebuilts/clang/host/linux-x86/clang-2690385/bin/clang++   -fno-exceptions -Wno-multichar -m64 -Wa,--noexecstack -fPIC -no-canonical-prefixes -U_FORTIFY_SOURCE -D_FORTIFY_SOURCE=2 -fstack-protector -D__STDC_FORMAT_MACROS -D__STDC_CONSTANT_MACROS -DANDROID -fmessage-length=0 -W -Wall -Wno-unused -Winit-self -Wpointer-arith -O2 -g -fno-strict-aliasing -DNDEBUG -UDEBUG  -D__compiler_offsetof=__builtin_offsetof -Werror=int-conversion -Wno-reserved-id-macro -Wno-format-pedantic -Wno-unused-command-line-argument   --gcc-toolchain=prebuilts/gcc/linux-x86/host/x86_64-linux-glibc2.15-4.8 -fstack-protector-strong    --gcc-toolchain=prebuilts/gcc/linux-x86/host/x86_64-linux-glibc2.15-4.8 --sysroot prebuilts/gcc/linux-x86/host/x86_64-linux-glibc2.15-4.8/sysroot -Bprebuilts/gcc/linux-x86/host/x86_64-linux-glibc2.15-4.8/x86_64-linux/bin -target x86_64-linux-gnu   -Wsign-promo  -Wno-inconsistent-missing-override   --gcc-toolchain=prebuilts/gcc/linux-x86/host/x86_64-linux-glibc2.15-4.8 --sysroot prebuilts/gcc/linux-x86/host/x86_64-linux-glibc2.15-4.8/sysroot -isystem prebuilts/gcc/linux-x86/host/x86_64-linux-glibc2.15-4.8/x86_64-linux/include/c++/4.8 -isystem prebuilts/gcc/linux-x86/host/x86_64-linux-glibc2.15-4.8/x86_64-linux/include/c++/4.8/x86_64-linux -isystem prebuilts/gcc/linux-x86/host/x86_64-linux-glibc2.15-4.8/x86_64-linux/include/c++/4.8/backward -target x86_64-linux-gnu -c -std=c++11 -g -W -Wall -MMD -MP -O -DNOLOG -march=native -o /root/worspace/aosip/out/host/linux-x86/obj/EXECUTABLES/ckati_intermediates/log.o build/kati/log.cc
prebuilts/clang/host/linux-x86/clang-2690385/bin/clang++   -fno-exceptions -Wno-multichar -m64 -Wa,--noexecstack -fPIC -no-canonical-prefixes -U_FORTIFY_SOURCE -D_FORTIFY_SOURCE=2 -fstack-protector -D__STDC_FORMAT_MACROS -D__STDC_CONSTANT_MACROS -DANDROID -fmessage-length=0 -W -Wall -Wno-unused -Winit-self -Wpointer-arith -O2 -g -fno-strict-aliasing -DNDEBUG -UDEBUG  -D__compiler_offsetof=__builtin_offsetof -Werror=int-conversion -Wno-reserved-id-macro -Wno-format-pedantic -Wno-unused-command-line-argument   --gcc-toolchain=prebuilts/gcc/linux-x86/host/x86_64-linux-glibc2.15-4.8 -fstack-protector-strong    --gcc-toolchain=prebuilts/gcc/linux-x86/host/x86_64-linux-glibc2.15-4.8 --sysroot prebuilts/gcc/linux-x86/host/x86_64-linux-glibc2.15-4.8/sysroot -Bprebuilts/gcc/linux-x86/host/x86_64-linux-glibc2.15-4.8/x86_64-linux/bin -target x86_64-linux-gnu   -Wsign-promo  -Wno-inconsistent-missing-override   --gcc-toolchain=prebuilts/gcc/linux-x86/host/x86_64-linux-glibc2.15-4.8 --sysroot prebuilts/gcc/linux-x86/host/x86_64-linux-glibc2.15-4.8/sysroot -isystem prebuilts/gcc/linux-x86/host/x86_64-linux-glibc2.15-4.8/x86_64-linux/include/c++/4.8 -isystem prebuilts/gcc/linux-x86/host/x86_64-linux-glibc2.15-4.8/x86_64-linux/include/c++/4.8/x86_64-linux -isystem prebuilts/gcc/linux-x86/host/x86_64-linux-glibc2.15-4.8/x86_64-linux/include/c++/4.8/backward -target x86_64-linux-gnu -c -std=c++11 -g -W -Wall -MMD -MP -O -DNOLOG -march=native -o /root/worspace/aosip/out/host/linux-x86/obj/EXECUTABLES/ckati_intermediates/main.o build/kati/main.cc
prebuilts/clang/host/linux-x86/clang-2690385/bin/clang++   -fno-exceptions -Wno-multichar -m64 -Wa,--noexecstack -fPIC -no-canonical-prefixes -U_FORTIFY_SOURCE -D_FORTIFY_SOURCE=2 -fstack-protector -D__STDC_FORMAT_MACROS -D__STDC_CONSTANT_MACROS -DANDROID -fmessage-length=0 -W -Wall -Wno-unused -Winit-self -Wpointer-arith -O2 -g -fno-strict-aliasing -DNDEBUG -UDEBUG  -D__compiler_offsetof=__builtin_offsetof -Werror=int-conversion -Wno-reserved-id-macro -Wno-format-pedantic -Wno-unused-command-line-argument   --gcc-toolchain=prebuilts/gcc/linux-x86/host/x86_64-linux-glibc2.15-4.8 -fstack-protector-strong    --gcc-toolchain=prebuilts/gcc/linux-x86/host/x86_64-linux-glibc2.15-4.8 --sysroot prebuilts/gcc/linux-x86/host/x86_64-linux-glibc2.15-4.8/sysroot -Bprebuilts/gcc/linux-x86/host/x86_64-linux-glibc2.15-4.8/x86_64-linux/bin -target x86_64-linux-gnu   -Wsign-promo  -Wno-inconsistent-missing-override   --gcc-toolchain=prebuilts/gcc/linux-x86/host/x86_64-linux-glibc2.15-4.8 --sysroot prebuilts/gcc/linux-x86/host/x86_64-linux-glibc2.15-4.8/sysroot -isystem prebuilts/gcc/linux-x86/host/x86_64-linux-glibc2.15-4.8/x86_64-linux/include/c++/4.8 -isystem prebuilts/gcc/linux-x86/host/x86_64-linux-glibc2.15-4.8/x86_64-linux/include/c++/4.8/x86_64-linux -isystem prebuilts/gcc/linux-x86/host/x86_64-linux-glibc2.15-4.8/x86_64-linux/include/c++/4.8/backward -target x86_64-linux-gnu -c -std=c++11 -g -W -Wall -MMD -MP -O -DNOLOG -march=native -o /root/worspace/aosip/out/host/linux-x86/obj/EXECUTABLES/ckati_intermediates/ninja.o build/kati/ninja.cc
prebuilts/clang/host/linux-x86/clang-2690385/bin/clang++   -fno-exceptions -Wno-multichar -m64 -Wa,--noexecstack -fPIC -no-canonical-prefixes -U_FORTIFY_SOURCE -D_FORTIFY_SOURCE=2 -fstack-protector -D__STDC_FORMAT_MACROS -D__STDC_CONSTANT_MACROS -DANDROID -fmessage-length=0 -W -Wall -Wno-unused -Winit-self -Wpointer-arith -O2 -g -fno-strict-aliasing -DNDEBUG -UDEBUG  -D__compiler_offsetof=__builtin_offsetof -Werror=int-conversion -Wno-reserved-id-macro -Wno-format-pedantic -Wno-unused-command-line-argument   --gcc-toolchain=prebuilts/gcc/linux-x86/host/x86_64-linux-glibc2.15-4.8 -fstack-protector-strong    --gcc-toolchain=prebuilts/gcc/linux-x86/host/x86_64-linux-glibc2.15-4.8 --sysroot prebuilts/gcc/linux-x86/host/x86_64-linux-glibc2.15-4.8/sysroot -Bprebuilts/gcc/linux-x86/host/x86_64-linux-glibc2.15-4.8/x86_64-linux/bin -target x86_64-linux-gnu   -Wsign-promo  -Wno-inconsistent-missing-override   --gcc-toolchain=prebuilts/gcc/linux-x86/host/x86_64-linux-glibc2.15-4.8 --sysroot prebuilts/gcc/linux-x86/host/x86_64-linux-glibc2.15-4.8/sysroot -isystem prebuilts/gcc/linux-x86/host/x86_64-linux-glibc2.15-4.8/x86_64-linux/include/c++/4.8 -isystem prebuilts/gcc/linux-x86/host/x86_64-linux-glibc2.15-4.8/x86_64-linux/include/c++/4.8/x86_64-linux -isystem prebuilts/gcc/linux-x86/host/x86_64-linux-glibc2.15-4.8/x86_64-linux/include/c++/4.8/backward -target x86_64-linux-gnu -c -std=c++11 -g -W -Wall -MMD -MP -O -DNOLOG -march=native -o /root/worspace/aosip/out/host/linux-x86/obj/EXECUTABLES/ckati_intermediates/parser.o build/kati/parser.cc
prebuilts/clang/host/linux-x86/clang-2690385/bin/clang++   -fno-exceptions -Wno-multichar -m64 -Wa,--noexecstack -fPIC -no-canonical-prefixes -U_FORTIFY_SOURCE -D_FORTIFY_SOURCE=2 -fstack-protector -D__STDC_FORMAT_MACROS -D__STDC_CONSTANT_MACROS -DANDROID -fmessage-length=0 -W -Wall -Wno-unused -Winit-self -Wpointer-arith -O2 -g -fno-strict-aliasing -DNDEBUG -UDEBUG  -D__compiler_offsetof=__builtin_offsetof -Werror=int-conversion -Wno-reserved-id-macro -Wno-format-pedantic -Wno-unused-command-line-argument   --gcc-toolchain=prebuilts/gcc/linux-x86/host/x86_64-linux-glibc2.15-4.8 -fstack-protector-strong    --gcc-toolchain=prebuilts/gcc/linux-x86/host/x86_64-linux-glibc2.15-4.8 --sysroot prebuilts/gcc/linux-x86/host/x86_64-linux-glibc2.15-4.8/sysroot -Bprebuilts/gcc/linux-x86/host/x86_64-linux-glibc2.15-4.8/x86_64-linux/bin -target x86_64-linux-gnu   -Wsign-promo  -Wno-inconsistent-missing-override   --gcc-toolchain=prebuilts/gcc/linux-x86/host/x86_64-linux-glibc2.15-4.8 --sysroot prebuilts/gcc/linux-x86/host/x86_64-linux-glibc2.15-4.8/sysroot -isystem prebuilts/gcc/linux-x86/host/x86_64-linux-glibc2.15-4.8/x86_64-linux/include/c++/4.8 -isystem prebuilts/gcc/linux-x86/host/x86_64-linux-glibc2.15-4.8/x86_64-linux/include/c++/4.8/x86_64-linux -isystem prebuilts/gcc/linux-x86/host/x86_64-linux-glibc2.15-4.8/x86_64-linux/include/c++/4.8/backward -target x86_64-linux-gnu -c -std=c++11 -g -W -Wall -MMD -MP -O -DNOLOG -march=native -o /root/worspace/aosip/out/host/linux-x86/obj/EXECUTABLES/ckati_intermediates/regen.o build/kati/regen.cc
prebuilts/clang/host/linux-x86/clang-2690385/bin/clang++   -fno-exceptions -Wno-multichar -m64 -Wa,--noexecstack -fPIC -no-canonical-prefixes -U_FORTIFY_SOURCE -D_FORTIFY_SOURCE=2 -fstack-protector -D__STDC_FORMAT_MACROS -D__STDC_CONSTANT_MACROS -DANDROID -fmessage-length=0 -W -Wall -Wno-unused -Winit-self -Wpointer-arith -O2 -g -fno-strict-aliasing -DNDEBUG -UDEBUG  -D__compiler_offsetof=__builtin_offsetof -Werror=int-conversion -Wno-reserved-id-macro -Wno-format-pedantic -Wno-unused-command-line-argument   --gcc-toolchain=prebuilts/gcc/linux-x86/host/x86_64-linux-glibc2.15-4.8 -fstack-protector-strong    --gcc-toolchain=prebuilts/gcc/linux-x86/host/x86_64-linux-glibc2.15-4.8 --sysroot prebuilts/gcc/linux-x86/host/x86_64-linux-glibc2.15-4.8/sysroot -Bprebuilts/gcc/linux-x86/host/x86_64-linux-glibc2.15-4.8/x86_64-linux/bin -target x86_64-linux-gnu   -Wsign-promo  -Wno-inconsistent-missing-override   --gcc-toolchain=prebuilts/gcc/linux-x86/host/x86_64-linux-glibc2.15-4.8 --sysroot prebuilts/gcc/linux-x86/host/x86_64-linux-glibc2.15-4.8/sysroot -isystem prebuilts/gcc/linux-x86/host/x86_64-linux-glibc2.15-4.8/x86_64-linux/include/c++/4.8 -isystem prebuilts/gcc/linux-x86/host/x86_64-linux-glibc2.15-4.8/x86_64-linux/include/c++/4.8/x86_64-linux -isystem prebuilts/gcc/linux-x86/host/x86_64-linux-glibc2.15-4.8/x86_64-linux/include/c++/4.8/backward -target x86_64-linux-gnu -c -std=c++11 -g -W -Wall -MMD -MP -O -DNOLOG -march=native -o /root/worspace/aosip/out/host/linux-x86/obj/EXECUTABLES/ckati_intermediates/rule.o build/kati/rule.cc
prebuilts/clang/host/linux-x86/clang-2690385/bin/clang++   -fno-exceptions -Wno-multichar -m64 -Wa,--noexecstack -fPIC -no-canonical-prefixes -U_FORTIFY_SOURCE -D_FORTIFY_SOURCE=2 -fstack-protector -D__STDC_FORMAT_MACROS -D__STDC_CONSTANT_MACROS -DANDROID -fmessage-length=0 -W -Wall -Wno-unused -Winit-self -Wpointer-arith -O2 -g -fno-strict-aliasing -DNDEBUG -UDEBUG  -D__compiler_offsetof=__builtin_offsetof -Werror=int-conversion -Wno-reserved-id-macro -Wno-format-pedantic -Wno-unused-command-line-argument   --gcc-toolchain=prebuilts/gcc/linux-x86/host/x86_64-linux-glibc2.15-4.8 -fstack-protector-strong    --gcc-toolchain=prebuilts/gcc/linux-x86/host/x86_64-linux-glibc2.15-4.8 --sysroot prebuilts/gcc/linux-x86/host/x86_64-linux-glibc2.15-4.8/sysroot -Bprebuilts/gcc/linux-x86/host/x86_64-linux-glibc2.15-4.8/x86_64-linux/bin -target x86_64-linux-gnu   -Wsign-promo  -Wno-inconsistent-missing-override   --gcc-toolchain=prebuilts/gcc/linux-x86/host/x86_64-linux-glibc2.15-4.8 --sysroot prebuilts/gcc/linux-x86/host/x86_64-linux-glibc2.15-4.8/sysroot -isystem prebuilts/gcc/linux-x86/host/x86_64-linux-glibc2.15-4.8/x86_64-linux/include/c++/4.8 -isystem prebuilts/gcc/linux-x86/host/x86_64-linux-glibc2.15-4.8/x86_64-linux/include/c++/4.8/x86_64-linux -isystem prebuilts/gcc/linux-x86/host/x86_64-linux-glibc2.15-4.8/x86_64-linux/include/c++/4.8/backward -target x86_64-linux-gnu -c -std=c++11 -g -W -Wall -MMD -MP -O -DNOLOG -march=native -o /root/worspace/aosip/out/host/linux-x86/obj/EXECUTABLES/ckati_intermediates/stats.o build/kati/stats.cc
prebuilts/clang/host/linux-x86/clang-2690385/bin/clang++   -fno-exceptions -Wno-multichar -m64 -Wa,--noexecstack -fPIC -no-canonical-prefixes -U_FORTIFY_SOURCE -D_FORTIFY_SOURCE=2 -fstack-protector -D__STDC_FORMAT_MACROS -D__STDC_CONSTANT_MACROS -DANDROID -fmessage-length=0 -W -Wall -Wno-unused -Winit-self -Wpointer-arith -O2 -g -fno-strict-aliasing -DNDEBUG -UDEBUG  -D__compiler_offsetof=__builtin_offsetof -Werror=int-conversion -Wno-reserved-id-macro -Wno-format-pedantic -Wno-unused-command-line-argument   --gcc-toolchain=prebuilts/gcc/linux-x86/host/x86_64-linux-glibc2.15-4.8 -fstack-protector-strong    --gcc-toolchain=prebuilts/gcc/linux-x86/host/x86_64-linux-glibc2.15-4.8 --sysroot prebuilts/gcc/linux-x86/host/x86_64-linux-glibc2.15-4.8/sysroot -Bprebuilts/gcc/linux-x86/host/x86_64-linux-glibc2.15-4.8/x86_64-linux/bin -target x86_64-linux-gnu   -Wsign-promo  -Wno-inconsistent-missing-override   --gcc-toolchain=prebuilts/gcc/linux-x86/host/x86_64-linux-glibc2.15-4.8 --sysroot prebuilts/gcc/linux-x86/host/x86_64-linux-glibc2.15-4.8/sysroot -isystem prebuilts/gcc/linux-x86/host/x86_64-linux-glibc2.15-4.8/x86_64-linux/include/c++/4.8 -isystem prebuilts/gcc/linux-x86/host/x86_64-linux-glibc2.15-4.8/x86_64-linux/include/c++/4.8/x86_64-linux -isystem prebuilts/gcc/linux-x86/host/x86_64-linux-glibc2.15-4.8/x86_64-linux/include/c++/4.8/backward -target x86_64-linux-gnu -c -std=c++11 -g -W -Wall -MMD -MP -O -DNOLOG -march=native -o /root/worspace/aosip/out/host/linux-x86/obj/EXECUTABLES/ckati_intermediates/stmt.o build/kati/stmt.cc
prebuilts/clang/host/linux-x86/clang-2690385/bin/clang++   -fno-exceptions -Wno-multichar -m64 -Wa,--noexecstack -fPIC -no-canonical-prefixes -U_FORTIFY_SOURCE -D_FORTIFY_SOURCE=2 -fstack-protector -D__STDC_FORMAT_MACROS -D__STDC_CONSTANT_MACROS -DANDROID -fmessage-length=0 -W -Wall -Wno-unused -Winit-self -Wpointer-arith -O2 -g -fno-strict-aliasing -DNDEBUG -UDEBUG  -D__compiler_offsetof=__builtin_offsetof -Werror=int-conversion -Wno-reserved-id-macro -Wno-format-pedantic -Wno-unused-command-line-argument   --gcc-toolchain=prebuilts/gcc/linux-x86/host/x86_64-linux-glibc2.15-4.8 -fstack-protector-strong    --gcc-toolchain=prebuilts/gcc/linux-x86/host/x86_64-linux-glibc2.15-4.8 --sysroot prebuilts/gcc/linux-x86/host/x86_64-linux-glibc2.15-4.8/sysroot -Bprebuilts/gcc/linux-x86/host/x86_64-linux-glibc2.15-4.8/x86_64-linux/bin -target x86_64-linux-gnu   -Wsign-promo  -Wno-inconsistent-missing-override   --gcc-toolchain=prebuilts/gcc/linux-x86/host/x86_64-linux-glibc2.15-4.8 --sysroot prebuilts/gcc/linux-x86/host/x86_64-linux-glibc2.15-4.8/sysroot -isystem prebuilts/gcc/linux-x86/host/x86_64-linux-glibc2.15-4.8/x86_64-linux/include/c++/4.8 -isystem prebuilts/gcc/linux-x86/host/x86_64-linux-glibc2.15-4.8/x86_64-linux/include/c++/4.8/x86_64-linux -isystem prebuilts/gcc/linux-x86/host/x86_64-linux-glibc2.15-4.8/x86_64-linux/include/c++/4.8/backward -target x86_64-linux-gnu -c -std=c++11 -g -W -Wall -MMD -MP -O -DNOLOG -march=native -o /root/worspace/aosip/out/host/linux-x86/obj/EXECUTABLES/ckati_intermediates/string_piece.o build/kati/string_piece.cc
prebuilts/clang/host/linux-x86/clang-2690385/bin/clang++   -fno-exceptions -Wno-multichar -m64 -Wa,--noexecstack -fPIC -no-canonical-prefixes -U_FORTIFY_SOURCE -D_FORTIFY_SOURCE=2 -fstack-protector -D__STDC_FORMAT_MACROS -D__STDC_CONSTANT_MACROS -DANDROID -fmessage-length=0 -W -Wall -Wno-unused -Winit-self -Wpointer-arith -O2 -g -fno-strict-aliasing -DNDEBUG -UDEBUG  -D__compiler_offsetof=__builtin_offsetof -Werror=int-conversion -Wno-reserved-id-macro -Wno-format-pedantic -Wno-unused-command-line-argument   --gcc-toolchain=prebuilts/gcc/linux-x86/host/x86_64-linux-glibc2.15-4.8 -fstack-protector-strong    --gcc-toolchain=prebuilts/gcc/linux-x86/host/x86_64-linux-glibc2.15-4.8 --sysroot prebuilts/gcc/linux-x86/host/x86_64-linux-glibc2.15-4.8/sysroot -Bprebuilts/gcc/linux-x86/host/x86_64-linux-glibc2.15-4.8/x86_64-linux/bin -target x86_64-linux-gnu   -Wsign-promo  -Wno-inconsistent-missing-override   --gcc-toolchain=prebuilts/gcc/linux-x86/host/x86_64-linux-glibc2.15-4.8 --sysroot prebuilts/gcc/linux-x86/host/x86_64-linux-glibc2.15-4.8/sysroot -isystem prebuilts/gcc/linux-x86/host/x86_64-linux-glibc2.15-4.8/x86_64-linux/include/c++/4.8 -isystem prebuilts/gcc/linux-x86/host/x86_64-linux-glibc2.15-4.8/x86_64-linux/include/c++/4.8/x86_64-linux -isystem prebuilts/gcc/linux-x86/host/x86_64-linux-glibc2.15-4.8/x86_64-linux/include/c++/4.8/backward -target x86_64-linux-gnu -c -std=c++11 -g -W -Wall -MMD -MP -O -DNOLOG -march=native -o /root/worspace/aosip/out/host/linux-x86/obj/EXECUTABLES/ckati_intermediates/stringprintf.o build/kati/stringprintf.cc
prebuilts/clang/host/linux-x86/clang-2690385/bin/clang++   -fno-exceptions -Wno-multichar -m64 -Wa,--noexecstack -fPIC -no-canonical-prefixes -U_FORTIFY_SOURCE -D_FORTIFY_SOURCE=2 -fstack-protector -D__STDC_FORMAT_MACROS -D__STDC_CONSTANT_MACROS -DANDROID -fmessage-length=0 -W -Wall -Wno-unused -Winit-self -Wpointer-arith -O2 -g -fno-strict-aliasing -DNDEBUG -UDEBUG  -D__compiler_offsetof=__builtin_offsetof -Werror=int-conversion -Wno-reserved-id-macro -Wno-format-pedantic -Wno-unused-command-line-argument   --gcc-toolchain=prebuilts/gcc/linux-x86/host/x86_64-linux-glibc2.15-4.8 -fstack-protector-strong    --gcc-toolchain=prebuilts/gcc/linux-x86/host/x86_64-linux-glibc2.15-4.8 --sysroot prebuilts/gcc/linux-x86/host/x86_64-linux-glibc2.15-4.8/sysroot -Bprebuilts/gcc/linux-x86/host/x86_64-linux-glibc2.15-4.8/x86_64-linux/bin -target x86_64-linux-gnu   -Wsign-promo  -Wno-inconsistent-missing-override   --gcc-toolchain=prebuilts/gcc/linux-x86/host/x86_64-linux-glibc2.15-4.8 --sysroot prebuilts/gcc/linux-x86/host/x86_64-linux-glibc2.15-4.8/sysroot -isystem prebuilts/gcc/linux-x86/host/x86_64-linux-glibc2.15-4.8/x86_64-linux/include/c++/4.8 -isystem prebuilts/gcc/linux-x86/host/x86_64-linux-glibc2.15-4.8/x86_64-linux/include/c++/4.8/x86_64-linux -isystem prebuilts/gcc/linux-x86/host/x86_64-linux-glibc2.15-4.8/x86_64-linux/include/c++/4.8/backward -target x86_64-linux-gnu -c -std=c++11 -g -W -Wall -MMD -MP -O -DNOLOG -march=native -o /root/worspace/aosip/out/host/linux-x86/obj/EXECUTABLES/ckati_intermediates/strutil.o build/kati/strutil.cc
prebuilts/clang/host/linux-x86/clang-2690385/bin/clang++   -fno-exceptions -Wno-multichar -m64 -Wa,--noexecstack -fPIC -no-canonical-prefixes -U_FORTIFY_SOURCE -D_FORTIFY_SOURCE=2 -fstack-protector -D__STDC_FORMAT_MACROS -D__STDC_CONSTANT_MACROS -DANDROID -fmessage-length=0 -W -Wall -Wno-unused -Winit-self -Wpointer-arith -O2 -g -fno-strict-aliasing -DNDEBUG -UDEBUG  -D__compiler_offsetof=__builtin_offsetof -Werror=int-conversion -Wno-reserved-id-macro -Wno-format-pedantic -Wno-unused-command-line-argument   --gcc-toolchain=prebuilts/gcc/linux-x86/host/x86_64-linux-glibc2.15-4.8 -fstack-protector-strong    --gcc-toolchain=prebuilts/gcc/linux-x86/host/x86_64-linux-glibc2.15-4.8 --sysroot prebuilts/gcc/linux-x86/host/x86_64-linux-glibc2.15-4.8/sysroot -Bprebuilts/gcc/linux-x86/host/x86_64-linux-glibc2.15-4.8/x86_64-linux/bin -target x86_64-linux-gnu   -Wsign-promo  -Wno-inconsistent-missing-override   --gcc-toolchain=prebuilts/gcc/linux-x86/host/x86_64-linux-glibc2.15-4.8 --sysroot prebuilts/gcc/linux-x86/host/x86_64-linux-glibc2.15-4.8/sysroot -isystem prebuilts/gcc/linux-x86/host/x86_64-linux-glibc2.15-4.8/x86_64-linux/include/c++/4.8 -isystem prebuilts/gcc/linux-x86/host/x86_64-linux-glibc2.15-4.8/x86_64-linux/include/c++/4.8/x86_64-linux -isystem prebuilts/gcc/linux-x86/host/x86_64-linux-glibc2.15-4.8/x86_64-linux/include/c++/4.8/backward -target x86_64-linux-gnu -c -std=c++11 -g -W -Wall -MMD -MP -O -DNOLOG -march=native -o /root/worspace/aosip/out/host/linux-x86/obj/EXECUTABLES/ckati_intermediates/symtab.o build/kati/symtab.cc
prebuilts/clang/host/linux-x86/clang-2690385/bin/clang++   -fno-exceptions -Wno-multichar -m64 -Wa,--noexecstack -fPIC -no-canonical-prefixes -U_FORTIFY_SOURCE -D_FORTIFY_SOURCE=2 -fstack-protector -D__STDC_FORMAT_MACROS -D__STDC_CONSTANT_MACROS -DANDROID -fmessage-length=0 -W -Wall -Wno-unused -Winit-self -Wpointer-arith -O2 -g -fno-strict-aliasing -DNDEBUG -UDEBUG  -D__compiler_offsetof=__builtin_offsetof -Werror=int-conversion -Wno-reserved-id-macro -Wno-format-pedantic -Wno-unused-command-line-argument   --gcc-toolchain=prebuilts/gcc/linux-x86/host/x86_64-linux-glibc2.15-4.8 -fstack-protector-strong    --gcc-toolchain=prebuilts/gcc/linux-x86/host/x86_64-linux-glibc2.15-4.8 --sysroot prebuilts/gcc/linux-x86/host/x86_64-linux-glibc2.15-4.8/sysroot -Bprebuilts/gcc/linux-x86/host/x86_64-linux-glibc2.15-4.8/x86_64-linux/bin -target x86_64-linux-gnu   -Wsign-promo  -Wno-inconsistent-missing-override   --gcc-toolchain=prebuilts/gcc/linux-x86/host/x86_64-linux-glibc2.15-4.8 --sysroot prebuilts/gcc/linux-x86/host/x86_64-linux-glibc2.15-4.8/sysroot -isystem prebuilts/gcc/linux-x86/host/x86_64-linux-glibc2.15-4.8/x86_64-linux/include/c++/4.8 -isystem prebuilts/gcc/linux-x86/host/x86_64-linux-glibc2.15-4.8/x86_64-linux/include/c++/4.8/x86_64-linux -isystem prebuilts/gcc/linux-x86/host/x86_64-linux-glibc2.15-4.8/x86_64-linux/include/c++/4.8/backward -target x86_64-linux-gnu -c -std=c++11 -g -W -Wall -MMD -MP -O -DNOLOG -march=native -o /root/worspace/aosip/out/host/linux-x86/obj/EXECUTABLES/ckati_intermediates/thread_pool.o build/kati/thread_pool.cc
prebuilts/clang/host/linux-x86/clang-2690385/bin/clang++   -fno-exceptions -Wno-multichar -m64 -Wa,--noexecstack -fPIC -no-canonical-prefixes -U_FORTIFY_SOURCE -D_FORTIFY_SOURCE=2 -fstack-protector -D__STDC_FORMAT_MACROS -D__STDC_CONSTANT_MACROS -DANDROID -fmessage-length=0 -W -Wall -Wno-unused -Winit-self -Wpointer-arith -O2 -g -fno-strict-aliasing -DNDEBUG -UDEBUG  -D__compiler_offsetof=__builtin_offsetof -Werror=int-conversion -Wno-reserved-id-macro -Wno-format-pedantic -Wno-unused-command-line-argument   --gcc-toolchain=prebuilts/gcc/linux-x86/host/x86_64-linux-glibc2.15-4.8 -fstack-protector-strong    --gcc-toolchain=prebuilts/gcc/linux-x86/host/x86_64-linux-glibc2.15-4.8 --sysroot prebuilts/gcc/linux-x86/host/x86_64-linux-glibc2.15-4.8/sysroot -Bprebuilts/gcc/linux-x86/host/x86_64-linux-glibc2.15-4.8/x86_64-linux/bin -target x86_64-linux-gnu   -Wsign-promo  -Wno-inconsistent-missing-override   --gcc-toolchain=prebuilts/gcc/linux-x86/host/x86_64-linux-glibc2.15-4.8 --sysroot prebuilts/gcc/linux-x86/host/x86_64-linux-glibc2.15-4.8/sysroot -isystem prebuilts/gcc/linux-x86/host/x86_64-linux-glibc2.15-4.8/x86_64-linux/include/c++/4.8 -isystem prebuilts/gcc/linux-x86/host/x86_64-linux-glibc2.15-4.8/x86_64-linux/include/c++/4.8/x86_64-linux -isystem prebuilts/gcc/linux-x86/host/x86_64-linux-glibc2.15-4.8/x86_64-linux/include/c++/4.8/backward -target x86_64-linux-gnu -c -std=c++11 -g -W -Wall -MMD -MP -O -DNOLOG -march=native -o /root/worspace/aosip/out/host/linux-x86/obj/EXECUTABLES/ckati_intermediates/timeutil.o build/kati/timeutil.cc
prebuilts/clang/host/linux-x86/clang-2690385/bin/clang++   -fno-exceptions -Wno-multichar -m64 -Wa,--noexecstack -fPIC -no-canonical-prefixes -U_FORTIFY_SOURCE -D_FORTIFY_SOURCE=2 -fstack-protector -D__STDC_FORMAT_MACROS -D__STDC_CONSTANT_MACROS -DANDROID -fmessage-length=0 -W -Wall -Wno-unused -Winit-self -Wpointer-arith -O2 -g -fno-strict-aliasing -DNDEBUG -UDEBUG  -D__compiler_offsetof=__builtin_offsetof -Werror=int-conversion -Wno-reserved-id-macro -Wno-format-pedantic -Wno-unused-command-line-argument   --gcc-toolchain=prebuilts/gcc/linux-x86/host/x86_64-linux-glibc2.15-4.8 -fstack-protector-strong    --gcc-toolchain=prebuilts/gcc/linux-x86/host/x86_64-linux-glibc2.15-4.8 --sysroot prebuilts/gcc/linux-x86/host/x86_64-linux-glibc2.15-4.8/sysroot -Bprebuilts/gcc/linux-x86/host/x86_64-linux-glibc2.15-4.8/x86_64-linux/bin -target x86_64-linux-gnu   -Wsign-promo  -Wno-inconsistent-missing-override   --gcc-toolchain=prebuilts/gcc/linux-x86/host/x86_64-linux-glibc2.15-4.8 --sysroot prebuilts/gcc/linux-x86/host/x86_64-linux-glibc2.15-4.8/sysroot -isystem prebuilts/gcc/linux-x86/host/x86_64-linux-glibc2.15-4.8/x86_64-linux/include/c++/4.8 -isystem prebuilts/gcc/linux-x86/host/x86_64-linux-glibc2.15-4.8/x86_64-linux/include/c++/4.8/x86_64-linux -isystem prebuilts/gcc/linux-x86/host/x86_64-linux-glibc2.15-4.8/x86_64-linux/include/c++/4.8/backward -target x86_64-linux-gnu -c -std=c++11 -g -W -Wall -MMD -MP -O -DNOLOG -march=native -o /root/worspace/aosip/out/host/linux-x86/obj/EXECUTABLES/ckati_intermediates/var.o build/kati/var.cc
echo '// +build ignore' > /root/worspace/aosip/out/host/linux-x86/obj/EXECUTABLES/ckati_intermediates/version.cc
echo >> /root/worspace/aosip/out/host/linux-x86/obj/EXECUTABLES/ckati_intermediates/version.cc
echo 'const char* kGitVersion = "a5717fe6a3a52146af988437be22ac3ea1bdbc03";' >> /root/worspace/aosip/out/host/linux-x86/obj/EXECUTABLES/ckati_intermediates/version.cc
prebuilts/clang/host/linux-x86/clang-2690385/bin/clang++   -fno-exceptions -Wno-multichar -m64 -Wa,--noexecstack -fPIC -no-canonical-prefixes -U_FORTIFY_SOURCE -D_FORTIFY_SOURCE=2 -fstack-protector -D__STDC_FORMAT_MACROS -D__STDC_CONSTANT_MACROS -DANDROID -fmessage-length=0 -W -Wall -Wno-unused -Winit-self -Wpointer-arith -O2 -g -fno-strict-aliasing -DNDEBUG -UDEBUG  -D__compiler_offsetof=__builtin_offsetof -Werror=int-conversion -Wno-reserved-id-macro -Wno-format-pedantic -Wno-unused-command-line-argument   --gcc-toolchain=prebuilts/gcc/linux-x86/host/x86_64-linux-glibc2.15-4.8 -fstack-protector-strong    --gcc-toolchain=prebuilts/gcc/linux-x86/host/x86_64-linux-glibc2.15-4.8 --sysroot prebuilts/gcc/linux-x86/host/x86_64-linux-glibc2.15-4.8/sysroot -Bprebuilts/gcc/linux-x86/host/x86_64-linux-glibc2.15-4.8/x86_64-linux/bin -target x86_64-linux-gnu   -Wsign-promo  -Wno-inconsistent-missing-override   --gcc-toolchain=prebuilts/gcc/linux-x86/host/x86_64-linux-glibc2.15-4.8 --sysroot prebuilts/gcc/linux-x86/host/x86_64-linux-glibc2.15-4.8/sysroot -isystem prebuilts/gcc/linux-x86/host/x86_64-linux-glibc2.15-4.8/x86_64-linux/include/c++/4.8 -isystem prebuilts/gcc/linux-x86/host/x86_64-linux-glibc2.15-4.8/x86_64-linux/include/c++/4.8/x86_64-linux -isystem prebuilts/gcc/linux-x86/host/x86_64-linux-glibc2.15-4.8/x86_64-linux/include/c++/4.8/backward -target x86_64-linux-gnu -c -std=c++11 -g -W -Wall -MMD -MP -O -DNOLOG -march=native -o /root/worspace/aosip/out/host/linux-x86/obj/EXECUTABLES/ckati_intermediates/version.o /root/worspace/aosip/out/host/linux-x86/obj/EXECUTABLES/ckati_intermediates/version.cc
prebuilts/clang/host/linux-x86/clang-2690385/bin/clang++   -m64 -Wl,-z,noexecstack -Wl,-z,relro -Wl,-z,now -Wl,--no-undefined-version    --gcc-toolchain=prebuilts/gcc/linux-x86/host/x86_64-linux-glibc2.15-4.8 --sysroot prebuilts/gcc/linux-x86/host/x86_64-linux-glibc2.15-4.8/sysroot -Bprebuilts/gcc/linux-x86/host/x86_64-linux-glibc2.15-4.8/x86_64-linux/bin -Bprebuilts/gcc/linux-x86/host/x86_64-linux-glibc2.15-4.8/lib/gcc/x86_64-linux/4.8 -Lprebuilts/gcc/linux-x86/host/x86_64-linux-glibc2.15-4.8/lib/gcc/x86_64-linux/4.8 -Lprebuilts/gcc/linux-x86/host/x86_64-linux-glibc2.15-4.8/x86_64-linux/lib64/ -target x86_64-linux-gnu -static -Wl,--whole-archive -lpthread -Wl,--no-whole-archive -ldl -std=c++11 -g -W -Wall -MMD -MP -O -DNOLOG -march=native -o /root/worspace/aosip/out/host/linux-x86/bin/ckati /root/worspace/aosip/out/host/linux-x86/obj/EXECUTABLES/ckati_intermediates/affinity.o /root/worspace/aosip/out/host/linux-x86/obj/EXECUTABLES/ckati_intermediates/command.o /root/worspace/aosip/out/host/linux-x86/obj/EXECUTABLES/ckati_intermediates/dep.o /root/worspace/aosip/out/host/linux-x86/obj/EXECUTABLES/ckati_intermediates/eval.o /root/worspace/aosip/out/host/linux-x86/obj/EXECUTABLES/ckati_intermediates/exec.o /root/worspace/aosip/out/host/linux-x86/obj/EXECUTABLES/ckati_intermediates/expr.o /root/worspace/aosip/out/host/linux-x86/obj/EXECUTABLES/ckati_intermediates/file.o /root/worspace/aosip/out/host/linux-x86/obj/EXECUTABLES/ckati_intermediates/file_cache.o /root/worspace/aosip/out/host/linux-x86/obj/EXECUTABLES/ckati_intermediates/fileutil.o /root/worspace/aosip/out/host/linux-x86/obj/EXECUTABLES/ckati_intermediates/find.o /root/worspace/aosip/out/host/linux-x86/obj/EXECUTABLES/ckati_intermediates/flags.o /root/worspace/aosip/out/host/linux-x86/obj/EXECUTABLES/ckati_intermediates/func.o /root/worspace/aosip/out/host/linux-x86/obj/EXECUTABLES/ckati_intermediates/io.o /root/worspace/aosip/out/host/linux-x86/obj/EXECUTABLES/ckati_intermediates/log.o /root/worspace/aosip/out/host/linux-x86/obj/EXECUTABLES/ckati_intermediates/main.o /root/worspace/aosip/out/host/linux-x86/obj/EXECUTABLES/ckati_intermediates/ninja.o /root/worspace/aosip/out/host/linux-x86/obj/EXECUTABLES/ckati_intermediates/parser.o /root/worspace/aosip/out/host/linux-x86/obj/EXECUTABLES/ckati_intermediates/regen.o /root/worspace/aosip/out/host/linux-x86/obj/EXECUTABLES/ckati_intermediates/rule.o /root/worspace/aosip/out/host/linux-x86/obj/EXECUTABLES/ckati_intermediates/stats.o /root/worspace/aosip/out/host/linux-x86/obj/EXECUTABLES/ckati_intermediates/stmt.o /root/worspace/aosip/out/host/linux-x86/obj/EXECUTABLES/ckati_intermediates/string_piece.o /root/worspace/aosip/out/host/linux-x86/obj/EXECUTABLES/ckati_intermediates/stringprintf.o /root/worspace/aosip/out/host/linux-x86/obj/EXECUTABLES/ckati_intermediates/strutil.o /root/worspace/aosip/out/host/linux-x86/obj/EXECUTABLES/ckati_intermediates/symtab.o /root/worspace/aosip/out/host/linux-x86/obj/EXECUTABLES/ckati_intermediates/thread_pool.o /root/worspace/aosip/out/host/linux-x86/obj/EXECUTABLES/ckati_intermediates/timeutil.o /root/worspace/aosip/out/host/linux-x86/obj/EXECUTABLES/ckati_intermediates/var.o /root/worspace/aosip/out/host/linux-x86/obj/EXECUTABLES/ckati_intermediates/version.o -lrt -lpthread
prebuilts/clang/host/linux-x86/clang-2690385/bin/clang++   -fno-exceptions -Wno-multichar -m64 -Wa,--noexecstack -fPIC -no-canonical-prefixes -U_FORTIFY_SOURCE -D_FORTIFY_SOURCE=2 -fstack-protector -D__STDC_FORMAT_MACROS -D__STDC_CONSTANT_MACROS -DANDROID -fmessage-length=0 -W -Wall -Wno-unused -Winit-self -Wpointer-arith -O2 -g -fno-strict-aliasing -DNDEBUG -UDEBUG  -D__compiler_offsetof=__builtin_offsetof -Werror=int-conversion -Wno-reserved-id-macro -Wno-format-pedantic -Wno-unused-command-line-argument   --gcc-toolchain=prebuilts/gcc/linux-x86/host/x86_64-linux-glibc2.15-4.8 -fstack-protector-strong    --gcc-toolchain=prebuilts/gcc/linux-x86/host/x86_64-linux-glibc2.15-4.8 --sysroot prebuilts/gcc/linux-x86/host/x86_64-linux-glibc2.15-4.8/sysroot -Bprebuilts/gcc/linux-x86/host/x86_64-linux-glibc2.15-4.8/x86_64-linux/bin -target x86_64-linux-gnu   -Wsign-promo  -Wno-inconsistent-missing-override   --gcc-toolchain=prebuilts/gcc/linux-x86/host/x86_64-linux-glibc2.15-4.8 --sysroot prebuilts/gcc/linux-x86/host/x86_64-linux-glibc2.15-4.8/sysroot -isystem prebuilts/gcc/linux-x86/host/x86_64-linux-glibc2.15-4.8/x86_64-linux/include/c++/4.8 -isystem prebuilts/gcc/linux-x86/host/x86_64-linux-glibc2.15-4.8/x86_64-linux/include/c++/4.8/x86_64-linux -isystem prebuilts/gcc/linux-x86/host/x86_64-linux-glibc2.15-4.8/x86_64-linux/include/c++/4.8/backward -target x86_64-linux-gnu -c -std=c++11 -Wall -Werror -MMD -MP -o /root/worspace/aosip/out/host/linux-x86/obj/EXECUTABLES/makeparallel_intermediates/makeparallel.o build/tools/makeparallel/makeparallel.cpp
prebuilts/clang/host/linux-x86/clang-2690385/bin/clang++   -m64 -Wl,-z,noexecstack -Wl,-z,relro -Wl,-z,now -Wl,--no-undefined-version    --gcc-toolchain=prebuilts/gcc/linux-x86/host/x86_64-linux-glibc2.15-4.8 --sysroot prebuilts/gcc/linux-x86/host/x86_64-linux-glibc2.15-4.8/sysroot -Bprebuilts/gcc/linux-x86/host/x86_64-linux-glibc2.15-4.8/x86_64-linux/bin -Bprebuilts/gcc/linux-x86/host/x86_64-linux-glibc2.15-4.8/lib/gcc/x86_64-linux/4.8 -Lprebuilts/gcc/linux-x86/host/x86_64-linux-glibc2.15-4.8/lib/gcc/x86_64-linux/4.8 -Lprebuilts/gcc/linux-x86/host/x86_64-linux-glibc2.15-4.8/x86_64-linux/lib64/ -target x86_64-linux-gnu -static -std=c++11 -Wall -Werror -MMD -MP -o /root/worspace/aosip/out/host/linux-x86/bin/makeparallel /root/worspace/aosip/out/host/linux-x86/obj/EXECUTABLES/makeparallel_intermediates/makeparallel.o -lrt -lpthread
Running kati to generate build-aosip_lettuce.ninja...
============================================
PLATFORM_VERSION_CODENAME=REL
PLATFORM_VERSION=7.1.2
AOSIP_VERSION=6.0-Derp-lettuce-20170619
TARGET_PRODUCT=aosip_lettuce
TARGET_BUILD_VARIANT=userdebug
TARGET_BUILD_TYPE=release
TARGET_BUILD_APPS=
TARGET_ARCH=arm64
TARGET_ARCH_VARIANT=armv8-a
TARGET_CPU_VARIANT=cortex-a53
TARGET_2ND_ARCH=arm
TARGET_2ND_ARCH_VARIANT=armv7-a-neon
TARGET_2ND_CPU_VARIANT=cortex-a53
HOST_ARCH=x86_64
HOST_2ND_ARCH=x86
HOST_OS=linux
HOST_OS_EXTRA=Linux-4.4.0-79-generic-x86_64-with-Ubuntu-16.04-xenial
HOST_CROSS_OS=windows
HOST_CROSS_ARCH=x86
HOST_CROSS_2ND_ARCH=x86_64
HOST_BUILD_TYPE=release
BUILD_ID=N2G47X
OUT_DIR=/root/worspace/aosip/out
============================================
Checking build tools versions...
build/core/binary.mk:1208: external/deqp/Android.mk: libdeqp: Unused source files: \
build/core/binary.mk:1208: external/deqp/Android.mk: libdeqp: Unused source files: \
build/core/binary.mk:1208: external/pdfium/third_party/pdfiumbigint.mk: libpdfiumbigint: Unused source files: bigint/BigInteger.cc bigint/BigIntegerUtils.cc bigint/BigUnsigned.cc bigint/BigUnsignedInABase.cc
build/core/binary.mk:1208: external/pdfium/third_party/pdfiumbigint.mk: libpdfiumbigint: Unused source files: bigint/BigInteger.cc bigint/BigIntegerUtils.cc bigint/BigUnsigned.cc bigint/BigUnsignedInABase.cc
./external/speex/Android.mk:56: TODOArm64: enable neon in libspeex
build/core/package_internal.mk:143: Empty argument supplied to find-subdir-assets
build/core/package_internal.mk:143: Empty argument supplied to find-subdir-assets
No private recovery resources for TARGET_DEVICE lettuce
Starting build with ninja
ninja: Entering directory `.'
[  0% 1/46492] build /root/worspace/aosip/out/host/common/obj/JAVA_LIBRARIES/antlr-runtime_intermediates/classes-full-debug.jar
host Java: antlr-runtime (/root/worspace/aosip/out/host/common/obj/JAVA_LIBRARIES/antlr-runtime_intermediates/classes)
Note: Some input files use unchecked or unsafe operations.
Note: Recompile with -Xlint:unchecked for details.
[  0% 2/46492] build /root/worspace/aosip/out/host/linux-x86/obj/NOTICE_FILES/src/framework/antlr-runtime.jar.txt
Notice file: external/antlr/NOTICE -- /root/worspace/aosip/out/host/linux-x86/obj/NOTICE_FILES/src//framework/antlr-runtime.jar.txt
[  0% 3/46492] build /root/worspace/aosip/out/host/linux-x86/obj/SHARED_LIBRARIES/libssl-host_intermediates/export_includes
Export includes file: -- /root/worspace/aosip/out/host/linux-x86/obj/SHARED_LIBRARIES/libssl-host_intermediates/export_includes
[  0% 4/46492] build /root/worspace/aosip/out/host/linux-x86/obj/SHARED_LIBRARIES/libcrypto-host_intermediates/export_includes
Export includes file: -- /root/worspace/aosip/out/host/linux-x86/obj/SHARED_LIBRARIES/libcrypto-host_intermediates/export_includes
[  0% 5/46492] build /root/worspace/aosip/out/host/linux-x86/obj/NOTICE_FILES/src/framework/guavalib.jar.txt
Notice file: external/guava/NOTICE -- /root/worspace/aosip/out/host/linux-x86/obj/NOTICE_FILES/src//framework/guavalib.jar.txt
[  0% 6/46492] build /root/worspace/aosip/out/host/common/obj/JAVA_LIBRARIES/jsr305lib_intermediates/classes-full-debug.jar
host Java: jsr305lib (/root/worspace/aosip/out/host/common/obj/JAVA_LIBRARIES/jsr305lib_intermediates/classes)
[  0% 7/46492] build /root/worspace/aosip/out/host/linux-x86/obj/NOTICE_FILES/src/framework/jsilver.jar.txt
Notice file: external/jsilver/NOTICE -- /root/worspace/aosip/out/host/linux-x86/obj/NOTICE_FILES/src//framework/jsilver.jar.txt
[  0% 8/46492] build /root/worspace/aosip/out/target/product/lettuce/obj/include/memalloc.h
Header: /root/worspace/aosip/out/target/product/lettuce/obj/include/memalloc.h
[  0% 9/46492] build /root/worspace/aosip/out/target/product/lettuce/obj/include/alloc_controller.h
Header: /root/worspace/aosip/out/target/product/lettuce/obj/include/alloc_controller.h
[  0% 10/46492] build /root/worspace/aosip/out/target/product/lettuce/obj/include/qcom/display/gr.h
Header: /root/worspace/aosip/out/target/product/lettuce/obj/include/qcom/display/gr.h
[  0% 11/46492] build /root/worspace/aosip/out/target/product/lettuce/obj/include/qcom/display/gralloc_priv.h
Header: /root/worspace/aosip/out/target/product/lettuce/obj/include/qcom/display/gralloc_priv.h
[  0% 12/46492] build /root/worspace/aosip/out/target/product/lettuce/obj/include/qcom/display/c2d2.h
Header: /root/worspace/aosip/out/target/product/lettuce/obj/include/qcom/display/c2d2.h
[  0% 13/46492] build /root/worspace/aosip/out/target/product/lettuce/obj/include/qcom/display/copybit_priv.h
Header: /root/worspace/aosip/out/target/product/lettuce/obj/include/qcom/display/copybit_priv.h
[  0% 14/46492] build /root/worspace/aosip/out/target/product/lettuce/obj/include/qcom/display/copybit.h
Header: /root/worspace/aosip/out/target/product/lettuce/obj/include/qcom/display/copybit.h
[  0% 15/46492] build /root/worspace/aosip/out/target/product/lettuce/obj/include/qcom/display/color_metadata.h
Header: /root/worspace/aosip/out/target/product/lettuce/obj/include/qcom/display/color_metadata.h
[  0% 16/46492] build /root/worspace/aosip/out/target/product/lettuce/obj/include/mm-audio/audio_defs.h
Header: /root/worspace/aosip/out/target/product/lettuce/obj/include/mm-audio/audio_defs.h
[  0% 17/46492] build /root/worspace/aosip/out/target/product/lettuce/obj/include/mm-core/omxcore/QOMX_AudioExtensions.h
Header: /root/worspace/aosip/out/target/product/lettuce/obj/include/mm-core/omxcore/QOMX_AudioExtensions.h
[  0% 18/46492] build /root/worspace/aosip/out/target/product/lettuce/obj/include/media_resource_manager/OMX_adaptor.h
Header: /root/worspace/aosip/out/target/product/lettuce/obj/include/media_resource_manager/OMX_adaptor.h
[  0% 19/46492] build /root/worspace/aosip/out/target/product/lettuce/obj/include/media_resource_manager/MediaResourceArbitrator.h
Header: /root/worspace/aosip/out/target/product/lettuce/obj/include/media_resource_manager/MediaResourceArbitrator.h
[  0% 20/46492] build /root/worspace/aosip/out/target/product/lettuce/obj/include/libwpa_client/wpa_ctrl.h
Header: /root/worspace/aosip/out/target/product/lettuce/obj/include/libwpa_client/wpa_ctrl.h
[  0% 21/46492] build /root/worspace/aosip/out/target/product/lettuce/obj/include/libwpa_client/qca-vendor.h
Header: /root/worspace/aosip/out/target/product/lettuce/obj/include/libwpa_client/qca-vendor.h
[  0% 22/46492] build /root/worspace/aosip/out/target/product/lettuce/obj/include/libsonivox/eas_reverb.h
Header: /root/worspace/aosip/out/target/product/lettuce/obj/include/libsonivox/eas_reverb.h
[  0% 23/46492] build /root/worspace/aosip/out/target/product/lettuce/obj/include/libsonivox/eas_types.h
Header: /root/worspace/aosip/out/target/product/lettuce/obj/include/libsonivox/eas_types.h
[  0% 24/46492] build /root/worspace/aosip/out/target/product/lettuce/obj/include/libsonivox/jet.h
Header: /root/worspace/aosip/out/target/product/lettuce/obj/include/libsonivox/jet.h
[  0% 25/46492] build /root/worspace/aosip/out/target/product/lettuce/obj/include/libsonivox/eas.h
Header: /root/worspace/aosip/out/target/product/lettuce/obj/include/libsonivox/eas.h
[  0% 26/46492] build /root/worspace/aosip/out/target/product/lettuce/obj/include/protobuf-c/include/google/protobuf-c/protobuf-c.h
Header: /root/worspace/aosip/out/target/product/lettuce/obj/include/protobuf-c/include/google/protobuf-c//protobuf-c.h
[  0% 27/46492] build /root/worspace/aosip/out/target/product/lettuce/obj/include/protobuf-c/include/google/protobuf-c/protobuf-c-private.h
Header: /root/worspace/aosip/out/target/product/lettuce/obj/include/protobuf-c/include/google/protobuf-c//protobuf-c-private.h
[  0% 28/46492] build /root/worspace/aosip/out/host/linux-x86/obj/include/parameter/ElementHandle.h
Header: /root/worspace/aosip/out/host/linux-x86/obj/include/parameter/ElementHandle.h
[  0% 29/46492] build /root/worspace/aosip/out/host/linux-x86/obj/include/parameter/parameter_export.h
Header: /root/worspace/aosip/out/host/linux-x86/obj/include/parameter/parameter_export.h
[  0% 30/46492] build /root/worspace/aosip/out/host/linux-x86/obj/include/parameter/ParameterHandle.h
Header: /root/worspace/aosip/out/host/linux-x86/obj/include/parameter/ParameterHandle.h
[  0% 31/46492] build /root/worspace/aosip/out/host/linux-x86/obj/include/parameter/SelectionCriterionInterface.h
Header: /root/worspace/aosip/out/host/linux-x86/obj/include/parameter/SelectionCriterionInterface.h
[  0% 32/46492] build /root/worspace/aosip/out/host/linux-x86/obj/include/parameter/SelectionCriterionTypeInterface.h
Header: /root/worspace/aosip/out/host/linux-x86/obj/include/parameter/SelectionCriterionTypeInterface.h
[  0% 33/46492] build /root/worspace/aosip/out/host/linux-x86/obj/include/parameter/ParameterMgrFullConnector.h
Header: /root/worspace/aosip/out/host/linux-x86/obj/include/parameter/ParameterMgrFullConnector.h
[  0% 34/46492] build /root/worspace/aosip/out/host/linux-x86/obj/include/parameter/ParameterMgrPlatformConnector.h
Header: /root/worspace/aosip/out/host/linux-x86/obj/include/parameter/ParameterMgrPlatformConnector.h
[  0% 35/46492] build /root/worspace/aosip/out/host/linux-x86/obj/include/parameter/ParameterMgrLoggerForward.h
Header: /root/worspace/aosip/out/host/linux-x86/obj/include/parameter/ParameterMgrLoggerForward.h
[  0% 36/46492] build /root/worspace/aosip/out/target/product/lettuce/obj/include/parameter/ElementHandle.h
Header: /root/worspace/aosip/out/target/product/lettuce/obj/include/parameter/ElementHandle.h
[  0% 37/46492] build /root/worspace/aosip/out/target/product/lettuce/obj/include/parameter/parameter_export.h
Header: /root/worspace/aosip/out/target/product/lettuce/obj/include/parameter/parameter_export.h
[  0% 38/46492] build /root/worspace/aosip/out/target/product/lettuce/obj/include/parameter/ParameterHandle.h
Header: /root/worspace/aosip/out/target/product/lettuce/obj/include/parameter/ParameterHandle.h
[  0% 39/46492] build /root/worspace/aosip/out/target/product/lettuce/obj/include/parameter/SelectionCriterionInterface.h
Header: /root/worspace/aosip/out/target/product/lettuce/obj/include/parameter/SelectionCriterionInterface.h
[  0% 40/46492] build /root/worspace/aosip/out/target/product/lettuce/obj/include/parameter/SelectionCriterionTypeInterface.h
Header: /root/worspace/aosip/out/target/product/lettuce/obj/include/parameter/SelectionCriterionTypeInterface.h
[  0% 41/46492] build /root/worspace/aosip/out/target/product/lettuce/obj/include/parameter/ParameterMgrFullConnector.h
Header: /root/worspace/aosip/out/target/product/lettuce/obj/include/parameter/ParameterMgrFullConnector.h
[  0% 42/46492] build /root/worspace/aosip/out/host/linux-x86/obj/include/convert.hpp
Header: /root/worspace/aosip/out/host/linux-x86/obj/include/convert.hpp
[  0% 43/46492] build /root/worspace/aosip/out/host/linux-x86/obj/include/Utility.h
Header: /root/worspace/aosip/out/host/linux-x86/obj/include/Utility.h
[  0% 44/46492] build /root/worspace/aosip/out/target/product/lettuce/obj/include/parameter/ParameterMgrPlatformConnector.h
Header: /root/worspace/aosip/out/target/product/lettuce/obj/include/parameter/ParameterMgrPlatformConnector.h
[  0% 45/46492] build /root/worspace/aosip/out/host/linux-x86/obj/include/ErrorContext.hpp
Header: /root/worspace/aosip/out/host/linux-x86/obj/include/ErrorContext.hpp
[  0% 46/46492] build /root/worspace/aosip/out/host/linux-x86/obj/include/NonCopyable.hpp
Header: /root/worspace/aosip/out/host/linux-x86/obj/include/NonCopyable.hpp
[  0% 47/46492] build /root/worspace/aosip/out/target/product/lettuce/obj/include/convert.hpp
Header: /root/worspace/aosip/out/target/product/lettuce/obj/include/convert.hpp
[  0% 48/46492] build /root/worspace/aosip/out/host/common/obj/JAVA_LIBRARIES/tagsouplib_intermediates/classes-full-debug.jar
host Java: tagsouplib (/root/worspace/aosip/out/host/common/obj/JAVA_LIBRARIES/tagsouplib_intermediates/classes)
Note: Some input files use unchecked or unsafe operations.
Note: Recompile with -Xlint:unchecked for details.
[  0% 49/46492] build /root/worspace/aosip/out/host/linux-x86/obj/NOTICE_FILES/src/framework/doclava.jar.txt
Notice file: external/doclava/NOTICE -- /root/worspace/aosip/out/host/linux-x86/obj/NOTICE_FILES/src//framework/doclava.jar.txt
[  0% 50/46492] build /root/worspace/aosip/out/host/linux-x86/obj/NOTICE_FILES/src/lib/libc++_static.a.txt
Notice file: external/libcxx/NOTICE -- /root/worspace/aosip/out/host/linux-x86/obj/NOTICE_FILES/src//lib/libc++_static.a.txt
[  0% 51/46492] build /root/worspace/aosip/out/host/linux-x86/obj/NOTICE_FILES/src/lib64/libc++.so.txt
Notice file: external/libcxx/NOTICE -- /root/worspace/aosip/out/host/linux-x86/obj/NOTICE_FILES/src//lib64/libc++.so.txt
[  0% 52/46492] build /root/worspace/aosip/out/host/linux-x86/obj/NOTICE_FILES/src/lib64/libc++_static.a.txt
Notice file: external/libcxx/NOTICE -- /root/worspace/aosip/out/host/linux-x86/obj/NOTICE_FILES/src//lib64/libc++_static.a.txt
[  0% 53/46492] build /root/worspace/aosip/out/host/windows-x86/obj/NOTICE_FILES/src/lib64/liblog.a.txt
Notice file: system/core/liblog/NOTICE -- /root/worspace/aosip/out/host/windows-x86/obj/NOTICE_FILES/src//lib64/liblog.a.txt
[  0% 54/46492] build /root/worspace/aosip/out/host/windows-x86/obj/NOTICE_FILES/src/lib/liblog.a.txt
Notice file: system/core/liblog/NOTICE -- /root/worspace/aosip/out/host/windows-x86/obj/NOTICE_FILES/src//lib/liblog.a.txt
[  0% 55/46492] build /root/worspace/aosip/out/host/linux-x86/obj/NOTICE_FILES/src/lib/liblog.a.txt
Notice file: system/core/liblog/NOTICE -- /root/worspace/aosip/out/host/linux-x86/obj/NOTICE_FILES/src//lib/liblog.a.txt
[  0% 56/46492] build /root/worspace/aosip/out/host/linux-x86/obj/NOTICE_FILES/src/lib64/liblog.a.txt
Notice file: system/core/liblog/NOTICE -- /root/worspace/aosip/out/host/linux-x86/obj/NOTICE_FILES/src//lib64/liblog.a.txt
[  0% 57/46492] build /root/worspace/aosip/out/host/windows-x86/obj/NOTICE_FILES/src/lib64/libcutils.a.txt
Notice file: system/core/libcutils/NOTICE -- /root/worspace/aosip/out/host/windows-x86/obj/NOTICE_FILES/src//lib64/libcutils.a.txt
[  0% 58/46492] build /root/worspace/aosip/out/host/windows-x86/obj/NOTICE_FILES/src/lib/libcutils.a.txt
Notice file: system/core/libcutils/NOTICE -- /root/worspace/aosip/out/host/windows-x86/obj/NOTICE_FILES/src//lib/libcutils.a.txt
[  0% 59/46492] build /root/worspace/aosip/out/host/linux-x86/obj/NOTICE_FILES/src/lib/libcutils.a.txt
Notice file: system/core/libcutils/NOTICE -- /root/worspace/aosip/out/host/linux-x86/obj/NOTICE_FILES/src//lib/libcutils.a.txt
[  0% 60/46492] build /root/worspace/aosip/out/host/linux-x86/obj/NOTICE_FILES/src/lib64/libcutils.a.txt
Notice file: system/core/libcutils/NOTICE -- /root/worspace/aosip/out/host/linux-x86/obj/NOTICE_FILES/src//lib64/libcutils.a.txt
[  0% 61/46492] build /root/worspace/aosip/out/host/windows-x86/obj/NOTICE_FILES/src/lib64/libutils.a.txt
Notice file: system/core/libutils/NOTICE -- /root/worspace/aosip/out/host/windows-x86/obj/NOTICE_FILES/src//lib64/libutils.a.txt
[  0% 62/46492] build /root/worspace/aosip/out/host/windows-x86/obj/NOTICE_FILES/src/lib/libutils.a.txt
Notice file: system/core/libutils/NOTICE -- /root/worspace/aosip/out/host/windows-x86/obj/NOTICE_FILES/src//lib/libutils.a.txt
[  0% 63/46492] build /root/worspace/aosip/out/host/linux-x86/obj/NOTICE_FILES/src/lib/libutils.a.txt
Notice file: system/core/libutils/NOTICE -- /root/worspace/aosip/out/host/linux-x86/obj/NOTICE_FILES/src//lib/libutils.a.txt
[  0% 64/46492] build /root/worspace/aosip/out/host/linux-x86/obj/NOTICE_FILES/src/lib64/libutils.a.txt
Notice file: system/core/libutils/NOTICE -- /root/worspace/aosip/out/host/linux-x86/obj/NOTICE_FILES/src//lib64/libutils.a.txt
[  0% 65/46492] build /root/worspace/aosip/out/host/windows-x86/obj/NOTICE_FILES/src/lib64/libcompiler_rt-extras.a.txt
Notice file: external/compiler-rt/NOTICE -- /root/worspace/aosip/out/host/windows-x86/obj/NOTICE_FILES/src//lib64/libcompiler_rt-extras.a.txt
[  0% 66/46492] build /root/worspace/aosip/out/host/windows-x86/obj/NOTICE_FILES/src/lib/libcompiler_rt-extras.a.txt
Notice file: external/compiler-rt/NOTICE -- /root/worspace/aosip/out/host/windows-x86/obj/NOTICE_FILES/src//lib/libcompiler_rt-extras.a.txt
[  0% 67/46492] build /root/worspace/aosip/out/host/linux-x86/obj/NOTICE_FILES/src/lib/libcompiler_rt-extras.a.txt
Notice file: external/compiler-rt/NOTICE -- /root/worspace/aosip/out/host/linux-x86/obj/NOTICE_FILES/src//lib/libcompiler_rt-extras.a.txt
[  0% 68/46492] build /root/worspace/aosip/out/host/linux-x86/obj/NOTICE_FILES/src/lib64/libcompiler_rt-extras.a.txt
Notice file: external/compiler-rt/NOTICE -- /root/worspace/aosip/out/host/linux-x86/obj/NOTICE_FILES/src//lib64/libcompiler_rt-extras.a.txt
[  0% 69/46492] build /root/worspace/aosip/out/host/linux-x86/obj/EXECUTABLES/acp_intermediates/export_includes
Export includes file: -- /root/worspace/aosip/out/host/linux-x86/obj/EXECUTABLES/acp_intermediates/export_includes
[  0% 70/46492] build /root/worspace/aosip/out/host/linux-x86/obj/STATIC_LIBRARIES/libhost_intermediates/export_includes
Export includes file: -- /root/worspace/aosip/out/host/linux-x86/obj/STATIC_LIBRARIES/libhost_intermediates/export_includes
[  0% 71/46492] build /root/worspace/aosip/out/host/linux-x86/obj/STATIC_LIBRARIES/libc++_static_intermediates/export_includes
Export includes file: -- /root/worspace/aosip/out/host/linux-x86/obj/STATIC_LIBRARIES/libc++_static_intermediates/export_includes
[  0% 72/46492] build /root/worspace/aosip/out/host/linux-x86/obj/STATIC_LIBRARIES/libc++abi_intermediates/export_includes
Export includes file: -- /root/worspace/aosip/out/host/linux-x86/obj/STATIC_LIBRARIES/libc++abi_intermediates/export_includes
[  0% 73/46492] build /root/worspace/aosip/out/target/product/lettuce/obj/include/time-services/time_genoff.h
Header: /root/worspace/aosip/out/target/product/lettuce/obj/include/time-services/time_genoff.h
[  0% 74/46492] build /root/worspace/aosip/out/target/product/lettuce/obj/include/dataservices/rmnetctl/librmnetctl.h
Header: /root/worspace/aosip/out/target/product/lettuce/obj/include/dataservices/rmnetctl/librmnetctl.h
[  0% 75/46492] build /root/worspace/aosip/out/target/product/lettuce/obj/include/sdk/softap/include/qsap.h
Header: /root/worspace/aosip/out/target/product/lettuce/obj/include/sdk/softap/include/qsap.h
[  0% 76/46492] build /root/worspace/aosip/out/target/product/lettuce/obj/include/mm-core/omxcore/QCMetaData.h
Header: /root/worspace/aosip/out/target/product/lettuce/obj/include/mm-core/omxcore/QCMetaData.h
[  0% 77/46492] build /root/worspace/aosip/out/target/product/lettuce/obj/include/mm-core/omxcore/QCMediaDefs.h
Header: /root/worspace/aosip/out/target/product/lettuce/obj/include/mm-core/omxcore/QCMediaDefs.h
[  0% 78/46492] build /root/worspace/aosip/out/target/product/lettuce/obj/include/sdk/softap/include/qsap_api.h
Header: /root/worspace/aosip/out/target/product/lettuce/obj/include/sdk/softap/include/qsap_api.h
[  0% 79/46492] build /root/worspace/aosip/out/target/product/lettuce/obj/include/mm-core/omxcore/OMX_VideoExt.h
Header: /root/worspace/aosip/out/target/product/lettuce/obj/include/mm-core/omxcore/OMX_VideoExt.h
[  0% 80/46492] build /root/worspace/aosip/out/target/product/lettuce/obj/include/mm-core/omxcore/OMX_IndexExt.h
Header: /root/worspace/aosip/out/target/product/lettuce/obj/include/mm-core/omxcore/OMX_IndexExt.h
[  0% 81/46492] build /root/worspace/aosip/out/target/product/lettuce/obj/include/mm-core/omxcore/QOMX_StreamingExtensions.h
Header: /root/worspace/aosip/out/target/product/lettuce/obj/include/mm-core/omxcore/QOMX_StreamingExtensions.h
[  0% 82/46492] build /root/worspace/aosip/out/target/product/lettuce/obj/include/mm-core/omxcore/QOMX_VideoExtensions.h
Header: /root/worspace/aosip/out/target/product/lettuce/obj/include/mm-core/omxcore/QOMX_VideoExtensions.h
[  0% 83/46492] build /root/worspace/aosip/out/target/product/lettuce/obj/include/mm-core/omxcore/QOMX_SourceExtensions.h
Header: /root/worspace/aosip/out/target/product/lettuce/obj/include/mm-core/omxcore/QOMX_SourceExtensions.h
[  0% 84/46492] build /root/worspace/aosip/out/target/product/lettuce/obj/include/mm-core/omxcore/QOMX_IVCommonExtensions.h
Header: /root/worspace/aosip/out/target/product/lettuce/obj/include/mm-core/omxcore/QOMX_IVCommonExtensions.h
[  0% 85/46492] build /root/worspace/aosip/out/target/product/lettuce/obj/include/mm-core/omxcore/QOMX_FileFormatExtensions.h
Header: /root/worspace/aosip/out/target/product/lettuce/obj/include/mm-core/omxcore/QOMX_FileFormatExtensions.h
[  0% 86/46492] build /root/worspace/aosip/out/target/product/lettuce/obj/include/mm-core/omxcore/OMX_CoreExt.h
Header: /root/worspace/aosip/out/target/product/lettuce/obj/include/mm-core/omxcore/OMX_CoreExt.h
[  0% 87/46492] build /root/worspace/aosip/out/target/product/lettuce/obj/include/mm-core/omxcore/QOMX_CoreExtensions.h
Header: /root/worspace/aosip/out/target/product/lettuce/obj/include/mm-core/omxcore/QOMX_CoreExtensions.h
[  0% 88/46492] build /root/worspace/aosip/out/target/product/lettuce/obj/include/mm-core/omxcore/QOMX_AudioIndexExtensions.h
Header: /root/worspace/aosip/out/target/product/lettuce/obj/include/mm-core/omxcore/QOMX_AudioIndexExtensions.h
[  0% 89/46492] build /root/worspace/aosip/out/target/product/lettuce/obj/include/mm-core/omxcore/qc_omx_msg.h
Header: /root/worspace/aosip/out/target/product/lettuce/obj/include/mm-core/omxcore/qc_omx_msg.h
[  0% 90/46492] build /root/worspace/aosip/out/target/product/lettuce/obj/include/mm-core/omxcore/qc_omx_component.h
Header: /root/worspace/aosip/out/target/product/lettuce/obj/include/mm-core/omxcore/qc_omx_component.h
[  0% 91/46492] build /root/worspace/aosip/out/target/product/lettuce/obj/include/mm-core/omxcore/qc_omx_common.h
Header: /root/worspace/aosip/out/target/product/lettuce/obj/include/mm-core/omxcore/qc_omx_common.h
[  0% 92/46492] build /root/worspace/aosip/out/target/product/lettuce/obj/include/mm-core/omxcore/OMX_Video.h
Header: /root/worspace/aosip/out/target/product/lettuce/obj/include/mm-core/omxcore/OMX_Video.h
[  0% 93/46492] build /root/worspace/aosip/out/target/product/lettuce/obj/include/mm-core/omxcore/OMX_Types.h
Header: /root/worspace/aosip/out/target/product/lettuce/obj/include/mm-core/omxcore/OMX_Types.h
[  0% 94/46492] build /root/worspace/aosip/out/target/product/lettuce/obj/include/mm-core/omxcore/OMX_QCOMExtns.h
Header: /root/worspace/aosip/out/target/product/lettuce/obj/include/mm-core/omxcore/OMX_QCOMExtns.h
[  0% 95/46492] build /root/worspace/aosip/out/target/product/lettuce/obj/include/mm-core/omxcore/OMX_Other.h
Header: /root/worspace/aosip/out/target/product/lettuce/obj/include/mm-core/omxcore/OMX_Other.h
[  0% 96/46492] build /root/worspace/aosip/out/target/product/lettuce/obj/include/mm-core/omxcore/OMX_IVCommon.h
Header: /root/worspace/aosip/out/target/product/lettuce/obj/include/mm-core/omxcore/OMX_IVCommon.h
[  0% 97/46492] build /root/worspace/aosip/out/target/product/lettuce/obj/include/mm-core/omxcore/OMX_Index.h
Header: /root/worspace/aosip/out/target/product/lettuce/obj/include/mm-core/omxcore/OMX_Index.h
[  0% 98/46492] build /root/worspace/aosip/out/target/product/lettuce/obj/include/mm-core/omxcore/OMX_Image.h
Header: /root/worspace/aosip/out/target/product/lettuce/obj/include/mm-core/omxcore/OMX_Image.h
[  0% 99/46492] build /root/worspace/aosip/out/target/product/lettuce/obj/include/mm-core/omxcore/OMX_Core.h
Header: /root/worspace/aosip/out/target/product/lettuce/obj/include/mm-core/omxcore/OMX_Core.h
[  0% 100/46492] build /root/worspace/aosip/out/target/product/lettuce/obj/include/mm-core/omxcore/OMX_ContentPipe.h
Header: /root/worspace/aosip/out/target/product/lettuce/obj/include/mm-core/omxcore/OMX_ContentPipe.h
[  0% 101/46492] build /root/worspace/aosip/out/target/product/lettuce/obj/include/mm-core/omxcore/OMX_Component.h
Header: /root/worspace/aosip/out/target/product/lettuce/obj/include/mm-core/omxcore/OMX_Component.h
[  0% 102/46492] build /root/worspace/aosip/out/target/product/lettuce/obj/include/mm-core/omxcore/OMX_Audio.h
Header: /root/worspace/aosip/out/target/product/lettuce/obj/include/mm-core/omxcore/OMX_Audio.h
[  0% 103/46492] build /root/worspace/aosip/out/target/product/lettuce/obj/include/qcom/display/IQClient.h
Header: /root/worspace/aosip/out/target/product/lettuce/obj/include/qcom/display/IQClient.h
[  0% 104/46492] build /root/worspace/aosip/out/target/product/lettuce/obj/include/qcom/display/IQService.h
Header: /root/worspace/aosip/out/target/product/lettuce/obj/include/qcom/display/IQService.h
[  0% 105/46492] build /root/worspace/aosip/out/target/product/lettuce/obj/include/qcom/display/qdMetaData.h
Header: /root/worspace/aosip/out/target/product/lettuce/obj/include/qcom/display/qdMetaData.h
[  0% 106/46492] build /root/worspace/aosip/out/target/product/lettuce/obj/include/qcom/display/mdp_version.h
Header: /root/worspace/aosip/out/target/product/lettuce/obj/include/qcom/display/mdp_version.h
[  0% 107/46492] build /root/worspace/aosip/out/target/product/lettuce/obj/include/qcom/display/display_config.h
Header: /root/worspace/aosip/out/target/product/lettuce/obj/include/qcom/display/display_config.h
[  0% 108/46492] build /root/worspace/aosip/out/target/product/lettuce/obj/include/Utility.h
Header: /root/worspace/aosip/out/target/product/lettuce/obj/include/Utility.h
[  0% 109/46492] build /root/worspace/aosip/out/target/product/lettuce/obj/include/ErrorContext.hpp
Header: /root/worspace/aosip/out/target/product/lettuce/obj/include/ErrorContext.hpp
[  0% 110/46492] build /root/worspace/aosip/out/target/product/lettuce/obj/include/NonCopyable.hpp
Header: /root/worspace/aosip/out/target/product/lettuce/obj/include/NonCopyable.hpp
[  0% 111/46492] build /root/worspace/aosip/out/target/product/lettuce/obj/include/parameter/ParameterMgrLoggerForward.h
Header: /root/worspace/aosip/out/target/product/lettuce/obj/include/parameter/ParameterMgrLoggerForward.h
[  0% 112/46492] build /root/worspace/aosip/out/target/product/lettuce/obj/include/libjson/inc/json_c_version.h
Header: /root/worspace/aosip/out/target/product/lettuce/obj/include/libjson/inc/json_c_version.h
[  0% 113/46492] build /root/worspace/aosip/out/target/product/lettuce/obj/include/libjson/inc/json_object_iterator.h
Header: /root/worspace/aosip/out/target/product/lettuce/obj/include/libjson/inc/json_object_iterator.h
[  0% 114/46492] build /root/worspace/aosip/out/target/product/lettuce/obj/include/libjson/inc/json_tokener.h
Header: /root/worspace/aosip/out/target/product/lettuce/obj/include/libjson/inc/json_tokener.h
[  0% 115/46492] build /root/worspace/aosip/out/target/product/lettuce/obj/include/libjson/inc/json_object.h
Header: /root/worspace/aosip/out/target/product/lettuce/obj/include/libjson/inc/json_object.h
[  0% 116/46492] build /root/worspace/aosip/out/target/product/lettuce/obj/include/libjson/inc/json_util.h
Header: /root/worspace/aosip/out/target/product/lettuce/obj/include/libjson/inc/json_util.h
[  0% 117/46492] build /root/worspace/aosip/out/target/product/lettuce/obj/include/libjson/inc/json_inttypes.h
Header: /root/worspace/aosip/out/target/product/lettuce/obj/include/libjson/inc/json_inttypes.h
[  0% 118/46492] build /root/worspace/aosip/out/target/product/lettuce/obj/include/libjson/inc/json_config.h
Header: /root/worspace/aosip/out/target/product/lettuce/obj/include/libjson/inc/json_config.h
[  0% 119/46492] build /root/worspace/aosip/out/target/product/lettuce/obj/include/libjson/inc/json.h
Header: /root/worspace/aosip/out/target/product/lettuce/obj/include/libjson/inc/json.h
[  0% 120/46492] build /root/worspace/aosip/out/target/product/lettuce/obj/include/libjson/inc/arraylist.h
Header: /root/worspace/aosip/out/target/product/lettuce/obj/include/libjson/inc/arraylist.h
[  0% 121/46492] build /root/worspace/aosip/out/target/product/lettuce/obj/include/libjson/inc/linkhash.h
Header: /root/worspace/aosip/out/target/product/lettuce/obj/include/libjson/inc/linkhash.h
[  0% 122/46492] build /root/worspace/aosip/out/target/product/lettuce/obj/include/libjson/inc/debug.h
Header: /root/worspace/aosip/out/target/product/lettuce/obj/include/libjson/inc/debug.h
[  0% 123/46492] build /root/worspace/aosip/out/target/product/lettuce/obj/include/libjson/inc/config.h
Header: /root/worspace/aosip/out/target/product/lettuce/obj/include/libjson/inc/config.h
[  0% 124/46492] build /root/worspace/aosip/out/target/product/lettuce/obj/include/libjson/inc/bits.h
Header: /root/worspace/aosip/out/target/product/lettuce/obj/include/libjson/inc/bits.h
[  0% 125/46492] build /root/worspace/aosip/out/target/product/lettuce/obj/include/gps.utils/loc_misc_utils.h
Header: /root/worspace/aosip/out/target/product/lettuce/obj/include/gps.utils//loc_misc_utils.h
[  0% 126/46492] build /root/worspace/aosip/out/target/product/lettuce/obj/include/gps.utils/platform_lib_macros.h
Header: /root/worspace/aosip/out/target/product/lettuce/obj/include/gps.utils//platform_lib_macros.h
[  0% 127/46492] build /root/worspace/aosip/out/target/product/lettuce/obj/include/gps.utils/platform_lib_time.h
Header: /root/worspace/aosip/out/target/product/lettuce/obj/include/gps.utils//platform_lib_time.h
[  0% 128/46492] build /root/worspace/aosip/out/target/product/lettuce/obj/include/gps.utils/platform_lib_includes.h
Header: /root/worspace/aosip/out/target/product/lettuce/obj/include/gps.utils//platform_lib_includes.h
[  0% 129/46492] build /root/worspace/aosip/out/target/product/lettuce/obj/include/gps.utils/LocSharedLock.h
Header: /root/worspace/aosip/out/target/product/lettuce/obj/include/gps.utils//LocSharedLock.h
[  0% 130/46492] build /root/worspace/aosip/out/target/product/lettuce/obj/include/gps.utils/loc_timer.h
Header: /root/worspace/aosip/out/target/product/lettuce/obj/include/gps.utils//loc_timer.h
[  0% 131/46492] build /root/worspace/aosip/out/target/product/lettuce/obj/include/gps.utils/loc_target.h
Header: /root/worspace/aosip/out/target/product/lettuce/obj/include/gps.utils//loc_target.h
[  0% 132/46492] build /root/worspace/aosip/out/target/product/lettuce/obj/include/gps.utils/LocTimer.h
Header: /root/worspace/aosip/out/target/product/lettuce/obj/include/gps.utils//LocTimer.h
[  0% 133/46492] build /root/worspace/aosip/out/target/product/lettuce/obj/include/gps.utils/LocThread.h
Header: /root/worspace/aosip/out/target/product/lettuce/obj/include/gps.utils//LocThread.h
[  0% 134/46492] build /root/worspace/aosip/out/target/product/lettuce/obj/include/gps.utils/LocHeap.h
Header: /root/worspace/aosip/out/target/product/lettuce/obj/include/gps.utils//LocHeap.h
[  0% 135/46492] build /root/worspace/aosip/out/target/product/lettuce/obj/include/gps.utils/MsgTask.h
Header: /root/worspace/aosip/out/target/product/lettuce/obj/include/gps.utils//MsgTask.h
[  0% 136/46492] build /root/worspace/aosip/out/target/product/lettuce/obj/include/gps.utils/msg_q.h
Header: /root/worspace/aosip/out/target/product/lettuce/obj/include/gps.utils//msg_q.h
[  0% 137/46492] build /root/worspace/aosip/out/target/product/lettuce/obj/include/gps.utils/linked_list.h
Header: /root/worspace/aosip/out/target/product/lettuce/obj/include/gps.utils//linked_list.h
[  0% 138/46492] build /root/worspace/aosip/out/target/product/lettuce/obj/include/gps.utils/log_util.h
Header: /root/worspace/aosip/out/target/product/lettuce/obj/include/gps.utils//log_util.h
[  0% 139/46492] build /root/worspace/aosip/out/target/product/lettuce/obj/include/gps.utils/loc_cfg.h
Header: /root/worspace/aosip/out/target/product/lettuce/obj/include/gps.utils//loc_cfg.h
[  0% 140/46492] build /root/worspace/aosip/out/target/product/lettuce/obj/include/libloc_eng/loc_eng_log.h
Header: /root/worspace/aosip/out/target/product/lettuce/obj/include/libloc_eng//loc_eng_log.h
[  0% 141/46492] build /root/worspace/aosip/out/target/product/lettuce/obj/include/libloc_eng/loc_eng_msg.h
Header: /root/worspace/aosip/out/target/product/lettuce/obj/include/libloc_eng//loc_eng_msg.h
[  0% 142/46492] build /root/worspace/aosip/out/target/product/lettuce/obj/include/libloc_eng/loc_eng_agps.h
Header: /root/worspace/aosip/out/target/product/lettuce/obj/include/libloc_eng//loc_eng_agps.h
[  0% 143/46492] build /root/worspace/aosip/out/target/product/lettuce/obj/include/libloc_eng/loc_eng_ni.h
Header: /root/worspace/aosip/out/target/product/lettuce/obj/include/libloc_eng//loc_eng_ni.h
[  0% 144/46492] build /root/worspace/aosip/out/target/product/lettuce/obj/include/libloc_eng/loc_eng_xtra.h
Header: /root/worspace/aosip/out/target/product/lettuce/obj/include/libloc_eng//loc_eng_xtra.h
[  0% 145/46492] build /root/worspace/aosip/out/target/product/lettuce/obj/include/libloc_eng/loc_eng.h
Header: /root/worspace/aosip/out/target/product/lettuce/obj/include/libloc_eng//loc_eng.h
[  0% 146/46492] build /root/worspace/aosip/out/target/product/lettuce/obj/include/libloc_eng/loc.h
Header: /root/worspace/aosip/out/target/product/lettuce/obj/include/libloc_eng//loc.h
[  0% 147/46492] build /root/worspace/aosip/out/target/product/lettuce/obj/include/libloc_eng/LocEngAdapter.h
Header: /root/worspace/aosip/out/target/product/lettuce/obj/include/libloc_eng//LocEngAdapter.h
[  0% 148/46492] build /root/worspace/aosip/out/target/product/lettuce/obj/include/libloc_core/LocAdapterProxyBase.h
Header: /root/worspace/aosip/out/target/product/lettuce/obj/include/libloc_core//LocAdapterProxyBase.h
[  0% 149/46492] build /root/worspace/aosip/out/target/product/lettuce/obj/include/gps.utils/loc_log.h
Header: /root/worspace/aosip/out/target/product/lettuce/obj/include/gps.utils//loc_log.h
[  0% 150/46492] build /root/worspace/aosip/out/target/product/lettuce/obj/include/libloc_core/loc_core_log.h
Header: /root/worspace/aosip/out/target/product/lettuce/obj/include/libloc_core//loc_core_log.h
[  0% 151/46492] build /root/worspace/aosip/out/target/product/lettuce/obj/include/libloc_core/gps_extended.h
Header: /root/worspace/aosip/out/target/product/lettuce/obj/include/libloc_core//gps_extended.h
[  0% 152/46492] build /root/worspace/aosip/out/target/product/lettuce/obj/include/libloc_core/gps_extended_c.h
Header: /root/worspace/aosip/out/target/product/lettuce/obj/include/libloc_core//gps_extended_c.h
[  0% 153/46492] build /root/worspace/aosip/out/target/product/lettuce/obj/include/libloc_core/UlpProxyBase.h
Header: /root/worspace/aosip/out/target/product/lettuce/obj/include/libloc_core//UlpProxyBase.h
[  0% 154/46492] build /root/worspace/aosip/out/target/product/lettuce/obj/include/libloc_core/LBSProxyBase.h
Header: /root/worspace/aosip/out/target/product/lettuce/obj/include/libloc_core//LBSProxyBase.h
[  0% 155/46492] build /root/worspace/aosip/out/target/product/lettuce/obj/include/libloc_core/LocDualContext.h
Header: /root/worspace/aosip/out/target/product/lettuce/obj/include/libloc_core//LocDualContext.h
[  0% 156/46492] build /root/worspace/aosip/out/target/product/lettuce/obj/include/libloc_core/ContextBase.h
Header: /root/worspace/aosip/out/target/product/lettuce/obj/include/libloc_core//ContextBase.h
[  0% 157/46492] build /root/worspace/aosip/out/target/product/lettuce/obj/include/libloc_core/LocAdapterBase.h
Header: /root/worspace/aosip/out/target/product/lettuce/obj/include/libloc_core//LocAdapterBase.h
[  0% 158/46492] build /root/worspace/aosip/out/target/product/lettuce/obj/include/libloc_core/LocApiBase.h
Header: /root/worspace/aosip/out/target/product/lettuce/obj/include/libloc_core//LocApiBase.h
[  0% 159/46492] build /root/worspace/aosip/out/target/product/lettuce/obj/include/mm-camera-interface/cam_types.h
Header: /root/worspace/aosip/out/target/product/lettuce/obj/include/mm-camera-interface/cam_types.h
[  0% 160/46492] build /root/worspace/aosip/out/target/product/lettuce/obj/include/mm-camera-interface/cam_intf.h
Header: /root/worspace/aosip/out/target/product/lettuce/obj/include/mm-camera-interface/cam_intf.h
[  0% 161/46492] build /root/worspace/aosip/out/host/linux-x86/obj/STATIC_LIBRARIES/libcompiler_rt-extras_intermediates/export_includes
Export includes file: -- /root/worspace/aosip/out/host/linux-x86/obj/STATIC_LIBRARIES/libcompiler_rt-extras_intermediates/export_includes
[  0% 162/46492] build /root/worspace/aosip/out/host/linux-x86/obj/SHARED_LIBRARIES/libcrypto-host_intermediates/import_includes
Import includes file: /root/worspace/aosip/out/host/linux-x86/obj/SHARED_LIBRARIES/libcrypto-host_intermediates/import_includes
[  0% 163/46492] build /root/worspace/aosip/out/host/linux-x86/obj/SHARED_LIBRARIES/libcrypto-host_intermediates/linux-x86_64/crypto/bn/rsaz-avx2.o
host asm: libcrypto-host <= external/boringssl/linux-x86_64/crypto/bn/rsaz-avx2.S
[  0% 164/46492] build /root/worspace/aosip/out/host/linux-x86/obj/SHARED_LIBRARIES/libcrypto-host_intermediates/linux-x86_64/crypto/bn/rsaz-x86_64.o
host asm: libcrypto-host <= external/boringssl/linux-x86_64/crypto/bn/rsaz-x86_64.S
[  0% 165/46492] build /root/worspace/aosip/out/host/linux-x86/obj/SHARED_LIBRARIES/libcrypto-host_intermediates/linux-x86_64/crypto/bn/x86_64-mont.o
host asm: libcrypto-host <= external/boringssl/linux-x86_64/crypto/bn/x86_64-mont.S
[  0% 166/46492] build /root/worspace/aosip/out/host/linux-x86/obj/SHARED_LIBRARIES/libcrypto-host_intermediates/linux-x86_64/crypto/ec/p256-x86_64-asm.o
host asm: libcrypto-host <= external/boringssl/linux-x86_64/crypto/ec/p256-x86_64-asm.S
[  0% 167/46492] build /root/worspace/aosip/out/host/linux-x86/obj/EXECUTABLES/conscrypt_generate_constants_intermediates/import_includes
Import includes file: /root/worspace/aosip/out/host/linux-x86/obj/EXECUTABLES/conscrypt_generate_constants_intermediates/import_includes
[  0% 168/46492] build /root/worspace/aosip/out/host/linux-x86/obj/SHARED_LIBRARIES/libcrypto-host_intermediates/linux-x86_64/crypto/aes/bsaes-x86_64.o
host asm: libcrypto-host <= external/boringssl/linux-x86_64/crypto/aes/bsaes-x86_64.S
[  0% 169/46492] build /root/worspace/aosip/out/host/linux-x86/obj/SHARED_LIBRARIES/libcrypto-host_intermediates/linux-x86_64/crypto/aes/vpaes-x86_64.o
host asm: libcrypto-host <= external/boringssl/linux-x86_64/crypto/aes/vpaes-x86_64.S
[  0% 170/46492] build /root/worspace/aosip/out/host/linux-x86/obj/SHARED_LIBRARIES/libcrypto-host_intermediates/linux-x86_64/crypto/rand/rdrand-x86_64.o
host asm: libcrypto-host <= external/boringssl/linux-x86_64/crypto/rand/rdrand-x86_64.S
[  0% 171/46492] build /root/worspace/aosip/out/host/linux-x86/obj/SHARED_LIBRARIES/libcrypto-host_intermediates/src/crypto/asn1/f_enum.o
host C: libcrypto-host <= external/boringssl/src/crypto/asn1/f_enum.c
[  0% 172/46492] build /root/worspace/aosip/out/host/linux-x86/obj/SHARED_LIBRARIES/libcrypto-host_intermediates/src/crypto/asn1/f_int.o
host C: libcrypto-host <= external/boringssl/src/crypto/asn1/f_int.c
[  0% 173/46492] build /root/worspace/aosip/out/host/linux-x86/obj/SHARED_LIBRARIES/libcrypto-host_intermediates/src/crypto/asn1/t_bitst.o
host C: libcrypto-host <= external/boringssl/src/crypto/asn1/t_bitst.c
[  0% 174/46492] build /root/worspace/aosip/out/host/linux-x86/obj/SHARED_LIBRARIES/libcrypto-host_intermediates/src/crypto/asn1/t_pkey.o
host C: libcrypto-host <= external/boringssl/src/crypto/asn1/t_pkey.c
[  0% 175/46492] build /root/worspace/aosip/out/host/linux-x86/obj/SHARED_LIBRARIES/libcrypto-host_intermediates/src/crypto/asn1/tasn_dec.o
host C: libcrypto-host <= external/boringssl/src/crypto/asn1/tasn_dec.c
[  0% 176/46492] build /root/worspace/aosip/out/host/linux-x86/obj/SHARED_LIBRARIES/libcrypto-host_intermediates/src/crypto/asn1/tasn_enc.o
host C: libcrypto-host <= external/boringssl/src/crypto/asn1/tasn_enc.c
[  0% 177/46492] build /root/worspace/aosip/out/host/linux-x86/obj/SHARED_LIBRARIES/libcrypto-host_intermediates/src/crypto/asn1/tasn_fre.o
host C: libcrypto-host <= external/boringssl/src/crypto/asn1/tasn_fre.c
[  0% 178/46492] build /root/worspace/aosip/out/host/linux-x86/obj/SHARED_LIBRARIES/libcrypto-host_intermediates/src/crypto/asn1/tasn_new.o
host C: libcrypto-host <= external/boringssl/src/crypto/asn1/tasn_new.c
[  0% 179/46492] build /root/worspace/aosip/out/host/linux-x86/obj/SHARED_LIBRARIES/libcrypto-host_intermediates/src/crypto/asn1/tasn_prn.o
host C: libcrypto-host <= external/boringssl/src/crypto/asn1/tasn_prn.c
[  0% 180/46492] build /root/worspace/aosip/out/host/linux-x86/obj/SHARED_LIBRARIES/libcrypto-host_intermediates/src/crypto/asn1/tasn_typ.o
host C: libcrypto-host <= external/boringssl/src/crypto/asn1/tasn_typ.c
[  0% 181/46492] build /root/worspace/aosip/out/host/linux-x86/obj/SHARED_LIBRARIES/libcrypto-host_intermediates/src/crypto/asn1/tasn_utl.o
host C: libcrypto-host <= external/boringssl/src/crypto/asn1/tasn_utl.c
[  0% 182/46492] build /root/worspace/aosip/out/host/linux-x86/obj/SHARED_LIBRARIES/libcrypto-host_intermediates/src/crypto/asn1/x_bignum.o
host C: libcrypto-host <= external/boringssl/src/crypto/asn1/x_bignum.c
[  0% 183/46492] build /root/worspace/aosip/out/host/linux-x86/obj/SHARED_LIBRARIES/libcrypto-host_intermediates/src/crypto/asn1/x_long.o
host C: libcrypto-host <= external/boringssl/src/crypto/asn1/x_long.c
[  0% 184/46492] build /root/worspace/aosip/out/host/linux-x86/obj/SHARED_LIBRARIES/libcrypto-host_intermediates/src/crypto/base64/base64.o
host C: libcrypto-host <= external/boringssl/src/crypto/base64/base64.c
[  0% 185/46492] build /root/worspace/aosip/out/host/linux-x86/obj/SHARED_LIBRARIES/libcrypto-host_intermediates/src/crypto/bio/bio.o
host C: libcrypto-host <= external/boringssl/src/crypto/bio/bio.c
[  0% 186/46492] build /root/worspace/aosip/out/host/linux-x86/obj/SHARED_LIBRARIES/libcrypto-host_intermediates/src/crypto/bio/bio_mem.o
host C: libcrypto-host <= external/boringssl/src/crypto/bio/bio_mem.c
[  0% 187/46492] build /root/worspace/aosip/out/host/linux-x86/obj/SHARED_LIBRARIES/libcrypto-host_intermediates/src/crypto/bio/buffer.o
host C: libcrypto-host <= external/boringssl/src/crypto/bio/buffer.c
[  0% 188/46492] build /root/worspace/aosip/out/host/linux-x86/obj/SHARED_LIBRARIES/libcrypto-host_intermediates/src/crypto/bio/connect.o
host C: libcrypto-host <= external/boringssl/src/crypto/bio/connect.c
[  0% 189/46492] build /root/worspace/aosip/out/host/linux-x86/obj/SHARED_LIBRARIES/libcrypto-host_intermediates/src/crypto/bio/fd.o
host C: libcrypto-host <= external/boringssl/src/crypto/bio/fd.c
[  0% 190/46492] build /root/worspace/aosip/out/host/linux-x86/obj/SHARED_LIBRARIES/libcrypto-host_intermediates/src/crypto/bio/file.o
host C: libcrypto-host <= external/boringssl/src/crypto/bio/file.c
[  0% 191/46492] build /root/worspace/aosip/out/host/linux-x86/obj/SHARED_LIBRARIES/libcrypto-host_intermediates/src/crypto/bio/hexdump.o
host C: libcrypto-host <= external/boringssl/src/crypto/bio/hexdump.c
[  0% 192/46492] build /root/worspace/aosip/out/host/linux-x86/obj/SHARED_LIBRARIES/libcrypto-host_intermediates/src/crypto/bio/pair.o
host C: libcrypto-host <= external/boringssl/src/crypto/bio/pair.c
[  0% 193/46492] build /root/worspace/aosip/out/host/linux-x86/obj/SHARED_LIBRARIES/libcrypto-host_intermediates/src/crypto/bio/printf.o
host C: libcrypto-host <= external/boringssl/src/crypto/bio/printf.c
[  0% 194/46492] build /root/worspace/aosip/out/host/linux-x86/obj/SHARED_LIBRARIES/libcrypto-host_intermediates/src/crypto/bio/socket.o
host C: libcrypto-host <= external/boringssl/src/crypto/bio/socket.c
[  0% 195/46492] build /root/worspace/aosip/out/host/linux-x86/obj/SHARED_LIBRARIES/libcrypto-host_intermediates/src/crypto/bn/bn.o
host C: libcrypto-host <= external/boringssl/src/crypto/bn/bn.c
[  0% 196/46492] build /root/worspace/aosip/out/host/linux-x86/obj/SHARED_LIBRARIES/libcrypto-host_intermediates/src/crypto/ec/util-64.o
host C: libcrypto-host <= external/boringssl/src/crypto/ec/util-64.c
[  0% 197/46492] build /root/worspace/aosip/out/host/linux-x86/obj/SHARED_LIBRARIES/libcrypto-host_intermediates/src/crypto/ecdh/ecdh.o
host C: libcrypto-host <= external/boringssl/src/crypto/ecdh/ecdh.c
[  0% 198/46492] build /root/worspace/aosip/out/host/linux-x86/obj/STATIC_LIBRARIES/libhost_intermediates/import_includes
Import includes file: /root/worspace/aosip/out/host/linux-x86/obj/STATIC_LIBRARIES/libhost_intermediates/import_includes
[  0% 199/46492] build /root/worspace/aosip/out/host/linux-x86/obj/STATIC_LIBRARIES/libhost_intermediates/CopyFile.o
host C: libhost <= build/libs/host/CopyFile.c
[  0% 200/46492] build /root/worspace/aosip/out/host/linux-x86/obj/STATIC_LIBRARIES/libhost_intermediates/libhost.a
host StaticLib: libhost (/root/worspace/aosip/out/host/linux-x86/obj/STATIC_LIBRARIES/libhost_intermediates/libhost.a)
[  0% 201/46492] build /root/worspace/aosip/out/host/linux-x86/obj/EXECUTABLES/acp_intermediates/import_includes
Import includes file: /root/worspace/aosip/out/host/linux-x86/obj/EXECUTABLES/acp_intermediates/import_includes
[  0% 202/46492] build /root/worspace/aosip/out/host/linux-x86/obj/EXECUTABLES/acp_intermediates/acp.o
host C: acp <= build/tools/acp/acp.c
[  0% 203/46492] build /root/worspace/aosip/out/host/linux-x86/obj/SHARED_LIBRARIES/libcrypto-host_intermediates/linux-x86_64/crypto/aes/aesni-x86_64.o
host asm: libcrypto-host <= external/boringssl/linux-x86_64/crypto/aes/aesni-x86_64.S
[  0% 204/46492] build /root/worspace/aosip/out/host/linux-x86/obj/STATIC_LIBRARIES/libc++abi_intermediates/import_includes
Import includes file: /root/worspace/aosip/out/host/linux-x86/obj/STATIC_LIBRARIES/libc++abi_intermediates/import_includes
[  0% 205/46492] build /root/worspace/aosip/out/host/linux-x86/obj/STATIC_LIBRARIES/libc++abi_intermediates/src/typeinfo.o
host C++: libc++abi <= external/libcxxabi/src/typeinfo.cpp
[  0% 206/46492] build /root/worspace/aosip/out/host/linux-x86/obj/STATIC_LIBRARIES/libc++abi_intermediates/src/stdexcept.o
host C++: libc++abi <= external/libcxxabi/src/stdexcept.cpp
[  0% 207/46492] build /root/worspace/aosip/out/host/linux-x86/obj/STATIC_LIBRARIES/libc++abi_intermediates/src/private_typeinfo.o
host C++: libc++abi <= external/libcxxabi/src/private_typeinfo.cpp
[  0% 208/46492] build /root/worspace/aosip/out/host/linux-x86/obj/STATIC_LIBRARIES/libc++abi_intermediates/src/exception.o
host C++: libc++abi <= external/libcxxabi/src/exception.cpp
[  0% 209/46492] build /root/worspace/aosip/out/host/linux-x86/obj/STATIC_LIBRARIES/libc++abi_intermediates/src/cxa_virtual.o
host C++: libc++abi <= external/libcxxabi/src/cxa_virtual.cpp
[  0% 210/46492] build /root/worspace/aosip/out/host/linux-x86/obj/STATIC_LIBRARIES/libc++abi_intermediates/src/cxa_vector.o
host C++: libc++abi <= external/libcxxabi/src/cxa_vector.cpp
[  0% 211/46492] build /root/worspace/aosip/out/host/linux-x86/obj/STATIC_LIBRARIES/libc++abi_intermediates/src/cxa_unexpected.o
host C++: libc++abi <= external/libcxxabi/src/cxa_unexpected.cpp
[  0% 212/46492] build /root/worspace/aosip/out/host/linux-x86/obj/STATIC_LIBRARIES/libc++abi_intermediates/src/cxa_thread_atexit.o
host C++: libc++abi <= external/libcxxabi/src/cxa_thread_atexit.cpp
[  0% 213/46492] build /root/worspace/aosip/out/host/linux-x86/obj/STATIC_LIBRARIES/libc++abi_intermediates/src/cxa_personality.o
host C++: libc++abi <= external/libcxxabi/src/cxa_personality.cpp
[  0% 214/46492] build /root/worspace/aosip/out/host/linux-x86/obj/STATIC_LIBRARIES/libc++abi_intermediates/src/cxa_new_delete.o
host C++: libc++abi <= external/libcxxabi/src/cxa_new_delete.cpp
[  0% 215/46492] build /root/worspace/aosip/out/host/linux-x86/obj/STATIC_LIBRARIES/libc++abi_intermediates/src/cxa_handlers.o
host C++: libc++abi <= external/libcxxabi/src/cxa_handlers.cpp
[  0% 216/46492] build /root/worspace/aosip/out/host/linux-x86/obj/STATIC_LIBRARIES/libc++abi_intermediates/src/cxa_guard.o
host C++: libc++abi <= external/libcxxabi/src/cxa_guard.cpp
[  0% 217/46492] build /root/worspace/aosip/out/host/linux-x86/obj/STATIC_LIBRARIES/libc++abi_intermediates/src/cxa_exception_storage.o
host C++: libc++abi <= external/libcxxabi/src/cxa_exception_storage.cpp
[  0% 218/46492] build /root/worspace/aosip/out/host/linux-x86/obj/STATIC_LIBRARIES/libc++abi_intermediates/src/cxa_exception.o
host C++: libc++abi <= external/libcxxabi/src/cxa_exception.cpp
[  0% 219/46492] build /root/worspace/aosip/out/host/linux-x86/obj/STATIC_LIBRARIES/libc++abi_intermediates/src/cxa_demangle.o
host C++: libc++abi <= external/libcxxabi/src/cxa_demangle.cpp
[  0% 220/46492] build /root/worspace/aosip/out/host/linux-x86/obj/STATIC_LIBRARIES/libc++abi_intermediates/src/cxa_default_handlers.o
host C++: libc++abi <= external/libcxxabi/src/cxa_default_handlers.cpp
[  0% 221/46492] build /root/worspace/aosip/out/host/linux-x86/obj/STATIC_LIBRARIES/libc++abi_intermediates/src/cxa_aux_runtime.o
host C++: libc++abi <= external/libcxxabi/src/cxa_aux_runtime.cpp
[  0% 222/46492] build /root/worspace/aosip/out/host/linux-x86/obj/STATIC_LIBRARIES/libc++abi_intermediates/src/abort_message.o
host C++: libc++abi <= external/libcxxabi/src/abort_message.cpp
[  0% 223/46492] build /root/worspace/aosip/out/host/linux-x86/obj/STATIC_LIBRARIES/libc++abi_intermediates/libc++abi.a
host StaticLib: libc++abi (/root/worspace/aosip/out/host/linux-x86/obj/STATIC_LIBRARIES/libc++abi_intermediates/libc++abi.a)
[  0% 224/46492] build /root/worspace/aosip/out/host/linux-x86/obj/STATIC_LIBRARIES/libc++_static_intermediates/import_includes
Import includes file: /root/worspace/aosip/out/host/linux-x86/obj/STATIC_LIBRARIES/libc++_static_intermediates/import_includes
[  0% 225/46492] build /root/worspace/aosip/out/host/linux-x86/obj/STATIC_LIBRARIES/libc++_static_intermediates/src/valarray.o
host C++: libc++_static <= external/libcxx/src/valarray.cpp
[  0% 226/46492] build /root/worspace/aosip/out/host/linux-x86/obj/STATIC_LIBRARIES/libc++_static_intermediates/src/utility.o
host C++: libc++_static <= external/libcxx/src/utility.cpp
[  0% 227/46492] build /root/worspace/aosip/out/host/linux-x86/obj/STATIC_LIBRARIES/libc++_static_intermediates/src/typeinfo.o
host C++: libc++_static <= external/libcxx/src/typeinfo.cpp
[  0% 228/46492] build /root/worspace/aosip/out/host/linux-x86/obj/STATIC_LIBRARIES/libc++_static_intermediates/src/thread.o
host C++: libc++_static <= external/libcxx/src/thread.cpp
[  0% 229/46492] build /root/worspace/aosip/out/host/linux-x86/obj/STATIC_LIBRARIES/libc++_static_intermediates/src/system_error.o
host C++: libc++_static <= external/libcxx/src/system_error.cpp
[  0% 230/46492] build /root/worspace/aosip/out/host/linux-x86/obj/STATIC_LIBRARIES/libc++_static_intermediates/src/strstream.o
host C++: libc++_static <= external/libcxx/src/strstream.cpp
[  0% 231/46492] build /root/worspace/aosip/out/host/linux-x86/obj/STATIC_LIBRARIES/libc++_static_intermediates/src/string.o
host C++: libc++_static <= external/libcxx/src/string.cpp
[  0% 232/46492] build /root/worspace/aosip/out/host/linux-x86/obj/STATIC_LIBRARIES/libc++_static_intermediates/src/stdexcept.o
host C++: libc++_static <= external/libcxx/src/stdexcept.cpp
[  0% 233/46492] build /root/worspace/aosip/out/host/linux-x86/obj/STATIC_LIBRARIES/libc++_static_intermediates/src/shared_mutex.o
host C++: libc++_static <= external/libcxx/src/shared_mutex.cpp
[  0% 234/46492] build /root/worspace/aosip/out/host/linux-x86/obj/STATIC_LIBRARIES/libc++_static_intermediates/src/regex.o
host C++: libc++_static <= external/libcxx/src/regex.cpp
[  0% 235/46492] build /root/worspace/aosip/out/host/linux-x86/obj/STATIC_LIBRARIES/libc++_static_intermediates/src/random.o
host C++: libc++_static <= external/libcxx/src/random.cpp
[  0% 236/46492] build /root/worspace/aosip/out/host/linux-x86/obj/STATIC_LIBRARIES/libc++_static_intermediates/src/optional.o
host C++: libc++_static <= external/libcxx/src/optional.cpp
[  0% 237/46492] build /root/worspace/aosip/out/host/linux-x86/obj/STATIC_LIBRARIES/libc++_static_intermediates/src/new.o
host C++: libc++_static <= external/libcxx/src/new.cpp
[  0% 238/46492] build /root/worspace/aosip/out/host/linux-x86/obj/STATIC_LIBRARIES/libc++_static_intermediates/src/mutex.o
host C++: libc++_static <= external/libcxx/src/mutex.cpp
[  0% 239/46492] build /root/worspace/aosip/out/host/linux-x86/obj/STATIC_LIBRARIES/libc++_static_intermediates/src/memory.o
host C++: libc++_static <= external/libcxx/src/memory.cpp
[  0% 240/46492] build /root/worspace/aosip/out/host/linux-x86/obj/STATIC_LIBRARIES/libc++_static_intermediates/src/locale.o
host C++: libc++_static <= external/libcxx/src/locale.cpp
[  0% 241/46492] build /root/worspace/aosip/out/host/linux-x86/obj/STATIC_LIBRARIES/libc++_static_intermediates/src/iostream.o
host C++: libc++_static <= external/libcxx/src/iostream.cpp
[  0% 242/46492] build /root/worspace/aosip/out/host/linux-x86/obj/STATIC_LIBRARIES/libc++_static_intermediates/src/ios.o
host C++: libc++_static <= external/libcxx/src/ios.cpp
[  0% 243/46492] build /root/worspace/aosip/out/host/linux-x86/obj/STATIC_LIBRARIES/libc++_static_intermediates/src/hash.o
host C++: libc++_static <= external/libcxx/src/hash.cpp
[  0% 244/46492] build /root/worspace/aosip/out/host/linux-x86/obj/STATIC_LIBRARIES/libc++_static_intermediates/src/future.o
host C++: libc++_static <= external/libcxx/src/future.cpp
[  0% 245/46492] build /root/worspace/aosip/out/host/linux-x86/obj/STATIC_LIBRARIES/libc++_static_intermediates/src/exception.o
host C++: libc++_static <= external/libcxx/src/exception.cpp
[  0% 246/46492] build /root/worspace/aosip/out/host/linux-x86/obj/STATIC_LIBRARIES/libc++_static_intermediates/src/debug.o
host C++: libc++_static <= external/libcxx/src/debug.cpp
[  0% 247/46492] build /root/worspace/aosip/out/host/linux-x86/obj/STATIC_LIBRARIES/libc++_static_intermediates/src/condition_variable.o
host C++: libc++_static <= external/libcxx/src/condition_variable.cpp
[  0% 248/46492] build /root/worspace/aosip/out/host/linux-x86/obj/STATIC_LIBRARIES/libc++_static_intermediates/src/chrono.o
host C++: libc++_static <= external/libcxx/src/chrono.cpp
[  0% 249/46492] build /root/worspace/aosip/out/host/linux-x86/obj/STATIC_LIBRARIES/libc++_static_intermediates/src/bind.o
host C++: libc++_static <= external/libcxx/src/bind.cpp
[  0% 250/46492] build /root/worspace/aosip/out/host/linux-x86/obj/STATIC_LIBRARIES/libc++_static_intermediates/src/any.o
host C++: libc++_static <= external/libcxx/src/any.cpp
[  0% 251/46492] build /root/worspace/aosip/out/host/linux-x86/obj/STATIC_LIBRARIES/libc++_static_intermediates/src/algorithm.o
host C++: libc++_static <= external/libcxx/src/algorithm.cpp
[  0% 252/46492] build /root/worspace/aosip/out/host/linux-x86/obj/STATIC_LIBRARIES/libc++_static_intermediates/libc++_static.a
host StaticLib: libc++_static (/root/worspace/aosip/out/host/linux-x86/obj/STATIC_LIBRARIES/libc++_static_intermediates/libc++_static.a)
[  0% 253/46492] build /root/worspace/aosip/out/host/linux-x86/obj/STATIC_LIBRARIES/libcompiler_rt-extras_intermediates/import_includes
Import includes file: /root/worspace/aosip/out/host/linux-x86/obj/STATIC_LIBRARIES/libcompiler_rt-extras_intermediates/import_includes
[  0% 254/46492] build /root/worspace/aosip/out/host/linux-x86/obj/STATIC_LIBRARIES/libcompiler_rt-extras_intermediates/lib/builtins/mulodi4.o
host C: libcompiler_rt-extras <= external/compiler-rt/lib/builtins/mulodi4.c
[  0% 255/46492] build /root/worspace/aosip/out/host/linux-x86/obj/STATIC_LIBRARIES/libcompiler_rt-extras_intermediates/libcompiler_rt-extras.a
host StaticLib: libcompiler_rt-extras (/root/worspace/aosip/out/host/linux-x86/obj/STATIC_LIBRARIES/libcompiler_rt-extras_intermediates/libcompiler_rt-extras.a)
[  0% 256/46492] build /root/worspace/aosip/out/host/linux-x86/obj/EXECUTABLES/acp_intermediates/acp
host Executable: acp (/root/worspace/aosip/out/host/linux-x86/obj/EXECUTABLES/acp_intermediates/acp)
[  0% 257/46492] build /root/worspace/aosip/out/host/linux-x86/bin/acp
Install: /root/worspace/aosip/out/host/linux-x86/bin/acp
[  0% 258/46492] build /root/worspace/aosip/out/host/common/obj/JAVA_LIBRARIES/antlr-runtime_intermediates/classes-jarjar.jar
Copying: /root/worspace/aosip/out/host/common/obj/JAVA_LIBRARIES/antlr-runtime_intermediates/classes-jarjar.jar
[  0% 259/46492] build /root/worspace/aosip/out/host/common/obj/JAVA_LIBRARIES/antlr-runtime_intermediates/javalib.jar
Copying: /root/worspace/aosip/out/host/common/obj/JAVA_LIBRARIES/antlr-runtime_intermediates/javalib.jar
[  0% 260/46492] build /root/worspace/aosip/out/host/linux-x86/framework/antlr-runtime.jar
Install: /root/worspace/aosip/out/host/linux-x86/framework/antlr-runtime.jar
[  0% 261/46492] build /root/worspace/aosip/out/host/common/obj/JAVA_LIBRARIES/jsr305lib_intermediates/classes-jarjar.jar
Copying: /root/worspace/aosip/out/host/common/obj/JAVA_LIBRARIES/jsr305lib_intermediates/classes-jarjar.jar
[  0% 262/46492] build /root/worspace/aosip/out/host/common/obj/JAVA_LIBRARIES/jsr305lib_intermediates/javalib.jar
Copying: /root/worspace/aosip/out/host/common/obj/JAVA_LIBRARIES/jsr305lib_intermediates/javalib.jar
[  0% 263/46492] build /root/worspace/aosip/out/host/common/obj/JAVA_LIBRARIES/guavalib_intermediates/classes-full-debug.jar
host Java: guavalib (/root/worspace/aosip/out/host/common/obj/JAVA_LIBRARIES/guavalib_intermediates/classes)
warning: [options] bootstrap class path not set in conjunction with -source 1.7
Note: Some input files use or override a deprecated API.
Note: Recompile with -Xlint:deprecation for details.
Note: Some input files use unchecked or unsafe operations.
Note: Recompile with -Xlint:unchecked for details.
1 warning
[  0% 264/46492] build /root/worspace/aosip/out/host/common/obj/JAVA_LIBRARIES/guavalib_intermediates/classes-jarjar.jar
Copying: /root/worspace/aosip/out/host/common/obj/JAVA_LIBRARIES/guavalib_intermediates/classes-jarjar.jar
[  0% 265/46492] build /root/worspace/aosip/out/host/common/obj/JAVA_LIBRARIES/guavalib_intermediates/javalib.jar
Copying: /root/worspace/aosip/out/host/common/obj/JAVA_LIBRARIES/guavalib_intermediates/javalib.jar
[  0% 266/46492] build /root/worspace/aosip/out/host/linux-x86/framework/guavalib.jar
Install: /root/worspace/aosip/out/host/linux-x86/framework/guavalib.jar
[  0% 267/46492] build /root/worspace/aosip/out/host/common/obj/JAVA_LIBRARIES/jsilver_intermediates/classes-full-debug.jar
host Java: jsilver (/root/worspace/aosip/out/host/common/obj/JAVA_LIBRARIES/jsilver_intermediates/classes)
Note: external/jsilver/src/org/clearsilver/FactoryLoader.java uses unchecked or unsafe operations.
Note: Recompile with -Xlint:unchecked for details.
[  0% 268/46492] build /root/worspace/aosip/out/host/common/obj/JAVA_LIBRARIES/jsilver_intermediates/classes-jarjar.jar
Copying: /root/worspace/aosip/out/host/common/obj/JAVA_LIBRARIES/jsilver_intermediates/classes-jarjar.jar
[  0% 269/46492] build /root/worspace/aosip/out/host/common/obj/JAVA_LIBRARIES/jsilver_intermediates/javalib.jar
Copying: /root/worspace/aosip/out/host/common/obj/JAVA_LIBRARIES/jsilver_intermediates/javalib.jar
[  0% 270/46492] build /root/worspace/aosip/out/host/linux-x86/framework/jsilver.jar
Install: /root/worspace/aosip/out/host/linux-x86/framework/jsilver.jar
[  0% 271/46492] build /root/worspace/aosip/out/host/common/obj/JAVA_LIBRARIES/tagsouplib_intermediates/classes-jarjar.jar
Copying: /root/worspace/aosip/out/host/common/obj/JAVA_LIBRARIES/tagsouplib_intermediates/classes-jarjar.jar
[  0% 272/46492] build /root/worspace/aosip/out/host/common/obj/JAVA_LIBRARIES/tagsouplib_intermediates/javalib.jar
Copying: /root/worspace/aosip/out/host/common/obj/JAVA_LIBRARIES/tagsouplib_intermediates/javalib.jar
[  0% 273/46492] build /root/worspace/aosip/out/host/common/obj/JAVA_LIBRARIES/doclava_intermediates/classes-full-debug.jar
host Java: doclava (/root/worspace/aosip/out/host/common/obj/JAVA_LIBRARIES/doclava_intermediates/classes)
Note: Some input files use unchecked or unsafe operations.
Note: Recompile with -Xlint:unchecked for details.
[  0% 274/46492] build /root/worspace/aosip/out/host/common/obj/JAVA_LIBRARIES/doclava_intermediates/classes-jarjar.jar
Copying: /root/worspace/aosip/out/host/common/obj/JAVA_LIBRARIES/doclava_intermediates/classes-jarjar.jar
[  0% 275/46492] build /root/worspace/aosip/out/host/linux-x86/obj/SHARED_LIBRARIES/libcrypto-host_intermediates/linux-x86_64/crypto/modes/ghash-x86_64.o
host asm: libcrypto-host <= external/boringssl/linux-x86_64/crypto/modes/ghash-x86_64.S
[  0% 276/46492] build /root/worspace/aosip/out/host/linux-x86/obj/SHARED_LIBRARIES/libcrypto-host_intermediates/linux-x86_64/crypto/sha/sha1-x86_64.o
host asm: libcrypto-host <= external/boringssl/linux-x86_64/crypto/sha/sha1-x86_64.S
[  0% 277/46492] build /root/worspace/aosip/out/host/linux-x86/obj/STATIC_LIBRARIES/liblog_intermediates/export_includes
Export includes file: -- /root/worspace/aosip/out/host/linux-x86/obj/STATIC_LIBRARIES/liblog_intermediates/export_includes
[  0% 278/46492] build /root/worspace/aosip/out/host/linux-x86/obj/STATIC_LIBRARIES/libcutils_intermediates/export_includes
Export includes file: -- /root/worspace/aosip/out/host/linux-x86/obj/STATIC_LIBRARIES/libcutils_intermediates/export_includes
[  0% 279/46492] build /root/worspace/aosip/out/host/linux-x86/obj/STATIC_LIBRARIES/libutils_intermediates/export_includes
Export includes file: -- /root/worspace/aosip/out/host/linux-x86/obj/STATIC_LIBRARIES/libutils_intermediates/export_includes
[  0% 280/46492] build /root/worspace/aosip/out/host/linux-x86/obj/SHARED_LIBRARIES/libc++_intermediates/export_includes
Export includes file: -- /root/worspace/aosip/out/host/linux-x86/obj/SHARED_LIBRARIES/libc++_intermediates/export_includes
[  0% 281/46492] build /root/worspace/aosip/out/host/linux-x86/obj/STATIC_LIBRARIES/liblog_intermediates/import_includes
Import includes file: /root/worspace/aosip/out/host/linux-x86/obj/STATIC_LIBRARIES/liblog_intermediates/import_includes
[  0% 282/46492] build /root/worspace/aosip/out/host/linux-x86/obj/STATIC_LIBRARIES/liblog_intermediates/event_tag_map.o
host C: liblog <= system/core/liblog/event_tag_map.c
[  0% 283/46492] build /root/worspace/aosip/out/host/linux-x86/obj/STATIC_LIBRARIES/liblog_intermediates/fake_writer.o
host C: liblog <= system/core/liblog/fake_writer.c
[  0% 284/46492] build /root/worspace/aosip/out/host/linux-x86/obj/STATIC_LIBRARIES/liblog_intermediates/fake_log_device.o
host C: liblog <= system/core/liblog/fake_log_device.c
[  0% 285/46492] build /root/worspace/aosip/out/host/linux-x86/obj/STATIC_LIBRARIES/liblog_intermediates/logger_lock.o
host C: liblog <= system/core/liblog/logger_lock.c
[  0% 286/46492] build /root/worspace/aosip/out/host/linux-x86/obj/STATIC_LIBRARIES/liblog_intermediates/logger_name.o
host C: liblog <= system/core/liblog/logger_name.c
[  0% 287/46492] build /root/worspace/aosip/out/host/linux-x86/obj/STATIC_LIBRARIES/liblog_intermediates/config_write.o
host C: liblog <= system/core/liblog/config_write.c
[  0% 288/46492] build /root/worspace/aosip/out/host/linux-x86/obj/STATIC_LIBRARIES/liblog_intermediates/logger_write.o
host C: liblog <= system/core/liblog/logger_write.c
[  0% 289/46492] build /root/worspace/aosip/out/host/linux-x86/obj/STATIC_LIBRARIES/liblog_intermediates/log_event_write.o
host C: liblog <= system/core/liblog/log_event_write.c
[  0% 290/46492] build /root/worspace/aosip/out/host/linux-x86/obj/STATIC_LIBRARIES/liblog_intermediates/log_event_list.o
host C: liblog <= system/core/liblog/log_event_list.c
[  0% 291/46492] build /root/worspace/aosip/out/host/linux-x86/obj/STATIC_LIBRARIES/liblog_intermediates/liblog.a
host StaticLib: liblog (/root/worspace/aosip/out/host/linux-x86/obj/STATIC_LIBRARIES/liblog_intermediates/liblog.a)
[  0% 292/46492] build /root/worspace/aosip/out/host/linux-x86/obj/STATIC_LIBRARIES/libcutils_intermediates/import_includes
Import includes file: /root/worspace/aosip/out/host/linux-x86/obj/STATIC_LIBRARIES/libcutils_intermediates/import_includes
[  0% 293/46492] build /root/worspace/aosip/out/host/linux-x86/obj/STATIC_LIBRARIES/libcutils_intermediates/trace-host.o
host C: libcutils <= system/core/libcutils/trace-host.c
[  0% 294/46492] build /root/worspace/aosip/out/host/linux-x86/obj/STATIC_LIBRARIES/libcutils_intermediates/ashmem-host.o
host C: libcutils <= system/core/libcutils/ashmem-host.c
[  0% 295/46492] build /root/worspace/aosip/out/host/linux-x86/obj/STATIC_LIBRARIES/libcutils_intermediates/str_parms.o
host C: libcutils <= system/core/libcutils/str_parms.c
[  0% 296/46492] build /root/worspace/aosip/out/host/linux-x86/obj/STATIC_LIBRARIES/libcutils_intermediates/socket_network_client_unix.o
host C: libcutils <= system/core/libcutils/socket_network_client_unix.c
[  0% 297/46492] build /root/worspace/aosip/out/host/linux-x86/obj/STATIC_LIBRARIES/libcutils_intermediates/socket_loopback_server_unix.o
host C: libcutils <= system/core/libcutils/socket_loopback_server_unix.c
[  0% 298/46492] build /root/worspace/aosip/out/host/linux-x86/obj/STATIC_LIBRARIES/libcutils_intermediates/socket_loopback_client_unix.o
host C: libcutils <= system/core/libcutils/socket_loopback_client_unix.c
[  0% 299/46492] build /root/worspace/aosip/out/host/linux-x86/obj/STATIC_LIBRARIES/libcutils_intermediates/socket_local_server_unix.o
host C: libcutils <= system/core/libcutils/socket_local_server_unix.c
[  0% 300/46492] build /root/worspace/aosip/out/host/linux-x86/obj/STATIC_LIBRARIES/libcutils_intermediates/socket_local_client_unix.o
host C: libcutils <= system/core/libcutils/socket_local_client_unix.c
[  0% 301/46492] build /root/worspace/aosip/out/host/linux-x86/obj/STATIC_LIBRARIES/libcutils_intermediates/socket_inaddr_any_server_unix.o
host C: libcutils <= system/core/libcutils/socket_inaddr_any_server_unix.c
[  0% 302/46492] build /root/worspace/aosip/out/host/linux-x86/obj/STATIC_LIBRARIES/libcutils_intermediates/multiuser.o
host C: libcutils <= system/core/libcutils/multiuser.c
[  0% 303/46492] build /root/worspace/aosip/out/host/linux-x86/obj/STATIC_LIBRARIES/libcutils_intermediates/fs.o
host C: libcutils <= system/core/libcutils/fs.c
[  0% 304/46492] build /root/worspace/aosip/out/host/linux-x86/obj/STATIC_LIBRARIES/libcutils_intermediates/dlmalloc_stubs.o
host C: libcutils <= system/core/libcutils/dlmalloc_stubs.c
[  0% 305/46492] build /root/worspace/aosip/out/host/linux-x86/obj/STATIC_LIBRARIES/libcutils_intermediates/threads.o
host C: libcutils <= system/core/libcutils/threads.c
[  0% 306/46492] build /root/worspace/aosip/out/host/linux-x86/obj/STATIC_LIBRARIES/libcutils_intermediates/strlcpy.o
host C: libcutils <= system/core/libcutils/strlcpy.c
[  0% 307/46492] build /root/worspace/aosip/out/host/linux-x86/obj/STATIC_LIBRARIES/libcutils_intermediates/strdup8to16.o
host C: libcutils <= system/core/libcutils/strdup8to16.c
[  0% 308/46492] build /root/worspace/aosip/out/host/linux-x86/obj/STATIC_LIBRARIES/libcutils_intermediates/strdup16to8.o
host C: libcutils <= system/core/libcutils/strdup16to8.c
[  0% 309/46492] build /root/worspace/aosip/out/host/linux-x86/obj/STATIC_LIBRARIES/libcutils_intermediates/sched_policy.o
host C: libcutils <= system/core/libcutils/sched_policy.c
[  0% 310/46492] build /root/worspace/aosip/out/host/linux-x86/obj/STATIC_LIBRARIES/libcutils_intermediates/record_stream.o
host C: libcutils <= system/core/libcutils/record_stream.c
[  0% 311/46492] build /root/worspace/aosip/out/host/linux-x86/obj/STATIC_LIBRARIES/libcutils_intermediates/process_name.o
host C: libcutils <= system/core/libcutils/process_name.c
[  0% 312/46492] build /root/worspace/aosip/out/host/linux-x86/obj/STATIC_LIBRARIES/libcutils_intermediates/open_memstream.o
host C: libcutils <= system/core/libcutils/open_memstream.c
[  0% 313/46492] build /root/worspace/aosip/out/host/linux-x86/obj/STATIC_LIBRARIES/libcutils_intermediates/native_handle.o
host C: libcutils <= system/core/libcutils/native_handle.c
[  0% 314/46492] build /root/worspace/aosip/out/host/linux-x86/obj/STATIC_LIBRARIES/libcutils_intermediates/load_file.o
host C: libcutils <= system/core/libcutils/load_file.c
[  0% 315/46492] build /root/worspace/aosip/out/host/linux-x86/obj/STATIC_LIBRARIES/libcutils_intermediates/iosched_policy.o
host C: libcutils <= system/core/libcutils/iosched_policy.c
[  0% 316/46492] build /root/worspace/aosip/out/host/linux-x86/obj/STATIC_LIBRARIES/libcutils_intermediates/hashmap.o
host C: libcutils <= system/core/libcutils/hashmap.c
[  0% 317/46492] build /root/worspace/aosip/out/host/linux-x86/obj/STATIC_LIBRARIES/libcutils_intermediates/canned_fs_config.o
host C: libcutils <= system/core/libcutils/canned_fs_config.c
[  0% 318/46492] build /root/worspace/aosip/out/host/linux-x86/obj/STATIC_LIBRARIES/libcutils_intermediates/fs_config.o
host C: libcutils <= system/core/libcutils/fs_config.c
[  0% 319/46492] build /root/worspace/aosip/out/host/linux-x86/obj/STATIC_LIBRARIES/libcutils_intermediates/config_utils.o
host C: libcutils <= system/core/libcutils/config_utils.c
[  0% 320/46492] build /root/worspace/aosip/out/host/linux-x86/obj/STATIC_LIBRARIES/libcutils_intermediates/atomic.o
host C: libcutils <= system/core/libcutils/atomic.c
[  0% 321/46492] build /root/worspace/aosip/out/host/linux-x86/obj/STATIC_LIBRARIES/libcutils_intermediates/sockets_unix.o
host C++: libcutils <= system/core/libcutils/sockets_unix.cpp
[  0% 322/46492] build /root/worspace/aosip/out/host/linux-x86/obj/STATIC_LIBRARIES/libcutils_intermediates/sockets.o
host C++: libcutils <= system/core/libcutils/sockets.cpp
[  0% 323/46492] build /root/worspace/aosip/out/host/linux-x86/obj/STATIC_LIBRARIES/libcutils_intermediates/libcutils.a
host StaticLib: libcutils (/root/worspace/aosip/out/host/linux-x86/obj/STATIC_LIBRARIES/libcutils_intermediates/libcutils.a)
[  0% 324/46492] build /root/worspace/aosip/out/host/linux-x86/obj/STATIC_LIBRARIES/libutils_intermediates/import_includes
Import includes file: /root/worspace/aosip/out/host/linux-x86/obj/STATIC_LIBRARIES/libutils_intermediates/import_includes
[  0% 325/46492] build /root/worspace/aosip/out/host/linux-x86/obj/STATIC_LIBRARIES/libutils_intermediates/ProcessCallStack.o
host C++: libutils <= system/core/libutils/ProcessCallStack.cpp
[  0% 326/46492] build /root/worspace/aosip/out/host/linux-x86/obj/STATIC_LIBRARIES/libutils_intermediates/Looper.o
host C++: libutils <= system/core/libutils/Looper.cpp
[  0% 327/46492] build /root/worspace/aosip/out/host/linux-x86/obj/STATIC_LIBRARIES/libutils_intermediates/misc.o
host C++: libutils <= system/core/libutils/misc.cpp
[  0% 328/46492] build /root/worspace/aosip/out/host/linux-x86/obj/STATIC_LIBRARIES/libutils_intermediates/VectorImpl.o
host C++: libutils <= system/core/libutils/VectorImpl.cpp
[  0% 329/46492] build /root/worspace/aosip/out/host/linux-x86/obj/STATIC_LIBRARIES/libutils_intermediates/Unicode.o
host C++: libutils <= system/core/libutils/Unicode.cpp
[  0% 330/46492] build /root/worspace/aosip/out/host/linux-x86/obj/STATIC_LIBRARIES/libutils_intermediates/Tokenizer.o
host C++: libutils <= system/core/libutils/Tokenizer.cpp
[  0% 331/46492] build /root/worspace/aosip/out/host/linux-x86/obj/STATIC_LIBRARIES/libutils_intermediates/Timers.o
host C++: libutils <= system/core/libutils/Timers.cpp
[  0% 332/46492] build /root/worspace/aosip/out/host/linux-x86/obj/STATIC_LIBRARIES/libutils_intermediates/Threads.o
host C++: libutils <= system/core/libutils/Threads.cpp
[  0% 333/46492] build /root/worspace/aosip/out/host/linux-x86/obj/STATIC_LIBRARIES/libutils_intermediates/SystemClock.o
host C++: libutils <= system/core/libutils/SystemClock.cpp
[  0% 334/46492] build /root/worspace/aosip/out/host/linux-x86/obj/STATIC_LIBRARIES/libutils_intermediates/String16.o
host C++: libutils <= system/core/libutils/String16.cpp
[  0% 335/46492] build /root/worspace/aosip/out/host/linux-x86/obj/STATIC_LIBRARIES/libutils_intermediates/String8.o
host C++: libutils <= system/core/libutils/String8.cpp
[  0% 336/46492] build /root/worspace/aosip/out/host/linux-x86/obj/STATIC_LIBRARIES/libutils_intermediates/StopWatch.o
host C++: libutils <= system/core/libutils/StopWatch.cpp
[  0% 337/46492] build /root/worspace/aosip/out/host/linux-x86/obj/STATIC_LIBRARIES/libutils_intermediates/Static.o
host C++: libutils <= system/core/libutils/Static.cpp
[  0% 338/46492] build /root/worspace/aosip/out/host/linux-x86/obj/STATIC_LIBRARIES/libutils_intermediates/SharedBuffer.o
host C++: libutils <= system/core/libutils/SharedBuffer.cpp
[  0% 339/46492] build /root/worspace/aosip/out/host/linux-x86/obj/STATIC_LIBRARIES/libutils_intermediates/RefBase.o
host C++: libutils <= system/core/libutils/RefBase.cpp
[  0% 340/46492] build /root/worspace/aosip/out/host/linux-x86/obj/STATIC_LIBRARIES/libutils_intermediates/PropertyMap.o
host C++: libutils <= system/core/libutils/PropertyMap.cpp
[  0% 341/46492] build /root/worspace/aosip/out/host/linux-x86/obj/STATIC_LIBRARIES/libutils_intermediates/Printer.o
host C++: libutils <= system/core/libutils/Printer.cpp
[  0% 342/46492] build /root/worspace/aosip/out/host/linux-x86/obj/STATIC_LIBRARIES/libutils_intermediates/NativeHandle.o
host C++: libutils <= system/core/libutils/NativeHandle.cpp
[  0% 343/46492] build /root/worspace/aosip/out/host/linux-x86/obj/STATIC_LIBRARIES/libutils_intermediates/Log.o
host C++: libutils <= system/core/libutils/Log.cpp
[  0% 344/46492] build /root/worspace/aosip/out/host/linux-x86/obj/STATIC_LIBRARIES/libutils_intermediates/LinearTransform.o
host C++: libutils <= system/core/libutils/LinearTransform.cpp
[  0% 345/46492] build /root/worspace/aosip/out/host/linux-x86/obj/STATIC_LIBRARIES/libutils_intermediates/JenkinsHash.o
host C++: libutils <= system/core/libutils/JenkinsHash.cpp
[  0% 346/46492] build /root/worspace/aosip/out/host/linux-x86/obj/STATIC_LIBRARIES/libutils_intermediates/FileMap.o
host C++: libutils <= system/core/libutils/FileMap.cpp
[  0% 347/46492] build /root/worspace/aosip/out/host/linux-x86/obj/STATIC_LIBRARIES/libutils_intermediates/CallStack.o
host C++: libutils <= system/core/libutils/CallStack.cpp
[  0% 348/46492] build /root/worspace/aosip/out/host/linux-x86/obj/STATIC_LIBRARIES/libutils_intermediates/libutils.a
host StaticLib: libutils (/root/worspace/aosip/out/host/linux-x86/obj/STATIC_LIBRARIES/libutils_intermediates/libutils.a)
[  0% 349/46492] build /root/worspace/aosip/out/host/linux-x86/obj/lib/libc++.so
host SharedLib: libc++ (/root/worspace/aosip/out/host/linux-x86/obj/lib/libc++.so)
[  0% 350/46492] build /root/worspace/aosip/out/host/linux-x86/lib64/libc++.so
Install: /root/worspace/aosip/out/host/linux-x86/lib64/libc++.so
[  0% 351/46492] build /root/worspace/aosip/out/host/linux-x86/obj/SHARED_LIBRARIES/libcrypto-host_intermediates/linux-x86_64/crypto/bn/x86_64-mont5.o
host asm: libcrypto-host <= external/boringssl/linux-x86_64/crypto/bn/x86_64-mont5.S
[  0% 352/46492] build /root/worspace/aosip/out/host/linux-x86/obj/SHARED_LIBRARIES/libcrypto-host_intermediates/linux-x86_64/crypto/md5/md5-x86_64.o
host asm: libcrypto-host <= external/boringssl/linux-x86_64/crypto/md5/md5-x86_64.S
[  0% 353/46492] build /root/worspace/aosip/out/host/linux-x86/obj/SHARED_LIBRARIES/libcrypto-host_intermediates/linux-x86_64/crypto/modes/aesni-gcm-x86_64.o
host asm: libcrypto-host <= external/boringssl/linux-x86_64/crypto/modes/aesni-gcm-x86_64.S
[  0% 354/46492] build /root/worspace/aosip/out/host/linux-x86/obj/SHARED_LIBRARIES/libcrypto-host_intermediates/android_compat_hacks.o
host C: libcrypto-host <= external/boringssl/android_compat_hacks.c
[  0% 355/46492] build /root/worspace/aosip/out/host/linux-x86/obj/SHARED_LIBRARIES/libcrypto-host_intermediates/err_data.o
host C: libcrypto-host <= external/boringssl/err_data.c
[  0% 356/46492] build /root/worspace/aosip/out/host/linux-x86/obj/SHARED_LIBRARIES/libcrypto-host_intermediates/src/crypto/asn1/asn1_par.o
host C: libcrypto-host <= external/boringssl/src/crypto/asn1/asn1_par.c
[  0% 357/46492] build /root/worspace/aosip/out/host/linux-x86/obj/SHARED_LIBRARIES/libcrypto-host_intermediates/src/crypto/asn1/asn_pack.o
host C: libcrypto-host <= external/boringssl/src/crypto/asn1/asn_pack.c
[  0% 358/46492] build /root/worspace/aosip/out/host/linux-x86/obj/SHARED_LIBRARIES/libcrypto-host_intermediates/linux-x86_64/crypto/sha/sha512-x86_64.o
host asm: libcrypto-host <= external/boringssl/linux-x86_64/crypto/sha/sha512-x86_64.S
[  0% 359/46492] build /root/worspace/aosip/out/host/linux-x86/obj/SHARED_LIBRARIES/libcrypto-host_intermediates/android_compat_keywrap.o
host C: libcrypto-host <= external/boringssl/android_compat_keywrap.c
[  0% 360/46492] build /root/worspace/aosip/out/host/linux-x86/obj/SHARED_LIBRARIES/libcrypto-host_intermediates/src/crypto/aes/aes.o
host C: libcrypto-host <= external/boringssl/src/crypto/aes/aes.c
[  0% 361/46492] build /root/worspace/aosip/out/host/linux-x86/obj/SHARED_LIBRARIES/libcrypto-host_intermediates/src/crypto/aes/mode_wrappers.o
host C: libcrypto-host <= external/boringssl/src/crypto/aes/mode_wrappers.c
[  0% 362/46492] build /root/worspace/aosip/out/host/linux-x86/obj/SHARED_LIBRARIES/libcrypto-host_intermediates/src/crypto/asn1/a_bitstr.o
host C: libcrypto-host <= external/boringssl/src/crypto/asn1/a_bitstr.c
[  0% 363/46492] build /root/worspace/aosip/out/host/linux-x86/obj/SHARED_LIBRARIES/libcrypto-host_intermediates/src/crypto/asn1/a_bool.o
host C: libcrypto-host <= external/boringssl/src/crypto/asn1/a_bool.c
[  0% 364/46492] build /root/worspace/aosip/out/host/linux-x86/obj/SHARED_LIBRARIES/libcrypto-host_intermediates/src/crypto/asn1/a_bytes.o
host C: libcrypto-host <= external/boringssl/src/crypto/asn1/a_bytes.c
[  0% 365/46492] build /root/worspace/aosip/out/host/linux-x86/obj/SHARED_LIBRARIES/libcrypto-host_intermediates/src/crypto/asn1/a_d2i_fp.o
host C: libcrypto-host <= external/boringssl/src/crypto/asn1/a_d2i_fp.c
[  0% 366/46492] build /root/worspace/aosip/out/host/linux-x86/obj/SHARED_LIBRARIES/libcrypto-host_intermediates/src/crypto/asn1/a_dup.o
host C: libcrypto-host <= external/boringssl/src/crypto/asn1/a_dup.c
[  0% 367/46492] build /root/worspace/aosip/out/host/linux-x86/obj/SHARED_LIBRARIES/libcrypto-host_intermediates/src/crypto/asn1/a_enum.o
host C: libcrypto-host <= external/boringssl/src/crypto/asn1/a_enum.c
[  0% 368/46492] build /root/worspace/aosip/out/host/linux-x86/obj/SHARED_LIBRARIES/libcrypto-host_intermediates/src/crypto/asn1/a_gentm.o
host C: libcrypto-host <= external/boringssl/src/crypto/asn1/a_gentm.c
[  0% 369/46492] build /root/worspace/aosip/out/host/linux-x86/obj/SHARED_LIBRARIES/libcrypto-host_intermediates/src/crypto/asn1/a_i2d_fp.o
host C: libcrypto-host <= external/boringssl/src/crypto/asn1/a_i2d_fp.c
[  0% 370/46492] build /root/worspace/aosip/out/host/linux-x86/obj/SHARED_LIBRARIES/libcrypto-host_intermediates/src/crypto/asn1/a_int.o
host C: libcrypto-host <= external/boringssl/src/crypto/asn1/a_int.c
[  0% 371/46492] build /root/worspace/aosip/out/host/linux-x86/obj/SHARED_LIBRARIES/libcrypto-host_intermediates/src/crypto/asn1/a_mbstr.o
host C: libcrypto-host <= external/boringssl/src/crypto/asn1/a_mbstr.c
[  0% 372/46492] build /root/worspace/aosip/out/host/linux-x86/obj/SHARED_LIBRARIES/libcrypto-host_intermediates/src/crypto/asn1/a_object.o
host C: libcrypto-host <= external/boringssl/src/crypto/asn1/a_object.c
[  0% 373/46492] build /root/worspace/aosip/out/host/linux-x86/obj/SHARED_LIBRARIES/libcrypto-host_intermediates/src/crypto/asn1/a_octet.o
host C: libcrypto-host <= external/boringssl/src/crypto/asn1/a_octet.c
[  0% 374/46492] build /root/worspace/aosip/out/host/linux-x86/obj/SHARED_LIBRARIES/libcrypto-host_intermediates/src/crypto/asn1/a_print.o
host C: libcrypto-host <= external/boringssl/src/crypto/asn1/a_print.c
[  0% 375/46492] build /root/worspace/aosip/out/host/linux-x86/obj/SHARED_LIBRARIES/libcrypto-host_intermediates/src/crypto/asn1/a_strnid.o
host C: libcrypto-host <= external/boringssl/src/crypto/asn1/a_strnid.c
[  0% 376/46492] build /root/worspace/aosip/out/host/linux-x86/obj/SHARED_LIBRARIES/libcrypto-host_intermediates/src/crypto/asn1/a_time.o
host C: libcrypto-host <= external/boringssl/src/crypto/asn1/a_time.c
[  0% 377/46492] build /root/worspace/aosip/out/host/linux-x86/obj/SHARED_LIBRARIES/libcrypto-host_intermediates/src/crypto/asn1/a_type.o
host C: libcrypto-host <= external/boringssl/src/crypto/asn1/a_type.c
[  0% 378/46492] build /root/worspace/aosip/out/host/linux-x86/obj/SHARED_LIBRARIES/libcrypto-host_intermediates/src/crypto/asn1/a_utctm.o
host C: libcrypto-host <= external/boringssl/src/crypto/asn1/a_utctm.c
[  0% 379/46492] build /root/worspace/aosip/out/host/linux-x86/obj/SHARED_LIBRARIES/libcrypto-host_intermediates/src/crypto/asn1/a_utf8.o
host C: libcrypto-host <= external/boringssl/src/crypto/asn1/a_utf8.c
[  0% 380/46492] build /root/worspace/aosip/out/host/linux-x86/obj/SHARED_LIBRARIES/libcrypto-host_intermediates/src/crypto/asn1/asn1_lib.o
host C: libcrypto-host <= external/boringssl/src/crypto/asn1/asn1_lib.c
[  0% 381/46492] build /root/worspace/aosip/out/host/linux-x86/obj/SHARED_LIBRARIES/libcrypto-host_intermediates/src/crypto/asn1/bio_asn1.o
host C: libcrypto-host <= external/boringssl/src/crypto/asn1/bio_asn1.c
[  0% 382/46492] build /root/worspace/aosip/out/host/linux-x86/obj/SHARED_LIBRARIES/libcrypto-host_intermediates/src/crypto/asn1/bio_ndef.o
host C: libcrypto-host <= external/boringssl/src/crypto/asn1/bio_ndef.c
[  0% 383/46492] build /root/worspace/aosip/out/host/linux-x86/obj/SHARED_LIBRARIES/libcrypto-host_intermediates/src/crypto/asn1/f_string.o
host C: libcrypto-host <= external/boringssl/src/crypto/asn1/f_string.c
[  0% 384/46492] build /root/worspace/aosip/out/host/linux-x86/obj/SHARED_LIBRARIES/libcrypto-host_intermediates/src/crypto/bio/socket_helper.o
host C: libcrypto-host <= external/boringssl/src/crypto/bio/socket_helper.c
[  0% 385/46492] build /root/worspace/aosip/out/host/linux-x86/obj/SHARED_LIBRARIES/libcrypto-host_intermediates/src/crypto/bn/add.o
host C: libcrypto-host <= external/boringssl/src/crypto/bn/add.c
[  0% 386/46492] build /root/worspace/aosip/out/host/linux-x86/obj/EXECUTABLES/conscrypt_generate_constants_intermediates/src/gen/native/generate_constants..o
host C++: conscrypt_generate_constants <= external/conscrypt/src/gen/native/generate_constants.cc
[  0% 387/46492] build /root/worspace/aosip/out/host/linux-x86/obj/SHARED_LIBRARIES/libcrypto-host_intermediates/linux-x86_64/crypto/rc4/rc4-x86_64.o
host asm: libcrypto-host <= external/boringssl/linux-x86_64/crypto/rc4/rc4-x86_64.S
[  0% 388/46492] build /root/worspace/aosip/out/host/linux-x86/obj/SHARED_LIBRARIES/libcrypto-host_intermediates/linux-x86_64/crypto/sha/sha256-x86_64.o
host asm: libcrypto-host <= external/boringssl/linux-x86_64/crypto/sha/sha256-x86_64.S
[  0% 389/46492] build /root/worspace/aosip/out/host/linux-x86/obj/SHARED_LIBRARIES/libcrypto-host_intermediates/src/crypto/ec/wnaf.o
host C: libcrypto-host <= external/boringssl/src/crypto/ec/wnaf.c
[  0% 390/46492] build /root/worspace/aosip/out/host/common/obj/JAVA_LIBRARIES/doclava_intermediates/javalib.jar
Copying: /root/worspace/aosip/out/host/common/obj/JAVA_LIBRARIES/doclava_intermediates/javalib.jar
[  0% 391/46492] build /root/worspace/aosip/out/host/linux-x86/framework/doclava.jar
Install: /root/worspace/aosip/out/host/linux-x86/framework/doclava.jar
[  0% 392/46492] build /root/worspace/aosip/out/host/linux-x86/obj/SHARED_LIBRARIES/libcrypto-host_intermediates/src/crypto/bn/asm/x86_64-gcc.o
host C: libcrypto-host <= external/boringssl/src/crypto/bn/asm/x86_64-gcc.c
[  0% 393/46492] build /root/worspace/aosip/out/host/linux-x86/obj/SHARED_LIBRARIES/libcrypto-host_intermediates/src/crypto/bn/bn_asn1.o
host C: libcrypto-host <= external/boringssl/src/crypto/bn/bn_asn1.c
[  0% 394/46492] build /root/worspace/aosip/out/host/linux-x86/obj/SHARED_LIBRARIES/libcrypto-host_intermediates/src/crypto/bn/cmp.o
host C: libcrypto-host <= external/boringssl/src/crypto/bn/cmp.c
[  0% 395/46492] build /root/worspace/aosip/out/host/linux-x86/obj/SHARED_LIBRARIES/libcrypto-host_intermediates/src/crypto/bn/convert.o
host C: libcrypto-host <= external/boringssl/src/crypto/bn/convert.c
[  0% 396/46492] build /root/worspace/aosip/out/host/linux-x86/obj/SHARED_LIBRARIES/libcrypto-host_intermediates/src/crypto/bn/ctx.o
host C: libcrypto-host <= external/boringssl/src/crypto/bn/ctx.c
[  0% 397/46492] build /root/worspace/aosip/out/host/linux-x86/obj/SHARED_LIBRARIES/libcrypto-host_intermediates/src/crypto/bn/div.o
host C: libcrypto-host <= external/boringssl/src/crypto/bn/div.c
[  0% 398/46492] build /root/worspace/aosip/out/host/linux-x86/obj/SHARED_LIBRARIES/libcrypto-host_intermediates/src/crypto/bn/exponentiation.o
host C: libcrypto-host <= external/boringssl/src/crypto/bn/exponentiation.c
[  0% 399/46492] build /root/worspace/aosip/out/host/linux-x86/obj/SHARED_LIBRARIES/libcrypto-host_intermediates/src/crypto/bn/gcd.o
host C: libcrypto-host <= external/boringssl/src/crypto/bn/gcd.c
[  0% 400/46492] build /root/worspace/aosip/out/host/linux-x86/obj/SHARED_LIBRARIES/libcrypto-host_intermediates/src/crypto/bn/generic.o
host C: libcrypto-host <= external/boringssl/src/crypto/bn/generic.c
[  0% 401/46492] build /root/worspace/aosip/out/host/linux-x86/obj/SHARED_LIBRARIES/libcrypto-host_intermediates/src/crypto/bn/kronecker.o
host C: libcrypto-host <= external/boringssl/src/crypto/bn/kronecker.c
[  0% 402/46492] build /root/worspace/aosip/out/host/linux-x86/obj/SHARED_LIBRARIES/libcrypto-host_intermediates/src/crypto/bn/montgomery.o
host C: libcrypto-host <= external/boringssl/src/crypto/bn/montgomery.c
[  0% 403/46492] build /root/worspace/aosip/out/host/linux-x86/obj/SHARED_LIBRARIES/libcrypto-host_intermediates/src/crypto/bn/mul.o
host C: libcrypto-host <= external/boringssl/src/crypto/bn/mul.c
[  0% 404/46492] build /root/worspace/aosip/out/host/linux-x86/obj/SHARED_LIBRARIES/libcrypto-host_intermediates/src/crypto/bn/prime.o
host C: libcrypto-host <= external/boringssl/src/crypto/bn/prime.c
[  0% 405/46492] build /root/worspace/aosip/out/host/linux-x86/obj/SHARED_LIBRARIES/libcrypto-host_intermediates/src/crypto/bn/random.o
host C: libcrypto-host <= external/boringssl/src/crypto/bn/random.c
[  0% 406/46492] build /root/worspace/aosip/out/host/linux-x86/obj/SHARED_LIBRARIES/libcrypto-host_intermediates/src/crypto/bn/rsaz_exp.o
host C: libcrypto-host <= external/boringssl/src/crypto/bn/rsaz_exp.c
[  0% 407/46492] build /root/worspace/aosip/out/host/linux-x86/obj/SHARED_LIBRARIES/libcrypto-host_intermediates/src/crypto/bn/shift.o
host C: libcrypto-host <= external/boringssl/src/crypto/bn/shift.c
[  0% 408/46492] build /root/worspace/aosip/out/host/linux-x86/obj/SHARED_LIBRARIES/libcrypto-host_intermediates/src/crypto/bn/sqrt.o
host C: libcrypto-host <= external/boringssl/src/crypto/bn/sqrt.c
[  0% 409/46492] build /root/worspace/aosip/out/host/linux-x86/obj/SHARED_LIBRARIES/libcrypto-host_intermediates/src/crypto/buf/buf.o
host C: libcrypto-host <= external/boringssl/src/crypto/buf/buf.c
[  0% 410/46492] build /root/worspace/aosip/out/host/linux-x86/obj/SHARED_LIBRARIES/libcrypto-host_intermediates/src/crypto/bytestring/ber.o
host C: libcrypto-host <= external/boringssl/src/crypto/bytestring/ber.c
[  0% 411/46492] build /root/worspace/aosip/out/host/linux-x86/obj/SHARED_LIBRARIES/libcrypto-host_intermediates/src/crypto/bytestring/cbb.o
host C: libcrypto-host <= external/boringssl/src/crypto/bytestring/cbb.c
[  0% 412/46492] build /root/worspace/aosip/out/host/linux-x86/obj/SHARED_LIBRARIES/libcrypto-host_intermediates/src/crypto/bytestring/cbs.o
host C: libcrypto-host <= external/boringssl/src/crypto/bytestring/cbs.c
[  0% 413/46492] build /root/worspace/aosip/out/host/linux-x86/obj/SHARED_LIBRARIES/libcrypto-host_intermediates/src/crypto/chacha/chacha_generic.o
host C: libcrypto-host <= external/boringssl/src/crypto/chacha/chacha_generic.c
[  0% 414/46492] build /root/worspace/aosip/out/host/linux-x86/obj/SHARED_LIBRARIES/libcrypto-host_intermediates/src/crypto/chacha/chacha_vec.o
host C: libcrypto-host <= external/boringssl/src/crypto/chacha/chacha_vec.c
[  0% 415/46492] build /root/worspace/aosip/out/host/linux-x86/obj/SHARED_LIBRARIES/libcrypto-host_intermediates/src/crypto/cipher/aead.o
host C: libcrypto-host <= external/boringssl/src/crypto/cipher/aead.c
[  0% 416/46492] build /root/worspace/aosip/out/host/linux-x86/obj/SHARED_LIBRARIES/libcrypto-host_intermediates/src/crypto/cipher/cipher.o
host C: libcrypto-host <= external/boringssl/src/crypto/cipher/cipher.c
[  0% 417/46492] build /root/worspace/aosip/out/host/linux-x86/obj/SHARED_LIBRARIES/libcrypto-host_intermediates/src/crypto/cipher/derive_key.o
host C: libcrypto-host <= external/boringssl/src/crypto/cipher/derive_key.c
[  0% 418/46492] build /root/worspace/aosip/out/host/linux-x86/obj/SHARED_LIBRARIES/libcrypto-host_intermediates/src/crypto/cipher/e_aes.o
host C: libcrypto-host <= external/boringssl/src/crypto/cipher/e_aes.c
[  0% 419/46492] build /root/worspace/aosip/out/host/linux-x86/obj/SHARED_LIBRARIES/libcrypto-host_intermediates/src/crypto/cipher/e_chacha20poly1305.o
host C: libcrypto-host <= external/boringssl/src/crypto/cipher/e_chacha20poly1305.c
[  0% 420/46492] build /root/worspace/aosip/out/host/linux-x86/obj/SHARED_LIBRARIES/libcrypto-host_intermediates/src/crypto/cipher/e_des.o
host C: libcrypto-host <= external/boringssl/src/crypto/cipher/e_des.c
[  0% 421/46492] build /root/worspace/aosip/out/host/linux-x86/obj/SHARED_LIBRARIES/libcrypto-host_intermediates/src/crypto/cipher/e_null.o
host C: libcrypto-host <= external/boringssl/src/crypto/cipher/e_null.c
[  0% 422/46492] build /root/worspace/aosip/out/host/linux-x86/obj/SHARED_LIBRARIES/libcrypto-host_intermediates/src/crypto/cipher/e_rc2.o
host C: libcrypto-host <= external/boringssl/src/crypto/cipher/e_rc2.c
[  0% 423/46492] build /root/worspace/aosip/out/host/linux-x86/obj/SHARED_LIBRARIES/libcrypto-host_intermediates/src/crypto/cipher/e_rc4.o
host C: libcrypto-host <= external/boringssl/src/crypto/cipher/e_rc4.c
[  0% 424/46492] build /root/worspace/aosip/out/host/linux-x86/obj/SHARED_LIBRARIES/libcrypto-host_intermediates/src/crypto/cipher/e_ssl3.o
host C: libcrypto-host <= external/boringssl/src/crypto/cipher/e_ssl3.c
[  0% 425/46492] build /root/worspace/aosip/out/host/linux-x86/obj/SHARED_LIBRARIES/libcrypto-host_intermediates/src/crypto/cipher/e_tls.o
host C: libcrypto-host <= external/boringssl/src/crypto/cipher/e_tls.c
[  0% 426/46492] build /root/worspace/aosip/out/host/linux-x86/obj/SHARED_LIBRARIES/libcrypto-host_intermediates/src/crypto/cipher/tls_cbc.o
host C: libcrypto-host <= external/boringssl/src/crypto/cipher/tls_cbc.c
[  0% 427/46492] build /root/worspace/aosip/out/host/linux-x86/obj/SHARED_LIBRARIES/libcrypto-host_intermediates/src/crypto/cmac/cmac.o
host C: libcrypto-host <= external/boringssl/src/crypto/cmac/cmac.c
[  0% 428/46492] build /root/worspace/aosip/out/host/linux-x86/obj/SHARED_LIBRARIES/libcrypto-host_intermediates/src/crypto/conf/conf.o
host C: libcrypto-host <= external/boringssl/src/crypto/conf/conf.c
[  0% 429/46492] build /root/worspace/aosip/out/host/linux-x86/obj/SHARED_LIBRARIES/libcrypto-host_intermediates/src/crypto/cpu-aarch64-linux.o
host C: libcrypto-host <= external/boringssl/src/crypto/cpu-aarch64-linux.c
[  0% 430/46492] build /root/worspace/aosip/out/host/linux-x86/obj/SHARED_LIBRARIES/libcrypto-host_intermediates/src/crypto/cpu-arm.o
host C: libcrypto-host <= external/boringssl/src/crypto/cpu-arm.c
[  0% 431/46492] build /root/worspace/aosip/out/host/linux-x86/obj/SHARED_LIBRARIES/libcrypto-host_intermediates/src/crypto/cpu-arm-linux.o
host C: libcrypto-host <= external/boringssl/src/crypto/cpu-arm-linux.c
[  0% 432/46492] build /root/worspace/aosip/out/host/linux-x86/obj/SHARED_LIBRARIES/libcrypto-host_intermediates/src/crypto/cpu-intel.o
host C: libcrypto-host <= external/boringssl/src/crypto/cpu-intel.c
[  0% 433/46492] build /root/worspace/aosip/out/host/linux-x86/obj/SHARED_LIBRARIES/libcrypto-host_intermediates/src/crypto/crypto.o
host C: libcrypto-host <= external/boringssl/src/crypto/crypto.c
[  0% 434/46492] build /root/worspace/aosip/out/host/linux-x86/obj/SHARED_LIBRARIES/libcrypto-host_intermediates/src/crypto/curve25519/curve25519.o
host C: libcrypto-host <= external/boringssl/src/crypto/curve25519/curve25519.c
[  0% 435/46492] build /root/worspace/aosip/out/host/linux-x86/obj/SHARED_LIBRARIES/libcrypto-host_intermediates/src/crypto/curve25519/x25519-x86_64.o
host C: libcrypto-host <= external/boringssl/src/crypto/curve25519/x25519-x86_64.c
[  0% 436/46492] build /root/worspace/aosip/out/host/linux-x86/obj/SHARED_LIBRARIES/libcrypto-host_intermediates/src/crypto/des/des.o
host C: libcrypto-host <= external/boringssl/src/crypto/des/des.c
[  0% 437/46492] build /root/worspace/aosip/out/host/linux-x86/obj/SHARED_LIBRARIES/libcrypto-host_intermediates/src/crypto/dh/check.o
host C: libcrypto-host <= external/boringssl/src/crypto/dh/check.c
[  0% 438/46492] build /root/worspace/aosip/out/host/linux-x86/obj/SHARED_LIBRARIES/libcrypto-host_intermediates/src/crypto/dh/dh.o
host C: libcrypto-host <= external/boringssl/src/crypto/dh/dh.c
[  0% 439/46492] build /root/worspace/aosip/out/host/linux-x86/obj/SHARED_LIBRARIES/libcrypto-host_intermediates/src/crypto/dh/dh_asn1.o
host C: libcrypto-host <= external/boringssl/src/crypto/dh/dh_asn1.c
[  0% 440/46492] build /root/worspace/aosip/out/host/linux-x86/obj/SHARED_LIBRARIES/libcrypto-host_intermediates/src/crypto/dh/params.o
host C: libcrypto-host <= external/boringssl/src/crypto/dh/params.c
[  0% 441/46492] build /root/worspace/aosip/out/host/linux-x86/obj/SHARED_LIBRARIES/libcrypto-host_intermediates/src/crypto/digest/digest.o
host C: libcrypto-host <= external/boringssl/src/crypto/digest/digest.c
[  0% 442/46492] build /root/worspace/aosip/out/host/linux-x86/obj/SHARED_LIBRARIES/libcrypto-host_intermediates/src/crypto/digest/digests.o
host C: libcrypto-host <= external/boringssl/src/crypto/digest/digests.c
[  0% 443/46492] build /root/worspace/aosip/out/host/linux-x86/obj/SHARED_LIBRARIES/libcrypto-host_intermediates/src/crypto/directory_posix.o
host C: libcrypto-host <= external/boringssl/src/crypto/directory_posix.c
[  0% 444/46492] build /root/worspace/aosip/out/host/linux-x86/obj/SHARED_LIBRARIES/libcrypto-host_intermediates/src/crypto/directory_win.o
host C: libcrypto-host <= external/boringssl/src/crypto/directory_win.c
[  0% 445/46492] build /root/worspace/aosip/out/host/linux-x86/obj/SHARED_LIBRARIES/libcrypto-host_intermediates/src/crypto/dsa/dsa.o
host C: libcrypto-host <= external/boringssl/src/crypto/dsa/dsa.c
[  0% 446/46492] build /root/worspace/aosip/out/host/linux-x86/obj/SHARED_LIBRARIES/libcrypto-host_intermediates/src/crypto/dsa/dsa_asn1.o
host C: libcrypto-host <= external/boringssl/src/crypto/dsa/dsa_asn1.c
[  0% 447/46492] build /root/worspace/aosip/out/host/linux-x86/obj/SHARED_LIBRARIES/libcrypto-host_intermediates/src/crypto/ec/ec.o
host C: libcrypto-host <= external/boringssl/src/crypto/ec/ec.c
[  0% 448/46492] build /root/worspace/aosip/out/host/linux-x86/obj/SHARED_LIBRARIES/libcrypto-host_intermediates/src/crypto/x509v3/pcy_map.o
host C: libcrypto-host <= external/boringssl/src/crypto/x509v3/pcy_map.c
[  0% 449/46492] build /root/worspace/aosip/out/host/linux-x86/obj/SHARED_LIBRARIES/libcrypto-host_intermediates/src/crypto/ec/ec_asn1.o
host C: libcrypto-host <= external/boringssl/src/crypto/ec/ec_asn1.c
[  0% 450/46492] build /root/worspace/aosip/out/host/linux-x86/obj/SHARED_LIBRARIES/libcrypto-host_intermediates/src/crypto/ec/ec_key.o
host C: libcrypto-host <= external/boringssl/src/crypto/ec/ec_key.c
[  0% 451/46492] build /root/worspace/aosip/out/host/linux-x86/obj/SHARED_LIBRARIES/libcrypto-host_intermediates/src/crypto/ec/ec_montgomery.o
host C: libcrypto-host <= external/boringssl/src/crypto/ec/ec_montgomery.c
[  0% 452/46492] build /root/worspace/aosip/out/host/linux-x86/obj/SHARED_LIBRARIES/libcrypto-host_intermediates/src/crypto/ec/oct.o
host C: libcrypto-host <= external/boringssl/src/crypto/ec/oct.c
[  0% 453/46492] build /root/worspace/aosip/out/host/linux-x86/obj/SHARED_LIBRARIES/libcrypto-host_intermediates/src/crypto/ec/p224-64.o
host C: libcrypto-host <= external/boringssl/src/crypto/ec/p224-64.c
[  0% 454/46492] build /root/worspace/aosip/out/host/linux-x86/obj/SHARED_LIBRARIES/libcrypto-host_intermediates/src/crypto/ec/p256-64.o
host C: libcrypto-host <= external/boringssl/src/crypto/ec/p256-64.c
[  0% 455/46492] build /root/worspace/aosip/out/host/linux-x86/obj/SHARED_LIBRARIES/libcrypto-host_intermediates/src/crypto/ec/p256-x86_64.o
host C: libcrypto-host <= external/boringssl/src/crypto/ec/p256-x86_64.c
[  0% 456/46492] build /root/worspace/aosip/out/host/linux-x86/obj/SHARED_LIBRARIES/libcrypto-host_intermediates/src/crypto/ec/simple.o
host C: libcrypto-host <= external/boringssl/src/crypto/ec/simple.c
[  0% 457/46492] build /root/worspace/aosip/out/host/linux-x86/obj/STATIC_LIBRARIES/libz_intermediates/import_includes
Import includes file: /root/worspace/aosip/out/host/linux-x86/obj/STATIC_LIBRARIES/libz_intermediates/import_includes
[  0% 458/46492] build /root/worspace/aosip/out/host/linux-x86/obj/SHARED_LIBRARIES/libcrypto-host_intermediates/src/crypto/ecdsa/ecdsa.o
host C: libcrypto-host <= external/boringssl/src/crypto/ecdsa/ecdsa.c
[  0% 459/46492] build /root/worspace/aosip/out/host/linux-x86/obj/SHARED_LIBRARIES/libcrypto-host_intermediates/src/crypto/evp/evp_asn1.o
host C: libcrypto-host <= external/boringssl/src/crypto/evp/evp_asn1.c
[  0% 460/46492] build /root/worspace/aosip/out/target/product/lettuce/obj/STATIC_LIBRARIES/libc_freebsd_intermediates/export_includes
Export includes file: -- /root/worspace/aosip/out/target/product/lettuce/obj/STATIC_LIBRARIES/libc_freebsd_intermediates/export_includes
[  0% 461/46492] build /root/worspace/aosip/out/target/product/lettuce/obj/STATIC_LIBRARIES/libc_gdtoa_intermediates/export_includes
Export includes file: -- /root/worspace/aosip/out/target/product/lettuce/obj/STATIC_LIBRARIES/libc_gdtoa_intermediates/export_includes
[  0% 462/46492] build /root/worspace/aosip/out/target/product/lettuce/obj/STATIC_LIBRARIES/libc_malloc_intermediates/export_includes
Export includes file: -- /root/worspace/aosip/out/target/product/lettuce/obj/STATIC_LIBRARIES/libc_malloc_intermediates/export_includes
[  0% 463/46492] build /root/worspace/aosip/out/target/product/lettuce/obj/STATIC_LIBRARIES/libc_netbsd_intermediates/export_includes
Export includes file: -- /root/worspace/aosip/out/target/product/lettuce/obj/STATIC_LIBRARIES/libc_netbsd_intermediates/export_includes
[  0% 464/46492] build /root/worspace/aosip/out/target/product/lettuce/obj/STATIC_LIBRARIES/libc_openbsd_intermediates/export_includes
Export includes file: -- /root/worspace/aosip/out/target/product/lettuce/obj/STATIC_LIBRARIES/libc_openbsd_intermediates/export_includes
[  1% 465/46492] build /root/worspace/aosip/out/target/product/lettuce/obj/STATIC_LIBRARIES/libc_openbsd_ndk_intermediates/export_includes
Export includes file: -- /root/worspace/aosip/out/target/product/lettuce/obj/STATIC_LIBRARIES/libc_openbsd_ndk_intermediates/export_includes
[  1% 466/46492] build /root/worspace/aosip/out/target/product/lettuce/obj/STATIC_LIBRARIES/libc_pthread_intermediates/export_includes
Export includes file: -- /root/worspace/aosip/out/target/product/lettuce/obj/STATIC_LIBRARIES/libc_pthread_intermediates/export_includes
[  1% 467/46492] build /root/worspace/aosip/out/target/product/lettuce/obj/STATIC_LIBRARIES/libc_stack_protector_intermediates/export_includes
Export includes file: -- /root/worspace/aosip/out/target/product/lettuce/obj/STATIC_LIBRARIES/libc_stack_protector_intermediates/export_includes
[  1% 468/46492] build /root/worspace/aosip/out/target/product/lettuce/obj/STATIC_LIBRARIES/libc_syscalls_intermediates/export_includes
Export includes file: -- /root/worspace/aosip/out/target/product/lettuce/obj/STATIC_LIBRARIES/libc_syscalls_intermediates/export_includes
[  1% 469/46492] build /root/worspace/aosip/out/target/product/lettuce/obj/STATIC_LIBRARIES/libc_tzcode_intermediates/export_includes
Export includes file: -- /root/worspace/aosip/out/target/product/lettuce/obj/STATIC_LIBRARIES/libc_tzcode_intermediates/export_includes
[  1% 470/46492] build /root/worspace/aosip/out/host/linux-x86/obj/SHARED_LIBRARIES/libcrypto-host_intermediates/linux-x86_64/crypto/aes/aes-x86_64.o
host asm: libcrypto-host <= external/boringssl/linux-x86_64/crypto/aes/aes-x86_64.S
[  1% 471/46492] build /root/worspace/aosip/out/host/linux-x86/obj/SHARED_LIBRARIES/libcrypto-host_intermediates/src/crypto/ecdsa/ecdsa_asn1.o
host C: libcrypto-host <= external/boringssl/src/crypto/ecdsa/ecdsa_asn1.c
[  1% 472/46492] build /root/worspace/aosip/out/host/linux-x86/obj/SHARED_LIBRARIES/libcrypto-host_intermediates/src/crypto/engine/engine.o
host C: libcrypto-host <= external/boringssl/src/crypto/engine/engine.c
[  1% 473/46492] build /root/worspace/aosip/out/host/linux-x86/obj/SHARED_LIBRARIES/libcrypto-host_intermediates/src/crypto/err/err.o
host C: libcrypto-host <= external/boringssl/src/crypto/err/err.c
[  1% 474/46492] build /root/worspace/aosip/out/host/linux-x86/obj/SHARED_LIBRARIES/libcrypto-host_intermediates/src/crypto/evp/algorithm.o
host C: libcrypto-host <= external/boringssl/src/crypto/evp/algorithm.c
[  1% 475/46492] build /root/worspace/aosip/out/host/linux-x86/obj/SHARED_LIBRARIES/libcrypto-host_intermediates/src/crypto/evp/digestsign.o
host C: libcrypto-host <= external/boringssl/src/crypto/evp/digestsign.c
[  1% 476/46492] build /root/worspace/aosip/out/host/linux-x86/obj/SHARED_LIBRARIES/libcrypto-host_intermediates/src/crypto/evp/evp.o
host C: libcrypto-host <= external/boringssl/src/crypto/evp/evp.c
[  1% 477/46492] build /root/worspace/aosip/out/host/linux-x86/obj/SHARED_LIBRARIES/libcrypto-host_intermediates/src/crypto/evp/evp_ctx.o
host C: libcrypto-host <= external/boringssl/src/crypto/evp/evp_ctx.c
[  1% 478/46492] build /root/worspace/aosip/out/host/linux-x86/obj/SHARED_LIBRARIES/libcrypto-host_intermediates/src/crypto/evp/p_dsa_asn1.o
host C: libcrypto-host <= external/boringssl/src/crypto/evp/p_dsa_asn1.c
[  1% 479/46492] build /root/worspace/aosip/out/host/linux-x86/obj/SHARED_LIBRARIES/libcrypto-host_intermediates/src/crypto/evp/p_ec.o
host C: libcrypto-host <= external/boringssl/src/crypto/evp/p_ec.c
[  1% 480/46492] build /root/worspace/aosip/out/host/linux-x86/obj/SHARED_LIBRARIES/libcrypto-host_intermediates/src/crypto/evp/p_ec_asn1.o
host C: libcrypto-host <= external/boringssl/src/crypto/evp/p_ec_asn1.c
[  1% 481/46492] build /root/worspace/aosip/out/host/linux-x86/obj/SHARED_LIBRARIES/libcrypto-host_intermediates/src/crypto/evp/p_rsa.o
host C: libcrypto-host <= external/boringssl/src/crypto/evp/p_rsa.c
[  1% 482/46492] build /root/worspace/aosip/out/host/linux-x86/obj/SHARED_LIBRARIES/libcrypto-host_intermediates/src/crypto/evp/p_rsa_asn1.o
host C: libcrypto-host <= external/boringssl/src/crypto/evp/p_rsa_asn1.c
[  1% 483/46492] build /root/worspace/aosip/out/host/linux-x86/obj/SHARED_LIBRARIES/libcrypto-host_intermediates/src/crypto/evp/pbkdf.o
host C: libcrypto-host <= external/boringssl/src/crypto/evp/pbkdf.c
[  1% 484/46492] build /root/worspace/aosip/out/host/linux-x86/obj/SHARED_LIBRARIES/libcrypto-host_intermediates/src/crypto/evp/sign.o
host C: libcrypto-host <= external/boringssl/src/crypto/evp/sign.c
[  1% 485/46492] build /root/worspace/aosip/out/host/linux-x86/obj/SHARED_LIBRARIES/libcrypto-host_intermediates/src/crypto/ex_data.o
host C: libcrypto-host <= external/boringssl/src/crypto/ex_data.c
[  1% 486/46492] build /root/worspace/aosip/out/host/linux-x86/obj/SHARED_LIBRARIES/libcrypto-host_intermediates/src/crypto/hkdf/hkdf.o
host C: libcrypto-host <= external/boringssl/src/crypto/hkdf/hkdf.c
[  1% 487/46492] build /root/worspace/aosip/out/host/linux-x86/obj/SHARED_LIBRARIES/libcrypto-host_intermediates/src/crypto/hmac/hmac.o
host C: libcrypto-host <= external/boringssl/src/crypto/hmac/hmac.c
[  1% 488/46492] build /root/worspace/aosip/out/host/linux-x86/obj/SHARED_LIBRARIES/libcrypto-host_intermediates/src/crypto/lhash/lhash.o
host C: libcrypto-host <= external/boringssl/src/crypto/lhash/lhash.c
[  1% 489/46492] build /root/worspace/aosip/out/host/linux-x86/obj/SHARED_LIBRARIES/libcrypto-host_intermediates/src/crypto/md4/md4.o
host C: libcrypto-host <= external/boringssl/src/crypto/md4/md4.c
[  1% 490/46492] build /root/worspace/aosip/out/host/linux-x86/obj/SHARED_LIBRARIES/libcrypto-host_intermediates/src/crypto/md5/md5.o
host C: libcrypto-host <= external/boringssl/src/crypto/md5/md5.c
[  1% 491/46492] build /root/worspace/aosip/out/host/linux-x86/obj/SHARED_LIBRARIES/libcrypto-host_intermediates/src/crypto/mem.o
host C: libcrypto-host <= external/boringssl/src/crypto/mem.c
[  1% 492/46492] build /root/worspace/aosip/out/host/linux-x86/obj/SHARED_LIBRARIES/libcrypto-host_intermediates/src/crypto/modes/cbc.o
host C: libcrypto-host <= external/boringssl/src/crypto/modes/cbc.c
[  1% 493/46492] build /root/worspace/aosip/out/host/linux-x86/obj/SHARED_LIBRARIES/libcrypto-host_intermediates/src/crypto/modes/cfb.o
host C: libcrypto-host <= external/boringssl/src/crypto/modes/cfb.c
[  1% 494/46492] build /root/worspace/aosip/out/host/linux-x86/obj/SHARED_LIBRARIES/libcrypto-host_intermediates/src/crypto/modes/ctr.o
host C: libcrypto-host <= external/boringssl/src/crypto/modes/ctr.c
[  1% 495/46492] build /root/worspace/aosip/out/host/linux-x86/obj/SHARED_LIBRARIES/libcrypto-host_intermediates/src/crypto/modes/gcm.o
host C: libcrypto-host <= external/boringssl/src/crypto/modes/gcm.c
[  1% 496/46492] build /root/worspace/aosip/out/host/linux-x86/obj/SHARED_LIBRARIES/libcrypto-host_intermediates/src/crypto/modes/ofb.o
host C: libcrypto-host <= external/boringssl/src/crypto/modes/ofb.c
[  1% 497/46492] build /root/worspace/aosip/out/host/linux-x86/obj/SHARED_LIBRARIES/libcrypto-host_intermediates/src/crypto/obj/obj.o
host C: libcrypto-host <= external/boringssl/src/crypto/obj/obj.c
[  1% 498/46492] build /root/worspace/aosip/out/host/linux-x86/obj/SHARED_LIBRARIES/libcrypto-host_intermediates/src/crypto/obj/obj_xref.o
host C: libcrypto-host <= external/boringssl/src/crypto/obj/obj_xref.c
[  1% 499/46492] build /root/worspace/aosip/out/host/linux-x86/obj/SHARED_LIBRARIES/libcrypto-host_intermediates/src/crypto/pem/pem_all.o
host C: libcrypto-host <= external/boringssl/src/crypto/pem/pem_all.c
[  1% 500/46492] build /root/worspace/aosip/out/host/linux-x86/obj/SHARED_LIBRARIES/libcrypto-host_intermediates/src/crypto/pem/pem_info.o
host C: libcrypto-host <= external/boringssl/src/crypto/pem/pem_info.c
[  1% 501/46492] build /root/worspace/aosip/out/host/linux-x86/obj/SHARED_LIBRARIES/libcrypto-host_intermediates/src/crypto/pem/pem_lib.o
host C: libcrypto-host <= external/boringssl/src/crypto/pem/pem_lib.c
[  1% 502/46492] build /root/worspace/aosip/out/host/linux-x86/obj/SHARED_LIBRARIES/libcrypto-host_intermediates/src/crypto/pem/pem_oth.o
host C: libcrypto-host <= external/boringssl/src/crypto/pem/pem_oth.c
[  1% 503/46492] build /root/worspace/aosip/out/host/linux-x86/obj/SHARED_LIBRARIES/libcrypto-host_intermediates/src/crypto/pem/pem_pk8.o
host C: libcrypto-host <= external/boringssl/src/crypto/pem/pem_pk8.c
[  1% 504/46492] build /root/worspace/aosip/out/host/linux-x86/obj/SHARED_LIBRARIES/libcrypto-host_intermediates/src/crypto/pem/pem_pkey.o
host C: libcrypto-host <= external/boringssl/src/crypto/pem/pem_pkey.c
[  1% 505/46492] build /root/worspace/aosip/out/host/linux-x86/obj/SHARED_LIBRARIES/libcrypto-host_intermediates/src/crypto/pem/pem_x509.o
host C: libcrypto-host <= external/boringssl/src/crypto/pem/pem_x509.c
[  1% 506/46492] build /root/worspace/aosip/out/host/linux-x86/obj/SHARED_LIBRARIES/libcrypto-host_intermediates/src/crypto/pem/pem_xaux.o
host C: libcrypto-host <= external/boringssl/src/crypto/pem/pem_xaux.c
[  1% 507/46492] build /root/worspace/aosip/out/host/linux-x86/obj/SHARED_LIBRARIES/libcrypto-host_intermediates/src/crypto/pkcs8/p5_pbe.o
host C: libcrypto-host <= external/boringssl/src/crypto/pkcs8/p5_pbe.c
[  1% 508/46492] build /root/worspace/aosip/out/host/linux-x86/obj/SHARED_LIBRARIES/libcrypto-host_intermediates/src/crypto/pkcs8/p5_pbev2.o
host C: libcrypto-host <= external/boringssl/src/crypto/pkcs8/p5_pbev2.c
[  1% 509/46492] build /root/worspace/aosip/out/host/linux-x86/obj/SHARED_LIBRARIES/libcrypto-host_intermediates/src/crypto/pkcs8/p8_pkey.o
host C: libcrypto-host <= external/boringssl/src/crypto/pkcs8/p8_pkey.c
[  1% 510/46492] build /root/worspace/aosip/out/host/linux-x86/obj/SHARED_LIBRARIES/libcrypto-host_intermediates/src/crypto/pkcs8/pkcs8.o
host C: libcrypto-host <= external/boringssl/src/crypto/pkcs8/pkcs8.c
[  1% 511/46492] build /root/worspace/aosip/out/host/linux-x86/obj/SHARED_LIBRARIES/libcrypto-host_intermediates/src/crypto/poly1305/poly1305.o
host C: libcrypto-host <= external/boringssl/src/crypto/poly1305/poly1305.c
[  1% 512/46492] build /root/worspace/aosip/out/host/linux-x86/obj/SHARED_LIBRARIES/libcrypto-host_intermediates/src/crypto/poly1305/poly1305_arm.o
host C: libcrypto-host <= external/boringssl/src/crypto/poly1305/poly1305_arm.c
[  1% 513/46492] build /root/worspace/aosip/out/host/linux-x86/obj/SHARED_LIBRARIES/libcrypto-host_intermediates/src/crypto/poly1305/poly1305_vec.o
host C: libcrypto-host <= external/boringssl/src/crypto/poly1305/poly1305_vec.c
[  1% 514/46492] build /root/worspace/aosip/out/host/linux-x86/obj/SHARED_LIBRARIES/libcrypto-host_intermediates/src/crypto/rand/rand.o
host C: libcrypto-host <= external/boringssl/src/crypto/rand/rand.c
[  1% 515/46492] build /root/worspace/aosip/out/host/linux-x86/obj/SHARED_LIBRARIES/libcrypto-host_intermediates/src/crypto/rand/urandom.o
host C: libcrypto-host <= external/boringssl/src/crypto/rand/urandom.c
[  1% 516/46492] build /root/worspace/aosip/out/host/linux-x86/obj/SHARED_LIBRARIES/libcrypto-host_intermediates/src/crypto/rand/windows.o
host C: libcrypto-host <= external/boringssl/src/crypto/rand/windows.c
[  1% 517/46492] build /root/worspace/aosip/out/host/linux-x86/obj/SHARED_LIBRARIES/libcrypto-host_intermediates/src/crypto/rc4/rc4.o
host C: libcrypto-host <= external/boringssl/src/crypto/rc4/rc4.c
[  1% 518/46492] build /root/worspace/aosip/out/host/linux-x86/obj/SHARED_LIBRARIES/libcrypto-host_intermediates/src/crypto/refcount_c11.o
host C: libcrypto-host <= external/boringssl/src/crypto/refcount_c11.c
[  1% 519/46492] build /root/worspace/aosip/out/host/linux-x86/obj/SHARED_LIBRARIES/libcrypto-host_intermediates/src/crypto/refcount_lock.o
host C: libcrypto-host <= external/boringssl/src/crypto/refcount_lock.c
[  1% 520/46492] build /root/worspace/aosip/out/host/linux-x86/obj/SHARED_LIBRARIES/libcrypto-host_intermediates/src/crypto/rsa/blinding.o
host C: libcrypto-host <= external/boringssl/src/crypto/rsa/blinding.c
[  1% 521/46492] build /root/worspace/aosip/out/host/linux-x86/obj/SHARED_LIBRARIES/libcrypto-host_intermediates/src/crypto/rsa/padding.o
host C: libcrypto-host <= external/boringssl/src/crypto/rsa/padding.c
[  1% 522/46492] build /root/worspace/aosip/out/host/linux-x86/obj/SHARED_LIBRARIES/libcrypto-host_intermediates/src/crypto/rsa/rsa.o
host C: libcrypto-host <= external/boringssl/src/crypto/rsa/rsa.c
[  1% 523/46492] build /root/worspace/aosip/out/host/linux-x86/obj/SHARED_LIBRARIES/libcrypto-host_intermediates/src/crypto/rsa/rsa_asn1.o
host C: libcrypto-host <= external/boringssl/src/crypto/rsa/rsa_asn1.c
[  1% 524/46492] build /root/worspace/aosip/out/host/linux-x86/obj/SHARED_LIBRARIES/libcrypto-host_intermediates/src/crypto/rsa/rsa_impl.o
host C: libcrypto-host <= external/boringssl/src/crypto/rsa/rsa_impl.c
[  1% 525/46492] build /root/worspace/aosip/out/host/linux-x86/obj/SHARED_LIBRARIES/libcrypto-host_intermediates/src/crypto/sha/sha1.o
host C: libcrypto-host <= external/boringssl/src/crypto/sha/sha1.c
[  1% 526/46492] build /root/worspace/aosip/out/host/linux-x86/obj/SHARED_LIBRARIES/libcrypto-host_intermediates/src/crypto/sha/sha256.o
host C: libcrypto-host <= external/boringssl/src/crypto/sha/sha256.c
[  1% 527/46492] build /root/worspace/aosip/out/host/linux-x86/obj/SHARED_LIBRARIES/libcrypto-host_intermediates/src/crypto/sha/sha512.o
host C: libcrypto-host <= external/boringssl/src/crypto/sha/sha512.c
[  1% 528/46492] build /root/worspace/aosip/out/host/linux-x86/obj/SHARED_LIBRARIES/libcrypto-host_intermediates/src/crypto/stack/stack.o
host C: libcrypto-host <= external/boringssl/src/crypto/stack/stack.c
[  1% 529/46492] build /root/worspace/aosip/out/host/linux-x86/obj/SHARED_LIBRARIES/libcrypto-host_intermediates/src/crypto/thread.o
host C: libcrypto-host <= external/boringssl/src/crypto/thread.c
[  1% 530/46492] build /root/worspace/aosip/out/host/linux-x86/obj/SHARED_LIBRARIES/libcrypto-host_intermediates/src/crypto/thread_none.o
host C: libcrypto-host <= external/boringssl/src/crypto/thread_none.c
[  1% 531/46492] build /root/worspace/aosip/out/host/linux-x86/obj/SHARED_LIBRARIES/libcrypto-host_intermediates/src/crypto/thread_pthread.o
host C: libcrypto-host <= external/boringssl/src/crypto/thread_pthread.c
[  1% 532/46492] build /root/worspace/aosip/out/host/linux-x86/obj/SHARED_LIBRARIES/libcrypto-host_intermediates/src/crypto/thread_win.o
host C: libcrypto-host <= external/boringssl/src/crypto/thread_win.c
[  1% 533/46492] build /root/worspace/aosip/out/host/linux-x86/obj/SHARED_LIBRARIES/libcrypto-host_intermediates/src/crypto/time_support.o
host C: libcrypto-host <= external/boringssl/src/crypto/time_support.c
[  1% 534/46492] build /root/worspace/aosip/out/host/linux-x86/obj/SHARED_LIBRARIES/libcrypto-host_intermediates/src/crypto/x509/a_digest.o
host C: libcrypto-host <= external/boringssl/src/crypto/x509/a_digest.c
[  1% 535/46492] build /root/worspace/aosip/out/host/linux-x86/obj/SHARED_LIBRARIES/libcrypto-host_intermediates/src/crypto/x509/a_sign.o
host C: libcrypto-host <= external/boringssl/src/crypto/x509/a_sign.c
[  1% 536/46492] build /root/worspace/aosip/out/host/linux-x86/obj/SHARED_LIBRARIES/libcrypto-host_intermediates/src/crypto/x509/a_strex.o
host C: libcrypto-host <= external/boringssl/src/crypto/x509/a_strex.c
[  1% 537/46492] build /root/worspace/aosip/out/host/linux-x86/obj/SHARED_LIBRARIES/libcrypto-host_intermediates/src/crypto/x509/a_verify.o
host C: libcrypto-host <= external/boringssl/src/crypto/x509/a_verify.c
[  1% 538/46492] build /root/worspace/aosip/out/host/linux-x86/obj/SHARED_LIBRARIES/libcrypto-host_intermediates/src/crypto/x509/asn1_gen.o
host C: libcrypto-host <= external/boringssl/src/crypto/x509/asn1_gen.c
[  1% 539/46492] build /root/worspace/aosip/out/host/linux-x86/obj/SHARED_LIBRARIES/libcrypto-host_intermediates/src/crypto/x509/by_dir.o
host C: libcrypto-host <= external/boringssl/src/crypto/x509/by_dir.c
[  1% 540/46492] build /root/worspace/aosip/out/host/linux-x86/obj/SHARED_LIBRARIES/libcrypto-host_intermediates/src/crypto/x509/by_file.o
host C: libcrypto-host <= external/boringssl/src/crypto/x509/by_file.c
[  1% 541/46492] build /root/worspace/aosip/out/host/linux-x86/obj/SHARED_LIBRARIES/libcrypto-host_intermediates/src/crypto/x509/i2d_pr.o
host C: libcrypto-host <= external/boringssl/src/crypto/x509/i2d_pr.c
[  1% 542/46492] build /root/worspace/aosip/out/host/linux-x86/obj/SHARED_LIBRARIES/libcrypto-host_intermediates/src/crypto/x509/pkcs7.o
host C: libcrypto-host <= external/boringssl/src/crypto/x509/pkcs7.c
[  1% 543/46492] build /root/worspace/aosip/out/host/linux-x86/obj/SHARED_LIBRARIES/libcrypto-host_intermediates/src/crypto/x509/t_crl.o
host C: libcrypto-host <= external/boringssl/src/crypto/x509/t_crl.c
[  1% 544/46492] build /root/worspace/aosip/out/host/linux-x86/obj/SHARED_LIBRARIES/libcrypto-host_intermediates/src/crypto/x509/t_req.o
host C: libcrypto-host <= external/boringssl/src/crypto/x509/t_req.c
[  1% 545/46492] build /root/worspace/aosip/out/host/linux-x86/obj/SHARED_LIBRARIES/libcrypto-host_intermediates/src/crypto/x509/t_x509.o
host C: libcrypto-host <= external/boringssl/src/crypto/x509/t_x509.c
[  1% 546/46492] build /root/worspace/aosip/out/host/linux-x86/obj/SHARED_LIBRARIES/libcrypto-host_intermediates/src/crypto/x509/t_x509a.o
host C: libcrypto-host <= external/boringssl/src/crypto/x509/t_x509a.c
[  1% 547/46492] build /root/worspace/aosip/out/host/linux-x86/obj/SHARED_LIBRARIES/libcrypto-host_intermediates/src/crypto/x509/x509.o
host C: libcrypto-host <= external/boringssl/src/crypto/x509/x509.c
[  1% 548/46492] build /root/worspace/aosip/out/host/linux-x86/obj/SHARED_LIBRARIES/libcrypto-host_intermediates/src/crypto/x509/x509_att.o
host C: libcrypto-host <= external/boringssl/src/crypto/x509/x509_att.c
[  1% 549/46492] build /root/worspace/aosip/out/host/linux-x86/obj/SHARED_LIBRARIES/libcrypto-host_intermediates/src/crypto/x509/x509_cmp.o
host C: libcrypto-host <= external/boringssl/src/crypto/x509/x509_cmp.c
[  1% 550/46492] build /root/worspace/aosip/out/host/linux-x86/obj/SHARED_LIBRARIES/libcrypto-host_intermediates/src/crypto/x509/x509_d2.o
host C: libcrypto-host <= external/boringssl/src/crypto/x509/x509_d2.c
[  1% 551/46492] build /root/worspace/aosip/out/host/linux-x86/obj/SHARED_LIBRARIES/libcrypto-host_intermediates/src/crypto/x509/x509_def.o
host C: libcrypto-host <= external/boringssl/src/crypto/x509/x509_def.c
[  1% 552/46492] build /root/worspace/aosip/out/host/linux-x86/obj/SHARED_LIBRARIES/libcrypto-host_intermediates/src/crypto/x509/x509_ext.o
host C: libcrypto-host <= external/boringssl/src/crypto/x509/x509_ext.c
[  1% 553/46492] build /root/worspace/aosip/out/host/linux-x86/obj/SHARED_LIBRARIES/libcrypto-host_intermediates/src/crypto/x509/x509_lu.o
host C: libcrypto-host <= external/boringssl/src/crypto/x509/x509_lu.c
[  1% 554/46492] build /root/worspace/aosip/out/host/linux-x86/obj/SHARED_LIBRARIES/libcrypto-host_intermediates/src/crypto/x509/x509_obj.o
host C: libcrypto-host <= external/boringssl/src/crypto/x509/x509_obj.c
[  1% 555/46492] build /root/worspace/aosip/out/host/linux-x86/obj/SHARED_LIBRARIES/libcrypto-host_intermediates/src/crypto/x509/x509_r2x.o
host C: libcrypto-host <= external/boringssl/src/crypto/x509/x509_r2x.c
[  1% 556/46492] build /root/worspace/aosip/out/host/linux-x86/obj/SHARED_LIBRARIES/libcrypto-host_intermediates/src/crypto/x509/x509_req.o
host C: libcrypto-host <= external/boringssl/src/crypto/x509/x509_req.c
[  1% 557/46492] build /root/worspace/aosip/out/host/linux-x86/obj/SHARED_LIBRARIES/libcrypto-host_intermediates/src/crypto/x509/x509_set.o
host C: libcrypto-host <= external/boringssl/src/crypto/x509/x509_set.c
[  1% 558/46492] build /root/worspace/aosip/out/host/linux-x86/obj/SHARED_LIBRARIES/libcrypto-host_intermediates/src/crypto/x509/x509_trs.o
host C: libcrypto-host <= external/boringssl/src/crypto/x509/x509_trs.c
[  1% 559/46492] build /root/worspace/aosip/out/host/linux-x86/obj/SHARED_LIBRARIES/libcrypto-host_intermediates/src/crypto/x509/x509_txt.o
host C: libcrypto-host <= external/boringssl/src/crypto/x509/x509_txt.c
[  1% 560/46492] build /root/worspace/aosip/out/host/linux-x86/obj/SHARED_LIBRARIES/libcrypto-host_intermediates/src/crypto/x509/x509_v3.o
host C: libcrypto-host <= external/boringssl/src/crypto/x509/x509_v3.c
[  1% 561/46492] build /root/worspace/aosip/out/host/linux-x86/obj/SHARED_LIBRARIES/libcrypto-host_intermediates/src/crypto/x509/x509_vfy.o
host C: libcrypto-host <= external/boringssl/src/crypto/x509/x509_vfy.c
[  1% 562/46492] build /root/worspace/aosip/out/host/linux-x86/obj/SHARED_LIBRARIES/libcrypto-host_intermediates/src/crypto/x509/x509_vpm.o
host C: libcrypto-host <= external/boringssl/src/crypto/x509/x509_vpm.c
[  1% 563/46492] build /root/worspace/aosip/out/host/linux-x86/obj/SHARED_LIBRARIES/libcrypto-host_intermediates/src/crypto/x509/x509cset.o
host C: libcrypto-host <= external/boringssl/src/crypto/x509/x509cset.c
[  1% 564/46492] build /root/worspace/aosip/out/host/linux-x86/obj/SHARED_LIBRARIES/libcrypto-host_intermediates/src/crypto/x509/x509name.o
host C: libcrypto-host <= external/boringssl/src/crypto/x509/x509name.c
[  1% 565/46492] build /root/worspace/aosip/out/host/linux-x86/obj/SHARED_LIBRARIES/libcrypto-host_intermediates/src/crypto/x509/x509rset.o
host C: libcrypto-host <= external/boringssl/src/crypto/x509/x509rset.c
[  1% 566/46492] build /root/worspace/aosip/out/host/linux-x86/obj/SHARED_LIBRARIES/libcrypto-host_intermediates/src/crypto/x509/x509spki.o
host C: libcrypto-host <= external/boringssl/src/crypto/x509/x509spki.c
[  1% 567/46492] build /root/worspace/aosip/out/host/linux-x86/obj/SHARED_LIBRARIES/libcrypto-host_intermediates/src/crypto/x509/x509type.o
host C: libcrypto-host <= external/boringssl/src/crypto/x509/x509type.c
[  1% 568/46492] build /root/worspace/aosip/out/host/linux-x86/obj/SHARED_LIBRARIES/libcrypto-host_intermediates/src/crypto/x509/x_algor.o
host C: libcrypto-host <= external/boringssl/src/crypto/x509/x_algor.c
[  1% 569/46492] build /root/worspace/aosip/out/host/linux-x86/obj/SHARED_LIBRARIES/libcrypto-host_intermediates/src/crypto/x509/x_all.o
host C: libcrypto-host <= external/boringssl/src/crypto/x509/x_all.c
[  1% 570/46492] build /root/worspace/aosip/out/host/linux-x86/obj/SHARED_LIBRARIES/libcrypto-host_intermediates/src/crypto/x509/x_attrib.o
host C: libcrypto-host <= external/boringssl/src/crypto/x509/x_attrib.c
[  1% 571/46492] build /root/worspace/aosip/out/host/linux-x86/obj/SHARED_LIBRARIES/libcrypto-host_intermediates/src/crypto/x509/x_crl.o
host C: libcrypto-host <= external/boringssl/src/crypto/x509/x_crl.c
[  1% 572/46492] build /root/worspace/aosip/out/host/linux-x86/obj/SHARED_LIBRARIES/libcrypto-host_intermediates/src/crypto/x509/x_exten.o
host C: libcrypto-host <= external/boringssl/src/crypto/x509/x_exten.c
[  1% 573/46492] build /root/worspace/aosip/out/host/linux-x86/obj/SHARED_LIBRARIES/libcrypto-host_intermediates/src/crypto/x509/x_info.o
host C: libcrypto-host <= external/boringssl/src/crypto/x509/x_info.c
[  1% 574/46492] build /root/worspace/aosip/out/host/linux-x86/obj/SHARED_LIBRARIES/libcrypto-host_intermediates/src/crypto/x509/x_name.o
host C: libcrypto-host <= external/boringssl/src/crypto/x509/x_name.c
[  1% 575/46492] build /root/worspace/aosip/out/host/linux-x86/obj/SHARED_LIBRARIES/libcrypto-host_intermediates/src/crypto/x509/x_pkey.o
host C: libcrypto-host <= external/boringssl/src/crypto/x509/x_pkey.c
[  1% 576/46492] build /root/worspace/aosip/out/host/linux-x86/obj/SHARED_LIBRARIES/libcrypto-host_intermediates/src/crypto/x509/x_pubkey.o
host C: libcrypto-host <= external/boringssl/src/crypto/x509/x_pubkey.c
[  1% 577/46492] build /root/worspace/aosip/out/host/linux-x86/obj/SHARED_LIBRARIES/libcrypto-host_intermediates/src/crypto/x509/x_req.o
host C: libcrypto-host <= external/boringssl/src/crypto/x509/x_req.c
[  1% 578/46492] build /root/worspace/aosip/out/host/linux-x86/obj/SHARED_LIBRARIES/libcrypto-host_intermediates/src/crypto/x509/x_sig.o
host C: libcrypto-host <= external/boringssl/src/crypto/x509/x_sig.c
[  1% 579/46492] build /root/worspace/aosip/out/host/linux-x86/obj/SHARED_LIBRARIES/libcrypto-host_intermediates/src/crypto/x509/x_spki.o
host C: libcrypto-host <= external/boringssl/src/crypto/x509/x_spki.c
[  1% 580/46492] build /root/worspace/aosip/out/host/linux-x86/obj/SHARED_LIBRARIES/libcrypto-host_intermediates/src/crypto/x509/x_val.o
host C: libcrypto-host <= external/boringssl/src/crypto/x509/x_val.c
[  1% 581/46492] build /root/worspace/aosip/out/host/linux-x86/obj/SHARED_LIBRARIES/libcrypto-host_intermediates/src/crypto/x509/x_x509.o
host C: libcrypto-host <= external/boringssl/src/crypto/x509/x_x509.c
[  1% 582/46492] build /root/worspace/aosip/out/host/linux-x86/obj/SHARED_LIBRARIES/libcrypto-host_intermediates/src/crypto/x509/x_x509a.o
host C: libcrypto-host <= external/boringssl/src/crypto/x509/x_x509a.c
[  1% 583/46492] build /root/worspace/aosip/out/host/linux-x86/obj/SHARED_LIBRARIES/libcrypto-host_intermediates/src/crypto/x509v3/pcy_cache.o
host C: libcrypto-host <= external/boringssl/src/crypto/x509v3/pcy_cache.c
[  1% 584/46492] build /root/worspace/aosip/out/host/linux-x86/obj/SHARED_LIBRARIES/libcrypto-host_intermediates/src/crypto/x509v3/pcy_data.o
host C: libcrypto-host <= external/boringssl/src/crypto/x509v3/pcy_data.c
[  1% 585/46492] build /root/worspace/aosip/out/host/linux-x86/obj/SHARED_LIBRARIES/libcrypto-host_intermediates/src/crypto/x509v3/pcy_lib.o
host C: libcrypto-host <= external/boringssl/src/crypto/x509v3/pcy_lib.c
[  1% 586/46492] build /root/worspace/aosip/out/host/linux-x86/obj/SHARED_LIBRARIES/libcrypto-host_intermediates/src/crypto/x509v3/pcy_node.o
host C: libcrypto-host <= external/boringssl/src/crypto/x509v3/pcy_node.c
[  1% 587/46492] build /root/worspace/aosip/out/host/linux-x86/obj/SHARED_LIBRARIES/libcrypto-host_intermediates/src/crypto/x509v3/pcy_tree.o
host C: libcrypto-host <= external/boringssl/src/crypto/x509v3/pcy_tree.c
[  1% 588/46492] build /root/worspace/aosip/out/host/linux-x86/obj/SHARED_LIBRARIES/libcrypto-host_intermediates/src/crypto/x509v3/v3_akey.o
host C: libcrypto-host <= external/boringssl/src/crypto/x509v3/v3_akey.c
[  1% 589/46492] build /root/worspace/aosip/out/host/linux-x86/obj/SHARED_LIBRARIES/libcrypto-host_intermediates/src/crypto/x509v3/v3_akeya.o
host C: libcrypto-host <= external/boringssl/src/crypto/x509v3/v3_akeya.c
[  1% 590/46492] build /root/worspace/aosip/out/host/linux-x86/obj/SHARED_LIBRARIES/libcrypto-host_intermediates/src/crypto/x509v3/v3_alt.o
host C: libcrypto-host <= external/boringssl/src/crypto/x509v3/v3_alt.c
[  1% 591/46492] build /root/worspace/aosip/out/host/linux-x86/obj/SHARED_LIBRARIES/libcrypto-host_intermediates/src/crypto/x509v3/v3_bcons.o
host C: libcrypto-host <= external/boringssl/src/crypto/x509v3/v3_bcons.c
[  1% 592/46492] build /root/worspace/aosip/out/host/linux-x86/obj/SHARED_LIBRARIES/libcrypto-host_intermediates/src/crypto/x509v3/v3_bitst.o
host C: libcrypto-host <= external/boringssl/src/crypto/x509v3/v3_bitst.c
[  1% 593/46492] build /root/worspace/aosip/out/host/linux-x86/obj/SHARED_LIBRARIES/libcrypto-host_intermediates/src/crypto/x509v3/v3_conf.o
host C: libcrypto-host <= external/boringssl/src/crypto/x509v3/v3_conf.c
[  1% 594/46492] build /root/worspace/aosip/out/host/linux-x86/obj/SHARED_LIBRARIES/libcrypto-host_intermediates/src/crypto/x509v3/v3_cpols.o
host C: libcrypto-host <= external/boringssl/src/crypto/x509v3/v3_cpols.c
[  1% 595/46492] build /root/worspace/aosip/out/host/linux-x86/obj/SHARED_LIBRARIES/libcrypto-host_intermediates/src/crypto/x509v3/v3_crld.o
host C: libcrypto-host <= external/boringssl/src/crypto/x509v3/v3_crld.c
[  1% 596/46492] build /root/worspace/aosip/out/host/linux-x86/obj/SHARED_LIBRARIES/libcrypto-host_intermediates/src/crypto/x509v3/v3_enum.o
host C: libcrypto-host <= external/boringssl/src/crypto/x509v3/v3_enum.c
[  1% 597/46492] build /root/worspace/aosip/out/host/linux-x86/obj/SHARED_LIBRARIES/libcrypto-host_intermediates/src/crypto/x509v3/v3_extku.o
host C: libcrypto-host <= external/boringssl/src/crypto/x509v3/v3_extku.c
[  1% 598/46492] build /root/worspace/aosip/out/host/linux-x86/obj/SHARED_LIBRARIES/libcrypto-host_intermediates/src/crypto/x509v3/v3_genn.o
host C: libcrypto-host <= external/boringssl/src/crypto/x509v3/v3_genn.c
[  1% 599/46492] build /root/worspace/aosip/out/host/linux-x86/obj/SHARED_LIBRARIES/libcrypto-host_intermediates/src/crypto/x509v3/v3_ia5.o
host C: libcrypto-host <= external/boringssl/src/crypto/x509v3/v3_ia5.c
[  1% 600/46492] build /root/worspace/aosip/out/host/linux-x86/obj/SHARED_LIBRARIES/libcrypto-host_intermediates/src/crypto/x509v3/v3_info.o
host C: libcrypto-host <= external/boringssl/src/crypto/x509v3/v3_info.c
[  1% 601/46492] build /root/worspace/aosip/out/host/linux-x86/obj/SHARED_LIBRARIES/libcrypto-host_intermediates/src/crypto/x509v3/v3_int.o
host C: libcrypto-host <= external/boringssl/src/crypto/x509v3/v3_int.c
[  1% 602/46492] build /root/worspace/aosip/out/host/linux-x86/obj/SHARED_LIBRARIES/libcrypto-host_intermediates/src/crypto/x509v3/v3_lib.o
host C: libcrypto-host <= external/boringssl/src/crypto/x509v3/v3_lib.c
[  1% 603/46492] build /root/worspace/aosip/out/host/linux-x86/obj/SHARED_LIBRARIES/libcrypto-host_intermediates/src/crypto/x509v3/v3_ncons.o
host C: libcrypto-host <= external/boringssl/src/crypto/x509v3/v3_ncons.c
[  1% 604/46492] build /root/worspace/aosip/out/host/linux-x86/obj/SHARED_LIBRARIES/libcrypto-host_intermediates/src/crypto/x509v3/v3_pci.o
host C: libcrypto-host <= external/boringssl/src/crypto/x509v3/v3_pci.c
[  1% 605/46492] build /root/worspace/aosip/out/host/linux-x86/obj/SHARED_LIBRARIES/libcrypto-host_intermediates/src/crypto/x509v3/v3_pcia.o
host C: libcrypto-host <= external/boringssl/src/crypto/x509v3/v3_pcia.c
[  1% 606/46492] build /root/worspace/aosip/out/host/linux-x86/obj/SHARED_LIBRARIES/libcrypto-host_intermediates/src/crypto/x509v3/v3_pcons.o
host C: libcrypto-host <= external/boringssl/src/crypto/x509v3/v3_pcons.c
[  1% 607/46492] build /root/worspace/aosip/out/host/linux-x86/obj/SHARED_LIBRARIES/libcrypto-host_intermediates/src/crypto/x509v3/v3_pku.o
host C: libcrypto-host <= external/boringssl/src/crypto/x509v3/v3_pku.c
[  1% 608/46492] build /root/worspace/aosip/out/host/linux-x86/obj/SHARED_LIBRARIES/libcrypto-host_intermediates/src/crypto/x509v3/v3_pmaps.o
host C: libcrypto-host <= external/boringssl/src/crypto/x509v3/v3_pmaps.c
[  1% 609/46492] build /root/worspace/aosip/out/host/linux-x86/obj/SHARED_LIBRARIES/libcrypto-host_intermediates/src/crypto/x509v3/v3_prn.o
host C: libcrypto-host <= external/boringssl/src/crypto/x509v3/v3_prn.c
[  1% 610/46492] build /root/worspace/aosip/out/host/linux-x86/obj/SHARED_LIBRARIES/libcrypto-host_intermediates/src/crypto/x509v3/v3_purp.o
host C: libcrypto-host <= external/boringssl/src/crypto/x509v3/v3_purp.c
[  1% 611/46492] build /root/worspace/aosip/out/host/linux-x86/obj/SHARED_LIBRARIES/libcrypto-host_intermediates/src/crypto/x509v3/v3_skey.o
host C: libcrypto-host <= external/boringssl/src/crypto/x509v3/v3_skey.c
[  1% 612/46492] build /root/worspace/aosip/out/host/linux-x86/obj/SHARED_LIBRARIES/libcrypto-host_intermediates/src/crypto/x509v3/v3_sxnet.o
host C: libcrypto-host <= external/boringssl/src/crypto/x509v3/v3_sxnet.c
[  1% 613/46492] build /root/worspace/aosip/out/host/linux-x86/obj/SHARED_LIBRARIES/libcrypto-host_intermediates/src/crypto/x509v3/v3_utl.o
host C: libcrypto-host <= external/boringssl/src/crypto/x509v3/v3_utl.c
[  1% 614/46492] build /root/worspace/aosip/out/host/linux-x86/obj/SHARED_LIBRARIES/libcrypto-host_intermediates/src/decrepit/bio/base64_bio.o
host C: libcrypto-host <= external/boringssl/src/decrepit/bio/base64_bio.c
[  1% 615/46492] build /root/worspace/aosip/out/host/linux-x86/obj/SHARED_LIBRARIES/libcrypto-host_intermediates/src/decrepit/blowfish/blowfish.o
host C: libcrypto-host <= external/boringssl/src/decrepit/blowfish/blowfish.c
[  1% 616/46492] build /root/worspace/aosip/out/host/linux-x86/obj/SHARED_LIBRARIES/libcrypto-host_intermediates/src/decrepit/cast/cast.o
host C: libcrypto-host <= external/boringssl/src/decrepit/cast/cast.c
[  1% 617/46492] build /root/worspace/aosip/out/host/linux-x86/obj/SHARED_LIBRARIES/libcrypto-host_intermediates/src/decrepit/cast/cast_tables.o
host C: libcrypto-host <= external/boringssl/src/decrepit/cast/cast_tables.c
[  1% 618/46492] build /root/worspace/aosip/out/host/linux-x86/obj/lib/libcrypto-host.so
host SharedLib: libcrypto-host (/root/worspace/aosip/out/host/linux-x86/obj/lib/libcrypto-host.so)
[  1% 619/46492] build /root/worspace/aosip/out/host/linux-x86/obj/NOTICE_FILES/src/bin/conscrypt_generate_constants.txt
Notice file: external/conscrypt/NOTICE -- /root/worspace/aosip/out/host/linux-x86/obj/NOTICE_FILES/src//bin/conscrypt_generate_constants.txt
[  1% 620/46492] build /root/worspace/aosip/out/host/linux-x86/obj/NOTICE_FILES/src/lib64/libcrypto-host.so.txt
Notice file: external/boringssl/NOTICE -- /root/worspace/aosip/out/host/linux-x86/obj/NOTICE_FILES/src//lib64/libcrypto-host.so.txt
[  1% 621/46492] build /root/worspace/aosip/out/host/linux-x86/lib64/libcrypto-host.so
Install: /root/worspace/aosip/out/host/linux-x86/lib64/libcrypto-host.so
[  1% 622/46492] build /root/worspace/aosip/out/host/linux-x86/obj/SHARED_LIBRARIES/libssl-host_intermediates/import_includes
Import includes file: /root/worspace/aosip/out/host/linux-x86/obj/SHARED_LIBRARIES/libssl-host_intermediates/import_includes
[  1% 623/46492] build /root/worspace/aosip/out/host/linux-x86/obj/SHARED_LIBRARIES/libssl-host_intermediates/src/ssl/d1_both.o
host C: libssl-host <= external/boringssl/src/ssl/d1_both.c
[  1% 624/46492] build /root/worspace/aosip/out/host/linux-x86/obj/SHARED_LIBRARIES/libssl-host_intermediates/src/ssl/custom_extensions.o
host C: libssl-host <= external/boringssl/src/ssl/custom_extensions.c
[  1% 625/46492] build /root/worspace/aosip/out/host/linux-x86/obj/SHARED_LIBRARIES/libssl-host_intermediates/src/ssl/d1_clnt.o
host C: libssl-host <= external/boringssl/src/ssl/d1_clnt.c
[  1% 626/46492] build /root/worspace/aosip/out/host/linux-x86/obj/SHARED_LIBRARIES/libssl-host_intermediates/src/ssl/d1_lib.o
host C: libssl-host <= external/boringssl/src/ssl/d1_lib.c
[  1% 627/46492] build /root/worspace/aosip/out/host/linux-x86/obj/SHARED_LIBRARIES/libssl-host_intermediates/src/ssl/d1_meth.o
host C: libssl-host <= external/boringssl/src/ssl/d1_meth.c
[  1% 628/46492] build /root/worspace/aosip/out/host/linux-x86/obj/SHARED_LIBRARIES/libssl-host_intermediates/src/ssl/d1_pkt.o
host C: libssl-host <= external/boringssl/src/ssl/d1_pkt.c
[  1% 629/46492] build /root/worspace/aosip/out/host/linux-x86/obj/SHARED_LIBRARIES/libssl-host_intermediates/src/ssl/d1_srtp.o
host C: libssl-host <= external/boringssl/src/ssl/d1_srtp.c
[  1% 630/46492] build /root/worspace/aosip/out/host/linux-x86/obj/SHARED_LIBRARIES/libssl-host_intermediates/src/ssl/d1_srvr.o
host C: libssl-host <= external/boringssl/src/ssl/d1_srvr.c
[  1% 631/46492] build /root/worspace/aosip/out/host/linux-x86/obj/SHARED_LIBRARIES/libssl-host_intermediates/src/ssl/dtls_record.o
host C: libssl-host <= external/boringssl/src/ssl/dtls_record.c
[  1% 632/46492] build /root/worspace/aosip/out/host/linux-x86/obj/SHARED_LIBRARIES/libssl-host_intermediates/src/ssl/pqueue/pqueue.o
host C: libssl-host <= external/boringssl/src/ssl/pqueue/pqueue.c
[  1% 633/46492] build /root/worspace/aosip/out/host/linux-x86/obj/SHARED_LIBRARIES/libssl-host_intermediates/src/ssl/s3_both.o
host C: libssl-host <= external/boringssl/src/ssl/s3_both.c
[  1% 634/46492] build /root/worspace/aosip/out/host/linux-x86/obj/SHARED_LIBRARIES/libssl-host_intermediates/src/ssl/s3_clnt.o
host C: libssl-host <= external/boringssl/src/ssl/s3_clnt.c
[  1% 635/46492] build /root/worspace/aosip/out/host/linux-x86/obj/SHARED_LIBRARIES/libssl-host_intermediates/src/ssl/s3_enc.o
host C: libssl-host <= external/boringssl/src/ssl/s3_enc.c
[  1% 636/46492] build /root/worspace/aosip/out/host/linux-x86/obj/SHARED_LIBRARIES/libssl-host_intermediates/src/ssl/s3_lib.o
host C: libssl-host <= external/boringssl/src/ssl/s3_lib.c
[  1% 637/46492] build /root/worspace/aosip/out/host/linux-x86/obj/SHARED_LIBRARIES/libssl-host_intermediates/src/ssl/s3_meth.o
host C: libssl-host <= external/boringssl/src/ssl/s3_meth.c
[  1% 638/46492] build /root/worspace/aosip/out/host/linux-x86/obj/SHARED_LIBRARIES/libssl-host_intermediates/src/ssl/s3_pkt.o
host C: libssl-host <= external/boringssl/src/ssl/s3_pkt.c
[  1% 639/46492] build /root/worspace/aosip/out/host/linux-x86/obj/SHARED_LIBRARIES/libssl-host_intermediates/src/ssl/s3_srvr.o
host C: libssl-host <= external/boringssl/src/ssl/s3_srvr.c
[  1% 640/46492] build /root/worspace/aosip/out/host/linux-x86/obj/SHARED_LIBRARIES/libssl-host_intermediates/src/ssl/ssl_aead_ctx.o
host C: libssl-host <= external/boringssl/src/ssl/ssl_aead_ctx.c
[  1% 641/46492] build /root/worspace/aosip/out/host/linux-x86/obj/SHARED_LIBRARIES/libssl-host_intermediates/src/ssl/ssl_asn1.o
host C: libssl-host <= external/boringssl/src/ssl/ssl_asn1.c
[  1% 642/46492] build /root/worspace/aosip/out/host/linux-x86/obj/SHARED_LIBRARIES/libssl-host_intermediates/src/ssl/ssl_buffer.o
host C: libssl-host <= external/boringssl/src/ssl/ssl_buffer.c
[  1% 643/46492] build /root/worspace/aosip/out/host/linux-x86/obj/SHARED_LIBRARIES/libssl-host_intermediates/src/ssl/ssl_cert.o
host C: libssl-host <= external/boringssl/src/ssl/ssl_cert.c
[  1% 644/46492] build /root/worspace/aosip/out/host/linux-x86/obj/SHARED_LIBRARIES/libssl-host_intermediates/src/ssl/ssl_cipher.o
host C: libssl-host <= external/boringssl/src/ssl/ssl_cipher.c
[  1% 645/46492] build /root/worspace/aosip/out/host/linux-x86/obj/SHARED_LIBRARIES/libssl-host_intermediates/src/ssl/ssl_ecdh.o
host C: libssl-host <= external/boringssl/src/ssl/ssl_ecdh.c
[  1% 646/46492] build /root/worspace/aosip/out/host/linux-x86/obj/SHARED_LIBRARIES/libssl-host_intermediates/src/ssl/ssl_file.o
host C: libssl-host <= external/boringssl/src/ssl/ssl_file.c
[  1% 647/46492] build /root/worspace/aosip/out/host/linux-x86/obj/SHARED_LIBRARIES/libssl-host_intermediates/src/ssl/ssl_lib.o
host C: libssl-host <= external/boringssl/src/ssl/ssl_lib.c
[  1% 648/46492] build /root/worspace/aosip/out/host/linux-x86/obj/SHARED_LIBRARIES/libssl-host_intermediates/src/ssl/ssl_rsa.o
host C: libssl-host <= external/boringssl/src/ssl/ssl_rsa.c
[  1% 649/46492] build /root/worspace/aosip/out/host/linux-x86/obj/SHARED_LIBRARIES/libssl-host_intermediates/src/ssl/ssl_session.o
host C: libssl-host <= external/boringssl/src/ssl/ssl_session.c
[  1% 650/46492] build /root/worspace/aosip/out/host/linux-x86/obj/SHARED_LIBRARIES/libssl-host_intermediates/src/ssl/ssl_stat.o
host C: libssl-host <= external/boringssl/src/ssl/ssl_stat.c
[  1% 651/46492] build /root/worspace/aosip/out/host/linux-x86/obj/SHARED_LIBRARIES/libssl-host_intermediates/src/ssl/t1_enc.o
host C: libssl-host <= external/boringssl/src/ssl/t1_enc.c
[  1% 652/46492] build /root/worspace/aosip/out/host/linux-x86/obj/SHARED_LIBRARIES/libssl-host_intermediates/src/ssl/t1_lib.o
host C: libssl-host <= external/boringssl/src/ssl/t1_lib.c
[  1% 653/46492] build /root/worspace/aosip/out/host/linux-x86/obj/SHARED_LIBRARIES/libssl-host_intermediates/src/ssl/tls_record.o
host C: libssl-host <= external/boringssl/src/ssl/tls_record.c
[  1% 654/46492] build /root/worspace/aosip/out/host/linux-x86/obj/lib/libssl-host.so
host SharedLib: libssl-host (/root/worspace/aosip/out/host/linux-x86/obj/lib/libssl-host.so)
[  1% 655/46492] build /root/worspace/aosip/out/host/linux-x86/obj/EXECUTABLES/conscrypt_generate_constants_intermediates/export_includes
Export includes file: -- /root/worspace/aosip/out/host/linux-x86/obj/EXECUTABLES/conscrypt_generate_constants_intermediates/export_includes
[  1% 656/46492] build /root/worspace/aosip/out/host/linux-x86/obj/EXECUTABLES/conscrypt_generate_constants_intermediates/conscrypt_generate_constants
host Executable: conscrypt_generate_constants (/root/worspace/aosip/out/host/linux-x86/obj/EXECUTABLES/conscrypt_generate_constants_intermediates/conscrypt_generate_constants)
[  1% 657/46492] build /root/worspace/aosip/out/host/linux-x86/obj/NOTICE_FILES/src/lib64/libssl-host.so.txt
Notice file: external/boringssl/NOTICE -- /root/worspace/aosip/out/host/linux-x86/obj/NOTICE_FILES/src//lib64/libssl-host.so.txt
[  1% 658/46492] build /root/worspace/aosip/out/host/linux-x86/lib64/libssl-host.so
Install: /root/worspace/aosip/out/host/linux-x86/lib64/libssl-host.so
[  1% 659/46492] build /root/worspace/aosip/out/host/linux-x86/bin/conscrypt_generate_constants
Install: /root/worspace/aosip/out/host/linux-x86/bin/conscrypt_generate_constants
[  1% 660/46492] build /root/worspace/aosip/out/target/common/gen/conscrypt/NativeConstants.java
[  1% 661/46492] build /root/worspace/aosip/out/host/linux-x86/obj/SHARED_LIBRARIES/libz-host_intermediates/import_includes
Import includes file: /root/worspace/aosip/out/host/linux-x86/obj/SHARED_LIBRARIES/libz-host_intermediates/import_includes
[  1% 662/46492] build /root/worspace/aosip/out/host/linux-x86/obj/SHARED_LIBRARIES/libz-host_intermediates/src/compress.o
host C: libz-host <= external/zlib/src/compress.c
[  1% 663/46492] build /root/worspace/aosip/out/host/linux-x86/obj/SHARED_LIBRARIES/libz-host_intermediates/src/crc32.o
host C: libz-host <= external/zlib/src/crc32.c
[  1% 664/46492] build /root/worspace/aosip/out/host/linux-x86/obj/SHARED_LIBRARIES/libz-host_intermediates/src/deflate.o
host C: libz-host <= external/zlib/src/deflate.c
[  1% 665/46492] build /root/worspace/aosip/out/host/linux-x86/obj/SHARED_LIBRARIES/libz-host_intermediates/src/gzclose.o
host C: libz-host <= external/zlib/src/gzclose.c
[  1% 666/46492] build /root/worspace/aosip/out/host/linux-x86/obj/SHARED_LIBRARIES/libz-host_intermediates/src/uncompr.o
host C: libz-host <= external/zlib/src/uncompr.c
[  1% 667/46492] build /root/worspace/aosip/out/host/linux-x86/obj/SHARED_LIBRARIES/libz-host_intermediates/src/zutil.o
host C: libz-host <= external/zlib/src/zutil.c
[  1% 668/46492] build /root/worspace/aosip/out/host/linux-x86/obj/SHARED_LIBRARIES/libz-host_intermediates/src/adler32.o
host C: libz-host <= external/zlib/src/adler32.c
[  1% 669/46492] build /root/worspace/aosip/out/host/linux-x86/obj/SHARED_LIBRARIES/libz-host_intermediates/src/gzlib.o
host C: libz-host <= external/zlib/src/gzlib.c
[  1% 670/46492] build /root/worspace/aosip/out/host/linux-x86/obj/SHARED_LIBRARIES/libz-host_intermediates/src/gzwrite.o
host C: libz-host <= external/zlib/src/gzwrite.c
[  1% 671/46492] build /root/worspace/aosip/out/host/linux-x86/obj/SHARED_LIBRARIES/libz-host_intermediates/src/infback.o
host C: libz-host <= external/zlib/src/infback.c
[  1% 672/46492] build /root/worspace/aosip/out/host/linux-x86/obj/SHARED_LIBRARIES/libz-host_intermediates/src/gzread.o
host C: libz-host <= external/zlib/src/gzread.c
[  1% 673/46492] build /root/worspace/aosip/out/host/linux-x86/obj/SHARED_LIBRARIES/libz-host_intermediates/export_includes
Export includes file: -- /root/worspace/aosip/out/host/linux-x86/obj/SHARED_LIBRARIES/libz-host_intermediates/export_includes
[  1% 674/46492] build /root/worspace/aosip/out/host/linux-x86/obj/EXECUTABLES/ijar_intermediates/import_includes
Import includes file: /root/worspace/aosip/out/host/linux-x86/obj/EXECUTABLES/ijar_intermediates/import_includes
[  1% 675/46492] build /root/worspace/aosip/out/host/linux-x86/obj/EXECUTABLES/ijar_intermediates/classfile.o
host C++: ijar <= build/tools/ijar/classfile.cc
[  1% 676/46492] build /root/worspace/aosip/out/host/linux-x86/obj/EXECUTABLES/ijar_intermediates/ijar.o
host C++: ijar <= build/tools/ijar/ijar.cc
[  1% 677/46492] build /root/worspace/aosip/out/host/linux-x86/obj/EXECUTABLES/ijar_intermediates/zip.o
host C++: ijar <= build/tools/ijar/zip.cc
[  1% 678/46492] build /root/worspace/aosip/out/host/linux-x86/obj/SHARED_LIBRARIES/libz-host_intermediates/src/inflate.o
host C: libz-host <= external/zlib/src/inflate.c
[  1% 679/46492] build /root/worspace/aosip/out/host/linux-x86/obj/SHARED_LIBRARIES/libz-host_intermediates/src/inftrees.o
host C: libz-host <= external/zlib/src/inftrees.c
[  1% 680/46492] build /root/worspace/aosip/out/host/linux-x86/obj/SHARED_LIBRARIES/libz-host_intermediates/src/inffast.o
host C: libz-host <= external/zlib/src/inffast.c
[  1% 681/46492] build /root/worspace/aosip/out/host/linux-x86/obj/SHARED_LIBRARIES/libz-host_intermediates/src/trees.o
host C: libz-host <= external/zlib/src/trees.c
[  1% 682/46492] build /root/worspace/aosip/out/host/linux-x86/obj/lib/libz-host.so
host SharedLib: libz-host (/root/worspace/aosip/out/host/linux-x86/obj/lib/libz-host.so)
[  1% 683/46492] build /root/worspace/aosip/out/host/linux-x86/obj/EXECUTABLES/ijar_intermediates/export_includes
Export includes file: -- /root/worspace/aosip/out/host/linux-x86/obj/EXECUTABLES/ijar_intermediates/export_includes
[  1% 684/46492] build /root/worspace/aosip/out/host/linux-x86/obj/EXECUTABLES/ijar_intermediates/ijar
host Executable: ijar (/root/worspace/aosip/out/host/linux-x86/obj/EXECUTABLES/ijar_intermediates/ijar)
[  1% 685/46492] build /root/worspace/aosip/out/host/linux-x86/obj/NOTICE_FILES/src/lib64/libz-host.so.txt
Notice file: external/zlib/NOTICE -- /root/worspace/aosip/out/host/linux-x86/obj/NOTICE_FILES/src//lib64/libz-host.so.txt
[  1% 686/46492] build /root/worspace/aosip/out/host/linux-x86/lib64/libz-host.so
Install: /root/worspace/aosip/out/host/linux-x86/lib64/libz-host.so
[  1% 687/46492] build /root/worspace/aosip/out/host/linux-x86/bin/ijar
Install: /root/worspace/aosip/out/host/linux-x86/bin/ijar
[  1% 688/46492] build /root/worspace/aosip/out/target/common/obj/JAVA_LIBRARIES/core-all_intermediates/classes-full-debug.jar
target Java: core-all (/root/worspace/aosip/out/target/common/obj/JAVA_LIBRARIES/core-all_intermediates/classes)
Note: Some input files use or override a deprecated API.
Note: Recompile with -Xlint:deprecation for details.
Note: Some input files use unchecked or unsafe operations.
Note: Recompile with -Xlint:unchecked for details.
[  1% 689/46492] build /root/worspace/aosip/out/target/common/obj/JAVA_LIBRARIES/core-all_intermediates/classes-jarjar.jar
Copying: /root/worspace/aosip/out/target/common/obj/JAVA_LIBRARIES/core-all_intermediates/classes-jarjar.jar
[  1% 690/46492] build /root/worspace/aosip/out/target/common/obj/JAVA_LIBRARIES/core-all_intermediates/classes.jar
Copying: /root/worspace/aosip/out/target/common/obj/JAVA_LIBRARIES/core-all_intermediates/classes.jar
[  1% 691/46492] build /root/worspace/aosip/out/target/common/obj/JAVA_LIBRARIES/core-all_intermediates/classes.jar.toc
Generating TOC: /root/worspace/aosip/out/target/common/obj/JAVA_LIBRARIES/core-all_intermediates/classes.jar.toc
[  1% 692/46492] build /root/worspace/aosip/out/target/common/obj/JAVA_LIBRARIES/core-libart_intermediates/classes-full-debug.jar
target Java: core-libart (/root/worspace/aosip/out/target/common/obj/JAVA_LIBRARIES/core-libart_intermediates/classes)
Note: Some input files use or override a deprecated API.
Note: Recompile with -Xlint:deprecation for details.
Note: Some input files use unchecked or unsafe operations.
Note: Recompile with -Xlint:unchecked for details.
[  1% 693/46492] build /root/worspace/aosip/out/target/common/obj/JAVA_LIBRARIES/core-libart_intermediates/classes-jarjar.jar
Copying: /root/worspace/aosip/out/target/common/obj/JAVA_LIBRARIES/core-libart_intermediates/classes-jarjar.jar
[  1% 694/46492] build /root/worspace/aosip/out/target/common/obj/JAVA_LIBRARIES/core-libart_intermediates/classes.jar
Copying: /root/worspace/aosip/out/target/common/obj/JAVA_LIBRARIES/core-libart_intermediates/classes.jar
[  1% 695/46492] build /root/worspace/aosip/out/target/common/obj/JAVA_LIBRARIES/core-libart_intermediates/classes.jar.toc
Generating TOC: /root/worspace/aosip/out/target/common/obj/JAVA_LIBRARIES/core-libart_intermediates/classes.jar.toc
[  1% 696/46492] build /root/worspace/aosip/out/host/common/obj/JAVA_LIBRARIES/asm-5.0_intermediates/javalib.jar
host Prebuilt: asm-5.0 (/root/worspace/aosip/out/host/common/obj/JAVA_LIBRARIES/asm-5.0_intermediates/javalib.jar)
[  1% 697/46492] build /root/worspace/aosip/out/host/linux-x86/obj/EXECUTABLES/aidl_intermediates/export_includes
Export includes file: -- /root/worspace/aosip/out/host/linux-x86/obj/EXECUTABLES/aidl_intermediates/export_includes
[  1% 698/46492] build /root/worspace/aosip/out/host/linux-x86/obj/NOTICE_FILES/src/bin/aidl.txt
Notice file: system/tools/aidl/NOTICE -- /root/worspace/aosip/out/host/linux-x86/obj/NOTICE_FILES/src//bin/aidl.txt
[  1% 699/46492] build /root/worspace/aosip/out/host/linux-x86/obj/STATIC_LIBRARIES/libbase_intermediates/import_includes
Import includes file: /root/worspace/aosip/out/host/linux-x86/obj/STATIC_LIBRARIES/libbase_intermediates/import_includes
[  1% 700/46492] build /root/worspace/aosip/out/host/linux-x86/obj/STATIC_LIBRARIES/libbase_intermediates/test_utils.o
host C++: libbase <= system/core/base/test_utils.cpp
[  1% 701/46492] build /root/worspace/aosip/out/host/linux-x86/obj/STATIC_LIBRARIES/libbase_intermediates/errors_unix.o
host C++: libbase <= system/core/base/errors_unix.cpp
[  1% 702/46492] build /root/worspace/aosip/out/host/linux-x86/obj/STATIC_LIBRARIES/libbase_intermediates/parsenetaddress.o
host C++: libbase <= system/core/base/parsenetaddress.cpp
[  1% 703/46492] build /root/worspace/aosip/out/host/linux-x86/obj/STATIC_LIBRARIES/libbase_intermediates/stringprintf.o
host C++: libbase <= system/core/base/stringprintf.cpp
[  1% 704/46492] build /root/worspace/aosip/out/host/linux-x86/obj/STATIC_LIBRARIES/libbase_intermediates/strings.o
host C++: libbase <= system/core/base/strings.cpp
[  1% 705/46492] build /root/worspace/aosip/out/host/linux-x86/obj/STATIC_LIBRARIES/libbase_intermediates/file.o
host C++: libbase <= system/core/base/file.cpp
[  1% 706/46492] build /root/worspace/aosip/out/host/linux-x86/obj/STATIC_LIBRARIES/libbase_intermediates/logging.o
host C++: libbase <= system/core/base/logging.cpp
[  1% 707/46492] build /root/worspace/aosip/out/host/linux-x86/obj/NOTICE_FILES/src/framework/jarjar-apache-ant.jar.txt
Notice file: external/jarjar/NOTICE -- /root/worspace/aosip/out/host/linux-x86/obj/NOTICE_FILES/src//framework/jarjar-apache-ant.jar.txt
[  1% 708/46492] build /root/worspace/aosip/out/host/common/obj/JAVA_LIBRARIES/jarjar-apache-ant_intermediates/javalib.jar
host Prebuilt: jarjar-apache-ant (/root/worspace/aosip/out/host/common/obj/JAVA_LIBRARIES/jarjar-apache-ant_intermediates/javalib.jar)
[  1% 709/46492] build /root/worspace/aosip/out/host/linux-x86/framework/jarjar-apache-ant.jar
Install: /root/worspace/aosip/out/host/linux-x86/framework/jarjar-apache-ant.jar
[  1% 710/46492] build /root/worspace/aosip/out/host/linux-x86/obj/NOTICE_FILES/src/framework/jarjar-maven-plugin-api.jar.txt
Notice file: external/jarjar/NOTICE -- /root/worspace/aosip/out/host/linux-x86/obj/NOTICE_FILES/src//framework/jarjar-maven-plugin-api.jar.txt
[  1% 711/46492] build /root/worspace/aosip/out/host/linux-x86/obj/NOTICE_FILES/src/framework/jarjar.jar.txt
Notice file: external/jarjar/NOTICE -- /root/worspace/aosip/out/host/linux-x86/obj/NOTICE_FILES/src//framework/jarjar.jar.txt
[  1% 712/46492] build /root/worspace/aosip/out/host/common/obj/JAVA_LIBRARIES/jarjar-asm-commons_intermediates/javalib.jar
host Prebuilt: jarjar-asm-commons (/root/worspace/aosip/out/host/common/obj/JAVA_LIBRARIES/jarjar-asm-commons_intermediates/javalib.jar)
[  1% 713/46492] build /root/worspace/aosip/out/host/linux-x86/obj/NOTICE_FILES/src/lib64/libaidl-common.a.txt
Notice file: system/tools/aidl/NOTICE -- /root/worspace/aosip/out/host/linux-x86/obj/NOTICE_FILES/src//lib64/libaidl-common.a.txt
[  1% 714/46492] build /root/worspace/aosip/out/host/linux-x86/obj/NOTICE_FILES/src/lib/libaidl-common.a.txt
Notice file: system/tools/aidl/NOTICE -- /root/worspace/aosip/out/host/linux-x86/obj/NOTICE_FILES/src//lib/libaidl-common.a.txt
[  1% 715/46492] build /root/worspace/aosip/out/host/windows-x86/obj/NOTICE_FILES/src/lib/libaidl-common.a.txt
Notice file: system/tools/aidl/NOTICE -- /root/worspace/aosip/out/host/windows-x86/obj/NOTICE_FILES/src//lib/libaidl-common.a.txt
[  1% 716/46492] build /root/worspace/aosip/out/host/common/obj/JAVA_LIBRARIES/jarjar-maven-plugin-api_intermediates/javalib.jar
host Prebuilt: jarjar-maven-plugin-api (/root/worspace/aosip/out/host/common/obj/JAVA_LIBRARIES/jarjar-maven-plugin-api_intermediates/javalib.jar)
[  1% 717/46492] build /root/worspace/aosip/out/host/linux-x86/framework/jarjar-maven-plugin-api.jar
Install: /root/worspace/aosip/out/host/linux-x86/framework/jarjar-maven-plugin-api.jar
[  1% 718/46492] build /root/worspace/aosip/out/host/common/obj/JAVA_LIBRARIES/jarjar_intermediates/classes-full-debug.jar
host Java: jarjar (/root/worspace/aosip/out/host/common/obj/JAVA_LIBRARIES/jarjar_intermediates/classes)
[  1% 719/46492] build /root/worspace/aosip/out/host/common/obj/JAVA_LIBRARIES/jarjar_intermediates/classes-jarjar.jar
Copying: /root/worspace/aosip/out/host/common/obj/JAVA_LIBRARIES/jarjar_intermediates/classes-jarjar.jar
[  1% 720/46492] build /root/worspace/aosip/out/host/common/obj/JAVA_LIBRARIES/jarjar_intermediates/javalib.jar
Copying: /root/worspace/aosip/out/host/common/obj/JAVA_LIBRARIES/jarjar_intermediates/javalib.jar
[  1% 721/46492] build /root/worspace/aosip/out/host/linux-x86/framework/jarjar.jar
Install: /root/worspace/aosip/out/host/linux-x86/framework/jarjar.jar
[  1% 722/46492] build /root/worspace/aosip/out/target/common/obj/JAVA_LIBRARIES/core-oj_intermediates/classes-full-debug.jar
target Java: core-oj (/root/worspace/aosip/out/target/common/obj/JAVA_LIBRARIES/core-oj_intermediates/classes)
Note: Some input files use or override a deprecated API.
Note: Recompile with -Xlint:deprecation for details.
Note: Some input files use unchecked or unsafe operations.
Note: Recompile with -Xlint:unchecked for details.
[  1% 723/46492] build /root/worspace/aosip/out/target/common/obj/JAVA_LIBRARIES/core-oj_intermediates/classes-jarjar.jar
Copying: /root/worspace/aosip/out/target/common/obj/JAVA_LIBRARIES/core-oj_intermediates/classes-jarjar.jar
[  1% 724/46492] build /root/worspace/aosip/out/target/common/obj/JAVA_LIBRARIES/core-oj_intermediates/classes.jar
Copying: /root/worspace/aosip/out/target/common/obj/JAVA_LIBRARIES/core-oj_intermediates/classes.jar
[  1% 725/46492] build /root/worspace/aosip/out/target/common/obj/JAVA_LIBRARIES/core-oj_intermediates/classes.jar.toc
Generating TOC: /root/worspace/aosip/out/target/common/obj/JAVA_LIBRARIES/core-oj_intermediates/classes.jar.toc
[  1% 726/46492] build /root/worspace/aosip/out/target/common/obj/JAVA_LIBRARIES/conscrypt_intermediates/classes-full-debug.jar
target Java: conscrypt (/root/worspace/aosip/out/target/common/obj/JAVA_LIBRARIES/conscrypt_intermediates/classes)
Note: Some input files use or override a deprecated API.
Note: Recompile with -Xlint:deprecation for details.
Note: Some input files use unchecked or unsafe operations.
Note: Recompile with -Xlint:unchecked for details.
[  1% 727/46492] build /root/worspace/aosip/out/target/common/obj/JAVA_LIBRARIES/conscrypt_intermediates/classes-jarjar.jar
JarJar: /root/worspace/aosip/out/target/common/obj/JAVA_LIBRARIES/conscrypt_intermediates/classes-jarjar.jar
[  1% 728/46492] build /root/worspace/aosip/out/target/common/obj/JAVA_LIBRARIES/conscrypt_intermediates/classes.jar
Copying: /root/worspace/aosip/out/target/common/obj/JAVA_LIBRARIES/conscrypt_intermediates/classes.jar
[  1% 729/46492] build /root/worspace/aosip/out/target/common/obj/JAVA_LIBRARIES/conscrypt_intermediates/classes.jar.toc
Generating TOC: /root/worspace/aosip/out/target/common/obj/JAVA_LIBRARIES/conscrypt_intermediates/classes.jar.toc
[  1% 730/46492] build /root/worspace/aosip/out/target/common/obj/JAVA_LIBRARIES/bouncycastle-nojarjar_intermediates/classes-full-debug.jar
target Java: bouncycastle-nojarjar (/root/worspace/aosip/out/target/common/obj/JAVA_LIBRARIES/bouncycastle-nojarjar_intermediates/classes)
Note: Some input files use or override a deprecated API.
Note: Recompile with -Xlint:deprecation for details.
Note: Some input files use unchecked or unsafe operations.
Note: Recompile with -Xlint:unchecked for details.
[  1% 731/46492] build /root/worspace/aosip/out/target/common/obj/JAVA_LIBRARIES/bouncycastle-nojarjar_intermediates/classes-jarjar.jar
Copying: /root/worspace/aosip/out/target/common/obj/JAVA_LIBRARIES/bouncycastle-nojarjar_intermediates/classes-jarjar.jar
[  1% 732/46492] build /root/worspace/aosip/out/target/common/obj/JAVA_LIBRARIES/bouncycastle-nojarjar_intermediates/classes.jar
Copying: /root/worspace/aosip/out/target/common/obj/JAVA_LIBRARIES/bouncycastle-nojarjar_intermediates/classes.jar
[  1% 733/46492] build /root/worspace/aosip/out/target/common/obj/JAVA_LIBRARIES/bouncycastle-nojarjar_intermediates/javalib.jar
target Static Jar: bouncycastle-nojarjar (/root/worspace/aosip/out/target/common/obj/JAVA_LIBRARIES/bouncycastle-nojarjar_intermediates/javalib.jar)
[  1% 734/46492] build /root/worspace/aosip/out/target/common/obj/JAVA_LIBRARIES/bouncycastle_intermediates/classes-full-debug.jar
target Java: bouncycastle (/root/worspace/aosip/out/target/common/obj/JAVA_LIBRARIES/bouncycastle_intermediates/classes)
[  1% 735/46492] build /root/worspace/aosip/out/target/common/obj/JAVA_LIBRARIES/bouncycastle_intermediates/classes-jarjar.jar
JarJar: /root/worspace/aosip/out/target/common/obj/JAVA_LIBRARIES/bouncycastle_intermediates/classes-jarjar.jar
[  1% 736/46492] build /root/worspace/aosip/out/target/common/obj/JAVA_LIBRARIES/bouncycastle_intermediates/classes.jar
Copying: /root/worspace/aosip/out/target/common/obj/JAVA_LIBRARIES/bouncycastle_intermediates/classes.jar
[  1% 737/46492] build /root/worspace/aosip/out/host/linux-x86/obj/STATIC_LIBRARIES/libaidl-common_intermediates/aidl_language_y.cpp
Yacc: aidl <= system/tools/aidl/aidl_language_y.yy
[  1% 738/46492] build /root/worspace/aosip/out/host/linux-x86/obj/STATIC_LIBRARIES/libbase_intermediates/export_includes
Export includes file: -- /root/worspace/aosip/out/host/linux-x86/obj/STATIC_LIBRARIES/libbase_intermediates/export_includes
[  1% 739/46492] build /root/worspace/aosip/out/host/linux-x86/obj/STATIC_LIBRARIES/libaidl-common_intermediates/import_includes
Import includes file: /root/worspace/aosip/out/host/linux-x86/obj/STATIC_LIBRARIES/libaidl-common_intermediates/import_includes
[  1% 740/46492] build /root/worspace/aosip/out/host/linux-x86/obj/STATIC_LIBRARIES/libaidl-common_intermediates/aidl_language_l.cpp
Lex: aidl <= system/tools/aidl/aidl_language_l.ll
[  1% 741/46492] build /root/worspace/aosip/out/host/linux-x86/obj/STATIC_LIBRARIES/libaidl-common_intermediates/code_writer.o
host C++: libaidl-common <= system/tools/aidl/code_writer.cpp
[  1% 742/46492] build /root/worspace/aosip/out/host/linux-x86/obj/STATIC_LIBRARIES/libaidl-common_intermediates/generate_java_binder.o
host C++: libaidl-common <= system/tools/aidl/generate_java_binder.cpp
[  1% 743/46492] build /root/worspace/aosip/out/host/linux-x86/obj/STATIC_LIBRARIES/libaidl-common_intermediates/import_resolver.o
host C++: libaidl-common <= system/tools/aidl/import_resolver.cpp
[  1% 744/46492] build /root/worspace/aosip/out/host/linux-x86/obj/STATIC_LIBRARIES/libaidl-common_intermediates/io_delegate.o
host C++: libaidl-common <= system/tools/aidl/io_delegate.cpp
[  1% 745/46492] build /root/worspace/aosip/out/host/linux-x86/obj/STATIC_LIBRARIES/libaidl-common_intermediates/options.o
host C++: libaidl-common <= system/tools/aidl/options.cpp
[  1% 746/46492] build /root/worspace/aosip/out/host/linux-x86/obj/STATIC_LIBRARIES/libaidl-common_intermediates/type_namespace.o
host C++: libaidl-common <= system/tools/aidl/type_namespace.cpp
[  1% 747/46492] build /root/worspace/aosip/out/host/linux-x86/obj/STATIC_LIBRARIES/libaidl-common_intermediates/aidl_language_y.o
host C++: libaidl-common <= /root/worspace/aosip/out/host/linux-x86/obj/STATIC_LIBRARIES/libaidl-common_intermediates/aidl_language_y.cpp
[  1% 748/46492] build /root/worspace/aosip/out/host/linux-x86/obj/STATIC_LIBRARIES/libaidl-common_intermediates/aidl_language_l.o
host C++: libaidl-common <= /root/worspace/aosip/out/host/linux-x86/obj/STATIC_LIBRARIES/libaidl-common_intermediates/aidl_language_l.cpp
[  1% 749/46492] build /root/worspace/aosip/out/host/linux-x86/obj/STATIC_LIBRARIES/libaidl-common_intermediates/generate_cpp.o
host C++: libaidl-common <= system/tools/aidl/generate_cpp.cpp
[  1% 750/46492] build /root/worspace/aosip/out/host/linux-x86/obj/STATIC_LIBRARIES/libaidl-common_intermediates/generate_java.o
host C++: libaidl-common <= system/tools/aidl/generate_java.cpp
[  1% 751/46492] build /root/worspace/aosip/out/host/linux-x86/obj/STATIC_LIBRARIES/libaidl-common_intermediates/type_cpp.o
host C++: libaidl-common <= system/tools/aidl/type_cpp.cpp
[  1% 752/46492] build /root/worspace/aosip/out/host/linux-x86/obj/STATIC_LIBRARIES/libaidl-common_intermediates/type_java.o
host C++: libaidl-common <= system/tools/aidl/type_java.cpp
[  1% 753/46492] build /root/worspace/aosip/out/host/linux-x86/obj/STATIC_LIBRARIES/libaidl-common_intermediates/export_includes
Export includes file: /root/worspace/aosip/out/host/linux-x86/obj/STATIC_LIBRARIES/libaidl-common_intermediates/aidl_language_y.cpp -- /root/worspace/aosip/out/host/linux-x86/obj/STATIC_LIBRARIES/libaidl-common_intermediates/export_includes
[  1% 754/46492] build /root/worspace/aosip/out/host/linux-x86/obj/STATIC_LIBRARIES/libaidl-common_intermediates/ast_cpp.o
host C++: libaidl-common <= system/tools/aidl/ast_cpp.cpp
[  1% 755/46492] build /root/worspace/aosip/out/host/linux-x86/obj/STATIC_LIBRARIES/libaidl-common_intermediates/aidl_language.o
host C++: libaidl-common <= system/tools/aidl/aidl_language.cpp
[  1% 756/46492] build /root/worspace/aosip/out/host/linux-x86/obj/STATIC_LIBRARIES/libaidl-common_intermediates/aidl.o
host C++: libaidl-common <= system/tools/aidl/aidl.cpp
[  1% 757/46492] build /root/worspace/aosip/out/host/linux-x86/obj/STATIC_LIBRARIES/libaidl-common_intermediates/ast_java.o
host C++: libaidl-common <= system/tools/aidl/ast_java.cpp
[  1% 758/46492] build /root/worspace/aosip/out/host/linux-x86/obj/EXECUTABLES/aidl_intermediates/import_includes
Import includes file: /root/worspace/aosip/out/host/linux-x86/obj/EXECUTABLES/aidl_intermediates/import_includes
[  1% 759/46492] build /root/worspace/aosip/out/host/linux-x86/obj/EXECUTABLES/aidl_intermediates/main_java.o
host C++: aidl <= system/tools/aidl/main_java.cpp
[  1% 760/46492] build /root/worspace/aosip/out/host/linux-x86/obj/STATIC_LIBRARIES/libbase_intermediates/libbase.a
host StaticLib: libbase (/root/worspace/aosip/out/host/linux-x86/obj/STATIC_LIBRARIES/libbase_intermediates/libbase.a)
[  1% 761/46492] build /root/worspace/aosip/out/target/common/obj/JAVA_LIBRARIES/libphonenumber-platform_intermediates/classes-full-debug.jar
target Java: libphonenumber-platform (/root/worspace/aosip/out/target/common/obj/JAVA_LIBRARIES/libphonenumber-platform_intermediates/classes)
[  1% 762/46492] build /root/worspace/aosip/out/target/common/obj/JAVA_LIBRARIES/libphonenumber-platform_intermediates/classes-jarjar.jar
JarJar: /root/worspace/aosip/out/target/common/obj/JAVA_LIBRARIES/libphonenumber-platform_intermediates/classes-jarjar.jar
[  1% 763/46492] build /root/worspace/aosip/out/target/common/obj/JAVA_LIBRARIES/libphonenumber-platform_intermediates/classes.jar
Copying: /root/worspace/aosip/out/target/common/obj/JAVA_LIBRARIES/libphonenumber-platform_intermediates/classes.jar
[  1% 764/46492] build /root/worspace/aosip/out/target/common/obj/JAVA_LIBRARIES/libphonenumber-platform_intermediates/javalib.jar
target Static Jar: libphonenumber-platform (/root/worspace/aosip/out/target/common/obj/JAVA_LIBRARIES/libphonenumber-platform_intermediates/javalib.jar)
[  1% 765/46492] build /root/worspace/aosip/out/target/common/obj/JAVA_LIBRARIES/ext_intermediates/classes-full-debug.jar
target Java: ext (/root/worspace/aosip/out/target/common/obj/JAVA_LIBRARIES/ext_intermediates/classes)
Note: Some input files use or override a deprecated API.
Note: Recompile with -Xlint:deprecation for details.
Note: Some input files use unchecked or unsafe operations.
Note: Recompile with -Xlint:unchecked for details.
[  1% 766/46492] build /root/worspace/aosip/out/target/common/obj/JAVA_LIBRARIES/ext_intermediates/classes-jarjar.jar
Copying: /root/worspace/aosip/out/target/common/obj/JAVA_LIBRARIES/ext_intermediates/classes-jarjar.jar
[  1% 767/46492] build /root/worspace/aosip/out/target/common/obj/JAVA_LIBRARIES/ext_intermediates/classes.jar
Copying: /root/worspace/aosip/out/target/common/obj/JAVA_LIBRARIES/ext_intermediates/classes.jar
[  1% 768/46492] build /root/worspace/aosip/out/host/linux-x86/obj/STATIC_LIBRARIES/libaidl-common_intermediates/line_reader.o
host C++: libaidl-common <= system/tools/aidl/line_reader.cpp
[  1% 769/46492] build /root/worspace/aosip/out/host/linux-x86/obj/STATIC_LIBRARIES/libaidl-common_intermediates/libaidl-common.a
host StaticLib: libaidl-common (/root/worspace/aosip/out/host/linux-x86/obj/STATIC_LIBRARIES/libaidl-common_intermediates/libaidl-common.a)
[  1% 770/46492] build /root/worspace/aosip/out/host/linux-x86/obj/EXECUTABLES/aidl_intermediates/aidl
host Executable: aidl (/root/worspace/aosip/out/host/linux-x86/obj/EXECUTABLES/aidl_intermediates/aidl)
[  1% 771/46492] build /root/worspace/aosip/out/host/windows-x86/obj/NOTICE_FILES/src/lib64/libaidl-common.a.txt
Notice file: system/tools/aidl/NOTICE -- /root/worspace/aosip/out/host/windows-x86/obj/NOTICE_FILES/src//lib64/libaidl-common.a.txt
[  1% 772/46492] build /root/worspace/aosip/out/host/linux-x86/bin/aidl
Install: /root/worspace/aosip/out/host/linux-x86/bin/aidl
[  1% 773/46492] build /root/worspace/aosip/out/target/common/obj/JAVA_LIBRARIES/framework_intermediates/src/core/java/android/service/wallpaper/IWallpaperEngine.java
Aidl: framework <= frameworks/base/core/java/android/service/wallpaper/IWallpaperEngine.aidl
[  1% 774/46492] build /root/worspace/aosip/out/target/common/obj/JAVA_LIBRARIES/framework_intermediates/src/core/java/android/service/wallpaper/IWallpaperService.java
Aidl: framework <= frameworks/base/core/java/android/service/wallpaper/IWallpaperService.aidl
[  1% 775/46492] build /root/worspace/aosip/out/target/common/obj/JAVA_LIBRARIES/framework_intermediates/src/core/java/android/service/chooser/IChooserTargetService.java
Aidl: framework <= frameworks/base/core/java/android/service/chooser/IChooserTargetService.aidl
[  1% 776/46492] build /root/worspace/aosip/out/target/common/obj/JAVA_LIBRARIES/framework_intermediates/src/core/java/android/accessibilityservice/IAccessibilityServiceConnection.java
Aidl: framework <= frameworks/base/core/java/android/accessibilityservice/IAccessibilityServiceConnection.aidl
[  1% 777/46492] build /root/worspace/aosip/out/target/common/obj/JAVA_LIBRARIES/framework_intermediates/src/core/java/android/accessibilityservice/IAccessibilityServiceClient.java
Aidl: framework <= frameworks/base/core/java/android/accessibilityservice/IAccessibilityServiceClient.aidl
[  1% 778/46492] build /root/worspace/aosip/out/target/common/obj/JAVA_LIBRARIES/framework_intermediates/src/core/java/android/accounts/IAccountManager.java
Aidl: framework <= frameworks/base/core/java/android/accounts/IAccountManager.aidl
[  1% 779/46492] build /root/worspace/aosip/out/target/common/obj/JAVA_LIBRARIES/framework_intermediates/src/core/java/android/accounts/IAccountManagerResponse.java
Aidl: framework <= frameworks/base/core/java/android/accounts/IAccountManagerResponse.aidl
[  1% 780/46492] build /root/worspace/aosip/out/target/common/obj/JAVA_LIBRARIES/framework_intermediates/src/core/java/android/accounts/IAccountAuthenticator.java
Aidl: framework <= frameworks/base/core/java/android/accounts/IAccountAuthenticator.aidl
[  1% 781/46492] build /root/worspace/aosip/out/target/common/obj/JAVA_LIBRARIES/framework_intermediates/src/core/java/android/accounts/IAccountAuthenticatorResponse.java
Aidl: framework <= frameworks/base/core/java/android/accounts/IAccountAuthenticatorResponse.aidl
[  1% 782/46492] build /root/worspace/aosip/out/target/common/obj/JAVA_LIBRARIES/framework_intermediates/src/core/java/android/app/IActivityContainer.java
Aidl: framework <= frameworks/base/core/java/android/app/IActivityContainer.aidl
[  1% 783/46492] build /root/worspace/aosip/out/target/common/obj/JAVA_LIBRARIES/framework_intermediates/src/core/java/android/app/IActivityContainerCallback.java
Aidl: framework <= frameworks/base/core/java/android/app/IActivityContainerCallback.aidl
[  1% 784/46492] build /root/worspace/aosip/out/target/common/obj/JAVA_LIBRARIES/framework_intermediates/src/core/java/android/app/IActivityController.java
Aidl: framework <= frameworks/base/core/java/android/app/IActivityController.aidl
[  1% 785/46492] build /root/worspace/aosip/out/target/common/obj/JAVA_LIBRARIES/framework_intermediates/src/core/java/android/app/IActivityPendingResult.java
Aidl: framework <= frameworks/base/core/java/android/app/IActivityPendingResult.aidl
[  1% 786/46492] build /root/worspace/aosip/out/target/common/obj/JAVA_LIBRARIES/framework_intermediates/src/core/java/android/app/IAlarmCompleteListener.java
Aidl: framework <= frameworks/base/core/java/android/app/IAlarmCompleteListener.aidl
[  1% 787/46492] build /root/worspace/aosip/out/target/common/obj/JAVA_LIBRARIES/framework_intermediates/src/core/java/android/app/IAlarmListener.java
Aidl: framework <= frameworks/base/core/java/android/app/IAlarmListener.aidl
[  1% 788/46492] build /root/worspace/aosip/out/target/common/obj/JAVA_LIBRARIES/framework_intermediates/src/core/java/android/app/IAlarmManager.java
Aidl: framework <= frameworks/base/core/java/android/app/IAlarmManager.aidl
[  1% 789/46492] build /root/worspace/aosip/out/target/common/obj/JAVA_LIBRARIES/framework_intermediates/src/core/java/android/app/IAppTask.java
Aidl: framework <= frameworks/base/core/java/android/app/IAppTask.aidl
[  1% 790/46492] build /root/worspace/aosip/out/target/common/obj/JAVA_LIBRARIES/framework_intermediates/src/core/java/android/app/ITaskStackListener.java
Aidl: framework <= frameworks/base/core/java/android/app/ITaskStackListener.aidl
[  1% 791/46492] build /root/worspace/aosip/out/target/common/obj/JAVA_LIBRARIES/framework_intermediates/src/core/java/android/app/IBackupAgent.java
Aidl: framework <= frameworks/base/core/java/android/app/IBackupAgent.aidl
[  1% 792/46492] build /root/worspace/aosip/out/target/common/obj/JAVA_LIBRARIES/framework_intermediates/src/core/java/android/app/IEphemeralResolver.java
Aidl: framework <= frameworks/base/core/java/android/app/IEphemeralResolver.aidl
[  1% 793/46492] build /root/worspace/aosip/out/target/common/obj/JAVA_LIBRARIES/framework_intermediates/src/core/java/android/app/IInstrumentationWatcher.java
Aidl: framework <= frameworks/base/core/java/android/app/IInstrumentationWatcher.aidl
[  1% 794/46492] build /root/worspace/aosip/out/target/common/obj/JAVA_LIBRARIES/framework_intermediates/src/core/java/android/app/INotificationManager.java
Aidl: framework <= frameworks/base/core/java/android/app/INotificationManager.aidl
[  1% 795/46492] build /root/worspace/aosip/out/target/common/obj/JAVA_LIBRARIES/framework_intermediates/src/core/java/android/app/IProcessObserver.java
Aidl: framework <= frameworks/base/core/java/android/app/IProcessObserver.aidl
[  1% 796/46492] build /root/worspace/aosip/out/target/common/obj/JAVA_LIBRARIES/framework_intermediates/src/core/java/android/app/ISearchManager.java
Aidl: framework <= frameworks/base/core/java/android/app/ISearchManager.aidl
[  1% 797/46492] build /root/worspace/aosip/out/target/common/obj/JAVA_LIBRARIES/framework_intermediates/src/core/java/android/app/ISearchManagerCallback.java
Aidl: framework <= frameworks/base/core/java/android/app/ISearchManagerCallback.aidl
[  1% 798/46492] build /root/worspace/aosip/out/target/common/obj/JAVA_LIBRARIES/framework_intermediates/src/core/java/android/app/IServiceConnection.java
Aidl: framework <= frameworks/base/core/java/android/app/IServiceConnection.aidl
[  1% 799/46492] build /root/worspace/aosip/out/target/common/obj/JAVA_LIBRARIES/framework_intermediates/src/core/java/android/app/IStopUserCallback.java
Aidl: framework <= frameworks/base/core/java/android/app/IStopUserCallback.aidl
[  1% 800/46492] build /root/worspace/aosip/out/target/common/obj/JAVA_LIBRARIES/framework_intermediates/src/core/java/android/app/job/IJobCallback.java
Aidl: framework <= frameworks/base/core/java/android/app/job/IJobCallback.aidl
[  1% 801/46492] build /root/worspace/aosip/out/target/common/obj/JAVA_LIBRARIES/framework_intermediates/src/core/java/android/app/job/IJobScheduler.java
Aidl: framework <= frameworks/base/core/java/android/app/job/IJobScheduler.aidl
[  1% 802/46492] build /root/worspace/aosip/out/target/common/obj/JAVA_LIBRARIES/framework_intermediates/src/core/java/android/app/job/IJobService.java
Aidl: framework <= frameworks/base/core/java/android/app/job/IJobService.aidl
[  1% 803/46492] build /root/worspace/aosip/out/target/common/obj/JAVA_LIBRARIES/framework_intermediates/src/core/java/android/app/ITransientNotification.java
Aidl: framework <= frameworks/base/core/java/android/app/ITransientNotification.aidl
[  1% 804/46492] build /root/worspace/aosip/out/target/common/obj/JAVA_LIBRARIES/framework_intermediates/src/core/java/android/app/IUidObserver.java
Aidl: framework <= frameworks/base/core/java/android/app/IUidObserver.aidl
[  1% 805/46492] build /root/worspace/aosip/out/target/common/obj/JAVA_LIBRARIES/framework_intermediates/src/core/java/android/app/IUiAutomationConnection.java
Aidl: framework <= frameworks/base/core/java/android/app/IUiAutomationConnection.aidl
[  1% 806/46492] build /root/worspace/aosip/out/target/common/obj/JAVA_LIBRARIES/framework_intermediates/src/core/java/android/app/IUiModeManager.java
Aidl: framework <= frameworks/base/core/java/android/app/IUiModeManager.aidl
[  1% 807/46492] build /root/worspace/aosip/out/target/common/obj/JAVA_LIBRARIES/framework_intermediates/src/core/java/android/app/IUserSwitchObserver.java
Aidl: framework <= frameworks/base/core/java/android/app/IUserSwitchObserver.aidl
[  1% 808/46492] build /root/worspace/aosip/out/target/common/obj/JAVA_LIBRARIES/framework_intermediates/src/core/java/android/app/IWallpaperManager.java
Aidl: framework <= frameworks/base/core/java/android/app/IWallpaperManager.aidl
[  1% 809/46492] build /root/worspace/aosip/out/target/common/obj/JAVA_LIBRARIES/framework_intermediates/src/core/java/android/app/IWallpaperManagerCallback.java
Aidl: framework <= frameworks/base/core/java/android/app/IWallpaperManagerCallback.aidl
[  1% 810/46492] build /root/worspace/aosip/out/target/common/obj/JAVA_LIBRARIES/framework_intermediates/src/core/java/android/app/admin/IDevicePolicyManager.java
Aidl: framework <= frameworks/base/core/java/android/app/admin/IDevicePolicyManager.aidl
[  1% 811/46492] build /root/worspace/aosip/out/target/common/obj/JAVA_LIBRARIES/framework_intermediates/src/core/java/android/app/trust/IStrongAuthTracker.java
Aidl: framework <= frameworks/base/core/java/android/app/trust/IStrongAuthTracker.aidl
[  1% 812/46492] build /root/worspace/aosip/out/target/common/obj/JAVA_LIBRARIES/framework_intermediates/src/core/java/android/app/trust/ITrustManager.java
Aidl: framework <= frameworks/base/core/java/android/app/trust/ITrustManager.aidl
[  1% 813/46492] build /root/worspace/aosip/out/target/common/obj/JAVA_LIBRARIES/framework_intermediates/src/core/java/android/app/trust/ITrustListener.java
Aidl: framework <= frameworks/base/core/java/android/app/trust/ITrustListener.aidl
[  1% 814/46492] build /root/worspace/aosip/out/target/common/obj/JAVA_LIBRARIES/framework_intermediates/src/core/java/android/app/backup/IBackupManager.java
Aidl: framework <= frameworks/base/core/java/android/app/backup/IBackupManager.aidl
[  1% 815/46492] build /root/worspace/aosip/out/target/common/obj/JAVA_LIBRARIES/framework_intermediates/src/core/java/android/app/backup/IBackupObserver.java
Aidl: framework <= frameworks/base/core/java/android/app/backup/IBackupObserver.aidl
[  1% 816/46492] build /root/worspace/aosip/out/target/common/obj/JAVA_LIBRARIES/framework_intermediates/src/core/java/android/app/backup/IFullBackupRestoreObserver.java
Aidl: framework <= frameworks/base/core/java/android/app/backup/IFullBackupRestoreObserver.aidl
[  1% 817/46492] build /root/worspace/aosip/out/target/common/obj/JAVA_LIBRARIES/framework_intermediates/src/core/java/android/app/backup/IRestoreObserver.java
Aidl: framework <= frameworks/base/core/java/android/app/backup/IRestoreObserver.aidl
[  1% 818/46492] build /root/worspace/aosip/out/target/common/obj/JAVA_LIBRARIES/framework_intermediates/src/core/java/android/app/backup/IRestoreSession.java
Aidl: framework <= frameworks/base/core/java/android/app/backup/IRestoreSession.aidl
[  1% 819/46492] build /root/worspace/aosip/out/target/common/obj/JAVA_LIBRARIES/framework_intermediates/src/core/java/android/app/usage/IUsageStatsManager.java
Aidl: framework <= frameworks/base/core/java/android/app/usage/IUsageStatsManager.aidl
[  1% 820/46492] build /root/worspace/aosip/out/target/common/obj/JAVA_LIBRARIES/framework_intermediates/src/core/java/android/bluetooth/IBluetooth.java
Aidl: framework <= frameworks/base/core/java/android/bluetooth/IBluetooth.aidl
[  1% 821/46492] build /root/worspace/aosip/out/target/common/obj/JAVA_LIBRARIES/framework_intermediates/src/core/java/android/bluetooth/IBluetoothA2dp.java
Aidl: framework <= frameworks/base/core/java/android/bluetooth/IBluetoothA2dp.aidl
[  1% 822/46492] build /root/worspace/aosip/out/target/common/obj/JAVA_LIBRARIES/framework_intermediates/src/core/java/android/bluetooth/IBluetoothA2dpSink.java
Aidl: framework <= frameworks/base/core/java/android/bluetooth/IBluetoothA2dpSink.aidl
[  1% 823/46492] build /root/worspace/aosip/out/target/common/obj/JAVA_LIBRARIES/framework_intermediates/src/core/java/android/bluetooth/IBluetoothAvrcpController.java
Aidl: framework <= frameworks/base/core/java/android/bluetooth/IBluetoothAvrcpController.aidl
[  1% 824/46492] build /root/worspace/aosip/out/target/common/obj/JAVA_LIBRARIES/framework_intermediates/src/core/java/android/bluetooth/IBluetoothCallback.java
Aidl: framework <= frameworks/base/core/java/android/bluetooth/IBluetoothCallback.aidl
[  1% 825/46492] build /root/worspace/aosip/out/target/common/obj/JAVA_LIBRARIES/framework_intermediates/src/core/java/android/bluetooth/IBluetoothProfileServiceConnection.java
Aidl: framework <= frameworks/base/core/java/android/bluetooth/IBluetoothProfileServiceConnection.aidl
[  1% 826/46492] build /root/worspace/aosip/out/target/common/obj/JAVA_LIBRARIES/framework_intermediates/src/core/java/android/bluetooth/IBluetoothHeadset.java
Aidl: framework <= frameworks/base/core/java/android/bluetooth/IBluetoothHeadset.aidl
[  1% 827/46492] build /root/worspace/aosip/out/target/common/obj/JAVA_LIBRARIES/framework_intermediates/src/core/java/android/bluetooth/IBluetoothHeadsetPhone.java
Aidl: framework <= frameworks/base/core/java/android/bluetooth/IBluetoothHeadsetPhone.aidl
[  1% 828/46492] build /root/worspace/aosip/out/target/common/obj/JAVA_LIBRARIES/framework_intermediates/src/core/java/android/bluetooth/IBluetoothHealth.java
Aidl: framework <= frameworks/base/core/java/android/bluetooth/IBluetoothHealth.aidl
[  1% 829/46492] build /root/worspace/aosip/out/target/common/obj/JAVA_LIBRARIES/framework_intermediates/src/core/java/android/bluetooth/IBluetoothHealthCallback.java
Aidl: framework <= frameworks/base/core/java/android/bluetooth/IBluetoothHealthCallback.aidl
[  1% 830/46492] build /root/worspace/aosip/out/target/common/obj/JAVA_LIBRARIES/framework_intermediates/src/core/java/android/bluetooth/IBluetoothInputDevice.java
Aidl: framework <= frameworks/base/core/java/android/bluetooth/IBluetoothInputDevice.aidl
[  1% 831/46492] build /root/worspace/aosip/out/target/common/obj/JAVA_LIBRARIES/framework_intermediates/src/core/java/android/bluetooth/IBluetoothPan.java
Aidl: framework <= frameworks/base/core/java/android/bluetooth/IBluetoothPan.aidl
[  1% 832/46492] build /root/worspace/aosip/out/target/common/obj/JAVA_LIBRARIES/framework_intermediates/src/core/java/android/bluetooth/IBluetoothManager.java
Aidl: framework <= frameworks/base/core/java/android/bluetooth/IBluetoothManager.aidl
[  1% 833/46492] build /root/worspace/aosip/out/target/common/obj/JAVA_LIBRARIES/framework_intermediates/src/core/java/android/bluetooth/IBluetoothManagerCallback.java
Aidl: framework <= frameworks/base/core/java/android/bluetooth/IBluetoothManagerCallback.aidl
[  1% 834/46492] build /root/worspace/aosip/out/target/common/obj/JAVA_LIBRARIES/framework_intermediates/src/core/java/android/bluetooth/IBluetoothPbap.java
Aidl: framework <= frameworks/base/core/java/android/bluetooth/IBluetoothPbap.aidl
[  1% 835/46492] build /root/worspace/aosip/out/target/common/obj/JAVA_LIBRARIES/framework_intermediates/src/core/java/android/bluetooth/IBluetoothPbapClient.java
Aidl: framework <= frameworks/base/core/java/android/bluetooth/IBluetoothPbapClient.aidl
[  1% 836/46492] build /root/worspace/aosip/out/target/common/obj/JAVA_LIBRARIES/framework_intermediates/src/core/java/android/bluetooth/IBluetoothMap.java
Aidl: framework <= frameworks/base/core/java/android/bluetooth/IBluetoothMap.aidl
[  1% 837/46492] build /root/worspace/aosip/out/target/common/obj/JAVA_LIBRARIES/framework_intermediates/src/core/java/android/bluetooth/IBluetoothSap.java
Aidl: framework <= frameworks/base/core/java/android/bluetooth/IBluetoothSap.aidl
[  1% 838/46492] build /root/worspace/aosip/out/target/common/obj/JAVA_LIBRARIES/framework_intermediates/src/core/java/android/bluetooth/IBluetoothStateChangeCallback.java
Aidl: framework <= frameworks/base/core/java/android/bluetooth/IBluetoothStateChangeCallback.aidl
[  1% 839/46492] build /root/worspace/aosip/out/target/common/obj/JAVA_LIBRARIES/framework_intermediates/src/core/java/android/bluetooth/IBluetoothHeadsetClient.java
Aidl: framework <= frameworks/base/core/java/android/bluetooth/IBluetoothHeadsetClient.aidl
[  1% 840/46492] build /root/worspace/aosip/out/target/common/obj/JAVA_LIBRARIES/framework_intermediates/src/core/java/android/bluetooth/IBluetoothGatt.java
Aidl: framework <= frameworks/base/core/java/android/bluetooth/IBluetoothGatt.aidl
[  1% 841/46492] build /root/worspace/aosip/out/target/common/obj/JAVA_LIBRARIES/framework_intermediates/src/core/java/android/bluetooth/IBluetoothGattCallback.java
Aidl: framework <= frameworks/base/core/java/android/bluetooth/IBluetoothGattCallback.aidl
[  1% 842/46492] build /root/worspace/aosip/out/target/common/obj/JAVA_LIBRARIES/framework_intermediates/src/core/java/android/bluetooth/IBluetoothGattServerCallback.java
Aidl: framework <= frameworks/base/core/java/android/bluetooth/IBluetoothGattServerCallback.aidl
[  1% 843/46492] build /root/worspace/aosip/out/target/common/obj/JAVA_LIBRARIES/framework_intermediates/src/core/java/android/bluetooth/IBluetoothDun.java
Aidl: framework <= frameworks/base/core/java/android/bluetooth/IBluetoothDun.aidl
[  1% 844/46492] build /root/worspace/aosip/out/target/common/obj/JAVA_LIBRARIES/framework_intermediates/src/core/java/android/content/IClipboard.java
Aidl: framework <= frameworks/base/core/java/android/content/IClipboard.aidl
[  1% 845/46492] build /root/worspace/aosip/out/target/common/obj/JAVA_LIBRARIES/framework_intermediates/src/core/java/android/content/IContentService.java
Aidl: framework <= frameworks/base/core/java/android/content/IContentService.aidl
[  1% 846/46492] build /root/worspace/aosip/out/target/common/obj/JAVA_LIBRARIES/framework_intermediates/src/core/java/android/content/IIntentReceiver.java
Aidl: framework <= frameworks/base/core/java/android/content/IIntentReceiver.aidl
[  1% 847/46492] build /root/worspace/aosip/out/target/common/obj/JAVA_LIBRARIES/framework_intermediates/src/core/java/android/content/IIntentSender.java
Aidl: framework <= frameworks/base/core/java/android/content/IIntentSender.aidl
[  1% 848/46492] build /root/worspace/aosip/out/target/common/obj/JAVA_LIBRARIES/framework_intermediates/src/core/java/android/content/IOnPrimaryClipChangedListener.java
Aidl: framework <= frameworks/base/core/java/android/content/IOnPrimaryClipChangedListener.aidl
[  1% 849/46492] build /root/worspace/aosip/out/target/common/obj/JAVA_LIBRARIES/framework_intermediates/src/core/java/android/content/IRestrictionsManager.java
Aidl: framework <= frameworks/base/core/java/android/content/IRestrictionsManager.aidl
[  1% 850/46492] build /root/worspace/aosip/out/target/common/obj/JAVA_LIBRARIES/framework_intermediates/src/core/java/android/content/ISyncAdapter.java
Aidl: framework <= frameworks/base/core/java/android/content/ISyncAdapter.aidl
[  1% 851/46492] build /root/worspace/aosip/out/target/common/obj/JAVA_LIBRARIES/framework_intermediates/src/core/java/android/content/ISyncContext.java
Aidl: framework <= frameworks/base/core/java/android/content/ISyncContext.aidl
[  1% 852/46492] build /root/worspace/aosip/out/target/common/obj/JAVA_LIBRARIES/framework_intermediates/src/core/java/android/content/ISyncServiceAdapter.java
Aidl: framework <= frameworks/base/core/java/android/content/ISyncServiceAdapter.aidl
[  1% 853/46492] build /root/worspace/aosip/out/target/common/obj/JAVA_LIBRARIES/framework_intermediates/src/core/java/android/content/ISyncStatusObserver.java
Aidl: framework <= frameworks/base/core/java/android/content/ISyncStatusObserver.aidl
[  1% 854/46492] build /root/worspace/aosip/out/target/common/obj/JAVA_LIBRARIES/framework_intermediates/src/core/java/android/content/om/IOverlayManager.java
Aidl: framework <= frameworks/base/core/java/android/content/om/IOverlayManager.aidl
[  1% 855/46492] build /root/worspace/aosip/out/target/common/obj/JAVA_LIBRARIES/framework_intermediates/src/core/java/android/content/pm/ILauncherApps.java
Aidl: framework <= frameworks/base/core/java/android/content/pm/ILauncherApps.aidl
[  1% 856/46492] build /root/worspace/aosip/out/target/common/obj/JAVA_LIBRARIES/framework_intermediates/src/core/java/android/content/pm/IOnAppsChangedListener.java
Aidl: framework <= frameworks/base/core/java/android/content/pm/IOnAppsChangedListener.aidl
[  1% 857/46492] build /root/worspace/aosip/out/target/common/obj/JAVA_LIBRARIES/framework_intermediates/src/core/java/android/content/pm/IOtaDexopt.java
Aidl: framework <= frameworks/base/core/java/android/content/pm/IOtaDexopt.aidl
[  1% 858/46492] build /root/worspace/aosip/out/target/common/obj/JAVA_LIBRARIES/framework_intermediates/src/core/java/android/content/pm/IPackageDataObserver.java
Aidl: framework <= frameworks/base/core/java/android/content/pm/IPackageDataObserver.aidl
[  1% 859/46492] build /root/worspace/aosip/out/target/common/obj/JAVA_LIBRARIES/framework_intermediates/src/core/java/android/content/pm/IPackageDeleteObserver.java
Aidl: framework <= frameworks/base/core/java/android/content/pm/IPackageDeleteObserver.aidl
[  1% 860/46492] build /root/worspace/aosip/out/target/common/obj/JAVA_LIBRARIES/framework_intermediates/src/core/java/android/content/pm/IPackageDeleteObserver2.java
Aidl: framework <= frameworks/base/core/java/android/content/pm/IPackageDeleteObserver2.aidl
[  1% 861/46492] build /root/worspace/aosip/out/target/common/obj/JAVA_LIBRARIES/framework_intermediates/src/core/java/android/content/pm/IPackageInstallObserver.java
Aidl: framework <= frameworks/base/core/java/android/content/pm/IPackageInstallObserver.aidl
[  1% 862/46492] build /root/worspace/aosip/out/target/common/obj/JAVA_LIBRARIES/framework_intermediates/src/core/java/android/content/pm/IPackageInstallObserver2.java
Aidl: framework <= frameworks/base/core/java/android/content/pm/IPackageInstallObserver2.aidl
[  1% 863/46492] build /root/worspace/aosip/out/target/common/obj/JAVA_LIBRARIES/framework_intermediates/src/core/java/android/content/pm/IPackageInstaller.java
Aidl: framework <= frameworks/base/core/java/android/content/pm/IPackageInstaller.aidl
[  1% 864/46492] build /root/worspace/aosip/out/target/common/obj/JAVA_LIBRARIES/framework_intermediates/src/core/java/android/content/pm/IPackageInstallerCallback.java
Aidl: framework <= frameworks/base/core/java/android/content/pm/IPackageInstallerCallback.aidl
[  1% 865/46492] build /root/worspace/aosip/out/target/common/obj/JAVA_LIBRARIES/framework_intermediates/src/core/java/android/content/pm/IPackageInstallerSession.java
Aidl: framework <= frameworks/base/core/java/android/content/pm/IPackageInstallerSession.aidl
[  1% 866/46492] build /root/worspace/aosip/out/target/common/obj/JAVA_LIBRARIES/framework_intermediates/src/core/java/android/content/pm/IPackageManager.java
Aidl: framework <= frameworks/base/core/java/android/content/pm/IPackageManager.aidl
[  1% 867/46492] build /root/worspace/aosip/out/target/common/obj/JAVA_LIBRARIES/framework_intermediates/src/core/java/android/content/pm/IPackageMoveObserver.java
Aidl: framework <= frameworks/base/core/java/android/content/pm/IPackageMoveObserver.aidl
[  1% 868/46492] build /root/worspace/aosip/out/target/common/obj/JAVA_LIBRARIES/framework_intermediates/src/core/java/android/content/pm/IPackageStatsObserver.java
Aidl: framework <= frameworks/base/core/java/android/content/pm/IPackageStatsObserver.aidl
[  1% 869/46492] build /root/worspace/aosip/out/target/common/obj/JAVA_LIBRARIES/framework_intermediates/src/core/java/android/content/pm/IOnPermissionsChangeListener.java
Aidl: framework <= frameworks/base/core/java/android/content/pm/IOnPermissionsChangeListener.aidl
[  1% 870/46492] build /root/worspace/aosip/out/target/common/obj/JAVA_LIBRARIES/framework_intermediates/src/core/java/android/content/pm/IShortcutService.java
Aidl: framework <= frameworks/base/core/java/android/content/pm/IShortcutService.aidl
[  1% 871/46492] build /root/worspace/aosip/out/target/common/obj/JAVA_LIBRARIES/framework_intermediates/src/core/java/android/content/pm/permission/IRuntimePermissionPresenter.java
Aidl: framework <= frameworks/base/core/java/android/content/pm/permission/IRuntimePermissionPresenter.aidl
[  1% 872/46492] build /root/worspace/aosip/out/target/common/obj/JAVA_LIBRARIES/framework_intermediates/src/core/java/android/database/IContentObserver.java
Aidl: framework <= frameworks/base/core/java/android/database/IContentObserver.aidl
[  1% 873/46492] build /root/worspace/aosip/out/target/common/obj/JAVA_LIBRARIES/framework_intermediates/av/camera/aidl/android/hardware/ICameraService.java
Aidl: framework <= frameworks/base/../av/camera/aidl/android/hardware/ICameraService.aidl
[  1% 874/46492] build /root/worspace/aosip/out/target/common/obj/JAVA_LIBRARIES/framework_intermediates/av/camera/aidl/android/hardware/ICameraServiceListener.java
Aidl: framework <= frameworks/base/../av/camera/aidl/android/hardware/ICameraServiceListener.aidl
[  1% 875/46492] build /root/worspace/aosip/out/target/common/obj/JAVA_LIBRARIES/framework_intermediates/av/camera/aidl/android/hardware/ICameraServiceProxy.java
Aidl: framework <= frameworks/base/../av/camera/aidl/android/hardware/ICameraServiceProxy.aidl
[  1% 876/46492] build /root/worspace/aosip/out/target/common/obj/JAVA_LIBRARIES/framework_intermediates/av/camera/aidl/android/hardware/ICamera.java
Aidl: framework <= frameworks/base/../av/camera/aidl/android/hardware/ICamera.aidl
[  1% 877/46492] build /root/worspace/aosip/out/target/common/obj/JAVA_LIBRARIES/framework_intermediates/av/camera/aidl/android/hardware/ICameraClient.java
Aidl: framework <= frameworks/base/../av/camera/aidl/android/hardware/ICameraClient.aidl
[  1% 878/46492] build /root/worspace/aosip/out/target/common/obj/JAVA_LIBRARIES/framework_intermediates/av/camera/aidl/android/hardware/camera2/ICameraDeviceUser.java
Aidl: framework <= frameworks/base/../av/camera/aidl/android/hardware/camera2/ICameraDeviceUser.aidl
[  1% 879/46492] build /root/worspace/aosip/out/target/common/obj/JAVA_LIBRARIES/framework_intermediates/av/camera/aidl/android/hardware/camera2/ICameraDeviceCallbacks.java
Aidl: framework <= frameworks/base/../av/camera/aidl/android/hardware/camera2/ICameraDeviceCallbacks.aidl
[  1% 880/46492] build /root/worspace/aosip/out/target/common/obj/JAVA_LIBRARIES/framework_intermediates/src/core/java/android/hardware/IConsumerIrService.java
Aidl: framework <= frameworks/base/core/java/android/hardware/IConsumerIrService.aidl
[  1% 881/46492] build /root/worspace/aosip/out/target/common/obj/JAVA_LIBRARIES/framework_intermediates/src/core/java/android/hardware/ISerialManager.java
Aidl: framework <= frameworks/base/core/java/android/hardware/ISerialManager.aidl
[  1% 882/46492] build /root/worspace/aosip/out/target/common/obj/JAVA_LIBRARIES/framework_intermediates/src/core/java/android/hardware/display/IDisplayManager.java
Aidl: framework <= frameworks/base/core/java/android/hardware/display/IDisplayManager.aidl
[  1% 883/46492] build /root/worspace/aosip/out/target/common/obj/JAVA_LIBRARIES/framework_intermediates/src/core/java/android/hardware/display/IDisplayManagerCallback.java
Aidl: framework <= frameworks/base/core/java/android/hardware/display/IDisplayManagerCallback.aidl
[  1% 884/46492] build /root/worspace/aosip/out/target/common/obj/JAVA_LIBRARIES/framework_intermediates/src/core/java/android/hardware/display/IVirtualDisplayCallback.java
Aidl: framework <= frameworks/base/core/java/android/hardware/display/IVirtualDisplayCallback.aidl
[  1% 885/46492] build /root/worspace/aosip/out/target/common/obj/JAVA_LIBRARIES/framework_intermediates/src/core/java/android/hardware/fingerprint/IFingerprintDaemon.java
Aidl: framework <= frameworks/base/core/java/android/hardware/fingerprint/IFingerprintDaemon.aidl
[  1% 886/46492] build /root/worspace/aosip/out/target/common/obj/JAVA_LIBRARIES/framework_intermediates/src/core/java/android/hardware/fingerprint/IFingerprintDaemonCallback.java
Aidl: framework <= frameworks/base/core/java/android/hardware/fingerprint/IFingerprintDaemonCallback.aidl
[  1% 887/46492] build /root/worspace/aosip/out/target/common/obj/JAVA_LIBRARIES/framework_intermediates/src/core/java/android/hardware/fingerprint/IFingerprintService.java
Aidl: framework <= frameworks/base/core/java/android/hardware/fingerprint/IFingerprintService.aidl
[  1% 888/46492] build /root/worspace/aosip/out/target/common/obj/JAVA_LIBRARIES/framework_intermediates/src/core/java/android/hardware/fingerprint/IFingerprintServiceLockoutResetCallback.java
Aidl: framework <= frameworks/base/core/java/android/hardware/fingerprint/IFingerprintServiceLockoutResetCallback.aidl
[  1% 889/46492] build /root/worspace/aosip/out/target/common/obj/JAVA_LIBRARIES/framework_intermediates/src/core/java/android/hardware/fingerprint/IFingerprintServiceReceiver.java
Aidl: framework <= frameworks/base/core/java/android/hardware/fingerprint/IFingerprintServiceReceiver.aidl
[  1% 890/46492] build /root/worspace/aosip/out/target/common/obj/JAVA_LIBRARIES/framework_intermediates/src/core/java/android/hardware/hdmi/IHdmiControlCallback.java
Aidl: framework <= frameworks/base/core/java/android/hardware/hdmi/IHdmiControlCallback.aidl
[  1% 891/46492] build /root/worspace/aosip/out/target/common/obj/JAVA_LIBRARIES/framework_intermediates/src/core/java/android/hardware/hdmi/IHdmiControlService.java
Aidl: framework <= frameworks/base/core/java/android/hardware/hdmi/IHdmiControlService.aidl
[  1% 892/46492] build /root/worspace/aosip/out/target/common/obj/JAVA_LIBRARIES/framework_intermediates/src/core/java/android/hardware/hdmi/IHdmiDeviceEventListener.java
Aidl: framework <= frameworks/base/core/java/android/hardware/hdmi/IHdmiDeviceEventListener.aidl
[  1% 893/46492] build /root/worspace/aosip/out/target/common/obj/JAVA_LIBRARIES/framework_intermediates/src/core/java/android/hardware/hdmi/IHdmiHotplugEventListener.java
Aidl: framework <= frameworks/base/core/java/android/hardware/hdmi/IHdmiHotplugEventListener.aidl
[  1% 894/46492] build /root/worspace/aosip/out/target/common/obj/JAVA_LIBRARIES/framework_intermediates/src/core/java/android/hardware/hdmi/IHdmiInputChangeListener.java
Aidl: framework <= frameworks/base/core/java/android/hardware/hdmi/IHdmiInputChangeListener.aidl
[  1% 895/46492] build /root/worspace/aosip/out/target/common/obj/JAVA_LIBRARIES/framework_intermediates/src/core/java/android/hardware/hdmi/IHdmiMhlVendorCommandListener.java
Aidl: framework <= frameworks/base/core/java/android/hardware/hdmi/IHdmiMhlVendorCommandListener.aidl
[  1% 896/46492] build /root/worspace/aosip/out/target/common/obj/JAVA_LIBRARIES/framework_intermediates/src/core/java/android/hardware/hdmi/IHdmiRecordListener.java
Aidl: framework <= frameworks/base/core/java/android/hardware/hdmi/IHdmiRecordListener.aidl
[  1% 897/46492] build /root/worspace/aosip/out/target/common/obj/JAVA_LIBRARIES/framework_intermediates/src/core/java/android/hardware/hdmi/IHdmiSystemAudioModeChangeListener.java
Aidl: framework <= frameworks/base/core/java/android/hardware/hdmi/IHdmiSystemAudioModeChangeListener.aidl
[  1% 898/46492] build /root/worspace/aosip/out/target/common/obj/JAVA_LIBRARIES/framework_intermediates/src/core/java/android/hardware/hdmi/IHdmiVendorCommandListener.java
Aidl: framework <= frameworks/base/core/java/android/hardware/hdmi/IHdmiVendorCommandListener.aidl
[  1% 899/46492] build /root/worspace/aosip/out/target/common/obj/JAVA_LIBRARIES/framework_intermediates/src/core/java/android/hardware/input/IInputManager.java
Aidl: framework <= frameworks/base/core/java/android/hardware/input/IInputManager.aidl
[  1% 900/46492] build /root/worspace/aosip/out/target/common/obj/JAVA_LIBRARIES/framework_intermediates/src/core/java/android/hardware/input/IInputDevicesChangedListener.java
Aidl: framework <= frameworks/base/core/java/android/hardware/input/IInputDevicesChangedListener.aidl
[  1% 901/46492] build /root/worspace/aosip/out/target/common/obj/JAVA_LIBRARIES/framework_intermediates/src/core/java/android/hardware/input/ITabletModeChangedListener.java
Aidl: framework <= frameworks/base/core/java/android/hardware/input/ITabletModeChangedListener.aidl
[  1% 902/46492] build /root/worspace/aosip/out/target/common/obj/JAVA_LIBRARIES/framework_intermediates/src/core/java/android/hardware/location/IActivityRecognitionHardware.java
Aidl: framework <= frameworks/base/core/java/android/hardware/location/IActivityRecognitionHardware.aidl
[  1% 903/46492] build /root/worspace/aosip/out/target/common/obj/JAVA_LIBRARIES/framework_intermediates/src/core/java/android/hardware/location/IActivityRecognitionHardwareClient.java
Aidl: framework <= frameworks/base/core/java/android/hardware/location/IActivityRecognitionHardwareClient.aidl
[  1% 904/46492] build /root/worspace/aosip/out/target/common/obj/JAVA_LIBRARIES/framework_intermediates/src/core/java/android/hardware/location/IActivityRecognitionHardwareSink.java
Aidl: framework <= frameworks/base/core/java/android/hardware/location/IActivityRecognitionHardwareSink.aidl
[  1% 905/46492] build /root/worspace/aosip/out/target/common/obj/JAVA_LIBRARIES/framework_intermediates/src/core/java/android/hardware/location/IFusedLocationHardware.java
Aidl: framework <= frameworks/base/core/java/android/hardware/location/IFusedLocationHardware.aidl
[  1% 906/46492] build /root/worspace/aosip/out/target/common/obj/JAVA_LIBRARIES/framework_intermediates/src/core/java/com/android/internal/app/IVoiceInteractorRequest.java
Aidl: framework <= frameworks/base/core/java/com/android/internal/app/IVoiceInteractorRequest.aidl
[  1% 907/46492] build /root/worspace/aosip/out/target/common/obj/JAVA_LIBRARIES/framework_intermediates/src/core/java/android/hardware/location/IActivityRecognitionHardwareWatcher.java
Aidl: framework <= frameworks/base/core/java/android/hardware/location/IActivityRecognitionHardwareWatcher.aidl
[  1% 908/46492] build /root/worspace/aosip/out/target/common/obj/JAVA_LIBRARIES/framework_intermediates/src/core/java/android/hardware/location/IFusedLocationHardwareSink.java
Aidl: framework <= frameworks/base/core/java/android/hardware/location/IFusedLocationHardwareSink.aidl
[  1% 909/46492] build /root/worspace/aosip/out/target/common/obj/JAVA_LIBRARIES/framework_intermediates/src/core/java/android/hardware/location/IGeofenceHardware.java
Aidl: framework <= frameworks/base/core/java/android/hardware/location/IGeofenceHardware.aidl
[  1% 910/46492] build /root/worspace/aosip/out/target/common/obj/JAVA_LIBRARIES/framework_intermediates/src/core/java/android/hardware/location/IGeofenceHardwareCallback.java
Aidl: framework <= frameworks/base/core/java/android/hardware/location/IGeofenceHardwareCallback.aidl
[  1% 911/46492] build /root/worspace/aosip/out/target/common/obj/JAVA_LIBRARIES/framework_intermediates/src/core/java/android/hardware/location/IGeofenceHardwareMonitorCallback.java
Aidl: framework <= frameworks/base/core/java/android/hardware/location/IGeofenceHardwareMonitorCallback.aidl
[  1% 912/46492] build /root/worspace/aosip/out/target/common/obj/JAVA_LIBRARIES/framework_intermediates/src/core/java/android/hardware/location/IContextHubCallback.java
Aidl: framework <= frameworks/base/core/java/android/hardware/location/IContextHubCallback.aidl
[  1% 913/46492] build /root/worspace/aosip/out/target/common/obj/JAVA_LIBRARIES/framework_intermediates/src/core/java/android/hardware/location/IContextHubService.java
Aidl: framework <= frameworks/base/core/java/android/hardware/location/IContextHubService.aidl
[  1% 914/46492] build /root/worspace/aosip/out/target/common/obj/JAVA_LIBRARIES/framework_intermediates/src/core/java/android/hardware/soundtrigger/IRecognitionStatusCallback.java
Aidl: framework <= frameworks/base/core/java/android/hardware/soundtrigger/IRecognitionStatusCallback.aidl
[  1% 915/46492] build /root/worspace/aosip/out/target/common/obj/JAVA_LIBRARIES/framework_intermediates/src/core/java/android/hardware/usb/IUsbManager.java
Aidl: framework <= frameworks/base/core/java/android/hardware/usb/IUsbManager.aidl
[  1% 916/46492] build /root/worspace/aosip/out/target/common/obj/JAVA_LIBRARIES/framework_intermediates/src/core/java/android/net/ICaptivePortal.java
Aidl: framework <= frameworks/base/core/java/android/net/ICaptivePortal.aidl
[  1% 917/46492] build /root/worspace/aosip/out/target/common/obj/JAVA_LIBRARIES/framework_intermediates/src/core/java/android/net/IConnectivityManager.java
Aidl: framework <= frameworks/base/core/java/android/net/IConnectivityManager.aidl
[  1% 918/46492] build /root/worspace/aosip/out/target/common/obj/JAVA_LIBRARIES/framework_intermediates/src/core/java/android/net/IConnectivityMetricsLogger.java
Aidl: framework <= frameworks/base/core/java/android/net/IConnectivityMetricsLogger.aidl
[  1% 919/46492] build /root/worspace/aosip/out/target/common/obj/JAVA_LIBRARIES/framework_intermediates/src/core/java/android/net/IIpConnectivityMetrics.java
Aidl: framework <= frameworks/base/core/java/android/net/IIpConnectivityMetrics.aidl
[  1% 920/46492] build /root/worspace/aosip/out/target/common/obj/JAVA_LIBRARIES/framework_intermediates/src/core/java/android/net/IEthernetManager.java
Aidl: framework <= frameworks/base/core/java/android/net/IEthernetManager.aidl
[  1% 921/46492] build /root/worspace/aosip/out/target/common/obj/JAVA_LIBRARIES/framework_intermediates/src/core/java/android/net/IEthernetServiceListener.java
Aidl: framework <= frameworks/base/core/java/android/net/IEthernetServiceListener.aidl
[  1% 922/46492] build /root/worspace/aosip/out/target/common/obj/JAVA_LIBRARIES/framework_intermediates/src/core/java/android/net/INetdEventCallback.java
Aidl: framework <= frameworks/base/core/java/android/net/INetdEventCallback.aidl
[  1% 923/46492] build /root/worspace/aosip/out/target/common/obj/JAVA_LIBRARIES/framework_intermediates/src/core/java/android/net/INetworkManagementEventObserver.java
Aidl: framework <= frameworks/base/core/java/android/net/INetworkManagementEventObserver.aidl
[  1% 924/46492] build /root/worspace/aosip/out/target/common/obj/JAVA_LIBRARIES/framework_intermediates/src/core/java/android/net/INetworkPolicyListener.java
Aidl: framework <= frameworks/base/core/java/android/net/INetworkPolicyListener.aidl
[  1% 925/46492] build /root/worspace/aosip/out/target/common/obj/JAVA_LIBRARIES/framework_intermediates/src/core/java/android/net/INetworkPolicyManager.java
Aidl: framework <= frameworks/base/core/java/android/net/INetworkPolicyManager.aidl
[  1% 926/46492] build /root/worspace/aosip/out/target/common/obj/JAVA_LIBRARIES/framework_intermediates/src/core/java/android/net/INetworkScoreCache.java
Aidl: framework <= frameworks/base/core/java/android/net/INetworkScoreCache.aidl
[  1% 927/46492] build /root/worspace/aosip/out/target/common/obj/JAVA_LIBRARIES/framework_intermediates/src/core/java/android/net/INetworkScoreService.java
Aidl: framework <= frameworks/base/core/java/android/net/INetworkScoreService.aidl
[  1% 928/46492] build /root/worspace/aosip/out/target/common/obj/JAVA_LIBRARIES/framework_intermediates/src/core/java/android/net/INetworkStatsService.java
Aidl: framework <= frameworks/base/core/java/android/net/INetworkStatsService.aidl
[  1% 929/46492] build /root/worspace/aosip/out/target/common/obj/JAVA_LIBRARIES/framework_intermediates/src/core/java/android/net/INetworkStatsSession.java
Aidl: framework <= frameworks/base/core/java/android/net/INetworkStatsSession.aidl
[  2% 930/46492] build /root/worspace/aosip/out/target/common/obj/JAVA_LIBRARIES/framework_intermediates/src/core/java/android/net/nsd/INsdManager.java
Aidl: framework <= frameworks/base/core/java/android/net/nsd/INsdManager.aidl
[  2% 931/46492] build /root/worspace/aosip/out/target/common/obj/JAVA_LIBRARIES/framework_intermediates/src/core/java/android/nfc/IAppCallback.java
Aidl: framework <= frameworks/base/core/java/android/nfc/IAppCallback.aidl
[  2% 932/46492] build /root/worspace/aosip/out/target/common/obj/JAVA_LIBRARIES/framework_intermediates/src/core/java/android/nfc/INfcAdapter.java
Aidl: framework <= frameworks/base/core/java/android/nfc/INfcAdapter.aidl
[  2% 933/46492] build /root/worspace/aosip/out/target/common/obj/JAVA_LIBRARIES/framework_intermediates/src/core/java/android/nfc/INfcAdapterExtras.java
Aidl: framework <= frameworks/base/core/java/android/nfc/INfcAdapterExtras.aidl
[  2% 934/46492] build /root/worspace/aosip/out/target/common/obj/JAVA_LIBRARIES/framework_intermediates/src/core/java/android/nfc/INfcTag.java
Aidl: framework <= frameworks/base/core/java/android/nfc/INfcTag.aidl
[  2% 935/46492] build /root/worspace/aosip/out/target/common/obj/JAVA_LIBRARIES/framework_intermediates/src/core/java/android/nfc/INfcCardEmulation.java
Aidl: framework <= frameworks/base/core/java/android/nfc/INfcCardEmulation.aidl
[  2% 936/46492] build /root/worspace/aosip/out/target/common/obj/JAVA_LIBRARIES/framework_intermediates/src/core/java/android/nfc/INfcFCardEmulation.java
Aidl: framework <= frameworks/base/core/java/android/nfc/INfcFCardEmulation.aidl
[  2% 937/46492] build /root/worspace/aosip/out/target/common/obj/JAVA_LIBRARIES/framework_intermediates/src/core/java/android/nfc/INfcUnlockHandler.java
Aidl: framework <= frameworks/base/core/java/android/nfc/INfcUnlockHandler.aidl
[  2% 938/46492] build /root/worspace/aosip/out/target/common/obj/JAVA_LIBRARIES/framework_intermediates/src/core/java/android/nfc/ITagRemovedCallback.java
Aidl: framework <= frameworks/base/core/java/android/nfc/ITagRemovedCallback.aidl
[  2% 939/46492] build /root/worspace/aosip/out/target/common/obj/JAVA_LIBRARIES/framework_intermediates/src/core/java/android/os/IBatteryPropertiesListener.java
Aidl: framework <= frameworks/base/core/java/android/os/IBatteryPropertiesListener.aidl
[  2% 940/46492] build /root/worspace/aosip/out/target/common/obj/JAVA_LIBRARIES/framework_intermediates/src/core/java/android/os/IBatteryPropertiesRegistrar.java
Aidl: framework <= frameworks/base/core/java/android/os/IBatteryPropertiesRegistrar.aidl
[  2% 941/46492] build /root/worspace/aosip/out/target/common/obj/JAVA_LIBRARIES/framework_intermediates/src/core/java/android/os/ICancellationSignal.java
Aidl: framework <= frameworks/base/core/java/android/os/ICancellationSignal.aidl
[  2% 942/46492] build /root/worspace/aosip/out/target/common/obj/JAVA_LIBRARIES/framework_intermediates/src/core/java/android/os/IDeviceIdleController.java
Aidl: framework <= frameworks/base/core/java/android/os/IDeviceIdleController.aidl
[  2% 943/46492] build /root/worspace/aosip/out/target/common/obj/JAVA_LIBRARIES/framework_intermediates/src/core/java/android/os/IHardwarePropertiesManager.java
Aidl: framework <= frameworks/base/core/java/android/os/IHardwarePropertiesManager.aidl
[  2% 944/46492] build /root/worspace/aosip/out/target/common/obj/JAVA_LIBRARIES/framework_intermediates/src/core/java/android/os/IMaintenanceActivityListener.java
Aidl: framework <= frameworks/base/core/java/android/os/IMaintenanceActivityListener.aidl
[  2% 945/46492] build /root/worspace/aosip/out/target/common/obj/JAVA_LIBRARIES/framework_intermediates/src/core/java/android/os/IMessenger.java
Aidl: framework <= frameworks/base/core/java/android/os/IMessenger.aidl
[  2% 946/46492] build /root/worspace/aosip/out/target/common/obj/JAVA_LIBRARIES/framework_intermediates/src/core/java/android/os/INetworkActivityListener.java
Aidl: framework <= frameworks/base/core/java/android/os/INetworkActivityListener.aidl
[  2% 947/46492] build /root/worspace/aosip/out/target/common/obj/JAVA_LIBRARIES/framework_intermediates/src/core/java/android/os/INetworkManagementService.java
Aidl: framework <= frameworks/base/core/java/android/os/INetworkManagementService.aidl
[  2% 948/46492] build /root/worspace/aosip/out/target/common/obj/JAVA_LIBRARIES/framework_intermediates/src/core/java/android/os/IPermissionController.java
Aidl: framework <= frameworks/base/core/java/android/os/IPermissionController.aidl
[  2% 949/46492] build /root/worspace/aosip/out/target/common/obj/JAVA_LIBRARIES/framework_intermediates/src/core/java/android/os/IProcessInfoService.java
Aidl: framework <= frameworks/base/core/java/android/os/IProcessInfoService.aidl
[  2% 950/46492] build /root/worspace/aosip/out/target/common/obj/JAVA_LIBRARIES/framework_intermediates/src/core/java/android/os/IProgressListener.java
Aidl: framework <= frameworks/base/core/java/android/os/IProgressListener.aidl
[  2% 951/46492] build /root/worspace/aosip/out/target/common/obj/JAVA_LIBRARIES/framework_intermediates/src/core/java/android/os/IPowerManager.java
Aidl: framework <= frameworks/base/core/java/android/os/IPowerManager.aidl
[  2% 952/46492] build /root/worspace/aosip/out/target/common/obj/JAVA_LIBRARIES/framework_intermediates/src/core/java/android/os/IRecoverySystem.java
Aidl: framework <= frameworks/base/core/java/android/os/IRecoverySystem.aidl
[  2% 953/46492] build /root/worspace/aosip/out/target/common/obj/JAVA_LIBRARIES/framework_intermediates/src/core/java/android/os/IRecoverySystemProgressListener.java
Aidl: framework <= frameworks/base/core/java/android/os/IRecoverySystemProgressListener.aidl
[  2% 954/46492] build /root/worspace/aosip/out/target/common/obj/JAVA_LIBRARIES/framework_intermediates/src/core/java/android/os/IRemoteCallback.java
Aidl: framework <= frameworks/base/core/java/android/os/IRemoteCallback.aidl
[  2% 955/46492] build /root/worspace/aosip/out/target/common/obj/JAVA_LIBRARIES/framework_intermediates/src/core/java/android/os/ISchedulingPolicyService.java
Aidl: framework <= frameworks/base/core/java/android/os/ISchedulingPolicyService.aidl
[  2% 956/46492] build /root/worspace/aosip/out/target/common/obj/JAVA_LIBRARIES/framework_intermediates/src/core/java/android/os/IUpdateLock.java
Aidl: framework <= frameworks/base/core/java/android/os/IUpdateLock.aidl
[  2% 957/46492] build /root/worspace/aosip/out/target/common/obj/JAVA_LIBRARIES/framework_intermediates/src/core/java/android/os/IUserManager.java
Aidl: framework <= frameworks/base/core/java/android/os/IUserManager.aidl
[  2% 958/46492] build /root/worspace/aosip/out/target/common/obj/JAVA_LIBRARIES/framework_intermediates/src/core/java/android/os/IVibratorService.java
Aidl: framework <= frameworks/base/core/java/android/os/IVibratorService.aidl
[  2% 959/46492] build /root/worspace/aosip/out/target/common/obj/JAVA_LIBRARIES/framework_intermediates/src/core/java/android/security/IKeystoreService.java
Aidl: framework <= frameworks/base/core/java/android/security/IKeystoreService.aidl
[  2% 960/46492] build /root/worspace/aosip/out/target/common/obj/JAVA_LIBRARIES/framework_intermediates/src/core/java/android/service/carrier/ICarrierService.java
Aidl: framework <= frameworks/base/core/java/android/service/carrier/ICarrierService.aidl
[  2% 961/46492] build /root/worspace/aosip/out/target/common/obj/JAVA_LIBRARIES/framework_intermediates/src/core/java/android/service/carrier/ICarrierMessagingCallback.java
Aidl: framework <= frameworks/base/core/java/android/service/carrier/ICarrierMessagingCallback.aidl
[  2% 962/46492] build /root/worspace/aosip/out/target/common/obj/JAVA_LIBRARIES/framework_intermediates/src/core/java/android/service/carrier/ICarrierMessagingService.java
Aidl: framework <= frameworks/base/core/java/android/service/carrier/ICarrierMessagingService.aidl
[  2% 963/46492] build /root/worspace/aosip/out/target/common/obj/JAVA_LIBRARIES/framework_intermediates/src/core/java/android/service/gatekeeper/IGateKeeperService.java
Aidl: framework <= frameworks/base/core/java/android/service/gatekeeper/IGateKeeperService.aidl
[  2% 964/46492] build /root/worspace/aosip/out/target/common/obj/JAVA_LIBRARIES/framework_intermediates/src/core/java/android/service/notification/INotificationListener.java
Aidl: framework <= frameworks/base/core/java/android/service/notification/INotificationListener.aidl
[  2% 965/46492] build /root/worspace/aosip/out/target/common/obj/JAVA_LIBRARIES/framework_intermediates/src/core/java/android/service/notification/IStatusBarNotificationHolder.java
Aidl: framework <= frameworks/base/core/java/android/service/notification/IStatusBarNotificationHolder.aidl
[  2% 966/46492] build /root/worspace/aosip/out/target/common/obj/JAVA_LIBRARIES/framework_intermediates/src/core/java/android/service/notification/IConditionListener.java
Aidl: framework <= frameworks/base/core/java/android/service/notification/IConditionListener.aidl
[  2% 967/46492] build /root/worspace/aosip/out/target/common/obj/JAVA_LIBRARIES/framework_intermediates/src/core/java/android/service/notification/IConditionProvider.java
Aidl: framework <= frameworks/base/core/java/android/service/notification/IConditionProvider.aidl
[  2% 968/46492] build /root/worspace/aosip/out/target/common/obj/JAVA_LIBRARIES/framework_intermediates/src/core/java/android/service/vr/IVrListener.java
Aidl: framework <= frameworks/base/core/java/android/service/vr/IVrListener.aidl
[  2% 969/46492] build /root/worspace/aosip/out/target/common/obj/JAVA_LIBRARIES/framework_intermediates/src/core/java/android/service/vr/IVrManager.java
Aidl: framework <= frameworks/base/core/java/android/service/vr/IVrManager.aidl
[  2% 970/46492] build /root/worspace/aosip/out/target/common/obj/JAVA_LIBRARIES/framework_intermediates/src/core/java/android/service/vr/IVrStateCallbacks.java
Aidl: framework <= frameworks/base/core/java/android/service/vr/IVrStateCallbacks.aidl
[  2% 971/46492] build /root/worspace/aosip/out/target/common/obj/JAVA_LIBRARIES/framework_intermediates/src/core/java/android/print/ILayoutResultCallback.java
Aidl: framework <= frameworks/base/core/java/android/print/ILayoutResultCallback.aidl
[  2% 972/46492] build /root/worspace/aosip/out/target/common/obj/JAVA_LIBRARIES/framework_intermediates/src/core/java/android/print/IPrinterDiscoveryObserver.java
Aidl: framework <= frameworks/base/core/java/android/print/IPrinterDiscoveryObserver.aidl
[  2% 973/46492] build /root/worspace/aosip/out/target/common/obj/JAVA_LIBRARIES/framework_intermediates/src/core/java/android/print/IPrintDocumentAdapter.java
Aidl: framework <= frameworks/base/core/java/android/print/IPrintDocumentAdapter.aidl
[  2% 974/46492] build /root/worspace/aosip/out/target/common/obj/JAVA_LIBRARIES/framework_intermediates/src/core/java/android/print/IPrintDocumentAdapterObserver.java
Aidl: framework <= frameworks/base/core/java/android/print/IPrintDocumentAdapterObserver.aidl
[  2% 975/46492] build /root/worspace/aosip/out/target/common/obj/JAVA_LIBRARIES/framework_intermediates/src/core/java/android/print/IPrintJobStateChangeListener.java
Aidl: framework <= frameworks/base/core/java/android/print/IPrintJobStateChangeListener.aidl
[  2% 976/46492] build /root/worspace/aosip/out/target/common/obj/JAVA_LIBRARIES/framework_intermediates/src/core/java/android/print/IPrintServicesChangeListener.java
Aidl: framework <= frameworks/base/core/java/android/print/IPrintServicesChangeListener.aidl
[  2% 977/46492] build /root/worspace/aosip/out/target/common/obj/JAVA_LIBRARIES/framework_intermediates/src/core/java/android/printservice/recommendation/IRecommendationsChangeListener.java
Aidl: framework <= frameworks/base/core/java/android/printservice/recommendation/IRecommendationsChangeListener.aidl
[  2% 978/46492] build /root/worspace/aosip/out/target/common/obj/JAVA_LIBRARIES/framework_intermediates/src/core/java/android/print/IPrintManager.java
Aidl: framework <= frameworks/base/core/java/android/print/IPrintManager.aidl
[  2% 979/46492] build /root/worspace/aosip/out/target/common/obj/JAVA_LIBRARIES/framework_intermediates/src/core/java/android/print/IPrintSpooler.java
Aidl: framework <= frameworks/base/core/java/android/print/IPrintSpooler.aidl
[  2% 980/46492] build /root/worspace/aosip/out/target/common/obj/JAVA_LIBRARIES/framework_intermediates/src/core/java/android/print/IPrintSpoolerCallbacks.java
Aidl: framework <= frameworks/base/core/java/android/print/IPrintSpoolerCallbacks.aidl
[  2% 981/46492] build /root/worspace/aosip/out/target/common/obj/JAVA_LIBRARIES/framework_intermediates/src/core/java/android/print/IPrintSpoolerClient.java
Aidl: framework <= frameworks/base/core/java/android/print/IPrintSpoolerClient.aidl
[  2% 982/46492] build /root/worspace/aosip/out/target/common/obj/JAVA_LIBRARIES/framework_intermediates/src/core/java/android/printservice/recommendation/IRecommendationServiceCallbacks.java
Aidl: framework <= frameworks/base/core/java/android/printservice/recommendation/IRecommendationServiceCallbacks.aidl
[  2% 983/46492] build /root/worspace/aosip/out/target/common/obj/JAVA_LIBRARIES/framework_intermediates/src/core/java/android/printservice/recommendation/IRecommendationService.java
Aidl: framework <= frameworks/base/core/java/android/printservice/recommendation/IRecommendationService.aidl
[  2% 984/46492] build /root/worspace/aosip/out/target/common/obj/JAVA_LIBRARIES/framework_intermediates/src/core/java/android/print/IWriteResultCallback.java
Aidl: framework <= frameworks/base/core/java/android/print/IWriteResultCallback.aidl
[  2% 985/46492] build /root/worspace/aosip/out/target/common/obj/JAVA_LIBRARIES/framework_intermediates/src/core/java/android/printservice/IPrintService.java
Aidl: framework <= frameworks/base/core/java/android/printservice/IPrintService.aidl
[  2% 986/46492] build /root/worspace/aosip/out/target/common/obj/JAVA_LIBRARIES/framework_intermediates/src/core/java/android/printservice/IPrintServiceClient.java
Aidl: framework <= frameworks/base/core/java/android/printservice/IPrintServiceClient.aidl
[  2% 987/46492] build /root/worspace/aosip/out/target/common/obj/JAVA_LIBRARIES/framework_intermediates/src/core/java/android/service/dreams/IDreamManager.java
Aidl: framework <= frameworks/base/core/java/android/service/dreams/IDreamManager.aidl
[  2% 988/46492] build /root/worspace/aosip/out/target/common/obj/JAVA_LIBRARIES/framework_intermediates/src/core/java/android/service/dreams/IDreamService.java
Aidl: framework <= frameworks/base/core/java/android/service/dreams/IDreamService.aidl
[  2% 989/46492] build /root/worspace/aosip/out/target/common/obj/JAVA_LIBRARIES/framework_intermediates/src/core/java/android/service/persistentdata/IPersistentDataBlockService.java
Aidl: framework <= frameworks/base/core/java/android/service/persistentdata/IPersistentDataBlockService.aidl
[  2% 990/46492] build /root/worspace/aosip/out/target/common/obj/JAVA_LIBRARIES/framework_intermediates/src/core/java/android/service/trust/ITrustAgentService.java
Aidl: framework <= frameworks/base/core/java/android/service/trust/ITrustAgentService.aidl
[  2% 991/46492] build /root/worspace/aosip/out/target/common/obj/JAVA_LIBRARIES/framework_intermediates/src/core/java/android/service/trust/ITrustAgentServiceCallback.java
Aidl: framework <= frameworks/base/core/java/android/service/trust/ITrustAgentServiceCallback.aidl
[  2% 992/46492] build /root/worspace/aosip/out/target/common/obj/JAVA_LIBRARIES/framework_intermediates/src/core/java/android/service/voice/IVoiceInteractionService.java
Aidl: framework <= frameworks/base/core/java/android/service/voice/IVoiceInteractionService.aidl
[  2% 993/46492] build /root/worspace/aosip/out/target/common/obj/JAVA_LIBRARIES/framework_intermediates/src/core/java/android/service/voice/IVoiceInteractionSession.java
Aidl: framework <= frameworks/base/core/java/android/service/voice/IVoiceInteractionSession.aidl
[  2% 994/46492] build /root/worspace/aosip/out/target/common/obj/JAVA_LIBRARIES/framework_intermediates/src/core/java/android/service/voice/IVoiceInteractionSessionService.java
Aidl: framework <= frameworks/base/core/java/android/service/voice/IVoiceInteractionSessionService.aidl
[  2% 995/46492] build /root/worspace/aosip/out/target/common/obj/JAVA_LIBRARIES/framework_intermediates/src/core/java/android/service/gesture/IGestureService.java
Aidl: framework <= frameworks/base/core/java/android/service/gesture/IGestureService.aidl
[  2% 996/46492] build /root/worspace/aosip/out/target/common/obj/JAVA_LIBRARIES/framework_intermediates/src/core/java/android/service/wallpaper/IWallpaperConnection.java
Aidl: framework <= frameworks/base/core/java/android/service/wallpaper/IWallpaperConnection.aidl
[  2% 997/46492] build /root/worspace/aosip/out/target/common/obj/JAVA_LIBRARIES/framework_intermediates/src/core/java/android/service/chooser/IChooserTargetResult.java
Aidl: framework <= frameworks/base/core/java/android/service/chooser/IChooserTargetResult.aidl
[  2% 998/46492] build /root/worspace/aosip/out/target/common/obj/JAVA_LIBRARIES/framework_intermediates/src/core/java/android/view/accessibility/IAccessibilityInteractionConnection.java
Aidl: framework <= frameworks/base/core/java/android/view/accessibility/IAccessibilityInteractionConnection.aidl
[  2% 999/46492] build /root/worspace/aosip/out/target/common/obj/JAVA_LIBRARIES/framework_intermediates/src/core/java/android/view/accessibility/IAccessibilityInteractionConnectionCallback.java
Aidl: framework <= frameworks/base/core/java/android/view/accessibility/IAccessibilityInteractionConnectionCallback.aidl
[  2% 1000/46492] build /root/worspace/aosip/out/target/common/obj/JAVA_LIBRARIES/framework_intermediates/src/core/java/android/view/accessibility/IAccessibilityManager.java
Aidl: framework <= frameworks/base/core/java/android/view/accessibility/IAccessibilityManager.aidl
[  2% 1001/46492] build /root/worspace/aosip/out/target/common/obj/JAVA_LIBRARIES/framework_intermediates/src/core/java/android/view/accessibility/IAccessibilityManagerClient.java
Aidl: framework <= frameworks/base/core/java/android/view/accessibility/IAccessibilityManagerClient.aidl
[  2% 1002/46492] build /root/worspace/aosip/out/target/common/obj/JAVA_LIBRARIES/framework_intermediates/src/core/java/android/view/IApplicationToken.java
Aidl: framework <= frameworks/base/core/java/android/view/IApplicationToken.aidl
[  2% 1003/46492] build /root/worspace/aosip/out/target/common/obj/JAVA_LIBRARIES/framework_intermediates/src/core/java/android/view/IAppTransitionAnimationSpecsFuture.java
Aidl: framework <= frameworks/base/core/java/android/view/IAppTransitionAnimationSpecsFuture.aidl
[  2% 1004/46492] build /root/worspace/aosip/out/target/common/obj/JAVA_LIBRARIES/framework_intermediates/src/core/java/android/view/IAssetAtlas.java
Aidl: framework <= frameworks/base/core/java/android/view/IAssetAtlas.aidl
[  2% 1005/46492] build /root/worspace/aosip/out/target/common/obj/JAVA_LIBRARIES/framework_intermediates/src/core/java/android/view/IDockedStackListener.java
Aidl: framework <= frameworks/base/core/java/android/view/IDockedStackListener.aidl
[  2% 1006/46492] build /root/worspace/aosip/out/target/common/obj/JAVA_LIBRARIES/framework_intermediates/src/core/java/android/view/IGraphicsStats.java
Aidl: framework <= frameworks/base/core/java/android/view/IGraphicsStats.aidl
[  2% 1007/46492] build /root/worspace/aosip/out/target/common/obj/JAVA_LIBRARIES/framework_intermediates/src/core/java/android/view/IInputFilter.java
Aidl: framework <= frameworks/base/core/java/android/view/IInputFilter.aidl
[  2% 1008/46492] build /root/worspace/aosip/out/target/common/obj/JAVA_LIBRARIES/framework_intermediates/src/core/java/android/view/IInputFilterHost.java
Aidl: framework <= frameworks/base/core/java/android/view/IInputFilterHost.aidl
[  2% 1009/46492] build /root/worspace/aosip/out/target/common/obj/JAVA_LIBRARIES/framework_intermediates/src/core/java/android/view/IOnKeyguardExitResult.java
Aidl: framework <= frameworks/base/core/java/android/view/IOnKeyguardExitResult.aidl
[  2% 1010/46492] build /root/worspace/aosip/out/target/common/obj/JAVA_LIBRARIES/framework_intermediates/src/core/java/android/view/IRotationWatcher.java
Aidl: framework <= frameworks/base/core/java/android/view/IRotationWatcher.aidl
[  2% 1011/46492] build /root/worspace/aosip/out/target/common/obj/JAVA_LIBRARIES/framework_intermediates/src/core/java/android/view/IWindow.java
Aidl: framework <= frameworks/base/core/java/android/view/IWindow.aidl
[  2% 1012/46492] build /root/worspace/aosip/out/target/common/obj/JAVA_LIBRARIES/framework_intermediates/src/core/java/android/view/IWindowFocusObserver.java
Aidl: framework <= frameworks/base/core/java/android/view/IWindowFocusObserver.aidl
[  2% 1013/46492] build /root/worspace/aosip/out/target/common/obj/JAVA_LIBRARIES/framework_intermediates/src/core/java/android/view/IWindowId.java
Aidl: framework <= frameworks/base/core/java/android/view/IWindowId.aidl
[  2% 1014/46492] build /root/worspace/aosip/out/target/common/obj/JAVA_LIBRARIES/framework_intermediates/src/core/java/android/view/IWindowManager.java
Aidl: framework <= frameworks/base/core/java/android/view/IWindowManager.aidl
[  2% 1015/46492] build /root/worspace/aosip/out/target/common/obj/JAVA_LIBRARIES/framework_intermediates/src/core/java/android/view/IWindowSession.java
Aidl: framework <= frameworks/base/core/java/android/view/IWindowSession.aidl
[  2% 1016/46492] build /root/worspace/aosip/out/target/common/obj/JAVA_LIBRARIES/framework_intermediates/src/core/java/android/view/IWindowSessionCallback.java
Aidl: framework <= frameworks/base/core/java/android/view/IWindowSessionCallback.aidl
[  2% 1017/46492] build /root/worspace/aosip/out/target/common/obj/JAVA_LIBRARIES/framework_intermediates/src/core/java/android/webkit/IWebViewUpdateService.java
Aidl: framework <= frameworks/base/core/java/android/webkit/IWebViewUpdateService.aidl
[  2% 1018/46492] build /root/worspace/aosip/out/target/common/obj/JAVA_LIBRARIES/framework_intermediates/src/core/java/android/speech/IRecognitionListener.java
Aidl: framework <= frameworks/base/core/java/android/speech/IRecognitionListener.aidl
[  2% 1019/46492] build /root/worspace/aosip/out/target/common/obj/JAVA_LIBRARIES/framework_intermediates/src/core/java/android/speech/IRecognitionService.java
Aidl: framework <= frameworks/base/core/java/android/speech/IRecognitionService.aidl
[  2% 1020/46492] build /root/worspace/aosip/out/target/common/obj/JAVA_LIBRARIES/framework_intermediates/src/core/java/android/speech/tts/ITextToSpeechCallback.java
Aidl: framework <= frameworks/base/core/java/android/speech/tts/ITextToSpeechCallback.aidl
[  2% 1021/46492] build /root/worspace/aosip/out/target/common/obj/JAVA_LIBRARIES/framework_intermediates/src/core/java/android/speech/tts/ITextToSpeechService.java
Aidl: framework <= frameworks/base/core/java/android/speech/tts/ITextToSpeechService.aidl
[  2% 1022/46492] build /root/worspace/aosip/out/target/common/obj/JAVA_LIBRARIES/framework_intermediates/src/core/java/com/android/internal/app/IAppOpsCallback.java
Aidl: framework <= frameworks/base/core/java/com/android/internal/app/IAppOpsCallback.aidl
[  2% 1023/46492] build /root/worspace/aosip/out/target/common/obj/JAVA_LIBRARIES/framework_intermediates/src/core/java/com/android/internal/app/IAppOpsService.java
Aidl: framework <= frameworks/base/core/java/com/android/internal/app/IAppOpsService.aidl
[  2% 1024/46492] build /root/worspace/aosip/out/target/common/obj/JAVA_LIBRARIES/framework_intermediates/src/core/java/com/android/internal/app/IAssistScreenshotReceiver.java
Aidl: framework <= frameworks/base/core/java/com/android/internal/app/IAssistScreenshotReceiver.aidl
[  2% 1025/46492] build /root/worspace/aosip/out/target/common/obj/JAVA_LIBRARIES/framework_intermediates/src/core/java/com/android/internal/app/IBatteryStats.java
Aidl: framework <= frameworks/base/core/java/com/android/internal/app/IBatteryStats.aidl
[  2% 1026/46492] build /root/worspace/aosip/out/target/common/obj/JAVA_LIBRARIES/framework_intermediates/src/core/java/com/android/internal/app/ISoundTriggerService.java
Aidl: framework <= frameworks/base/core/java/com/android/internal/app/ISoundTriggerService.aidl
[  2% 1027/46492] build /root/worspace/aosip/out/target/common/obj/JAVA_LIBRARIES/framework_intermediates/src/core/java/com/android/internal/app/IVoiceInteractionManagerService.java
Aidl: framework <= frameworks/base/core/java/com/android/internal/app/IVoiceInteractionManagerService.aidl
[  2% 1028/46492] build /root/worspace/aosip/out/target/common/obj/JAVA_LIBRARIES/framework_intermediates/src/core/java/com/android/internal/app/IVoiceInteractionSessionListener.java
Aidl: framework <= frameworks/base/core/java/com/android/internal/app/IVoiceInteractionSessionListener.aidl
[  2% 1029/46492] build /root/worspace/aosip/out/target/common/obj/JAVA_LIBRARIES/framework_intermediates/src/core/java/com/android/internal/app/IVoiceInteractionSessionShowCallback.java
Aidl: framework <= frameworks/base/core/java/com/android/internal/app/IVoiceInteractionSessionShowCallback.aidl
[  2% 1030/46492] build /root/worspace/aosip/out/target/common/obj/JAVA_LIBRARIES/framework_intermediates/src/core/java/com/android/internal/app/IVoiceInteractor.java
Aidl: framework <= frameworks/base/core/java/com/android/internal/app/IVoiceInteractor.aidl
[  2% 1031/46492] build /root/worspace/aosip/out/target/common/obj/JAVA_LIBRARIES/framework_intermediates/src/core/java/com/android/internal/app/IVoiceInteractorCallback.java
Aidl: framework <= frameworks/base/core/java/com/android/internal/app/IVoiceInteractorCallback.aidl
[  2% 1032/46492] build /root/worspace/aosip/out/target/common/obj/JAVA_LIBRARIES/framework_intermediates/src/core/java/com/android/internal/app/IMediaContainerService.java
Aidl: framework <= frameworks/base/core/java/com/android/internal/app/IMediaContainerService.aidl
[  2% 1033/46492] build /root/worspace/aosip/out/target/common/obj/JAVA_LIBRARIES/framework_intermediates/src/core/java/com/android/internal/app/procstats/IProcessStats.java
Aidl: framework <= frameworks/base/core/java/com/android/internal/app/procstats/IProcessStats.aidl
[  2% 1034/46492] build /root/worspace/aosip/out/target/common/obj/JAVA_LIBRARIES/framework_intermediates/src/core/java/com/android/internal/appwidget/IAppWidgetService.java
Aidl: framework <= frameworks/base/core/java/com/android/internal/appwidget/IAppWidgetService.aidl
[  2% 1035/46492] build /root/worspace/aosip/out/target/common/obj/JAVA_LIBRARIES/framework_intermediates/src/core/java/com/android/internal/appwidget/IAppWidgetHost.java
Aidl: framework <= frameworks/base/core/java/com/android/internal/appwidget/IAppWidgetHost.aidl
[  2% 1036/46492] build /root/worspace/aosip/out/target/common/obj/JAVA_LIBRARIES/framework_intermediates/src/core/java/com/android/internal/backup/IBackupTransport.java
Aidl: framework <= frameworks/base/core/java/com/android/internal/backup/IBackupTransport.aidl
[  2% 1037/46492] build /root/worspace/aosip/out/target/common/obj/JAVA_LIBRARIES/framework_intermediates/src/core/java/com/android/internal/backup/IObbBackupService.java
Aidl: framework <= frameworks/base/core/java/com/android/internal/backup/IObbBackupService.aidl
[  2% 1038/46492] build /root/worspace/aosip/out/target/common/obj/JAVA_LIBRARIES/framework_intermediates/src/core/java/com/android/internal/inputmethod/IInputContentUriToken.java
Aidl: framework <= frameworks/base/core/java/com/android/internal/inputmethod/IInputContentUriToken.aidl
[  2% 1039/46492] build /root/worspace/aosip/out/target/common/obj/JAVA_LIBRARIES/framework_intermediates/src/core/java/com/android/internal/policy/IKeyguardDrawnCallback.java
Aidl: framework <= frameworks/base/core/java/com/android/internal/policy/IKeyguardDrawnCallback.aidl
[  2% 1040/46492] build /root/worspace/aosip/out/target/common/obj/JAVA_LIBRARIES/framework_intermediates/src/core/java/com/android/internal/policy/IKeyguardExitCallback.java
Aidl: framework <= frameworks/base/core/java/com/android/internal/policy/IKeyguardExitCallback.aidl
[  2% 1041/46492] build /root/worspace/aosip/out/target/common/obj/JAVA_LIBRARIES/framework_intermediates/src/core/java/com/android/internal/policy/IKeyguardService.java
Aidl: framework <= frameworks/base/core/java/com/android/internal/policy/IKeyguardService.aidl
[  2% 1042/46492] build /root/worspace/aosip/out/target/common/obj/JAVA_LIBRARIES/framework_intermediates/src/core/java/com/android/internal/policy/IKeyguardStateCallback.java
Aidl: framework <= frameworks/base/core/java/com/android/internal/policy/IKeyguardStateCallback.aidl
[  2% 1043/46492] build /root/worspace/aosip/out/target/common/obj/JAVA_LIBRARIES/framework_intermediates/src/core/java/com/android/internal/policy/IShortcutService.java
Aidl: framework <= frameworks/base/core/java/com/android/internal/policy/IShortcutService.aidl
[  2% 1044/46492] build /root/worspace/aosip/out/target/common/obj/JAVA_LIBRARIES/framework_intermediates/src/core/java/com/android/internal/os/IDropBoxManagerService.java
Aidl: framework <= frameworks/base/core/java/com/android/internal/os/IDropBoxManagerService.aidl
[  2% 1045/46492] build /root/worspace/aosip/out/target/common/obj/JAVA_LIBRARIES/framework_intermediates/src/core/java/com/android/internal/os/IParcelFileDescriptorFactory.java
Aidl: framework <= frameworks/base/core/java/com/android/internal/os/IParcelFileDescriptorFactory.aidl
[  2% 1046/46492] build /root/worspace/aosip/out/target/common/obj/JAVA_LIBRARIES/framework_intermediates/src/core/java/com/android/internal/os/IResultReceiver.java
Aidl: framework <= frameworks/base/core/java/com/android/internal/os/IResultReceiver.aidl
[  2% 1047/46492] build /root/worspace/aosip/out/target/common/obj/JAVA_LIBRARIES/framework_intermediates/src/core/java/com/android/internal/statusbar/IStatusBar.java
Aidl: framework <= frameworks/base/core/java/com/android/internal/statusbar/IStatusBar.aidl
[  2% 1048/46492] build /root/worspace/aosip/out/target/common/obj/JAVA_LIBRARIES/framework_intermediates/src/core/java/com/android/internal/statusbar/IStatusBarService.java
Aidl: framework <= frameworks/base/core/java/com/android/internal/statusbar/IStatusBarService.aidl
[  2% 1049/46492] build /root/worspace/aosip/out/target/common/obj/JAVA_LIBRARIES/framework_intermediates/src/core/java/com/android/internal/textservice/ISpellCheckerService.java
Aidl: framework <= frameworks/base/core/java/com/android/internal/textservice/ISpellCheckerService.aidl
[  2% 1050/46492] build /root/worspace/aosip/out/target/common/obj/JAVA_LIBRARIES/framework_intermediates/src/core/java/com/android/internal/textservice/ISpellCheckerSession.java
Aidl: framework <= frameworks/base/core/java/com/android/internal/textservice/ISpellCheckerSession.aidl
[  2% 1051/46492] build /root/worspace/aosip/out/target/common/obj/JAVA_LIBRARIES/framework_intermediates/src/core/java/com/android/internal/textservice/ISpellCheckerSessionListener.java
Aidl: framework <= frameworks/base/core/java/com/android/internal/textservice/ISpellCheckerSessionListener.aidl
[  2% 1052/46492] build /root/worspace/aosip/out/target/common/obj/JAVA_LIBRARIES/framework_intermediates/src/core/java/com/android/internal/textservice/ITextServicesManager.java
Aidl: framework <= frameworks/base/core/java/com/android/internal/textservice/ITextServicesManager.aidl
[  2% 1053/46492] build /root/worspace/aosip/out/target/common/obj/JAVA_LIBRARIES/framework_intermediates/src/core/java/com/android/internal/textservice/ITextServicesSessionListener.java
Aidl: framework <= frameworks/base/core/java/com/android/internal/textservice/ITextServicesSessionListener.aidl
[  2% 1054/46492] build /root/worspace/aosip/out/target/common/obj/JAVA_LIBRARIES/framework_intermediates/src/core/java/com/android/internal/view/IDragAndDropPermissions.java
Aidl: framework <= frameworks/base/core/java/com/android/internal/view/IDragAndDropPermissions.aidl
[  2% 1055/46492] build /root/worspace/aosip/out/target/common/obj/JAVA_LIBRARIES/framework_intermediates/src/core/java/com/android/internal/view/IInputContext.java
Aidl: framework <= frameworks/base/core/java/com/android/internal/view/IInputContext.aidl
[  2% 1056/46492] build /root/worspace/aosip/out/target/common/obj/JAVA_LIBRARIES/framework_intermediates/src/core/java/com/android/internal/view/IInputContextCallback.java
Aidl: framework <= frameworks/base/core/java/com/android/internal/view/IInputContextCallback.aidl
[  2% 1057/46492] build /root/worspace/aosip/out/target/common/obj/JAVA_LIBRARIES/framework_intermediates/src/core/java/com/android/internal/view/IInputMethod.java
Aidl: framework <= frameworks/base/core/java/com/android/internal/view/IInputMethod.aidl
[  2% 1058/46492] build /root/worspace/aosip/out/target/common/obj/JAVA_LIBRARIES/framework_intermediates/src/core/java/com/android/internal/view/IInputMethodClient.java
Aidl: framework <= frameworks/base/core/java/com/android/internal/view/IInputMethodClient.aidl
[  2% 1059/46492] build /root/worspace/aosip/out/target/common/obj/JAVA_LIBRARIES/framework_intermediates/src/core/java/com/android/internal/view/IInputMethodManager.java
Aidl: framework <= frameworks/base/core/java/com/android/internal/view/IInputMethodManager.aidl
[  2% 1060/46492] build /root/worspace/aosip/out/target/common/obj/JAVA_LIBRARIES/framework_intermediates/src/core/java/com/android/internal/view/IInputMethodSession.java
Aidl: framework <= frameworks/base/core/java/com/android/internal/view/IInputMethodSession.aidl
[  2% 1061/46492] build /root/worspace/aosip/out/target/common/obj/JAVA_LIBRARIES/framework_intermediates/src/core/java/com/android/internal/view/IInputSessionCallback.java
Aidl: framework <= frameworks/base/core/java/com/android/internal/view/IInputSessionCallback.aidl
[  2% 1062/46492] build /root/worspace/aosip/out/target/common/obj/JAVA_LIBRARIES/framework_intermediates/src/core/java/com/android/internal/widget/ICheckCredentialProgressCallback.java
Aidl: framework <= frameworks/base/core/java/com/android/internal/widget/ICheckCredentialProgressCallback.aidl
[  2% 1063/46492] build /root/worspace/aosip/out/target/common/obj/JAVA_LIBRARIES/framework_intermediates/src/core/java/com/android/internal/widget/ILockSettings.java
Aidl: framework <= frameworks/base/core/java/com/android/internal/widget/ILockSettings.aidl
[  2% 1064/46492] build /root/worspace/aosip/out/target/common/obj/JAVA_LIBRARIES/framework_intermediates/src/core/java/com/android/internal/widget/IRemoteViewsFactory.java
Aidl: framework <= frameworks/base/core/java/com/android/internal/widget/IRemoteViewsFactory.aidl
[  2% 1065/46492] build /root/worspace/aosip/out/target/common/obj/JAVA_LIBRARIES/framework_intermediates/src/core/java/com/android/internal/widget/IRemoteViewsAdapterConnection.java
Aidl: framework <= frameworks/base/core/java/com/android/internal/widget/IRemoteViewsAdapterConnection.aidl
[  2% 1066/46492] build /root/worspace/aosip/out/target/common/obj/JAVA_LIBRARIES/framework_intermediates/src/keystore/java/android/security/IKeyChainAliasCallback.java
Aidl: framework <= frameworks/base/keystore/java/android/security/IKeyChainAliasCallback.aidl
[  2% 1067/46492] build /root/worspace/aosip/out/target/common/obj/JAVA_LIBRARIES/framework_intermediates/src/keystore/java/android/security/IKeyChainService.java
Aidl: framework <= frameworks/base/keystore/java/android/security/IKeyChainService.aidl
[  2% 1068/46492] build /root/worspace/aosip/out/target/common/obj/JAVA_LIBRARIES/framework_intermediates/src/location/java/android/location/ICountryDetector.java
Aidl: framework <= frameworks/base/location/java/android/location/ICountryDetector.aidl
[  2% 1069/46492] build /root/worspace/aosip/out/target/common/obj/JAVA_LIBRARIES/framework_intermediates/src/location/java/android/location/ICountryListener.java
Aidl: framework <= frameworks/base/location/java/android/location/ICountryListener.aidl
[  2% 1070/46492] build /root/worspace/aosip/out/target/common/obj/JAVA_LIBRARIES/framework_intermediates/src/location/java/android/location/IFusedProvider.java
Aidl: framework <= frameworks/base/location/java/android/location/IFusedProvider.aidl
[  2% 1071/46492] build /root/worspace/aosip/out/target/common/obj/JAVA_LIBRARIES/framework_intermediates/src/location/java/android/location/IGeocodeProvider.java
Aidl: framework <= frameworks/base/location/java/android/location/IGeocodeProvider.aidl
[  2% 1072/46492] build /root/worspace/aosip/out/target/common/obj/JAVA_LIBRARIES/framework_intermediates/src/location/java/android/location/IGeofenceProvider.java
Aidl: framework <= frameworks/base/location/java/android/location/IGeofenceProvider.aidl
[  2% 1073/46492] build /root/worspace/aosip/out/target/common/obj/JAVA_LIBRARIES/framework_intermediates/src/location/java/android/location/IGnssStatusListener.java
Aidl: framework <= frameworks/base/location/java/android/location/IGnssStatusListener.aidl
[  2% 1074/46492] build /root/worspace/aosip/out/target/common/obj/JAVA_LIBRARIES/framework_intermediates/src/location/java/android/location/IGnssStatusProvider.java
Aidl: framework <= frameworks/base/location/java/android/location/IGnssStatusProvider.aidl
[  2% 1075/46492] build /root/worspace/aosip/out/target/common/obj/JAVA_LIBRARIES/framework_intermediates/src/location/java/android/location/IGnssMeasurementsListener.java
Aidl: framework <= frameworks/base/location/java/android/location/IGnssMeasurementsListener.aidl
[  2% 1076/46492] build /root/worspace/aosip/out/target/common/obj/JAVA_LIBRARIES/framework_intermediates/src/location/java/android/location/IGnssNavigationMessageListener.java
Aidl: framework <= frameworks/base/location/java/android/location/IGnssNavigationMessageListener.aidl
[  2% 1077/46492] build /root/worspace/aosip/out/target/common/obj/JAVA_LIBRARIES/framework_intermediates/src/location/java/android/location/ILocationListener.java
Aidl: framework <= frameworks/base/location/java/android/location/ILocationListener.aidl
[  2% 1078/46492] build /root/worspace/aosip/out/target/common/obj/JAVA_LIBRARIES/framework_intermediates/src/location/java/android/location/ILocationManager.java
Aidl: framework <= frameworks/base/location/java/android/location/ILocationManager.aidl
[  2% 1079/46492] build /root/worspace/aosip/out/target/common/obj/JAVA_LIBRARIES/framework_intermediates/src/location/java/android/location/IFusedGeofenceHardware.java
Aidl: framework <= frameworks/base/location/java/android/location/IFusedGeofenceHardware.aidl
[  2% 1080/46492] build /root/worspace/aosip/out/target/common/obj/JAVA_LIBRARIES/framework_intermediates/src/location/java/android/location/IGpsGeofenceHardware.java
Aidl: framework <= frameworks/base/location/java/android/location/IGpsGeofenceHardware.aidl
[  2% 1081/46492] build /root/worspace/aosip/out/target/common/obj/JAVA_LIBRARIES/framework_intermediates/src/location/java/android/location/INetInitiatedListener.java
Aidl: framework <= frameworks/base/location/java/android/location/INetInitiatedListener.aidl
[  2% 1082/46492] build /root/worspace/aosip/out/target/common/obj/JAVA_LIBRARIES/framework_intermediates/src/location/java/com/android/internal/location/ILocationProvider.java
Aidl: framework <= frameworks/base/location/java/com/android/internal/location/ILocationProvider.aidl
[  2% 1083/46492] build /root/worspace/aosip/out/target/common/obj/JAVA_LIBRARIES/framework_intermediates/src/media/java/android/media/IAudioService.java
Aidl: framework <= frameworks/base/media/java/android/media/IAudioService.aidl
[  2% 1084/46492] build /root/worspace/aosip/out/target/common/obj/JAVA_LIBRARIES/framework_intermediates/src/media/java/android/media/IAudioFocusDispatcher.java
Aidl: framework <= frameworks/base/media/java/android/media/IAudioFocusDispatcher.aidl
[  2% 1085/46492] build /root/worspace/aosip/out/target/common/obj/JAVA_LIBRARIES/framework_intermediates/src/media/java/android/media/IAudioRoutesObserver.java
Aidl: framework <= frameworks/base/media/java/android/media/IAudioRoutesObserver.aidl
[  2% 1086/46492] build /root/worspace/aosip/out/target/common/obj/JAVA_LIBRARIES/framework_intermediates/src/media/java/android/media/IMediaHTTPConnection.java
Aidl: framework <= frameworks/base/media/java/android/media/IMediaHTTPConnection.aidl
[  2% 1087/46492] build /root/worspace/aosip/out/target/common/obj/JAVA_LIBRARIES/framework_intermediates/src/media/java/android/media/IMediaHTTPService.java
Aidl: framework <= frameworks/base/media/java/android/media/IMediaHTTPService.aidl
[  2% 1088/46492] build /root/worspace/aosip/out/target/common/obj/JAVA_LIBRARIES/framework_intermediates/src/media/java/android/media/IMediaResourceMonitor.java
Aidl: framework <= frameworks/base/media/java/android/media/IMediaResourceMonitor.aidl
[  2% 1089/46492] build /root/worspace/aosip/out/target/common/obj/JAVA_LIBRARIES/framework_intermediates/src/media/java/android/media/IMediaRouterClient.java
Aidl: framework <= frameworks/base/media/java/android/media/IMediaRouterClient.aidl
[  2% 1090/46492] build /root/worspace/aosip/out/target/common/obj/JAVA_LIBRARIES/framework_intermediates/src/media/java/android/media/IMediaRouterService.java
Aidl: framework <= frameworks/base/media/java/android/media/IMediaRouterService.aidl
[  2% 1091/46492] build /root/worspace/aosip/out/target/common/obj/JAVA_LIBRARIES/framework_intermediates/src/media/java/android/media/IMediaScannerListener.java
Aidl: framework <= frameworks/base/media/java/android/media/IMediaScannerListener.aidl
[  2% 1092/46492] build /root/worspace/aosip/out/target/common/obj/JAVA_LIBRARIES/framework_intermediates/src/media/java/android/media/IMediaScannerService.java
Aidl: framework <= frameworks/base/media/java/android/media/IMediaScannerService.aidl
[  2% 1093/46492] build /root/worspace/aosip/out/target/common/obj/JAVA_LIBRARIES/framework_intermediates/src/media/java/android/media/IRecordingConfigDispatcher.java
Aidl: framework <= frameworks/base/media/java/android/media/IRecordingConfigDispatcher.aidl
[  2% 1094/46492] build /root/worspace/aosip/out/target/common/obj/JAVA_LIBRARIES/framework_intermediates/src/media/java/android/media/IRemoteDisplayCallback.java
Aidl: framework <= frameworks/base/media/java/android/media/IRemoteDisplayCallback.aidl
[  2% 1095/46492] build /root/worspace/aosip/out/target/common/obj/JAVA_LIBRARIES/framework_intermediates/src/media/java/android/media/IRemoteDisplayProvider.java
Aidl: framework <= frameworks/base/media/java/android/media/IRemoteDisplayProvider.aidl
[  2% 1096/46492] build /root/worspace/aosip/out/target/common/obj/JAVA_LIBRARIES/framework_intermediates/src/media/java/android/media/IRemoteVolumeController.java
Aidl: framework <= frameworks/base/media/java/android/media/IRemoteVolumeController.aidl
[  2% 1097/46492] build /root/worspace/aosip/out/target/common/obj/JAVA_LIBRARIES/framework_intermediates/src/media/java/android/media/IRemoteVolumeObserver.java
Aidl: framework <= frameworks/base/media/java/android/media/IRemoteVolumeObserver.aidl
[  2% 1098/46492] build /root/worspace/aosip/out/target/common/obj/JAVA_LIBRARIES/framework_intermediates/src/media/java/android/media/IRingtonePlayer.java
Aidl: framework <= frameworks/base/media/java/android/media/IRingtonePlayer.aidl
[  2% 1099/46492] build /root/worspace/aosip/out/target/common/obj/JAVA_LIBRARIES/framework_intermediates/src/media/java/android/media/IVolumeController.java
Aidl: framework <= frameworks/base/media/java/android/media/IVolumeController.aidl
[  2% 1100/46492] build /root/worspace/aosip/out/target/common/obj/JAVA_LIBRARIES/framework_intermediates/src/media/java/android/media/audiopolicy/IAudioPolicyCallback.java
Aidl: framework <= frameworks/base/media/java/android/media/audiopolicy/IAudioPolicyCallback.aidl
[  2% 1101/46492] build /root/worspace/aosip/out/target/common/obj/JAVA_LIBRARIES/framework_intermediates/src/media/java/android/media/midi/IBluetoothMidiService.java
Aidl: framework <= frameworks/base/media/java/android/media/midi/IBluetoothMidiService.aidl
[  2% 1102/46492] build /root/worspace/aosip/out/target/common/obj/JAVA_LIBRARIES/framework_intermediates/src/media/java/android/media/midi/IMidiDeviceListener.java
Aidl: framework <= frameworks/base/media/java/android/media/midi/IMidiDeviceListener.aidl
[  2% 1103/46492] build /root/worspace/aosip/out/target/common/obj/JAVA_LIBRARIES/framework_intermediates/src/media/java/android/media/midi/IMidiDeviceOpenCallback.java
Aidl: framework <= frameworks/base/media/java/android/media/midi/IMidiDeviceOpenCallback.aidl
[  2% 1104/46492] build /root/worspace/aosip/out/target/common/obj/JAVA_LIBRARIES/framework_intermediates/src/media/java/android/media/midi/IMidiDeviceServer.java
Aidl: framework <= frameworks/base/media/java/android/media/midi/IMidiDeviceServer.aidl
[  2% 1105/46492] build /root/worspace/aosip/out/target/common/obj/JAVA_LIBRARIES/framework_intermediates/src/media/java/android/media/midi/IMidiManager.java
Aidl: framework <= frameworks/base/media/java/android/media/midi/IMidiManager.aidl
[  2% 1106/46492] build /root/worspace/aosip/out/target/common/obj/JAVA_LIBRARIES/framework_intermediates/src/media/java/android/media/projection/IMediaProjection.java
Aidl: framework <= frameworks/base/media/java/android/media/projection/IMediaProjection.aidl
[  2% 1107/46492] build /root/worspace/aosip/out/target/common/obj/JAVA_LIBRARIES/framework_intermediates/src/media/java/android/media/projection/IMediaProjectionCallback.java
Aidl: framework <= frameworks/base/media/java/android/media/projection/IMediaProjectionCallback.aidl
[  2% 1108/46492] build /root/worspace/aosip/out/target/common/obj/JAVA_LIBRARIES/framework_intermediates/src/media/java/android/media/projection/IMediaProjectionManager.java
Aidl: framework <= frameworks/base/media/java/android/media/projection/IMediaProjectionManager.aidl
[  2% 1109/46492] build /root/worspace/aosip/out/target/common/obj/JAVA_LIBRARIES/framework_intermediates/src/media/java/android/media/projection/IMediaProjectionWatcherCallback.java
Aidl: framework <= frameworks/base/media/java/android/media/projection/IMediaProjectionWatcherCallback.aidl
[  2% 1110/46492] build /root/worspace/aosip/out/target/common/obj/JAVA_LIBRARIES/framework_intermediates/src/media/java/android/media/session/IActiveSessionsListener.java
Aidl: framework <= frameworks/base/media/java/android/media/session/IActiveSessionsListener.aidl
[  2% 1111/46492] build /root/worspace/aosip/out/target/common/obj/JAVA_LIBRARIES/framework_intermediates/src/media/java/android/media/session/ISessionController.java
Aidl: framework <= frameworks/base/media/java/android/media/session/ISessionController.aidl
[  2% 1112/46492] build /root/worspace/aosip/out/target/common/obj/JAVA_LIBRARIES/framework_intermediates/src/media/java/android/media/session/ISessionControllerCallback.java
Aidl: framework <= frameworks/base/media/java/android/media/session/ISessionControllerCallback.aidl
[  2% 1113/46492] build /root/worspace/aosip/out/target/common/obj/JAVA_LIBRARIES/framework_intermediates/src/media/java/android/media/session/ISession.java
Aidl: framework <= frameworks/base/media/java/android/media/session/ISession.aidl
[  2% 1114/46492] build /root/worspace/aosip/out/target/common/obj/JAVA_LIBRARIES/framework_intermediates/src/media/java/android/media/session/ISessionCallback.java
Aidl: framework <= frameworks/base/media/java/android/media/session/ISessionCallback.aidl
[  2% 1115/46492] build /root/worspace/aosip/out/target/common/obj/JAVA_LIBRARIES/framework_intermediates/src/media/java/android/media/session/ISessionManager.java
Aidl: framework <= frameworks/base/media/java/android/media/session/ISessionManager.aidl
[  2% 1116/46492] build /root/worspace/aosip/out/target/common/obj/JAVA_LIBRARIES/framework_intermediates/src/media/java/android/media/tv/ITvInputClient.java
Aidl: framework <= frameworks/base/media/java/android/media/tv/ITvInputClient.aidl
[  2% 1117/46492] build /root/worspace/aosip/out/target/common/obj/JAVA_LIBRARIES/framework_intermediates/src/media/java/android/media/tv/ITvInputHardware.java
Aidl: framework <= frameworks/base/media/java/android/media/tv/ITvInputHardware.aidl
[  2% 1118/46492] build /root/worspace/aosip/out/target/common/obj/JAVA_LIBRARIES/framework_intermediates/src/media/java/android/media/tv/ITvInputHardwareCallback.java
Aidl: framework <= frameworks/base/media/java/android/media/tv/ITvInputHardwareCallback.aidl
[  2% 1119/46492] build /root/worspace/aosip/out/target/common/obj/JAVA_LIBRARIES/framework_intermediates/src/media/java/android/media/tv/ITvInputManager.java
Aidl: framework <= frameworks/base/media/java/android/media/tv/ITvInputManager.aidl
[  2% 1120/46492] build /root/worspace/aosip/out/target/common/obj/JAVA_LIBRARIES/framework_intermediates/src/media/java/android/media/tv/ITvInputManagerCallback.java
Aidl: framework <= frameworks/base/media/java/android/media/tv/ITvInputManagerCallback.aidl
[  2% 1121/46492] build /root/worspace/aosip/out/target/common/obj/JAVA_LIBRARIES/framework_intermediates/src/media/java/android/media/tv/ITvInputService.java
Aidl: framework <= frameworks/base/media/java/android/media/tv/ITvInputService.aidl
[  2% 1122/46492] build /root/worspace/aosip/out/target/common/obj/JAVA_LIBRARIES/framework_intermediates/src/media/java/android/media/tv/ITvInputServiceCallback.java
Aidl: framework <= frameworks/base/media/java/android/media/tv/ITvInputServiceCallback.aidl
[  2% 1123/46492] build /root/worspace/aosip/out/target/common/obj/JAVA_LIBRARIES/framework_intermediates/src/media/java/android/media/tv/ITvInputSession.java
Aidl: framework <= frameworks/base/media/java/android/media/tv/ITvInputSession.aidl
[  2% 1124/46492] build /root/worspace/aosip/out/target/common/obj/JAVA_LIBRARIES/framework_intermediates/src/media/java/android/media/tv/ITvInputSessionCallback.java
Aidl: framework <= frameworks/base/media/java/android/media/tv/ITvInputSessionCallback.aidl
[  2% 1125/46492] build /root/worspace/aosip/out/target/common/obj/JAVA_LIBRARIES/framework_intermediates/src/media/java/android/media/tv/ITvRemoteProvider.java
Aidl: framework <= frameworks/base/media/java/android/media/tv/ITvRemoteProvider.aidl
[  2% 1126/46492] build /root/worspace/aosip/out/target/common/obj/JAVA_LIBRARIES/framework_intermediates/src/media/java/android/media/tv/ITvRemoteServiceInput.java
Aidl: framework <= frameworks/base/media/java/android/media/tv/ITvRemoteServiceInput.aidl
[  2% 1127/46492] build /root/worspace/aosip/out/target/common/obj/JAVA_LIBRARIES/framework_intermediates/src/media/java/android/service/media/IMediaBrowserService.java
Aidl: framework <= frameworks/base/media/java/android/service/media/IMediaBrowserService.aidl
[  2% 1128/46492] build /root/worspace/aosip/out/target/common/obj/JAVA_LIBRARIES/framework_intermediates/src/media/java/android/service/media/IMediaBrowserServiceCallbacks.java
Aidl: framework <= frameworks/base/media/java/android/service/media/IMediaBrowserServiceCallbacks.aidl
[  2% 1129/46492] build /root/worspace/aosip/out/target/common/obj/JAVA_LIBRARIES/framework_intermediates/src/telecomm/java/com/android/internal/telecom/ICallScreeningAdapter.java
Aidl: framework <= frameworks/base/telecomm/java/com/android/internal/telecom/ICallScreeningAdapter.aidl
[  2% 1130/46492] build /root/worspace/aosip/out/target/common/obj/JAVA_LIBRARIES/framework_intermediates/src/telecomm/java/com/android/internal/telecom/ICallScreeningService.java
Aidl: framework <= frameworks/base/telecomm/java/com/android/internal/telecom/ICallScreeningService.aidl
[  2% 1131/46492] build /root/worspace/aosip/out/target/common/obj/JAVA_LIBRARIES/framework_intermediates/src/telecomm/java/com/android/internal/telecom/IVideoCallback.java
Aidl: framework <= frameworks/base/telecomm/java/com/android/internal/telecom/IVideoCallback.aidl
[  2% 1132/46492] build /root/worspace/aosip/out/target/common/obj/JAVA_LIBRARIES/framework_intermediates/src/telecomm/java/com/android/internal/telecom/IVideoProvider.java
Aidl: framework <= frameworks/base/telecomm/java/com/android/internal/telecom/IVideoProvider.aidl
[  2% 1133/46492] build /root/worspace/aosip/out/target/common/obj/JAVA_LIBRARIES/framework_intermediates/src/telecomm/java/com/android/internal/telecom/IConnectionService.java
Aidl: framework <= frameworks/base/telecomm/java/com/android/internal/telecom/IConnectionService.aidl
[  2% 1134/46492] build /root/worspace/aosip/out/target/common/obj/JAVA_LIBRARIES/framework_intermediates/src/telecomm/java/com/android/internal/telecom/IConnectionServiceAdapter.java
Aidl: framework <= frameworks/base/telecomm/java/com/android/internal/telecom/IConnectionServiceAdapter.aidl
[  2% 1135/46492] build /root/worspace/aosip/out/target/common/obj/JAVA_LIBRARIES/framework_intermediates/src/telecomm/java/com/android/internal/telecom/IInCallAdapter.java
Aidl: framework <= frameworks/base/telecomm/java/com/android/internal/telecom/IInCallAdapter.aidl
[  2% 1136/46492] build /root/worspace/aosip/out/target/common/obj/JAVA_LIBRARIES/framework_intermediates/src/telecomm/java/com/android/internal/telecom/IInCallService.java
Aidl: framework <= frameworks/base/telecomm/java/com/android/internal/telecom/IInCallService.aidl
[  2% 1137/46492] build /root/worspace/aosip/out/target/common/obj/JAVA_LIBRARIES/framework_intermediates/src/telecomm/java/com/android/internal/telecom/ITelecomService.java
Aidl: framework <= frameworks/base/telecomm/java/com/android/internal/telecom/ITelecomService.aidl
[  2% 1138/46492] build /root/worspace/aosip/out/target/common/obj/JAVA_LIBRARIES/framework_intermediates/src/telecomm/java/com/android/internal/telecom/RemoteServiceCallback.java
Aidl: framework <= frameworks/base/telecomm/java/com/android/internal/telecom/RemoteServiceCallback.aidl
[  2% 1139/46492] build /root/worspace/aosip/out/target/common/obj/JAVA_LIBRARIES/framework_intermediates/src/telephony/java/com/android/ims/internal/IImsCallSession.java
Aidl: framework <= frameworks/base/telephony/java/com/android/ims/internal/IImsCallSession.aidl
[  2% 1140/46492] build /root/worspace/aosip/out/target/common/obj/JAVA_LIBRARIES/framework_intermediates/src/telephony/java/com/android/ims/internal/IImsCallSessionListener.java
Aidl: framework <= frameworks/base/telephony/java/com/android/ims/internal/IImsCallSessionListener.aidl
[  2% 1141/46492] build /root/worspace/aosip/out/target/common/obj/JAVA_LIBRARIES/framework_intermediates/src/telephony/java/com/android/ims/internal/IImsConfig.java
Aidl: framework <= frameworks/base/telephony/java/com/android/ims/internal/IImsConfig.aidl
[  2% 1142/46492] build /root/worspace/aosip/out/target/common/obj/JAVA_LIBRARIES/framework_intermediates/src/telephony/java/com/android/ims/internal/IImsRegistrationListener.java
Aidl: framework <= frameworks/base/telephony/java/com/android/ims/internal/IImsRegistrationListener.aidl
[  2% 1143/46492] build /root/worspace/aosip/out/target/common/obj/JAVA_LIBRARIES/framework_intermediates/src/telephony/java/com/android/ims/internal/IImsEcbm.java
Aidl: framework <= frameworks/base/telephony/java/com/android/ims/internal/IImsEcbm.aidl
[  2% 1144/46492] build /root/worspace/aosip/out/target/common/obj/JAVA_LIBRARIES/framework_intermediates/src/telephony/java/com/android/ims/internal/IImsEcbmListener.java
Aidl: framework <= frameworks/base/telephony/java/com/android/ims/internal/IImsEcbmListener.aidl
[  2% 1145/46492] build /root/worspace/aosip/out/target/common/obj/JAVA_LIBRARIES/framework_intermediates/src/telephony/java/com/android/ims/internal/IImsExternalCallStateListener.java
Aidl: framework <= frameworks/base/telephony/java/com/android/ims/internal/IImsExternalCallStateListener.aidl
[  2% 1146/46492] build /root/worspace/aosip/out/target/common/obj/JAVA_LIBRARIES/framework_intermediates/src/telephony/java/com/android/ims/internal/IImsMultiEndpoint.java
Aidl: framework <= frameworks/base/telephony/java/com/android/ims/internal/IImsMultiEndpoint.aidl
[  2% 1147/46492] build /root/worspace/aosip/out/target/common/obj/JAVA_LIBRARIES/framework_intermediates/src/telephony/java/com/android/ims/internal/IImsService.java
Aidl: framework <= frameworks/base/telephony/java/com/android/ims/internal/IImsService.aidl
[  2% 1148/46492] build /root/worspace/aosip/out/target/common/obj/JAVA_LIBRARIES/framework_intermediates/src/telephony/java/com/android/ims/internal/IImsStreamMediaSession.java
Aidl: framework <= frameworks/base/telephony/java/com/android/ims/internal/IImsStreamMediaSession.aidl
[  2% 1149/46492] build /root/worspace/aosip/out/target/common/obj/JAVA_LIBRARIES/framework_intermediates/src/telephony/java/com/android/ims/internal/IImsUt.java
Aidl: framework <= frameworks/base/telephony/java/com/android/ims/internal/IImsUt.aidl
[  2% 1150/46492] build /root/worspace/aosip/out/target/common/obj/JAVA_LIBRARIES/framework_intermediates/src/telephony/java/com/android/ims/internal/IImsUtListener.java
Aidl: framework <= frameworks/base/telephony/java/com/android/ims/internal/IImsUtListener.aidl
[  2% 1151/46492] build /root/worspace/aosip/out/target/common/obj/JAVA_LIBRARIES/framework_intermediates/src/telephony/java/com/android/ims/internal/IImsVideoCallCallback.java
Aidl: framework <= frameworks/base/telephony/java/com/android/ims/internal/IImsVideoCallCallback.aidl
[  2% 1152/46492] build /root/worspace/aosip/out/target/common/obj/JAVA_LIBRARIES/framework_intermediates/src/telephony/java/com/android/ims/internal/IImsVideoCallProvider.java
Aidl: framework <= frameworks/base/telephony/java/com/android/ims/internal/IImsVideoCallProvider.aidl
[  2% 1153/46492] build /root/worspace/aosip/out/target/common/obj/JAVA_LIBRARIES/framework_intermediates/src/telephony/java/com/android/ims/internal/uce/uceservice/IUceService.java
Aidl: framework <= frameworks/base/telephony/java/com/android/ims/internal/uce/uceservice/IUceService.aidl
[  2% 1154/46492] build /root/worspace/aosip/out/target/common/obj/JAVA_LIBRARIES/framework_intermediates/src/telephony/java/com/android/ims/internal/uce/uceservice/IUceListener.java
Aidl: framework <= frameworks/base/telephony/java/com/android/ims/internal/uce/uceservice/IUceListener.aidl
[  2% 1155/46492] build /root/worspace/aosip/out/target/common/obj/JAVA_LIBRARIES/framework_intermediates/src/telephony/java/com/android/ims/internal/uce/options/IOptionsService.java
Aidl: framework <= frameworks/base/telephony/java/com/android/ims/internal/uce/options/IOptionsService.aidl
[  2% 1156/46492] build /root/worspace/aosip/out/target/common/obj/JAVA_LIBRARIES/framework_intermediates/src/telephony/java/com/android/ims/internal/uce/options/IOptionsListener.java
Aidl: framework <= frameworks/base/telephony/java/com/android/ims/internal/uce/options/IOptionsListener.aidl
[  2% 1157/46492] build /root/worspace/aosip/out/target/common/obj/JAVA_LIBRARIES/framework_intermediates/src/telephony/java/com/android/ims/internal/uce/presence/IPresenceService.java
Aidl: framework <= frameworks/base/telephony/java/com/android/ims/internal/uce/presence/IPresenceService.aidl
[  2% 1158/46492] build /root/worspace/aosip/out/target/common/obj/JAVA_LIBRARIES/framework_intermediates/src/telephony/java/com/android/ims/internal/uce/presence/IPresenceListener.java
Aidl: framework <= frameworks/base/telephony/java/com/android/ims/internal/uce/presence/IPresenceListener.aidl
[  2% 1159/46492] build /root/worspace/aosip/out/target/common/obj/JAVA_LIBRARIES/framework_intermediates/src/telephony/java/com/android/ims/ImsConfigListener.java
Aidl: framework <= frameworks/base/telephony/java/com/android/ims/ImsConfigListener.aidl
[  2% 1160/46492] build /root/worspace/aosip/out/target/common/obj/JAVA_LIBRARIES/framework_intermediates/src/telephony/java/com/android/internal/telephony/ICarrierConfigLoader.java
Aidl: framework <= frameworks/base/telephony/java/com/android/internal/telephony/ICarrierConfigLoader.aidl
[  2% 1161/46492] build /root/worspace/aosip/out/target/common/obj/JAVA_LIBRARIES/framework_intermediates/src/telephony/java/com/android/internal/telephony/IMms.java
Aidl: framework <= frameworks/base/telephony/java/com/android/internal/telephony/IMms.aidl
[  2% 1162/46492] build /root/worspace/aosip/out/target/common/obj/JAVA_LIBRARIES/framework_intermediates/src/telephony/java/com/android/internal/telephony/IOnSubscriptionsChangedListener.java
Aidl: framework <= frameworks/base/telephony/java/com/android/internal/telephony/IOnSubscriptionsChangedListener.aidl
[  2% 1163/46492] build /root/worspace/aosip/out/target/common/obj/JAVA_LIBRARIES/framework_intermediates/src/telephony/java/com/android/internal/telephony/IPhoneStateListener.java
Aidl: framework <= frameworks/base/telephony/java/com/android/internal/telephony/IPhoneStateListener.aidl
[  2% 1164/46492] build /root/worspace/aosip/out/target/common/obj/JAVA_LIBRARIES/framework_intermediates/src/telephony/java/com/android/internal/telephony/IPhoneSubInfo.java
Aidl: framework <= frameworks/base/telephony/java/com/android/internal/telephony/IPhoneSubInfo.aidl
[  2% 1165/46492] build /root/worspace/aosip/out/target/common/obj/JAVA_LIBRARIES/framework_intermediates/src/telephony/java/com/android/internal/telephony/ISms.java
Aidl: framework <= frameworks/base/telephony/java/com/android/internal/telephony/ISms.aidl
[  2% 1166/46492] build /root/worspace/aosip/out/target/common/obj/JAVA_LIBRARIES/framework_intermediates/src/telephony/java/com/android/internal/telephony/ISub.java
Aidl: framework <= frameworks/base/telephony/java/com/android/internal/telephony/ISub.aidl
[  2% 1167/46492] build /root/worspace/aosip/out/target/common/obj/JAVA_LIBRARIES/framework_intermediates/src/telephony/java/com/android/internal/telephony/ITelephony.java
Aidl: framework <= frameworks/base/telephony/java/com/android/internal/telephony/ITelephony.aidl
[  2% 1168/46492] build /root/worspace/aosip/out/target/common/obj/JAVA_LIBRARIES/framework_intermediates/src/telephony/java/com/android/internal/telephony/ITelephonyRegistry.java
Aidl: framework <= frameworks/base/telephony/java/com/android/internal/telephony/ITelephonyRegistry.aidl
[  2% 1169/46492] build /root/worspace/aosip/out/target/common/obj/JAVA_LIBRARIES/framework_intermediates/src/telephony/java/com/android/internal/telephony/IWapPushManager.java
Aidl: framework <= frameworks/base/telephony/java/com/android/internal/telephony/IWapPushManager.aidl
[  2% 1170/46492] build /root/worspace/aosip/out/target/common/obj/JAVA_LIBRARIES/framework_intermediates/src/wifi/java/android/net/wifi/IWifiManager.java
Aidl: framework <= frameworks/base/wifi/java/android/net/wifi/IWifiManager.aidl
[  2% 1171/46492] build /root/worspace/aosip/out/target/common/obj/JAVA_LIBRARIES/framework_intermediates/src/wifi/java/android/net/wifi/nan/IWifiNanEventListener.java
Aidl: framework <= frameworks/base/wifi/java/android/net/wifi/nan/IWifiNanEventListener.aidl
[  2% 1172/46492] build /root/worspace/aosip/out/target/common/obj/JAVA_LIBRARIES/framework_intermediates/src/wifi/java/android/net/wifi/nan/IWifiNanManager.java
Aidl: framework <= frameworks/base/wifi/java/android/net/wifi/nan/IWifiNanManager.aidl
[  2% 1173/46492] build /root/worspace/aosip/out/target/common/obj/JAVA_LIBRARIES/framework_intermediates/src/wifi/java/android/net/wifi/nan/IWifiNanSessionListener.java
Aidl: framework <= frameworks/base/wifi/java/android/net/wifi/nan/IWifiNanSessionListener.aidl
[  2% 1174/46492] build /root/worspace/aosip/out/target/common/obj/JAVA_LIBRARIES/framework_intermediates/src/wifi/java/android/net/wifi/p2p/IWifiP2pManager.java
Aidl: framework <= frameworks/base/wifi/java/android/net/wifi/p2p/IWifiP2pManager.aidl
[  2% 1175/46492] build /root/worspace/aosip/out/target/common/obj/JAVA_LIBRARIES/framework_intermediates/src/wifi/java/android/net/wifi/IWifiScanner.java
Aidl: framework <= frameworks/base/wifi/java/android/net/wifi/IWifiScanner.aidl
[  2% 1176/46492] build /root/worspace/aosip/out/target/common/obj/JAVA_LIBRARIES/framework_intermediates/src/wifi/java/android/net/wifi/IRttManager.java
Aidl: framework <= frameworks/base/wifi/java/android/net/wifi/IRttManager.aidl
[  2% 1177/46492] build /root/worspace/aosip/out/target/common/obj/JAVA_LIBRARIES/framework_intermediates/src/packages/services/PacProcessor/com/android/net/IProxyService.java
Aidl: framework <= frameworks/base/packages/services/PacProcessor/com/android/net/IProxyService.aidl
[  2% 1178/46492] build /root/worspace/aosip/out/target/common/obj/JAVA_LIBRARIES/framework_intermediates/src/packages/services/Proxy/com/android/net/IProxyCallback.java
Aidl: framework <= frameworks/base/packages/services/Proxy/com/android/net/IProxyCallback.aidl
[  2% 1179/46492] build /root/worspace/aosip/out/target/common/obj/JAVA_LIBRARIES/framework_intermediates/src/packages/services/Proxy/com/android/net/IProxyPortListener.java
Aidl: framework <= frameworks/base/packages/services/Proxy/com/android/net/IProxyPortListener.aidl
[  2% 1180/46492] build /root/worspace/aosip/out/target/common/obj/JAVA_LIBRARIES/framework_intermediates/src/core/java/android/service/quicksettings/IQSService.java
Aidl: framework <= frameworks/base/core/java/android/service/quicksettings/IQSService.aidl
[  2% 1181/46492] build /root/worspace/aosip/out/target/common/obj/JAVA_LIBRARIES/framework_intermediates/src/core/java/android/service/quicksettings/IQSTileService.java
Aidl: framework <= frameworks/base/core/java/android/service/quicksettings/IQSTileService.aidl
[  2% 1182/46492] build /root/worspace/aosip/out/target/common/obj/JAVA_LIBRARIES/system/update_engine/binder_bindings/android/os/IUpdateEngine.java
Aidl: framework <= frameworks/base/../../system/update_engine/binder_bindings/android/os/IUpdateEngine.aidl
[  2% 1183/46492] build /root/worspace/aosip/out/target/common/obj/JAVA_LIBRARIES/system/update_engine/binder_bindings/android/os/IUpdateEngineCallback.java
Aidl: framework <= frameworks/base/../../system/update_engine/binder_bindings/android/os/IUpdateEngineCallback.aidl
[  2% 1184/46492] build /root/worspace/aosip/out/target/common/obj/JAVA_LIBRARIES/system/netd/server/binder/android/net/INetd.java
Aidl: framework <= frameworks/base/../../system/netd/server/binder/android/net/INetd.aidl
[  2% 1185/46492] build /root/worspace/aosip/out/target/common/obj/JAVA_LIBRARIES/bouncycastle_intermediates/classes.jar.toc
Generating TOC: /root/worspace/aosip/out/target/common/obj/JAVA_LIBRARIES/bouncycastle_intermediates/classes.jar.toc
[  2% 1186/46492] build /root/worspace/aosip/out/target/common/obj/all-event-log-tags.txt
system/bt/hci/../EventLogTags.logtags:36: warning: tag "bt_hci_timeout" (1010000) duplicated in system/bt/btif/../EventLogTags.logtags:36
system/bt/hci/../EventLogTags.logtags:37: warning: tag "bt_config_source" (1010001) duplicated in system/bt/btif/../EventLogTags.logtags:37
system/bt/hci/../EventLogTags.logtags:38: warning: tag "bt_hci_unknown_type" (1010002) duplicated in system/bt/btif/../EventLogTags.logtags:38
[  2% 1187/46492] build /root/worspace/aosip/out/target/common/obj/JAVA_LIBRARIES/framework_intermediates/src/core/java/android/app/admin/SecurityLogTags.java
logtags: /root/worspace/aosip/out/target/common/obj/JAVA_LIBRARIES/framework_intermediates/src/core/java/android/app/admin/SecurityLogTags.java <= frameworks/base/core/java/android/app/admin/SecurityLogTags.logtags
[  2% 1188/46492] build /root/worspace/aosip/out/target/common/obj/JAVA_LIBRARIES/framework_intermediates/src/core/java/android/content/EventLogTags.java
logtags: /root/worspace/aosip/out/target/common/obj/JAVA_LIBRARIES/framework_intermediates/src/core/java/android/content/EventLogTags.java <= frameworks/base/core/java/android/content/EventLogTags.logtags
[  2% 1189/46492] build /root/worspace/aosip/out/target/common/obj/JAVA_LIBRARIES/framework_intermediates/src/core/java/android/speech/tts/EventLogTags.java
logtags: /root/worspace/aosip/out/target/common/obj/JAVA_LIBRARIES/framework_intermediates/src/core/java/android/speech/tts/EventLogTags.java <= frameworks/base/core/java/android/speech/tts/EventLogTags.logtags
[  2% 1190/46492] build /root/worspace/aosip/out/target/common/obj/JAVA_LIBRARIES/framework_intermediates/src/core/java/com/android/internal/logging/EventLogTags.java
logtags: /root/worspace/aosip/out/target/common/obj/JAVA_LIBRARIES/framework_intermediates/src/core/java/com/android/internal/logging/EventLogTags.java <= frameworks/base/core/java/com/android/internal/logging/EventLogTags.logtags
[  2% 1191/46492] build /root/worspace/aosip/out/target/common/obj/JAVA_LIBRARIES/framework_intermediates/src/core/java/android/webkit/EventLogTags.java
logtags: /root/worspace/aosip/out/target/common/obj/JAVA_LIBRARIES/framework_intermediates/src/core/java/android/webkit/EventLogTags.java <= frameworks/base/core/java/android/webkit/EventLogTags.logtags
[  2% 1192/46492] build /root/worspace/aosip/out/target/common/obj/JAVA_LIBRARIES/core-junit_intermediates/classes-full-debug.jar
target Java: core-junit (/root/worspace/aosip/out/target/common/obj/JAVA_LIBRARIES/core-junit_intermediates/classes)
[  2% 1193/46492] build /root/worspace/aosip/out/target/common/obj/JAVA_LIBRARIES/core-junit_intermediates/classes-jarjar.jar
Copying: /root/worspace/aosip/out/target/common/obj/JAVA_LIBRARIES/core-junit_intermediates/classes-jarjar.jar
[  2% 1194/46492] build /root/worspace/aosip/out/target/common/obj/JAVA_LIBRARIES/core-junit_intermediates/classes.jar
Copying: /root/worspace/aosip/out/target/common/obj/JAVA_LIBRARIES/core-junit_intermediates/classes.jar
[  2% 1195/46492] build /root/worspace/aosip/out/target/common/obj/JAVA_LIBRARIES/core-junit_intermediates/classes.jar.toc
Generating TOC: /root/worspace/aosip/out/target/common/obj/JAVA_LIBRARIES/core-junit_intermediates/classes.jar.toc
[  2% 1196/46492] build /root/worspace/aosip/out/target/common/obj/JAVA_LIBRARIES/core-lambda-stubs_intermediates/classes-full-debug.jar
target Java: core-lambda-stubs (/root/worspace/aosip/out/target/common/obj/JAVA_LIBRARIES/core-lambda-stubs_intermediates/classes)
[  2% 1197/46492] build /root/worspace/aosip/out/target/common/obj/JAVA_LIBRARIES/core-lambda-stubs_intermediates/classes-jarjar.jar
Copying: /root/worspace/aosip/out/target/common/obj/JAVA_LIBRARIES/core-lambda-stubs_intermediates/classes-jarjar.jar
[  2% 1198/46492] build /root/worspace/aosip/out/target/common/obj/JAVA_LIBRARIES/core-lambda-stubs_intermediates/classes.jar
Copying: /root/worspace/aosip/out/target/common/obj/JAVA_LIBRARIES/core-lambda-stubs_intermediates/classes.jar
[  2% 1199/46492] build /root/worspace/aosip/out/target/common/obj/JAVA_LIBRARIES/core-lambda-stubs_intermediates/classes.jar.toc
Generating TOC: /root/worspace/aosip/out/target/common/obj/JAVA_LIBRARIES/core-lambda-stubs_intermediates/classes.jar.toc
[  2% 1200/46492] build /root/worspace/aosip/out/target/common/obj/JAVA_LIBRARIES/ext_intermediates/classes.jar.toc
Generating TOC: /root/worspace/aosip/out/target/common/obj/JAVA_LIBRARIES/ext_intermediates/classes.jar.toc
[  2% 1201/46492] build /root/worspace/aosip/out/target/common/obj/JAVA_LIBRARIES/tcmiface_intermediates/classes-full-debug.jar
target Java: tcmiface (/root/worspace/aosip/out/target/common/obj/JAVA_LIBRARIES/tcmiface_intermediates/classes)
[  2% 1202/46492] build /root/worspace/aosip/out/target/common/obj/JAVA_LIBRARIES/tcmiface_intermediates/classes-jarjar.jar
Copying: /root/worspace/aosip/out/target/common/obj/JAVA_LIBRARIES/tcmiface_intermediates/classes-jarjar.jar
[  2% 1203/46492] build /root/worspace/aosip/out/target/common/obj/JAVA_LIBRARIES/tcmiface_intermediates/classes.jar
Copying: /root/worspace/aosip/out/target/common/obj/JAVA_LIBRARIES/tcmiface_intermediates/classes.jar
[  2% 1204/46492] build /root/worspace/aosip/out/target/common/obj/JAVA_LIBRARIES/tcmiface_intermediates/javalib.jar
target Static Jar: tcmiface (/root/worspace/aosip/out/target/common/obj/JAVA_LIBRARIES/tcmiface_intermediates/javalib.jar)
[  2% 1205/46492] build /root/worspace/aosip/out/target/common/obj/JAVA_LIBRARIES/okhttp_intermediates/classes-full-debug.jar
target Java: okhttp (/root/worspace/aosip/out/target/common/obj/JAVA_LIBRARIES/okhttp_intermediates/classes)
Note: Some input files use or override a deprecated API.
Note: Recompile with -Xlint:deprecation for details.
Note: Some input files use unchecked or unsafe operations.
Note: Recompile with -Xlint:unchecked for details.
[  2% 1206/46492] build /root/worspace/aosip/out/target/common/obj/JAVA_LIBRARIES/okhttp_intermediates/classes-jarjar.jar
JarJar: /root/worspace/aosip/out/target/common/obj/JAVA_LIBRARIES/okhttp_intermediates/classes-jarjar.jar
[  2% 1207/46492] build /root/worspace/aosip/out/target/common/obj/JAVA_LIBRARIES/okhttp_intermediates/classes.jar
Copying: /root/worspace/aosip/out/target/common/obj/JAVA_LIBRARIES/okhttp_intermediates/classes.jar
[  2% 1208/46492] build /root/worspace/aosip/out/target/common/obj/JAVA_LIBRARIES/okhttp_intermediates/classes.jar.toc
Generating TOC: /root/worspace/aosip/out/target/common/obj/JAVA_LIBRARIES/okhttp_intermediates/classes.jar.toc
[  2% 1209/46492] build /root/worspace/aosip/out/target/common/obj/JAVA_LIBRARIES/sdk_v8_intermediates/classes.jar
target Prebuilt: sdk_v8 (/root/worspace/aosip/out/target/common/obj/JAVA_LIBRARIES/sdk_v8_intermediates/classes.jar)
[  2% 1210/46492] build /root/worspace/aosip/out/target/common/obj/JAVA_LIBRARIES/sdk_v8_intermediates/classes.jar.toc
Generating TOC: /root/worspace/aosip/out/target/common/obj/JAVA_LIBRARIES/sdk_v8_intermediates/classes.jar.toc
[  2% 1211/46492] build /root/worspace/aosip/out/target/common/obj/JAVA_LIBRARIES/libprotobuf-java-nano_intermediates/classes-full-debug.jar
target Java: libprotobuf-java-nano (/root/worspace/aosip/out/target/common/obj/JAVA_LIBRARIES/libprotobuf-java-nano_intermediates/classes)
Note: Some input files use unchecked or unsafe operations.
Note: Recompile with -Xlint:unchecked for details.
[  2% 1212/46492] build /root/worspace/aosip/out/target/common/obj/JAVA_LIBRARIES/libprotobuf-java-nano_intermediates/classes-jarjar.jar
Copying: /root/worspace/aosip/out/target/common/obj/JAVA_LIBRARIES/libprotobuf-java-nano_intermediates/classes-jarjar.jar
[  2% 1213/46492] build /root/worspace/aosip/out/target/common/obj/JAVA_LIBRARIES/libprotobuf-java-nano_intermediates/classes.jar
Copying: /root/worspace/aosip/out/target/common/obj/JAVA_LIBRARIES/libprotobuf-java-nano_intermediates/classes.jar
[  2% 1214/46492] build /root/worspace/aosip/out/target/common/obj/JAVA_LIBRARIES/libprotobuf-java-nano_intermediates/javalib.jar
target Static Jar: libprotobuf-java-nano (/root/worspace/aosip/out/target/common/obj/JAVA_LIBRARIES/libprotobuf-java-nano_intermediates/javalib.jar)
[  2% 1215/46492] build /root/worspace/aosip/out/host/linux-x86/obj/STATIC_LIBRARIES/libz_intermediates/export_includes
Export includes file: -- /root/worspace/aosip/out/host/linux-x86/obj/STATIC_LIBRARIES/libz_intermediates/export_includes
[  2% 1216/46492] build /root/worspace/aosip/out/host/linux-x86/obj/EXECUTABLES/aprotoc_intermediates/import_includes
Import includes file: /root/worspace/aosip/out/host/linux-x86/obj/EXECUTABLES/aprotoc_intermediates/import_includes
[  2% 1217/46492] build /root/worspace/aosip/out/host/linux-x86/obj/EXECUTABLES/aprotoc_intermediates/src/google/protobuf/descriptor.pb.o
host C++: aprotoc <= external/protobuf/src/google/protobuf/descriptor.pb.cc
[  2% 1218/46492] build /root/worspace/aosip/out/host/linux-x86/obj/EXECUTABLES/aprotoc_intermediates/src/google/protobuf/compiler/cpp/cpp_extension.o
host C++: aprotoc <= external/protobuf/src/google/protobuf/compiler/cpp/cpp_extension.cc
[  2% 1219/46492] build /root/worspace/aosip/out/host/linux-x86/obj/EXECUTABLES/aprotoc_intermediates/src/google/protobuf/descriptor.o
host C++: aprotoc <= external/protobuf/src/google/protobuf/descriptor.cc
[  2% 1220/46492] build /root/worspace/aosip/out/host/linux-x86/obj/EXECUTABLES/aprotoc_intermediates/src/google/protobuf/descriptor_database.o
host C++: aprotoc <= external/protobuf/src/google/protobuf/descriptor_database.cc
[  2% 1221/46492] build /root/worspace/aosip/out/host/linux-x86/obj/EXECUTABLES/aprotoc_intermediates/src/google/protobuf/dynamic_message.o
host C++: aprotoc <= external/protobuf/src/google/protobuf/dynamic_message.cc
[  2% 1222/46492] build /root/worspace/aosip/out/host/linux-x86/obj/EXECUTABLES/aprotoc_intermediates/src/google/protobuf/extension_set.o
host C++: aprotoc <= external/protobuf/src/google/protobuf/extension_set.cc
[  2% 1223/46492] build /root/worspace/aosip/out/host/linux-x86/obj/EXECUTABLES/aprotoc_intermediates/src/google/protobuf/extension_set_heavy.o
host C++: aprotoc <= external/protobuf/src/google/protobuf/extension_set_heavy.cc
[  2% 1224/46492] build /root/worspace/aosip/out/host/linux-x86/obj/EXECUTABLES/aprotoc_intermediates/src/google/protobuf/generated_message_reflection.o
host C++: aprotoc <= external/protobuf/src/google/protobuf/generated_message_reflection.cc
[  2% 1225/46492] build /root/worspace/aosip/out/host/linux-x86/obj/EXECUTABLES/aprotoc_intermediates/src/google/protobuf/generated_message_util.o
host C++: aprotoc <= external/protobuf/src/google/protobuf/generated_message_util.cc
[  2% 1226/46492] build /root/worspace/aosip/out/host/linux-x86/obj/EXECUTABLES/aprotoc_intermediates/src/google/protobuf/message.o
host C++: aprotoc <= external/protobuf/src/google/protobuf/message.cc
[  2% 1227/46492] build /root/worspace/aosip/out/host/linux-x86/obj/EXECUTABLES/aprotoc_intermediates/src/google/protobuf/message_lite.o
host C++: aprotoc <= external/protobuf/src/google/protobuf/message_lite.cc
[  2% 1228/46492] build /root/worspace/aosip/out/host/linux-x86/obj/EXECUTABLES/aprotoc_intermediates/src/google/protobuf/reflection_ops.o
host C++: aprotoc <= external/protobuf/src/google/protobuf/reflection_ops.cc
[  2% 1229/46492] build /root/worspace/aosip/out/host/linux-x86/obj/EXECUTABLES/aprotoc_intermediates/src/google/protobuf/repeated_field.o
host C++: aprotoc <= external/protobuf/src/google/protobuf/repeated_field.cc
[  2% 1230/46492] build /root/worspace/aosip/out/host/linux-x86/obj/EXECUTABLES/aprotoc_intermediates/src/google/protobuf/service.o
host C++: aprotoc <= external/protobuf/src/google/protobuf/service.cc
[  2% 1231/46492] build /root/worspace/aosip/out/host/linux-x86/obj/EXECUTABLES/aprotoc_intermediates/src/google/protobuf/text_format.o
host C++: aprotoc <= external/protobuf/src/google/protobuf/text_format.cc
[  2% 1232/46492] build /root/worspace/aosip/out/host/linux-x86/obj/EXECUTABLES/aprotoc_intermediates/src/google/protobuf/unknown_field_set.o
host C++: aprotoc <= external/protobuf/src/google/protobuf/unknown_field_set.cc
[  2% 1233/46492] build /root/worspace/aosip/out/host/linux-x86/obj/EXECUTABLES/aprotoc_intermediates/src/google/protobuf/wire_format.o
host C++: aprotoc <= external/protobuf/src/google/protobuf/wire_format.cc
[  2% 1234/46492] build /root/worspace/aosip/out/host/linux-x86/obj/EXECUTABLES/aprotoc_intermediates/src/google/protobuf/wire_format_lite.o
host C++: aprotoc <= external/protobuf/src/google/protobuf/wire_format_lite.cc
[  2% 1235/46492] build /root/worspace/aosip/out/host/linux-x86/obj/EXECUTABLES/aprotoc_intermediates/src/google/protobuf/compiler/code_generator.o
host C++: aprotoc <= external/protobuf/src/google/protobuf/compiler/code_generator.cc
[  2% 1236/46492] build /root/worspace/aosip/out/host/linux-x86/obj/EXECUTABLES/aprotoc_intermediates/src/google/protobuf/compiler/command_line_interface.o
host C++: aprotoc <= external/protobuf/src/google/protobuf/compiler/command_line_interface.cc
[  2% 1237/46492] build /root/worspace/aosip/out/host/linux-x86/obj/EXECUTABLES/aprotoc_intermediates/src/google/protobuf/compiler/importer.o
host C++: aprotoc <= external/protobuf/src/google/protobuf/compiler/importer.cc
[  2% 1238/46492] build /root/worspace/aosip/out/host/linux-x86/obj/EXECUTABLES/aprotoc_intermediates/src/google/protobuf/compiler/main.o
host C++: aprotoc <= external/protobuf/src/google/protobuf/compiler/main.cc
[  2% 1239/46492] build /root/worspace/aosip/out/host/linux-x86/obj/EXECUTABLES/aprotoc_intermediates/src/google/protobuf/compiler/parser.o
host C++: aprotoc <= external/protobuf/src/google/protobuf/compiler/parser.cc
[  2% 1240/46492] build /root/worspace/aosip/out/host/linux-x86/obj/EXECUTABLES/aprotoc_intermediates/src/google/protobuf/compiler/plugin.o
host C++: aprotoc <= external/protobuf/src/google/protobuf/compiler/plugin.cc
[  2% 1241/46492] build /root/worspace/aosip/out/host/linux-x86/obj/EXECUTABLES/aprotoc_intermediates/src/google/protobuf/compiler/plugin.pb.o
host C++: aprotoc <= external/protobuf/src/google/protobuf/compiler/plugin.pb.cc
[  2% 1242/46492] build /root/worspace/aosip/out/host/linux-x86/obj/EXECUTABLES/aprotoc_intermediates/src/google/protobuf/compiler/subprocess.o
host C++: aprotoc <= external/protobuf/src/google/protobuf/compiler/subprocess.cc
[  2% 1243/46492] build /root/worspace/aosip/out/host/linux-x86/obj/EXECUTABLES/aprotoc_intermediates/src/google/protobuf/compiler/zip_writer.o
host C++: aprotoc <= external/protobuf/src/google/protobuf/compiler/zip_writer.cc
[  2% 1244/46492] build /root/worspace/aosip/out/host/linux-x86/obj/EXECUTABLES/aprotoc_intermediates/src/google/protobuf/compiler/cpp/cpp_enum.o
host C++: aprotoc <= external/protobuf/src/google/protobuf/compiler/cpp/cpp_enum.cc
[  2% 1245/46492] build /root/worspace/aosip/out/host/linux-x86/obj/EXECUTABLES/aprotoc_intermediates/src/google/protobuf/compiler/cpp/cpp_enum_field.o
host C++: aprotoc <= external/protobuf/src/google/protobuf/compiler/cpp/cpp_enum_field.cc
[  2% 1246/46492] build /root/worspace/aosip/out/host/linux-x86/obj/EXECUTABLES/aprotoc_intermediates/src/google/protobuf/compiler/cpp/cpp_generator.o
host C++: aprotoc <= external/protobuf/src/google/protobuf/compiler/cpp/cpp_generator.cc
[  2% 1247/46492] build /root/worspace/aosip/out/host/linux-x86/obj/EXECUTABLES/aprotoc_intermediates/src/google/protobuf/compiler/cpp/cpp_field.o
host C++: aprotoc <= external/protobuf/src/google/protobuf/compiler/cpp/cpp_field.cc
[  2% 1248/46492] build /root/worspace/aosip/out/host/linux-x86/obj/EXECUTABLES/aprotoc_intermediates/src/google/protobuf/compiler/cpp/cpp_file.o
host C++: aprotoc <= external/protobuf/src/google/protobuf/compiler/cpp/cpp_file.cc
[  2% 1249/46492] build /root/worspace/aosip/out/host/linux-x86/obj/EXECUTABLES/llvm-tblgen_intermediates/export_includes
Export includes file: -- /root/worspace/aosip/out/host/linux-x86/obj/EXECUTABLES/llvm-tblgen_intermediates/export_includes
[  2% 1250/46492] build /root/worspace/aosip/out/host/linux-x86/obj/EXECUTABLES/aprotoc_intermediates/src/google/protobuf/compiler/cpp/cpp_helpers.o
host C++: aprotoc <= external/protobuf/src/google/protobuf/compiler/cpp/cpp_helpers.cc
[  2% 1251/46492] build /root/worspace/aosip/out/host/linux-x86/obj/EXECUTABLES/aprotoc_intermediates/src/google/protobuf/compiler/cpp/cpp_message.o
host C++: aprotoc <= external/protobuf/src/google/protobuf/compiler/cpp/cpp_message.cc
[  2% 1252/46492] build /root/worspace/aosip/out/host/linux-x86/obj/EXECUTABLES/aprotoc_intermediates/src/google/protobuf/compiler/cpp/cpp_message_field.o
host C++: aprotoc <= external/protobuf/src/google/protobuf/compiler/cpp/cpp_message_field.cc
[  2% 1253/46492] build /root/worspace/aosip/out/host/linux-x86/obj/EXECUTABLES/aprotoc_intermediates/src/google/protobuf/compiler/cpp/cpp_primitive_field.o
host C++: aprotoc <= external/protobuf/src/google/protobuf/compiler/cpp/cpp_primitive_field.cc
[  2% 1254/46492] build /root/worspace/aosip/out/host/linux-x86/obj/EXECUTABLES/aprotoc_intermediates/src/google/protobuf/compiler/cpp/cpp_service.o
host C++: aprotoc <= external/protobuf/src/google/protobuf/compiler/cpp/cpp_service.cc
[  2% 1255/46492] build /root/worspace/aosip/out/host/linux-x86/obj/EXECUTABLES/aprotoc_intermediates/src/google/protobuf/compiler/cpp/cpp_string_field.o
host C++: aprotoc <= external/protobuf/src/google/protobuf/compiler/cpp/cpp_string_field.cc
[  2% 1256/46492] build /root/worspace/aosip/out/host/linux-x86/obj/EXECUTABLES/aprotoc_intermediates/src/google/protobuf/compiler/java/java_context.o
host C++: aprotoc <= external/protobuf/src/google/protobuf/compiler/java/java_context.cc
[  2% 1257/46492] build /root/worspace/aosip/out/host/linux-x86/obj/EXECUTABLES/aprotoc_intermediates/src/google/protobuf/compiler/java/java_enum.o
host C++: aprotoc <= external/protobuf/src/google/protobuf/compiler/java/java_enum.cc
[  2% 1258/46492] build /root/worspace/aosip/out/host/linux-x86/obj/EXECUTABLES/aprotoc_intermediates/src/google/protobuf/compiler/java/java_enum_field.o
host C++: aprotoc <= external/protobuf/src/google/protobuf/compiler/java/java_enum_field.cc
[  2% 1259/46492] build /root/worspace/aosip/out/host/linux-x86/obj/EXECUTABLES/aprotoc_intermediates/src/google/protobuf/compiler/java/java_extension.o
host C++: aprotoc <= external/protobuf/src/google/protobuf/compiler/java/java_extension.cc
[  2% 1260/46492] build /root/worspace/aosip/out/host/linux-x86/obj/EXECUTABLES/aprotoc_intermediates/src/google/protobuf/compiler/java/java_field.o
host C++: aprotoc <= external/protobuf/src/google/protobuf/compiler/java/java_field.cc
[  2% 1261/46492] build /root/worspace/aosip/out/host/linux-x86/obj/EXECUTABLES/aprotoc_intermediates/src/google/protobuf/compiler/java/java_file.o
host C++: aprotoc <= external/protobuf/src/google/protobuf/compiler/java/java_file.cc
[  2% 1262/46492] build /root/worspace/aosip/out/host/linux-x86/obj/EXECUTABLES/aprotoc_intermediates/src/google/protobuf/compiler/java/java_generator.o
host C++: aprotoc <= external/protobuf/src/google/protobuf/compiler/java/java_generator.cc
[  2% 1263/46492] build /root/worspace/aosip/out/host/linux-x86/obj/EXECUTABLES/aprotoc_intermediates/src/google/protobuf/compiler/java/java_generator_factory.o
host C++: aprotoc <= external/protobuf/src/google/protobuf/compiler/java/java_generator_factory.cc
[  2% 1264/46492] build /root/worspace/aosip/out/host/linux-x86/obj/EXECUTABLES/aprotoc_intermediates/src/google/protobuf/compiler/java/java_helpers.o
host C++: aprotoc <= external/protobuf/src/google/protobuf/compiler/java/java_helpers.cc
[  2% 1265/46492] build /root/worspace/aosip/out/host/linux-x86/obj/EXECUTABLES/aprotoc_intermediates/src/google/protobuf/compiler/java/java_lazy_message_field.o
host C++: aprotoc <= external/protobuf/src/google/protobuf/compiler/java/java_lazy_message_field.cc
[  2% 1266/46492] build /root/worspace/aosip/out/host/linux-x86/obj/EXECUTABLES/aprotoc_intermediates/src/google/protobuf/compiler/java/java_message.o
host C++: aprotoc <= external/protobuf/src/google/protobuf/compiler/java/java_message.cc
[  2% 1267/46492] build /root/worspace/aosip/out/host/linux-x86/obj/EXECUTABLES/aprotoc_intermediates/src/google/protobuf/compiler/java/java_message_field.o
host C++: aprotoc <= external/protobuf/src/google/protobuf/compiler/java/java_message_field.cc
[  2% 1268/46492] build /root/worspace/aosip/out/host/linux-x86/obj/EXECUTABLES/aprotoc_intermediates/src/google/protobuf/compiler/java/java_name_resolver.o
host C++: aprotoc <= external/protobuf/src/google/protobuf/compiler/java/java_name_resolver.cc
[  2% 1269/46492] build /root/worspace/aosip/out/host/linux-x86/obj/EXECUTABLES/aprotoc_intermediates/src/google/protobuf/compiler/java/java_primitive_field.o
host C++: aprotoc <= external/protobuf/src/google/protobuf/compiler/java/java_primitive_field.cc
[  2% 1270/46492] build /root/worspace/aosip/out/host/linux-x86/obj/EXECUTABLES/aprotoc_intermediates/src/google/protobuf/compiler/java/java_shared_code_generator.o
host C++: aprotoc <= external/protobuf/src/google/protobuf/compiler/java/java_shared_code_generator.cc
[  2% 1271/46492] build /root/worspace/aosip/out/host/linux-x86/obj/EXECUTABLES/aprotoc_intermediates/src/google/protobuf/compiler/java/java_service.o
host C++: aprotoc <= external/protobuf/src/google/protobuf/compiler/java/java_service.cc
[  2% 1272/46492] build /root/worspace/aosip/out/host/linux-x86/obj/EXECUTABLES/aprotoc_intermediates/src/google/protobuf/compiler/java/java_string_field.o
host C++: aprotoc <= external/protobuf/src/google/protobuf/compiler/java/java_string_field.cc
[  2% 1273/46492] build /root/worspace/aosip/out/host/linux-x86/obj/EXECUTABLES/aprotoc_intermediates/src/google/protobuf/compiler/java/java_doc_comment.o
host C++: aprotoc <= external/protobuf/src/google/protobuf/compiler/java/java_doc_comment.cc
[  2% 1274/46492] build /root/worspace/aosip/out/host/linux-x86/obj/EXECUTABLES/aprotoc_intermediates/src/google/protobuf/compiler/javamicro/javamicro_enum.o
host C++: aprotoc <= external/protobuf/src/google/protobuf/compiler/javamicro/javamicro_enum.cc
[  2% 1275/46492] build /root/worspace/aosip/out/host/linux-x86/obj/EXECUTABLES/aprotoc_intermediates/src/google/protobuf/compiler/javamicro/javamicro_enum_field.o
host C++: aprotoc <= external/protobuf/src/google/protobuf/compiler/javamicro/javamicro_enum_field.cc
[  2% 1276/46492] build /root/worspace/aosip/out/host/linux-x86/obj/EXECUTABLES/aprotoc_intermediates/src/google/protobuf/compiler/javamicro/javamicro_field.o
host C++: aprotoc <= external/protobuf/src/google/protobuf/compiler/javamicro/javamicro_field.cc
[  2% 1277/46492] build /root/worspace/aosip/out/host/linux-x86/obj/EXECUTABLES/aprotoc_intermediates/src/google/protobuf/compiler/javamicro/javamicro_file.o
host C++: aprotoc <= external/protobuf/src/google/protobuf/compiler/javamicro/javamicro_file.cc
[  2% 1278/46492] build /root/worspace/aosip/out/host/linux-x86/obj/EXECUTABLES/aprotoc_intermediates/src/google/protobuf/compiler/javamicro/javamicro_generator.o
host C++: aprotoc <= external/protobuf/src/google/protobuf/compiler/javamicro/javamicro_generator.cc
[  2% 1279/46492] build /root/worspace/aosip/out/host/linux-x86/obj/EXECUTABLES/aprotoc_intermediates/src/google/protobuf/compiler/javamicro/javamicro_helpers.o
host C++: aprotoc <= external/protobuf/src/google/protobuf/compiler/javamicro/javamicro_helpers.cc
[  2% 1280/46492] build /root/worspace/aosip/out/host/linux-x86/obj/EXECUTABLES/aprotoc_intermediates/src/google/protobuf/compiler/javamicro/javamicro_message_field.o
host C++: aprotoc <= external/protobuf/src/google/protobuf/compiler/javamicro/javamicro_message_field.cc
[  2% 1281/46492] build /root/worspace/aosip/out/host/linux-x86/obj/EXECUTABLES/aprotoc_intermediates/src/google/protobuf/compiler/javamicro/javamicro_message.o
host C++: aprotoc <= external/protobuf/src/google/protobuf/compiler/javamicro/javamicro_message.cc
[  2% 1282/46492] build /root/worspace/aosip/out/host/linux-x86/obj/EXECUTABLES/aprotoc_intermediates/src/google/protobuf/compiler/javamicro/javamicro_primitive_field.o
host C++: aprotoc <= external/protobuf/src/google/protobuf/compiler/javamicro/javamicro_primitive_field.cc
[  2% 1283/46492] build /root/worspace/aosip/out/host/linux-x86/obj/EXECUTABLES/aprotoc_intermediates/src/google/protobuf/compiler/javanano/javanano_enum.o
host C++: aprotoc <= external/protobuf/src/google/protobuf/compiler/javanano/javanano_enum.cc
[  2% 1284/46492] build /root/worspace/aosip/out/host/linux-x86/obj/EXECUTABLES/aprotoc_intermediates/src/google/protobuf/compiler/javanano/javanano_enum_field.o
host C++: aprotoc <= external/protobuf/src/google/protobuf/compiler/javanano/javanano_enum_field.cc
[  2% 1285/46492] build /root/worspace/aosip/out/host/linux-x86/obj/EXECUTABLES/aprotoc_intermediates/src/google/protobuf/compiler/javanano/javanano_extension.o
host C++: aprotoc <= external/protobuf/src/google/protobuf/compiler/javanano/javanano_extension.cc
[  2% 1286/46492] build /root/worspace/aosip/out/host/linux-x86/obj/EXECUTABLES/aprotoc_intermediates/src/google/protobuf/compiler/javanano/javanano_field.o
host C++: aprotoc <= external/protobuf/src/google/protobuf/compiler/javanano/javanano_field.cc
[  2% 1287/46492] build /root/worspace/aosip/out/host/linux-x86/obj/EXECUTABLES/aprotoc_intermediates/src/google/protobuf/compiler/javanano/javanano_file.o
host C++: aprotoc <= external/protobuf/src/google/protobuf/compiler/javanano/javanano_file.cc
[  2% 1288/46492] build /root/worspace/aosip/out/host/linux-x86/obj/EXECUTABLES/aprotoc_intermediates/src/google/protobuf/compiler/javanano/javanano_generator.o
host C++: aprotoc <= external/protobuf/src/google/protobuf/compiler/javanano/javanano_generator.cc
[  2% 1289/46492] build /root/worspace/aosip/out/host/linux-x86/obj/EXECUTABLES/aprotoc_intermediates/src/google/protobuf/compiler/javanano/javanano_helpers.o
host C++: aprotoc <= external/protobuf/src/google/protobuf/compiler/javanano/javanano_helpers.cc
[  2% 1290/46492] build /root/worspace/aosip/out/host/linux-x86/obj/EXECUTABLES/aprotoc_intermediates/src/google/protobuf/compiler/javanano/javanano_message.o
host C++: aprotoc <= external/protobuf/src/google/protobuf/compiler/javanano/javanano_message.cc
[  2% 1291/46492] build /root/worspace/aosip/out/host/linux-x86/obj/EXECUTABLES/aprotoc_intermediates/src/google/protobuf/compiler/javanano/javanano_message_field.o
host C++: aprotoc <= external/protobuf/src/google/protobuf/compiler/javanano/javanano_message_field.cc
[  2% 1292/46492] build /root/worspace/aosip/out/host/linux-x86/obj/EXECUTABLES/aprotoc_intermediates/src/google/protobuf/compiler/javanano/javanano_primitive_field.o
host C++: aprotoc <= external/protobuf/src/google/protobuf/compiler/javanano/javanano_primitive_field.cc
[  2% 1293/46492] build /root/worspace/aosip/out/host/linux-x86/obj/EXECUTABLES/aprotoc_intermediates/src/google/protobuf/compiler/python/python_generator.o
host C++: aprotoc <= external/protobuf/src/google/protobuf/compiler/python/python_generator.cc
[  2% 1294/46492] build /root/worspace/aosip/out/host/linux-x86/obj/EXECUTABLES/aprotoc_intermediates/src/google/protobuf/io/coded_stream.o
host C++: aprotoc <= external/protobuf/src/google/protobuf/io/coded_stream.cc
[  2% 1295/46492] build /root/worspace/aosip/out/host/linux-x86/obj/EXECUTABLES/aprotoc_intermediates/src/google/protobuf/io/gzip_stream.o
host C++: aprotoc <= external/protobuf/src/google/protobuf/io/gzip_stream.cc
[  2% 1296/46492] build /root/worspace/aosip/out/host/linux-x86/obj/EXECUTABLES/aprotoc_intermediates/src/google/protobuf/io/printer.o
host C++: aprotoc <= external/protobuf/src/google/protobuf/io/printer.cc
[  2% 1297/46492] build /root/worspace/aosip/out/host/linux-x86/obj/EXECUTABLES/aprotoc_intermediates/src/google/protobuf/io/strtod.o
host C++: aprotoc <= external/protobuf/src/google/protobuf/io/strtod.cc
[  2% 1298/46492] build /root/worspace/aosip/out/host/linux-x86/obj/EXECUTABLES/aprotoc_intermediates/src/google/protobuf/io/tokenizer.o
host C++: aprotoc <= external/protobuf/src/google/protobuf/io/tokenizer.cc
[  2% 1299/46492] build /root/worspace/aosip/out/host/linux-x86/obj/EXECUTABLES/aprotoc_intermediates/src/google/protobuf/io/zero_copy_stream.o
host C++: aprotoc <= external/protobuf/src/google/protobuf/io/zero_copy_stream.cc
[  2% 1300/46492] build /root/worspace/aosip/out/host/linux-x86/obj/EXECUTABLES/aprotoc_intermediates/src/google/protobuf/io/zero_copy_stream_impl.o
host C++: aprotoc <= external/protobuf/src/google/protobuf/io/zero_copy_stream_impl.cc
[  2% 1301/46492] build /root/worspace/aosip/out/host/linux-x86/obj/EXECUTABLES/aprotoc_intermediates/src/google/protobuf/io/zero_copy_stream_impl_lite.o
host C++: aprotoc <= external/protobuf/src/google/protobuf/io/zero_copy_stream_impl_lite.cc
[  2% 1302/46492] build /root/worspace/aosip/out/host/linux-x86/obj/EXECUTABLES/aprotoc_intermediates/src/google/protobuf/stubs/atomicops_internals_x86_gcc.o
host C++: aprotoc <= external/protobuf/src/google/protobuf/stubs/atomicops_internals_x86_gcc.cc
[  2% 1303/46492] build /root/worspace/aosip/out/host/linux-x86/obj/EXECUTABLES/aprotoc_intermediates/src/google/protobuf/stubs/atomicops_internals_x86_msvc.o
host C++: aprotoc <= external/protobuf/src/google/protobuf/stubs/atomicops_internals_x86_msvc.cc
[  2% 1304/46492] build /root/worspace/aosip/out/host/linux-x86/obj/EXECUTABLES/aprotoc_intermediates/src/google/protobuf/stubs/common.o
host C++: aprotoc <= external/protobuf/src/google/protobuf/stubs/common.cc
[  2% 1305/46492] build /root/worspace/aosip/out/host/linux-x86/obj/EXECUTABLES/aprotoc_intermediates/src/google/protobuf/stubs/once.o
host C++: aprotoc <= external/protobuf/src/google/protobuf/stubs/once.cc
[  2% 1306/46492] build /root/worspace/aosip/out/host/linux-x86/obj/EXECUTABLES/aprotoc_intermediates/src/google/protobuf/stubs/structurally_valid.o
host C++: aprotoc <= external/protobuf/src/google/protobuf/stubs/structurally_valid.cc
[  2% 1307/46492] build /root/worspace/aosip/out/host/linux-x86/obj/EXECUTABLES/aprotoc_intermediates/src/google/protobuf/stubs/strutil.o
host C++: aprotoc <= external/protobuf/src/google/protobuf/stubs/strutil.cc
[  2% 1308/46492] build /root/worspace/aosip/out/host/linux-x86/obj/EXECUTABLES/aprotoc_intermediates/src/google/protobuf/stubs/substitute.o
host C++: aprotoc <= external/protobuf/src/google/protobuf/stubs/substitute.cc
[  2% 1309/46492] build /root/worspace/aosip/out/host/linux-x86/obj/EXECUTABLES/aprotoc_intermediates/src/google/protobuf/stubs/stringprintf.o
host C++: aprotoc <= external/protobuf/src/google/protobuf/stubs/stringprintf.cc
[  2% 1310/46492] build /root/worspace/aosip/out/host/linux-x86/obj/STATIC_LIBRARIES/libz_intermediates/src/adler32.o
host C: libz <= external/zlib/src/adler32.c
[  2% 1311/46492] build /root/worspace/aosip/out/host/linux-x86/obj/STATIC_LIBRARIES/libz_intermediates/src/compress.o
host C: libz <= external/zlib/src/compress.c
[  2% 1312/46492] build /root/worspace/aosip/out/host/linux-x86/obj/STATIC_LIBRARIES/libz_intermediates/src/crc32.o
host C: libz <= external/zlib/src/crc32.c
[  2% 1313/46492] build /root/worspace/aosip/out/host/linux-x86/obj/STATIC_LIBRARIES/libz_intermediates/src/deflate.o
host C: libz <= external/zlib/src/deflate.c
[  2% 1314/46492] build /root/worspace/aosip/out/host/linux-x86/obj/STATIC_LIBRARIES/libz_intermediates/src/gzclose.o
host C: libz <= external/zlib/src/gzclose.c
[  2% 1315/46492] build /root/worspace/aosip/out/host/linux-x86/obj/STATIC_LIBRARIES/libz_intermediates/src/gzlib.o
host C: libz <= external/zlib/src/gzlib.c
[  2% 1316/46492] build /root/worspace/aosip/out/host/linux-x86/obj/STATIC_LIBRARIES/libz_intermediates/src/gzread.o
host C: libz <= external/zlib/src/gzread.c
[  2% 1317/46492] build /root/worspace/aosip/out/host/linux-x86/obj/STATIC_LIBRARIES/libz_intermediates/src/gzwrite.o
host C: libz <= external/zlib/src/gzwrite.c
[  2% 1318/46492] build /root/worspace/aosip/out/host/linux-x86/obj/STATIC_LIBRARIES/libz_intermediates/src/infback.o
host C: libz <= external/zlib/src/infback.c
[  2% 1319/46492] build /root/worspace/aosip/out/host/linux-x86/obj/STATIC_LIBRARIES/libz_intermediates/src/inflate.o
host C: libz <= external/zlib/src/inflate.c
[  2% 1320/46492] build /root/worspace/aosip/out/host/linux-x86/obj/STATIC_LIBRARIES/libz_intermediates/src/inftrees.o
host C: libz <= external/zlib/src/inftrees.c
[  2% 1321/46492] build /root/worspace/aosip/out/host/linux-x86/obj/STATIC_LIBRARIES/libz_intermediates/src/inffast.o
host C: libz <= external/zlib/src/inffast.c
[  2% 1322/46492] build /root/worspace/aosip/out/host/linux-x86/obj/STATIC_LIBRARIES/libz_intermediates/src/trees.o
host C: libz <= external/zlib/src/trees.c
[  2% 1323/46492] build /root/worspace/aosip/out/host/linux-x86/obj/STATIC_LIBRARIES/libz_intermediates/src/uncompr.o
host C: libz <= external/zlib/src/uncompr.c
[  2% 1324/46492] build /root/worspace/aosip/out/host/linux-x86/obj/STATIC_LIBRARIES/libz_intermediates/src/zutil.o
host C: libz <= external/zlib/src/zutil.c
[  2% 1325/46492] build /root/worspace/aosip/out/host/linux-x86/obj/STATIC_LIBRARIES/libz_intermediates/libz.a
host StaticLib: libz (/root/worspace/aosip/out/host/linux-x86/obj/STATIC_LIBRARIES/libz_intermediates/libz.a)
[  2% 1326/46492] build /root/worspace/aosip/out/host/linux-x86/obj/EXECUTABLES/aprotoc_intermediates/export_includes
Export includes file: -- /root/worspace/aosip/out/host/linux-x86/obj/EXECUTABLES/aprotoc_intermediates/export_includes
[  2% 1327/46492] build /root/worspace/aosip/out/host/linux-x86/obj/EXECUTABLES/aprotoc_intermediates/aprotoc
host Executable: aprotoc (/root/worspace/aosip/out/host/linux-x86/obj/EXECUTABLES/aprotoc_intermediates/aprotoc)
[  2% 1328/46492] build /root/worspace/aosip/out/host/linux-x86/obj/NOTICE_FILES/src/bin/aprotoc.txt
Notice file: external/protobuf/NOTICE -- /root/worspace/aosip/out/host/linux-x86/obj/NOTICE_FILES/src//bin/aprotoc.txt
[  2% 1329/46492] build /root/worspace/aosip/out/host/linux-x86/obj/NOTICE_FILES/src/lib64/libz.a.txt
Notice file: external/zlib/NOTICE -- /root/worspace/aosip/out/host/linux-x86/obj/NOTICE_FILES/src//lib64/libz.a.txt
[  2% 1330/46492] build /root/worspace/aosip/out/host/linux-x86/obj/NOTICE_FILES/src/lib/libz.a.txt
Notice file: external/zlib/NOTICE -- /root/worspace/aosip/out/host/linux-x86/obj/NOTICE_FILES/src//lib/libz.a.txt
[  2% 1331/46492] build /root/worspace/aosip/out/host/windows-x86/obj/NOTICE_FILES/src/lib/libz.a.txt
Notice file: external/zlib/NOTICE -- /root/worspace/aosip/out/host/windows-x86/obj/NOTICE_FILES/src//lib/libz.a.txt
[  2% 1332/46492] build /root/worspace/aosip/out/host/windows-x86/obj/NOTICE_FILES/src/lib64/libz.a.txt
Notice file: external/zlib/NOTICE -- /root/worspace/aosip/out/host/windows-x86/obj/NOTICE_FILES/src//lib64/libz.a.txt
[  2% 1333/46492] build /root/worspace/aosip/out/host/linux-x86/bin/aprotoc
Install: /root/worspace/aosip/out/host/linux-x86/bin/aprotoc
[  2% 1334/46492] build /root/worspace/aosip/out/target/common/obj/JAVA_LIBRARIES/framework-protos_intermediates/src/proto/Proto.stamp
Protoc: /root/worspace/aosip/out/target/common/obj/JAVA_LIBRARIES/framework-protos_intermediates/src/proto/Proto.stamp <= frameworks/base/proto/src/metrics_constants.proto frameworks/base/proto/src/system_messages.proto
[  2% 1335/46492] build /root/worspace/aosip/out/target/common/obj/JAVA_LIBRARIES/framework-protos_intermediates/classes-full-debug.jar
target Java: framework-protos (/root/worspace/aosip/out/target/common/obj/JAVA_LIBRARIES/framework-protos_intermediates/classes)
[  2% 1336/46492] build /root/worspace/aosip/out/target/common/obj/JAVA_LIBRARIES/framework-protos_intermediates/classes-jarjar.jar
JarJar: /root/worspace/aosip/out/target/common/obj/JAVA_LIBRARIES/framework-protos_intermediates/classes-jarjar.jar
[  2% 1337/46492] build /root/worspace/aosip/out/target/common/obj/JAVA_LIBRARIES/framework-protos_intermediates/classes.jar
Copying: /root/worspace/aosip/out/target/common/obj/JAVA_LIBRARIES/framework-protos_intermediates/classes.jar
[  2% 1338/46492] build /root/worspace/aosip/out/target/common/obj/JAVA_LIBRARIES/framework-protos_intermediates/javalib.jar
target Static Jar: framework-protos (/root/worspace/aosip/out/target/common/obj/JAVA_LIBRARIES/framework-protos_intermediates/javalib.jar)
[  2% 1339/46492] build /root/worspace/aosip/out/host/linux-x86/obj/STATIC_LIBRARIES/libpng_intermediates/import_includes
Import includes file: /root/worspace/aosip/out/host/linux-x86/obj/STATIC_LIBRARIES/libpng_intermediates/import_includes
[  2% 1340/46492] build /root/worspace/aosip/out/target/common/obj/JAVA_LIBRARIES/telephony-ext_intermediates/src/src/org/codeaurora/internal/IExtTelephony.java
Aidl: telephony-ext <= vendor/codeaurora/telephony/internal/src/org/codeaurora/internal/IExtTelephony.aidl
[  2% 1341/46492] build /root/worspace/aosip/out/target/common/obj/JAVA_LIBRARIES/icu4j_intermediates/tmp/com/ibm/icu/ICUConfig.properties
[  2% 1342/46492] build /root/worspace/aosip/out/host/linux-x86/obj/STATIC_LIBRARIES/libandroidfw_intermediates/import_includes
Import includes file: /root/worspace/aosip/out/host/linux-x86/obj/STATIC_LIBRARIES/libandroidfw_intermediates/import_includes
[  2% 1343/46492] build /root/worspace/aosip/out/host/linux-x86/obj/STATIC_LIBRARIES/libandroidfw_intermediates/ResourceTypes.o
host C++: libandroidfw <= frameworks/base/libs/androidfw/ResourceTypes.cpp
[  2% 1344/46492] build /root/worspace/aosip/out/host/linux-x86/obj/STATIC_LIBRARIES/libandroidfw_intermediates/ObbFile.o
host C++: libandroidfw <= frameworks/base/libs/androidfw/ObbFile.cpp
[  2% 1345/46492] build /root/worspace/aosip/out/host/linux-x86/obj/STATIC_LIBRARIES/libandroidfw_intermediates/misc.o
host C++: libandroidfw <= frameworks/base/libs/androidfw/misc.cpp
[  2% 1346/46492] build /root/worspace/aosip/out/host/linux-x86/obj/STATIC_LIBRARIES/libpng_intermediates/png.o
host C: libpng <= external/libpng/png.c
[  2% 1347/46492] build /root/worspace/aosip/out/target/common/obj/JAVA_LIBRARIES/sdk_v21_intermediates/classes.jar
target Prebuilt: sdk_v21 (/root/worspace/aosip/out/target/common/obj/JAVA_LIBRARIES/sdk_v21_intermediates/classes.jar)
[  2% 1348/46492] build /root/worspace/aosip/out/host/linux-x86/obj/STATIC_LIBRARIES/libandroidfw_intermediates/Asset.o
host C++: libandroidfw <= frameworks/base/libs/androidfw/Asset.cpp
[  2% 1349/46492] build /root/worspace/aosip/out/host/linux-x86/obj/STATIC_LIBRARIES/libandroidfw_intermediates/LocaleData.o
host C++: libandroidfw <= frameworks/base/libs/androidfw/LocaleData.cpp
[  2% 1350/46492] build /root/worspace/aosip/out/host/common/obj/JAVA_LIBRARIES/guava-tools_intermediates/javalib.jar
host Prebuilt: guava-tools (/root/worspace/aosip/out/host/common/obj/JAVA_LIBRARIES/guava-tools_intermediates/javalib.jar)
[  2% 1351/46492] build /root/worspace/aosip/out/host/common/obj/JAVA_LIBRARIES/rmtypedefs_intermediates/classes-full-debug.jar
host Java: rmtypedefs (/root/worspace/aosip/out/host/common/obj/JAVA_LIBRARIES/rmtypedefs_intermediates/classes)
[  2% 1352/46492] build /root/worspace/aosip/out/host/common/obj/JAVA_LIBRARIES/rmtypedefs_intermediates/classes-jarjar.jar
Copying: /root/worspace/aosip/out/host/common/obj/JAVA_LIBRARIES/rmtypedefs_intermediates/classes-jarjar.jar
[  2% 1353/46492] build /root/worspace/aosip/out/host/common/obj/JAVA_LIBRARIES/rmtypedefs_intermediates/javalib.jar
Copying: /root/worspace/aosip/out/host/common/obj/JAVA_LIBRARIES/rmtypedefs_intermediates/javalib.jar
[  2% 1354/46492] build /root/worspace/aosip/out/host/linux-x86/framework/rmtypedefs.jar
Install: /root/worspace/aosip/out/host/linux-x86/framework/rmtypedefs.jar
[  2% 1355/46492] build /root/worspace/aosip/out/host/linux-x86/obj/EXECUTABLES/rmtypedefs_intermediates/rmtypedefs
Copy: rmtypedefs (/root/worspace/aosip/out/host/linux-x86/obj/EXECUTABLES/rmtypedefs_intermediates/rmtypedefs)
[  2% 1356/46492] build /root/worspace/aosip/out/host/linux-x86/bin/rmtypedefs
Install: /root/worspace/aosip/out/host/linux-x86/bin/rmtypedefs
[  2% 1357/46492] build /root/worspace/aosip/out/target/common/obj/JAVA_LIBRARIES/voip-common_intermediates/src/src/java/android/net/sip/ISipSession.java
Aidl: voip-common <= frameworks/opt/net/voip/src/java/android/net/sip/ISipSession.aidl
[  2% 1358/46492] build /root/worspace/aosip/out/host/linux-x86/obj/STATIC_LIBRARIES/libandroidfw_intermediates/AssetManager.o
host C++: libandroidfw <= frameworks/base/libs/androidfw/AssetManager.cpp
[  2% 1359/46492] build /root/worspace/aosip/out/target/common/obj/JAVA_LIBRARIES/voip-common_intermediates/src/src/java/android/net/sip/ISipSessionListener.java
Aidl: voip-common <= frameworks/opt/net/voip/src/java/android/net/sip/ISipSessionListener.aidl
[  2% 1360/46492] build /root/worspace/aosip/out/host/linux-x86/obj/STATIC_LIBRARIES/libandroidfw_intermediates/AssetDir.o
host C++: libandroidfw <= frameworks/base/libs/androidfw/AssetDir.cpp
[  2% 1361/46492] build /root/worspace/aosip/out/target/common/obj/JAVA_LIBRARIES/ims-ext-common_intermediates/src/src/org/codeaurora/ims/internal/IQtiImsExtListener.java
Aidl: ims-ext-common <= vendor/codeaurora/telephony/ims/src/org/codeaurora/ims/internal/IQtiImsExtListener.aidl
[  2% 1362/46492] build /root/worspace/aosip/out/target/common/obj/JAVA_LIBRARIES/ims-ext-common_intermediates/src/src/org/codeaurora/ims/internal/IQtiImsExt.java
Aidl: ims-ext-common <= vendor/codeaurora/telephony/ims/src/org/codeaurora/ims/internal/IQtiImsExt.aidl
[  2% 1363/46492] build /root/worspace/aosip/out/host/linux-x86/obj/STATIC_LIBRARIES/libexpat_intermediates/import_includes
Import includes file: /root/worspace/aosip/out/host/linux-x86/obj/STATIC_LIBRARIES/libexpat_intermediates/import_includes
[  2% 1364/46492] build /root/worspace/aosip/out/host/linux-x86/obj/STATIC_LIBRARIES/libziparchive-host_intermediates/import_includes
Import includes file: /root/worspace/aosip/out/host/linux-x86/obj/STATIC_LIBRARIES/libziparchive-host_intermediates/import_includes
[  2% 1365/46492] build /root/worspace/aosip/out/target/common/obj/JAVA_LIBRARIES/telephony-common_intermediates/src/proto/Proto.stamp
Protoc: /root/worspace/aosip/out/target/common/obj/JAVA_LIBRARIES/telephony-common_intermediates/src/proto/Proto.stamp <= frameworks/opt/telephony/proto/telephony.proto
[  2% 1366/46492] build /root/worspace/aosip/out/target/common/obj/JAVA_LIBRARIES/voip-common_intermediates/src/src/java/android/net/sip/ISipService.java
Aidl: voip-common <= frameworks/opt/net/voip/src/java/android/net/sip/ISipService.aidl
[  2% 1367/46492] build /root/worspace/aosip/out/target/common/obj/framework.aidl
Aidl Preprocess: /root/worspace/aosip/out/target/common/obj/framework.aidl
[  2% 1368/46492] build /root/worspace/aosip/out/host/linux-x86/obj/STATIC_LIBRARIES/libandroidfw_intermediates/ZipUtils.o
host C++: libandroidfw <= frameworks/base/libs/androidfw/ZipUtils.cpp
[  2% 1369/46492] build /root/worspace/aosip/out/host/linux-x86/obj/STATIC_LIBRARIES/libpng_intermediates/pngerror.o
host C: libpng <= external/libpng/pngerror.c
[  2% 1370/46492] build /root/worspace/aosip/out/host/linux-x86/obj/STATIC_LIBRARIES/libandroidfw_intermediates/ZipFileRO.o
host C++: libandroidfw <= frameworks/base/libs/androidfw/ZipFileRO.cpp
[  2% 1371/46492] build /root/worspace/aosip/out/host/linux-x86/obj/STATIC_LIBRARIES/libziparchive-host_intermediates/export_includes
Export includes file: -- /root/worspace/aosip/out/host/linux-x86/obj/STATIC_LIBRARIES/libziparchive-host_intermediates/export_includes
[  2% 1372/46492] build /root/worspace/aosip/out/host/linux-x86/obj/STATIC_LIBRARIES/libexpat_intermediates/export_includes
Export includes file: -- /root/worspace/aosip/out/host/linux-x86/obj/STATIC_LIBRARIES/libexpat_intermediates/export_includes
[  2% 1373/46492] build /root/worspace/aosip/out/host/linux-x86/obj/STATIC_LIBRARIES/libpng_intermediates/export_includes
Export includes file: -- /root/worspace/aosip/out/host/linux-x86/obj/STATIC_LIBRARIES/libpng_intermediates/export_includes
[  2% 1374/46492] build /root/worspace/aosip/out/target/common/obj/JAVA_LIBRARIES/telephony-ext_intermediates/src/src/org/codeaurora/internal/IDepersoResCallback.java
Aidl: telephony-ext <= vendor/codeaurora/telephony/internal/src/org/codeaurora/internal/IDepersoResCallback.aidl
[  2% 1375/46492] build /root/worspace/aosip/out/host/linux-x86/obj/STATIC_LIBRARIES/libandroidfw_intermediates/export_includes
Export includes file: -- /root/worspace/aosip/out/host/linux-x86/obj/STATIC_LIBRARIES/libandroidfw_intermediates/export_includes
[  2% 1376/46492] build /root/worspace/aosip/out/host/linux-x86/obj/STATIC_LIBRARIES/libaapt_intermediates/import_includes
Import includes file: /root/worspace/aosip/out/host/linux-x86/obj/STATIC_LIBRARIES/libaapt_intermediates/import_includes
[  2% 1377/46492] build /root/worspace/aosip/out/host/linux-x86/obj/STATIC_LIBRARIES/libaapt_intermediates/ZipFile.o
host C++: libaapt <= frameworks/base/tools/aapt/ZipFile.cpp
[  2% 1378/46492] build /root/worspace/aosip/out/host/linux-x86/obj/STATIC_LIBRARIES/libaapt_intermediates/ZipEntry.o
host C++: libaapt <= frameworks/base/tools/aapt/ZipEntry.cpp
[  2% 1379/46492] build /root/worspace/aosip/out/host/linux-x86/obj/STATIC_LIBRARIES/libaapt_intermediates/XMLNode.o
host C++: libaapt <= frameworks/base/tools/aapt/XMLNode.cpp
[  2% 1380/46492] build /root/worspace/aosip/out/host/linux-x86/obj/STATIC_LIBRARIES/libaapt_intermediates/WorkQueue.o
host C++: libaapt <= frameworks/base/tools/aapt/WorkQueue.cpp
[  2% 1381/46492] build /root/worspace/aosip/out/host/linux-x86/obj/STATIC_LIBRARIES/libaapt_intermediates/StringPool.o
host C++: libaapt <= frameworks/base/tools/aapt/StringPool.cpp
[  2% 1382/46492] build /root/worspace/aosip/out/host/linux-x86/obj/STATIC_LIBRARIES/libaapt_intermediates/SourcePos.o
host C++: libaapt <= frameworks/base/tools/aapt/SourcePos.cpp
[  2% 1383/46492] build /root/worspace/aosip/out/host/linux-x86/obj/STATIC_LIBRARIES/libaapt_intermediates/ResourceTable.o
host C++: libaapt <= frameworks/base/tools/aapt/ResourceTable.cpp
[  2% 1384/46492] build /root/worspace/aosip/out/host/linux-x86/obj/STATIC_LIBRARIES/libaapt_intermediates/ResourceIdCache.o
host C++: libaapt <= frameworks/base/tools/aapt/ResourceIdCache.cpp
[  2% 1385/46492] build /root/worspace/aosip/out/host/linux-x86/obj/STATIC_LIBRARIES/libaapt_intermediates/ResourceFilter.o
host C++: libaapt <= frameworks/base/tools/aapt/ResourceFilter.cpp
[  2% 1386/46492] build /root/worspace/aosip/out/host/linux-x86/obj/STATIC_LIBRARIES/libaapt_intermediates/Resource.o
host C++: libaapt <= frameworks/base/tools/aapt/Resource.cpp
[  2% 1387/46492] build /root/worspace/aosip/out/host/linux-x86/obj/STATIC_LIBRARIES/libaapt_intermediates/pseudolocalize.o
host C++: libaapt <= frameworks/base/tools/aapt/pseudolocalize.cpp
[  2% 1388/46492] build /root/worspace/aosip/out/host/linux-x86/obj/STATIC_LIBRARIES/libaapt_intermediates/Package.o
host C++: libaapt <= frameworks/base/tools/aapt/Package.cpp
[  2% 1389/46492] build /root/worspace/aosip/out/host/linux-x86/obj/STATIC_LIBRARIES/libaapt_intermediates/Images.o
host C++: libaapt <= frameworks/base/tools/aapt/Images.cpp
[  2% 1390/46492] build /root/worspace/aosip/out/host/linux-x86/obj/STATIC_LIBRARIES/libaapt_intermediates/FileFinder.o
host C++: libaapt <= frameworks/base/tools/aapt/FileFinder.cpp
[  2% 1391/46492] build /root/worspace/aosip/out/host/linux-x86/obj/STATIC_LIBRARIES/libaapt_intermediates/CrunchCache.o
host C++: libaapt <= frameworks/base/tools/aapt/CrunchCache.cpp
[  2% 1392/46492] build /root/worspace/aosip/out/host/linux-x86/obj/STATIC_LIBRARIES/libaapt_intermediates/Command.o
host C++: libaapt <= frameworks/base/tools/aapt/Command.cpp
[  2% 1393/46492] build /root/worspace/aosip/out/host/linux-x86/obj/STATIC_LIBRARIES/libaapt_intermediates/ApkBuilder.o
host C++: libaapt <= frameworks/base/tools/aapt/ApkBuilder.cpp
[  2% 1394/46492] build /root/worspace/aosip/out/host/linux-x86/obj/STATIC_LIBRARIES/libaapt_intermediates/AaptXml.o
host C++: libaapt <= frameworks/base/tools/aapt/AaptXml.cpp
[  3% 1395/46492] build /root/worspace/aosip/out/host/linux-x86/obj/STATIC_LIBRARIES/libaapt_intermediates/AaptUtil.o
host C++: libaapt <= frameworks/base/tools/aapt/AaptUtil.cpp
[  3% 1396/46492] build /root/worspace/aosip/out/host/linux-x86/obj/STATIC_LIBRARIES/libaapt_intermediates/AaptConfig.o
host C++: libaapt <= frameworks/base/tools/aapt/AaptConfig.cpp
[  3% 1397/46492] build /root/worspace/aosip/out/host/linux-x86/obj/STATIC_LIBRARIES/libaapt_intermediates/AaptAssets.o
host C++: libaapt <= frameworks/base/tools/aapt/AaptAssets.cpp
[  3% 1398/46492] build /root/worspace/aosip/out/host/linux-x86/obj/STATIC_LIBRARIES/libaapt_intermediates/export_includes
Export includes file: -- /root/worspace/aosip/out/host/linux-x86/obj/STATIC_LIBRARIES/libaapt_intermediates/export_includes
[  3% 1399/46492] build /root/worspace/aosip/out/host/linux-x86/obj/STATIC_LIBRARIES/libaapt_intermediates/libaapt.a
host StaticLib: libaapt (/root/worspace/aosip/out/host/linux-x86/obj/STATIC_LIBRARIES/libaapt_intermediates/libaapt.a)
[  3% 1400/46492] build /root/worspace/aosip/out/host/linux-x86/obj/STATIC_LIBRARIES/libandroidfw_intermediates/TypeWrappers.o
host C++: libandroidfw <= frameworks/base/libs/androidfw/TypeWrappers.cpp
[  3% 1401/46492] build /root/worspace/aosip/out/host/linux-x86/obj/EXECUTABLES/aapt_intermediates/import_includes
Import includes file: /root/worspace/aosip/out/host/linux-x86/obj/EXECUTABLES/aapt_intermediates/import_includes
[  3% 1402/46492] build /root/worspace/aosip/out/host/linux-x86/obj/EXECUTABLES/aapt_intermediates/Main.o
host C++: aapt <= frameworks/base/tools/aapt/Main.cpp
[  3% 1403/46492] build /root/worspace/aosip/out/target/common/obj/JAVA_LIBRARIES/telephony-ext_intermediates/src/src/org/codeaurora/internal/IDsda.java
Aidl: telephony-ext <= vendor/codeaurora/telephony/internal/src/org/codeaurora/internal/IDsda.aidl
[  3% 1404/46492] build /root/worspace/aosip/out/host/windows-x86/obj/NOTICE_FILES/src/lib64/libexpat.a.txt
Notice file: external/expat/NOTICE -- /root/worspace/aosip/out/host/windows-x86/obj/NOTICE_FILES/src//lib64/libexpat.a.txt
[  3% 1405/46492] build /root/worspace/aosip/out/host/windows-x86/obj/NOTICE_FILES/src/lib/libexpat.a.txt
Notice file: external/expat/NOTICE -- /root/worspace/aosip/out/host/windows-x86/obj/NOTICE_FILES/src//lib/libexpat.a.txt
[  3% 1406/46492] build /root/worspace/aosip/out/host/linux-x86/obj/NOTICE_FILES/src/lib/libexpat.a.txt
Notice file: external/expat/NOTICE -- /root/worspace/aosip/out/host/linux-x86/obj/NOTICE_FILES/src//lib/libexpat.a.txt
[  3% 1407/46492] build /root/worspace/aosip/out/host/linux-x86/obj/NOTICE_FILES/src/lib64/libexpat.a.txt
Notice file: external/expat/NOTICE -- /root/worspace/aosip/out/host/linux-x86/obj/NOTICE_FILES/src//lib64/libexpat.a.txt
[  3% 1408/46492] build /root/worspace/aosip/out/host/windows-x86/obj/NOTICE_FILES/src/lib64/libandroidfw.a.txt
Notice file: frameworks/base/libs/androidfw/NOTICE -- /root/worspace/aosip/out/host/windows-x86/obj/NOTICE_FILES/src//lib64/libandroidfw.a.txt
[  3% 1409/46492] build /root/worspace/aosip/out/host/windows-x86/obj/NOTICE_FILES/src/lib/libandroidfw.a.txt
Notice file: frameworks/base/libs/androidfw/NOTICE -- /root/worspace/aosip/out/host/windows-x86/obj/NOTICE_FILES/src//lib/libandroidfw.a.txt
[  3% 1410/46492] build /root/worspace/aosip/out/host/linux-x86/obj/NOTICE_FILES/src/lib/libandroidfw.a.txt
Notice file: frameworks/base/libs/androidfw/NOTICE -- /root/worspace/aosip/out/host/linux-x86/obj/NOTICE_FILES/src//lib/libandroidfw.a.txt
[  3% 1411/46492] build /root/worspace/aosip/out/host/linux-x86/obj/NOTICE_FILES/src/lib64/libandroidfw.a.txt
Notice file: frameworks/base/libs/androidfw/NOTICE -- /root/worspace/aosip/out/host/linux-x86/obj/NOTICE_FILES/src//lib64/libandroidfw.a.txt
[  3% 1412/46492] build /root/worspace/aosip/out/host/windows-x86/obj/NOTICE_FILES/src/lib64/libaapt.a.txt
Notice file: frameworks/base/tools/aapt/NOTICE -- /root/worspace/aosip/out/host/windows-x86/obj/NOTICE_FILES/src//lib64/libaapt.a.txt
[  3% 1413/46492] build /root/worspace/aosip/out/host/windows-x86/obj/NOTICE_FILES/src/lib/libaapt.a.txt
Notice file: frameworks/base/tools/aapt/NOTICE -- /root/worspace/aosip/out/host/windows-x86/obj/NOTICE_FILES/src//lib/libaapt.a.txt
[  3% 1414/46492] build /root/worspace/aosip/out/host/linux-x86/obj/NOTICE_FILES/src/lib/libaapt.a.txt
Notice file: frameworks/base/tools/aapt/NOTICE -- /root/worspace/aosip/out/host/linux-x86/obj/NOTICE_FILES/src//lib/libaapt.a.txt
[  3% 1415/46492] build /root/worspace/aosip/out/host/linux-x86/obj/NOTICE_FILES/src/lib64/libaapt.a.txt
Notice file: frameworks/base/tools/aapt/NOTICE -- /root/worspace/aosip/out/host/linux-x86/obj/NOTICE_FILES/src//lib64/libaapt.a.txt
[  3% 1416/46492] build /root/worspace/aosip/out/host/linux-x86/obj/NOTICE_FILES/src/bin/aapt.txt
Notice file: frameworks/base/tools/aapt/NOTICE -- /root/worspace/aosip/out/host/linux-x86/obj/NOTICE_FILES/src//bin/aapt.txt
[  3% 1417/46492] build /root/worspace/aosip/out/host/linux-x86/obj/EXECUTABLES/aapt_intermediates/export_includes
Export includes file: -- /root/worspace/aosip/out/host/linux-x86/obj/EXECUTABLES/aapt_intermediates/export_includes
[  3% 1418/46492] build /root/worspace/aosip/out/host/linux-x86/obj/STATIC_LIBRARIES/libziparchive-host_intermediates/zip_writer.o
host C++: libziparchive-host <= system/core/libziparchive/zip_writer.cc
[  3% 1419/46492] build /root/worspace/aosip/out/host/linux-x86/obj/STATIC_LIBRARIES/libziparchive-host_intermediates/zip_archive_stream_entry.o
host C++: libziparchive-host <= system/core/libziparchive/zip_archive_stream_entry.cc
[  3% 1420/46492] build /root/worspace/aosip/out/host/linux-x86/obj/STATIC_LIBRARIES/libziparchive-host_intermediates/zip_archive.o
host C++: libziparchive-host <= system/core/libziparchive/zip_archive.cc
[  3% 1421/46492] build /root/worspace/aosip/out/host/linux-x86/obj/STATIC_LIBRARIES/libziparchive-host_intermediates/libziparchive-host.a
host StaticLib: libziparchive-host (/root/worspace/aosip/out/host/linux-x86/obj/STATIC_LIBRARIES/libziparchive-host_intermediates/libziparchive-host.a)
[  3% 1422/46492] build /root/worspace/aosip/out/host/linux-x86/obj/STATIC_LIBRARIES/libexpat_intermediates/lib/xmltok.o
host C: libexpat <= external/expat/lib/xmltok.c
[  3% 1423/46492] build /root/worspace/aosip/out/host/linux-x86/obj/STATIC_LIBRARIES/libexpat_intermediates/lib/xmlrole.o
host C: libexpat <= external/expat/lib/xmlrole.c
[  3% 1424/46492] build /root/worspace/aosip/out/host/linux-x86/obj/STATIC_LIBRARIES/libandroidfw_intermediates/StreamingZipInflater.o
host C++: libandroidfw <= frameworks/base/libs/androidfw/StreamingZipInflater.cpp
[  3% 1425/46492] build /root/worspace/aosip/out/host/linux-x86/obj/STATIC_LIBRARIES/libandroidfw_intermediates/libandroidfw.a
host StaticLib: libandroidfw (/root/worspace/aosip/out/host/linux-x86/obj/STATIC_LIBRARIES/libandroidfw_intermediates/libandroidfw.a)
[  3% 1426/46492] build /root/worspace/aosip/out/host/linux-x86/obj/STATIC_LIBRARIES/libexpat_intermediates/lib/xmlparse.o
host C: libexpat <= external/expat/lib/xmlparse.c
[  3% 1427/46492] build /root/worspace/aosip/out/host/linux-x86/obj/STATIC_LIBRARIES/libexpat_intermediates/libexpat.a
host StaticLib: libexpat (/root/worspace/aosip/out/host/linux-x86/obj/STATIC_LIBRARIES/libexpat_intermediates/libexpat.a)
[  3% 1428/46492] build /root/worspace/aosip/out/host/linux-x86/obj/STATIC_LIBRARIES/libpng_intermediates/contrib/intel/filter_sse2_intrinsics.o
host C: libpng <= external/libpng/contrib/intel/filter_sse2_intrinsics.c
[  3% 1429/46492] build /root/worspace/aosip/out/host/linux-x86/obj/STATIC_LIBRARIES/libpng_intermediates/contrib/intel/intel_init.o
host C: libpng <= external/libpng/contrib/intel/intel_init.c
[  3% 1430/46492] build /root/worspace/aosip/out/host/linux-x86/obj/STATIC_LIBRARIES/libpng_intermediates/pngwutil.o
host C: libpng <= external/libpng/pngwutil.c
[  3% 1431/46492] build /root/worspace/aosip/out/host/linux-x86/obj/STATIC_LIBRARIES/libpng_intermediates/pngwtran.o
host C: libpng <= external/libpng/pngwtran.c
[  3% 1432/46492] build /root/worspace/aosip/out/host/linux-x86/obj/STATIC_LIBRARIES/libpng_intermediates/pngwrite.o
host C: libpng <= external/libpng/pngwrite.c
[  3% 1433/46492] build /root/worspace/aosip/out/host/linux-x86/obj/STATIC_LIBRARIES/libpng_intermediates/pngwio.o
host C: libpng <= external/libpng/pngwio.c
[  3% 1434/46492] build /root/worspace/aosip/out/host/linux-x86/obj/STATIC_LIBRARIES/libpng_intermediates/pngtrans.o
host C: libpng <= external/libpng/pngtrans.c
[  3% 1435/46492] build /root/worspace/aosip/out/host/linux-x86/obj/STATIC_LIBRARIES/libpng_intermediates/pngset.o
host C: libpng <= external/libpng/pngset.c
[  3% 1436/46492] build /root/worspace/aosip/out/host/linux-x86/obj/STATIC_LIBRARIES/libpng_intermediates/pngrutil.o
host C: libpng <= external/libpng/pngrutil.c
[  3% 1437/46492] build /root/worspace/aosip/out/host/linux-x86/obj/STATIC_LIBRARIES/libpng_intermediates/pngrtran.o
host C: libpng <= external/libpng/pngrtran.c
[  3% 1438/46492] build /root/worspace/aosip/out/host/linux-x86/obj/STATIC_LIBRARIES/libpng_intermediates/pngrio.o
host C: libpng <= external/libpng/pngrio.c
[  3% 1439/46492] build /root/worspace/aosip/out/host/linux-x86/obj/STATIC_LIBRARIES/libpng_intermediates/pngread.o
host C: libpng <= external/libpng/pngread.c
[  3% 1440/46492] build /root/worspace/aosip/out/host/linux-x86/obj/STATIC_LIBRARIES/libpng_intermediates/pngpread.o
host C: libpng <= external/libpng/pngpread.c
[  3% 1441/46492] build /root/worspace/aosip/out/host/linux-x86/obj/STATIC_LIBRARIES/libpng_intermediates/pngmem.o
host C: libpng <= external/libpng/pngmem.c
[  3% 1442/46492] build /root/worspace/aosip/out/host/linux-x86/obj/STATIC_LIBRARIES/libpng_intermediates/pngget.o
host C: libpng <= external/libpng/pngget.c
[  3% 1443/46492] build /root/worspace/aosip/out/host/linux-x86/obj/STATIC_LIBRARIES/libpng_intermediates/libpng.a
host StaticLib: libpng (/root/worspace/aosip/out/host/linux-x86/obj/STATIC_LIBRARIES/libpng_intermediates/libpng.a)
[  3% 1444/46492] build /root/worspace/aosip/out/host/linux-x86/obj/EXECUTABLES/aapt_intermediates/aapt
host Executable: aapt (/root/worspace/aosip/out/host/linux-x86/obj/EXECUTABLES/aapt_intermediates/aapt)
[  3% 1445/46492] build /root/worspace/aosip/out/host/linux-x86/bin/aapt
Install: /root/worspace/aosip/out/host/linux-x86/bin/aapt
[  3% 1446/46492] build /root/worspace/aosip/out/target/common/obj/APPS/framework-res_intermediates/package-export.apk
target Export Resources: framework-res (/root/worspace/aosip/out/target/common/obj/APPS/framework-res_intermediates/package-export.apk)
warning: string 'candidates_style' has no default translation.
warning: string 'gsm_alphabet_default_charset' has no default translation.
warning: string 'wfcSpnFormat' has no default translation.
[  3% 1447/46492] build /root/worspace/aosip/out/target/common/obj/APPS/framework-res_intermediates/src/R.stamp
target R.java/Manifest.java: framework-res (/root/worspace/aosip/out/target/common/obj/APPS/framework-res_intermediates/src/R.stamp)
warning: string 'candidates_style' has no default translation.
warning: string 'gsm_alphabet_default_charset' has no default translation.
warning: string 'wfcSpnFormat' has no default translation.
[  3% 1448/46492] build /root/worspace/aosip/out/target/common/obj/JAVA_LIBRARIES/framework_intermediates/classes-full-debug.jar
target Java: framework (/root/worspace/aosip/out/target/common/obj/JAVA_LIBRARIES/framework_intermediates/classes)
Note: Some input files use or override a deprecated API.
Note: Recompile with -Xlint:deprecation for details.
Note: Some input files use unchecked or unsafe operations.
Note: Recompile with -Xlint:unchecked for details.
Deleting @IntDef and @StringDef annotation class files
Deleting /root/worspace/aosip/out/target/common/obj/JAVA_LIBRARIES/framework_intermediates/classes/com/android/internal/widget/LockPatternUtils$StrongAuthTracker$StrongAuthFlags.class
Deleting /root/worspace/aosip/out/target/common/obj/JAVA_LIBRARIES/framework_intermediates/classes/com/android/internal/app/NightDisplayController$AutoMode.class
Deleting /root/worspace/aosip/out/target/common/obj/JAVA_LIBRARIES/framework_intermediates/classes/com/android/internal/view/InputMethodClient$StartInputReason.class
Deleting /root/worspace/aosip/out/target/common/obj/JAVA_LIBRARIES/framework_intermediates/classes/com/android/internal/view/InputMethodClient$UnbindReason.class
Deleting /root/worspace/aosip/out/target/common/obj/JAVA_LIBRARIES/framework_intermediates/classes/com/android/internal/view/menu/CascadingMenuPopup$HorizPosition.class
Deleting /root/worspace/aosip/out/target/common/obj/JAVA_LIBRARIES/framework_intermediates/classes/android/accessibilityservice/AccessibilityService$SoftKeyboardShowMode.class
Deleting /root/worspace/aosip/out/target/common/obj/JAVA_LIBRARIES/framework_intermediates/classes/android/widget/Editor$HandleType.class
Deleting /root/worspace/aosip/out/target/common/obj/JAVA_LIBRARIES/framework_intermediates/classes/android/widget/GridLayout$Orientation.class
Deleting /root/worspace/aosip/out/target/common/obj/JAVA_LIBRARIES/framework_intermediates/classes/android/widget/NumberPicker$OnScrollListener$ScrollState.class
Deleting /root/worspace/aosip/out/target/common/obj/JAVA_LIBRARIES/framework_intermediates/classes/android/widget/Toast$Duration.class
Deleting /root/worspace/aosip/out/target/common/obj/JAVA_LIBRARIES/framework_intermediates/classes/android/widget/LinearLayout$OrientationMode.class
Deleting /root/worspace/aosip/out/target/common/obj/JAVA_LIBRARIES/framework_intermediates/classes/android/widget/TimePicker$TimePickerMode.class
Deleting /root/worspace/aosip/out/target/common/obj/JAVA_LIBRARIES/framework_intermediates/classes/android/widget/GridLayout$AlignmentMode.class
Deleting /root/worspace/aosip/out/target/common/obj/JAVA_LIBRARIES/framework_intermediates/classes/android/widget/RadialTimePickerView$PickerType.class
Deleting /root/worspace/aosip/out/target/common/obj/JAVA_LIBRARIES/framework_intermediates/classes/android/widget/DatePicker$DatePickerMode.class
Deleting /root/worspace/aosip/out/target/common/obj/JAVA_LIBRARIES/framework_intermediates/classes/android/widget/GridView$StretchMode.class
Deleting /root/worspace/aosip/out/target/common/obj/JAVA_LIBRARIES/framework_intermediates/classes/android/widget/LinearLayout$DividerMode.class
Deleting /root/worspace/aosip/out/target/common/obj/JAVA_LIBRARIES/framework_intermediates/classes/android/animation/ValueAnimator$RepeatMode.class
Deleting /root/worspace/aosip/out/target/common/obj/JAVA_LIBRARIES/framework_intermediates/classes/android/webkit/WebSettings$MenuItemFlags.class
Deleting /root/worspace/aosip/out/target/common/obj/JAVA_LIBRARIES/framework_intermediates/classes/android/webkit/WebSettings$CacheMode.class
Deleting /root/worspace/aosip/out/target/common/obj/JAVA_LIBRARIES/framework_intermediates/classes/android/location/GnssNavigationMessage$Callback$GnssNavigationMessageStatus.class
Deleting /root/worspace/aosip/out/target/common/obj/JAVA_LIBRARIES/framework_intermediates/classes/android/location/GnssNavigationMessage$GnssNavigationMessageType.class
Deleting /root/worspace/aosip/out/target/common/obj/JAVA_LIBRARIES/framework_intermediates/classes/android/location/GnssNavigationMessageEvent$GnssNavigationMessageStatus.class
Deleting /root/worspace/aosip/out/target/common/obj/JAVA_LIBRARIES/framework_intermediates/classes/android/location/GnssMeasurement$MultipathIndicator.class
Deleting /root/worspace/aosip/out/target/common/obj/JAVA_LIBRARIES/framework_intermediates/classes/android/location/GnssStatus$ConstellationType.class
Deleting /root/worspace/aosip/out/target/common/obj/JAVA_LIBRARIES/framework_intermediates/classes/android/location/GnssMeasurementsEvent$Callback$GnssMeasurementsStatus.class
Deleting /root/worspace/aosip/out/target/common/obj/JAVA_LIBRARIES/framework_intermediates/classes/android/transition/Slide$GravityFlag.class
Deleting /root/worspace/aosip/out/target/common/obj/JAVA_LIBRARIES/framework_intermediates/classes/android/transition/Visibility$VisibilityMode.class
Deleting /root/worspace/aosip/out/target/common/obj/JAVA_LIBRARIES/framework_intermediates/classes/android/media/AudioTrack$TransferMode.class
Deleting /root/worspace/aosip/out/target/common/obj/JAVA_LIBRARIES/framework_intermediates/classes/android/media/MediaCodec$CodecException$ReasonCode.class
Deleting /root/worspace/aosip/out/target/common/obj/JAVA_LIBRARIES/framework_intermediates/classes/android/media/MediaCodec$CryptoException$CryptoErrorCode.class
Deleting /root/worspace/aosip/out/target/common/obj/JAVA_LIBRARIES/framework_intermediates/classes/android/media/MediaDrm$StringProperty.class
Deleting /root/worspace/aosip/out/target/common/obj/JAVA_LIBRARIES/framework_intermediates/classes/android/media/MediaCodec$VideoScalingMode.class
Deleting /root/worspace/aosip/out/target/common/obj/JAVA_LIBRARIES/framework_intermediates/classes/android/media/AudioRecordingConfiguration$AudioSource.class
Deleting /root/worspace/aosip/out/target/common/obj/JAVA_LIBRARIES/framework_intermediates/classes/android/media/session/PlaybackState$Actions.class
Deleting /root/worspace/aosip/out/target/common/obj/JAVA_LIBRARIES/framework_intermediates/classes/android/media/session/PlaybackState$State.class
Deleting /root/worspace/aosip/out/target/common/obj/JAVA_LIBRARIES/framework_intermediates/classes/android/media/session/MediaSession$SessionFlags.class
Deleting /root/worspace/aosip/out/target/common/obj/JAVA_LIBRARIES/framework_intermediates/classes/android/media/SyncParams$AudioAdjustMode.class
Deleting /root/worspace/aosip/out/target/common/obj/JAVA_LIBRARIES/framework_intermediates/classes/android/media/SyncParams$SyncSource.class
Deleting /root/worspace/aosip/out/target/common/obj/JAVA_LIBRARIES/framework_intermediates/classes/android/media/MediaCodec$OutputBufferInfo.class
Deleting /root/worspace/aosip/out/target/common/obj/JAVA_LIBRARIES/framework_intermediates/classes/android/media/PlaybackParams$AudioFallbackMode.class
Deleting /root/worspace/aosip/out/target/common/obj/JAVA_LIBRARIES/framework_intermediates/classes/android/media/MediaCodec$BufferFlag.class
Deleting /root/worspace/aosip/out/target/common/obj/JAVA_LIBRARIES/framework_intermediates/classes/android/media/VolumeProvider$ControlType.class
Deleting /root/worspace/aosip/out/target/common/obj/JAVA_LIBRARIES/framework_intermediates/classes/android/media/AudioAttributes$AttributeContentType.class
Deleting /root/worspace/aosip/out/target/common/obj/JAVA_LIBRARIES/framework_intermediates/classes/android/media/MediaExtractor$SeekMode.class
Deleting /root/worspace/aosip/out/target/common/obj/JAVA_LIBRARIES/framework_intermediates/classes/android/media/browse/MediaBrowser$MediaItem$Flags.class
Deleting /root/worspace/aosip/out/target/common/obj/JAVA_LIBRARIES/framework_intermediates/classes/android/media/MediaFormat$ColorTransfer.class
Deleting /root/worspace/aosip/out/target/common/obj/JAVA_LIBRARIES/framework_intermediates/classes/android/media/MediaMetadata$BitmapKey.class
Deleting /root/worspace/aosip/out/target/common/obj/JAVA_LIBRARIES/framework_intermediates/classes/android/media/AudioAttributes$AttributeUsage.class
Deleting /root/worspace/aosip/out/target/common/obj/JAVA_LIBRARIES/framework_intermediates/classes/android/media/MediaExtractor$SampleFlag.class
Deleting /root/worspace/aosip/out/target/common/obj/JAVA_LIBRARIES/framework_intermediates/classes/android/media/AudioRecord$ReadMode.class
Deleting /root/worspace/aosip/out/target/common/obj/JAVA_LIBRARIES/framework_intermediates/classes/android/media/PlaybackParams$AudioStretchMode.class
Deleting /root/worspace/aosip/out/target/common/obj/JAVA_LIBRARIES/framework_intermediates/classes/android/media/MediaRouter$RouteInfo$PlaybackType.class
Deleting /root/worspace/aosip/out/target/common/obj/JAVA_LIBRARIES/framework_intermediates/classes/android/media/AudioTrack$WriteMode.class
Deleting /root/worspace/aosip/out/target/common/obj/JAVA_LIBRARIES/framework_intermediates/classes/android/media/audiopolicy/AudioPolicy$PolicyStatus.class
Deleting /root/worspace/aosip/out/target/common/obj/JAVA_LIBRARIES/framework_intermediates/classes/android/media/audiopolicy/AudioMix$RouteFlags.class
Deleting /root/worspace/aosip/out/target/common/obj/JAVA_LIBRARIES/framework_intermediates/classes/android/media/MediaMetadata$TextKey.class
Deleting /root/worspace/aosip/out/target/common/obj/JAVA_LIBRARIES/framework_intermediates/classes/android/media/MediaDrm$ArrayProperty.class
Deleting /root/worspace/aosip/out/target/common/obj/JAVA_LIBRARIES/framework_intermediates/classes/android/media/AudioTimestamp$Timebase.class
Deleting /root/worspace/aosip/out/target/common/obj/JAVA_LIBRARIES/framework_intermediates/classes/android/media/MediaFormat$ColorStandard.class
Deleting /root/worspace/aosip/out/target/common/obj/JAVA_LIBRARIES/framework_intermediates/classes/android/media/MediaMuxer$Format.class
Deleting /root/worspace/aosip/out/target/common/obj/JAVA_LIBRARIES/framework_intermediates/classes/android/media/MediaRouter$RouteInfo$PlaybackVolume.class
Deleting /root/worspace/aosip/out/target/common/obj/JAVA_LIBRARIES/framework_intermediates/classes/android/media/Rating$StarStyle.class
Deleting /root/worspace/aosip/out/target/common/obj/JAVA_LIBRARIES/framework_intermediates/classes/android/media/MediaCodec$ConfigureFlag.class
Deleting /root/worspace/aosip/out/target/common/obj/JAVA_LIBRARIES/framework_intermediates/classes/android/media/MediaDrm$KeyRequest$RequestType.class
Deleting /root/worspace/aosip/out/target/common/obj/JAVA_LIBRARIES/framework_intermediates/classes/android/media/MediaMetadata$RatingKey.class
Deleting /root/worspace/aosip/out/target/common/obj/JAVA_LIBRARIES/framework_intermediates/classes/android/media/MediaRouter$RouteInfo$DeviceType.class
Deleting /root/worspace/aosip/out/target/common/obj/JAVA_LIBRARIES/framework_intermediates/classes/android/media/MediaDrm$DrmEvent.class
Deleting /root/worspace/aosip/out/target/common/obj/JAVA_LIBRARIES/framework_intermediates/classes/android/media/MediaFormat$ColorRange.class
Deleting /root/worspace/aosip/out/target/common/obj/JAVA_LIBRARIES/framework_intermediates/classes/android/media/MediaMetadata$LongKey.class
Deleting /root/worspace/aosip/out/target/common/obj/JAVA_LIBRARIES/framework_intermediates/classes/android/media/Rating$Style.class
Deleting /root/worspace/aosip/out/target/common/obj/JAVA_LIBRARIES/framework_intermediates/classes/android/media/MediaDrm$KeyType.class
Deleting /root/worspace/aosip/out/target/common/obj/JAVA_LIBRARIES/framework_intermediates/classes/android/media/MediaDrm$KeyStatus$KeyStatusCode.class
Deleting /root/worspace/aosip/out/target/common/obj/JAVA_LIBRARIES/framework_intermediates/classes/android/media/AudioFormat$Encoding.class
Deleting /root/worspace/aosip/out/target/common/obj/JAVA_LIBRARIES/framework_intermediates/classes/android/media/tv/TvInputManager$InputState.class
Deleting /root/worspace/aosip/out/target/common/obj/JAVA_LIBRARIES/framework_intermediates/classes/android/media/tv/TvInputManager$TimeShiftStatus.class
Deleting /root/worspace/aosip/out/target/common/obj/JAVA_LIBRARIES/framework_intermediates/classes/android/media/tv/TvInputInfo$Type.class
Deleting /root/worspace/aosip/out/target/common/obj/JAVA_LIBRARIES/framework_intermediates/classes/android/media/tv/TvTrackInfo$Type.class
Deleting /root/worspace/aosip/out/target/common/obj/JAVA_LIBRARIES/framework_intermediates/classes/android/media/tv/TvInputManager$VideoUnavailableReason.class
Deleting /root/worspace/aosip/out/target/common/obj/JAVA_LIBRARIES/framework_intermediates/classes/android/media/tv/TvInputManager$RecordingError.class
Deleting /root/worspace/aosip/out/target/common/obj/JAVA_LIBRARIES/framework_intermediates/classes/android/media/soundtrigger/SoundTriggerDetector$RecognitionFlags.class
Deleting /root/worspace/aosip/out/target/common/obj/JAVA_LIBRARIES/framework_intermediates/classes/android/media/MediaPlayer$PlaybackRateAudioMode.class
Deleting /root/worspace/aosip/out/target/common/obj/JAVA_LIBRARIES/framework_intermediates/classes/android/media/MediaDrm$CertificateType.class
Deleting /root/worspace/aosip/out/target/common/obj/JAVA_LIBRARIES/framework_intermediates/classes/android/media/audiofx/Virtualizer$ForceVirtualizationMode.class
Deleting /root/worspace/aosip/out/target/common/obj/JAVA_LIBRARIES/framework_intermediates/classes/android/media/audiofx/Virtualizer$VirtualizationMode.class
Deleting /root/worspace/aosip/out/target/common/obj/JAVA_LIBRARIES/framework_intermediates/classes/android/os/HardwarePropertiesManager$TemperatureSource.class
Deleting /root/worspace/aosip/out/target/common/obj/JAVA_LIBRARIES/framework_intermediates/classes/android/os/MessageQueue$OnFileDescriptorEventListener$Events.class
Deleting /root/worspace/aosip/out/target/common/obj/JAVA_LIBRARIES/framework_intermediates/classes/android/os/UserManager$UserRestrictionSource.class
Deleting /root/worspace/aosip/out/target/common/obj/JAVA_LIBRARIES/framework_intermediates/classes/android/os/HardwarePropertiesManager$DeviceTemperatureType.class
Deleting /root/worspace/aosip/out/target/common/obj/JAVA_LIBRARIES/framework_intermediates/classes/android/telecom/VideoProfile$VideoQuality.class
Deleting /root/worspace/aosip/out/target/common/obj/JAVA_LIBRARIES/framework_intermediates/classes/android/telecom/VideoProfile$VideoState.class
Deleting /root/worspace/aosip/out/target/common/obj/JAVA_LIBRARIES/framework_intermediates/classes/android/bluetooth/BluetoothAdapter$ScanMode.class
Deleting /root/worspace/aosip/out/target/common/obj/JAVA_LIBRARIES/framework_intermediates/classes/android/bluetooth/BluetoothAdapter$AdapterState.class
Deleting /root/worspace/aosip/out/target/common/obj/JAVA_LIBRARIES/framework_intermediates/classes/android/security/keystore/KeyProperties$OriginEnum.class
Deleting /root/worspace/aosip/out/target/common/obj/JAVA_LIBRARIES/framework_intermediates/classes/android/security/keystore/KeyProperties$BlockModeEnum.class
Deleting /root/worspace/aosip/out/target/common/obj/JAVA_LIBRARIES/framework_intermediates/classes/android/security/keystore/KeyProperties$PurposeEnum.class
Deleting /root/worspace/aosip/out/target/common/obj/JAVA_LIBRARIES/framework_intermediates/classes/android/security/keystore/KeyProperties$EncryptionPaddingEnum.class
Deleting /root/worspace/aosip/out/target/common/obj/JAVA_LIBRARIES/framework_intermediates/classes/android/security/keystore/KeyProperties$KeyAlgorithmEnum.class
Deleting /root/worspace/aosip/out/target/common/obj/JAVA_LIBRARIES/framework_intermediates/classes/android/security/keystore/KeyProperties$SignaturePaddingEnum.class
Deleting /root/worspace/aosip/out/target/common/obj/JAVA_LIBRARIES/framework_intermediates/classes/android/security/keystore/KeyProperties$DigestEnum.class
Deleting /root/worspace/aosip/out/target/common/obj/JAVA_LIBRARIES/framework_intermediates/classes/android/service/notification/Condition$State.class
Deleting /root/worspace/aosip/out/target/common/obj/JAVA_LIBRARIES/framework_intermediates/classes/android/service/voice/AlwaysOnHotwordDetector$ManageActions.class
Deleting /root/worspace/aosip/out/target/common/obj/JAVA_LIBRARIES/framework_intermediates/classes/android/service/voice/AlwaysOnHotwordDetector$RecognitionModes.class
Deleting /root/worspace/aosip/out/target/common/obj/JAVA_LIBRARIES/framework_intermediates/classes/android/service/voice/AlwaysOnHotwordDetector$RecognitionFlags.class
Deleting /root/worspace/aosip/out/target/common/obj/JAVA_LIBRARIES/framework_intermediates/classes/android/service/media/MediaBrowserService$ResultFlags.class
Deleting /root/worspace/aosip/out/target/common/obj/JAVA_LIBRARIES/framework_intermediates/classes/android/service/trust/TrustAgentService$GrantTrustFlags.class
Deleting /root/worspace/aosip/out/target/common/obj/JAVA_LIBRARIES/framework_intermediates/classes/android/service/persistentdata/PersistentDataBlockManager$FlashLockState.class
Deleting /root/worspace/aosip/out/target/common/obj/JAVA_LIBRARIES/framework_intermediates/classes/android/renderscript/ScriptIntrinsicBLAS$Side.class
Deleting /root/worspace/aosip/out/target/common/obj/JAVA_LIBRARIES/framework_intermediates/classes/android/renderscript/ScriptIntrinsicBLAS$Transpose.class
Deleting /root/worspace/aosip/out/target/common/obj/JAVA_LIBRARIES/framework_intermediates/classes/android/renderscript/ScriptIntrinsicBLAS$Uplo.class
Deleting /root/worspace/aosip/out/target/common/obj/JAVA_LIBRARIES/framework_intermediates/classes/android/renderscript/ScriptIntrinsicBLAS$Diag.class
Deleting /root/worspace/aosip/out/target/common/obj/JAVA_LIBRARIES/framework_intermediates/classes/android/inputmethodservice/InputMethodService$SettingsObserver$ShowImeWithHardKeyboardType.class
Deleting /root/worspace/aosip/out/target/common/obj/JAVA_LIBRARIES/framework_intermediates/classes/android/text/Layout$HyphenationFrequency.class
Deleting /root/worspace/aosip/out/target/common/obj/JAVA_LIBRARIES/framework_intermediates/classes/android/text/Layout$BreakStrategy.class
Deleting /root/worspace/aosip/out/target/common/obj/JAVA_LIBRARIES/framework_intermediates/classes/android/text/util/Linkify$LinkifyMask.class
Deleting /root/worspace/aosip/out/target/common/obj/JAVA_LIBRARIES/framework_intermediates/classes/android/print/PrintAttributes$DuplexMode.class
Deleting /root/worspace/aosip/out/target/common/obj/JAVA_LIBRARIES/framework_intermediates/classes/android/print/PrintDocumentInfo$ContentType.class
Deleting /root/worspace/aosip/out/target/common/obj/JAVA_LIBRARIES/framework_intermediates/classes/android/print/PrintAttributes$ColorMode.class
Deleting /root/worspace/aosip/out/target/common/obj/JAVA_LIBRARIES/framework_intermediates/classes/android/print/PrintJobInfo$State.class
Deleting /root/worspace/aosip/out/target/common/obj/JAVA_LIBRARIES/framework_intermediates/classes/android/print/PrinterInfo$Status.class
Deleting /root/worspace/aosip/out/target/common/obj/JAVA_LIBRARIES/framework_intermediates/classes/android/net/ConnectivityManager$RestrictBackgroundStatus.class
Deleting /root/worspace/aosip/out/target/common/obj/JAVA_LIBRARIES/framework_intermediates/classes/android/net/metrics/NetworkEvent$EventType.class
Deleting /root/worspace/aosip/out/target/common/obj/JAVA_LIBRARIES/framework_intermediates/classes/android/net/metrics/ValidationProbeEvent$ReturnCode.class
Deleting /root/worspace/aosip/out/target/common/obj/JAVA_LIBRARIES/framework_intermediates/classes/android/net/metrics/IpManagerEvent$EventType.class
Deleting /root/worspace/aosip/out/target/common/obj/JAVA_LIBRARIES/framework_intermediates/classes/android/net/metrics/ApfProgramEvent$Flags.class
Deleting /root/worspace/aosip/out/target/common/obj/JAVA_LIBRARIES/framework_intermediates/classes/android/hardware/camera2/CaptureFailure$FailureReason.class
Deleting /root/worspace/aosip/out/target/common/obj/JAVA_LIBRARIES/framework_intermediates/classes/android/hardware/camera2/CameraDevice$RequestTemplate.class
Deleting /root/worspace/aosip/out/target/common/obj/JAVA_LIBRARIES/framework_intermediates/classes/android/hardware/camera2/CameraAccessException$AccessError.class
Deleting /root/worspace/aosip/out/target/common/obj/JAVA_LIBRARIES/framework_intermediates/classes/android/hardware/camera2/CameraDevice$StateCallback$ErrorCode.class
Deleting /root/worspace/aosip/out/target/common/obj/JAVA_LIBRARIES/framework_intermediates/classes/android/hardware/SensorAdditionalInfo$AdditionalInfoType.class
Deleting /root/worspace/aosip/out/target/common/obj/JAVA_LIBRARIES/framework_intermediates/classes/android/hardware/input/InputManager$SwitchState.class
Deleting /root/worspace/aosip/out/target/common/obj/JAVA_LIBRARIES/framework_intermediates/classes/android/speech/tts/TextToSpeech$Error.class
Deleting /root/worspace/aosip/out/target/common/obj/JAVA_LIBRARIES/framework_intermediates/classes/android/speech/tts/SynthesisCallback$SupportedAudioFormat.class
Deleting /root/worspace/aosip/out/target/common/obj/JAVA_LIBRARIES/framework_intermediates/classes/android/content/Context$BindServiceFlags.class
Deleting /root/worspace/aosip/out/target/common/obj/JAVA_LIBRARIES/framework_intermediates/classes/android/content/ContentResolver$NotifyFlags.class
Deleting /root/worspace/aosip/out/target/common/obj/JAVA_LIBRARIES/framework_intermediates/classes/android/content/Context$CreatePackageOptions.class
Deleting /root/worspace/aosip/out/target/common/obj/JAVA_LIBRARIES/framework_intermediates/classes/android/content/res/Configuration$NativeConfig.class
Deleting /root/worspace/aosip/out/target/common/obj/JAVA_LIBRARIES/framework_intermediates/classes/android/content/res/GradientColor$GradientTileMode.class
Deleting /root/worspace/aosip/out/target/common/obj/JAVA_LIBRARIES/framework_intermediates/classes/android/content/pm/ActivityInfo$Config.class
Deleting /root/worspace/aosip/out/target/common/obj/JAVA_LIBRARIES/framework_intermediates/classes/android/content/pm/PackageManager$PermissionInfoFlags.class
Deleting /root/worspace/aosip/out/target/common/obj/JAVA_LIBRARIES/framework_intermediates/classes/android/content/pm/PackageManager$ApplicationInfoFlags.class
Deleting /root/worspace/aosip/out/target/common/obj/JAVA_LIBRARIES/framework_intermediates/classes/android/content/pm/PackageManager$InstrumentationInfoFlags.class
Deleting /root/worspace/aosip/out/target/common/obj/JAVA_LIBRARIES/framework_intermediates/classes/android/content/pm/PackageManager$PackageInfoFlags.class
Deleting /root/worspace/aosip/out/target/common/obj/JAVA_LIBRARIES/framework_intermediates/classes/android/content/pm/LauncherApps$ShortcutQuery$QueryFlags.class
Deleting /root/worspace/aosip/out/target/common/obj/JAVA_LIBRARIES/framework_intermediates/classes/android/content/pm/PackageManager$DeleteFlags.class
Deleting /root/worspace/aosip/out/target/common/obj/JAVA_LIBRARIES/framework_intermediates/classes/android/content/pm/PackageManager$PermissionFlags.class
Deleting /root/worspace/aosip/out/target/common/obj/JAVA_LIBRARIES/framework_intermediates/classes/android/content/pm/PackageManager$InstallFlags.class
Deleting /root/worspace/aosip/out/target/common/obj/JAVA_LIBRARIES/framework_intermediates/classes/android/content/pm/ShortcutInfo$ShortcutFlags.class
Deleting /root/worspace/aosip/out/target/common/obj/JAVA_LIBRARIES/framework_intermediates/classes/android/content/pm/ActivityInfo$ScreenOrientation.class
Deleting /root/worspace/aosip/out/target/common/obj/JAVA_LIBRARIES/framework_intermediates/classes/android/content/pm/PackageManager$PermissionGroupInfoFlags.class
Deleting /root/worspace/aosip/out/target/common/obj/JAVA_LIBRARIES/framework_intermediates/classes/android/content/pm/PackageManager$ComponentInfoFlags.class
Deleting /root/worspace/aosip/out/target/common/obj/JAVA_LIBRARIES/framework_intermediates/classes/android/content/pm/PackageManager$PermissionResult.class
Deleting /root/worspace/aosip/out/target/common/obj/JAVA_LIBRARIES/framework_intermediates/classes/android/content/pm/ShortcutInfo$CloneFlags.class
Deleting /root/worspace/aosip/out/target/common/obj/JAVA_LIBRARIES/framework_intermediates/classes/android/content/pm/PackageManager$ResolveInfoFlags.class
Deleting /root/worspace/aosip/out/target/common/obj/JAVA_LIBRARIES/framework_intermediates/classes/android/content/Intent$AccessUriMode.class
Deleting /root/worspace/aosip/out/target/common/obj/JAVA_LIBRARIES/framework_intermediates/classes/android/content/Context$ServiceName.class
Deleting /root/worspace/aosip/out/target/common/obj/JAVA_LIBRARIES/framework_intermediates/classes/android/content/Intent$GrantUriMode.class
Deleting /root/worspace/aosip/out/target/common/obj/JAVA_LIBRARIES/framework_intermediates/classes/android/content/Intent$FillInFlags.class
Deleting /root/worspace/aosip/out/target/common/obj/JAVA_LIBRARIES/framework_intermediates/classes/android/app/Service$StopForegroundFlags.class
Deleting /root/worspace/aosip/out/target/common/obj/JAVA_LIBRARIES/framework_intermediates/classes/android/app/NotificationManager$InterruptionFilter.class
Deleting /root/worspace/aosip/out/target/common/obj/JAVA_LIBRARIES/framework_intermediates/classes/android/app/ActivityManager$BugreportMode.class
Deleting /root/worspace/aosip/out/target/common/obj/JAVA_LIBRARIES/framework_intermediates/classes/android/app/Service$StartResult.class
Deleting /root/worspace/aosip/out/target/common/obj/JAVA_LIBRARIES/framework_intermediates/classes/android/app/StatusBarManager$Disable2Flags.class
Deleting /root/worspace/aosip/out/target/common/obj/JAVA_LIBRARIES/framework_intermediates/classes/android/app/Notification$Priority.class
Deleting /root/worspace/aosip/out/target/common/obj/JAVA_LIBRARIES/framework_intermediates/classes/android/app/WallpaperManager$SetWallpaperFlags.class
Deleting /root/worspace/aosip/out/target/common/obj/JAVA_LIBRARIES/framework_intermediates/classes/android/app/NotificationManager$Importance.class
Deleting /root/worspace/aosip/out/target/common/obj/JAVA_LIBRARIES/framework_intermediates/classes/android/app/Instrumentation$UiAutomationFlags.class
Deleting /root/worspace/aosip/out/target/common/obj/JAVA_LIBRARIES/framework_intermediates/classes/android/app/ActionBar$DisplayOptions.class
Deleting /root/worspace/aosip/out/target/common/obj/JAVA_LIBRARIES/framework_intermediates/classes/android/app/Activity$DefaultKeyMode.class
Deleting /root/worspace/aosip/out/target/common/obj/JAVA_LIBRARIES/framework_intermediates/classes/android/app/Service$StartArgFlags.class
Deleting /root/worspace/aosip/out/target/common/obj/JAVA_LIBRARIES/framework_intermediates/classes/android/app/PendingIntent$Flags.class
Deleting /root/worspace/aosip/out/target/common/obj/JAVA_LIBRARIES/framework_intermediates/classes/android/app/UiModeManager$NightMode.class
Deleting /root/worspace/aosip/out/target/common/obj/JAVA_LIBRARIES/framework_intermediates/classes/android/app/admin/SecurityLog$SECURITY_LOG_TAG.class
Deleting /root/worspace/aosip/out/target/common/obj/JAVA_LIBRARIES/framework_intermediates/classes/android/app/admin/SystemUpdatePolicy$SystemUpdatePolicyType.class
Deleting /root/worspace/aosip/out/target/common/obj/JAVA_LIBRARIES/framework_intermediates/classes/android/app/admin/DevicePolicyManager$UserProvisioningState.class
Deleting /root/worspace/aosip/out/target/common/obj/JAVA_LIBRARIES/framework_intermediates/classes/android/app/admin/DeviceAdminReceiver$BugreportFailureCode.class
Deleting /root/worspace/aosip/out/target/common/obj/JAVA_LIBRARIES/framework_intermediates/classes/android/app/usage/NetworkStats$Bucket$State.class
Deleting /root/worspace/aosip/out/target/common/obj/JAVA_LIBRARIES/framework_intermediates/classes/android/app/usage/NetworkStats$Bucket$Roaming.class
Deleting /root/worspace/aosip/out/target/common/obj/JAVA_LIBRARIES/framework_intermediates/classes/android/app/FragmentTransaction$Transit.class
Deleting /root/worspace/aosip/out/target/common/obj/JAVA_LIBRARIES/framework_intermediates/classes/android/app/ActionBar$NavigationMode.class
Deleting /root/worspace/aosip/out/target/common/obj/JAVA_LIBRARIES/framework_intermediates/classes/android/view/Display$HdrCapabilities$HdrType.class
Deleting /root/worspace/aosip/out/target/common/obj/JAVA_LIBRARIES/framework_intermediates/classes/android/view/View$ScrollIndicators.class
Deleting /root/worspace/aosip/out/target/common/obj/JAVA_LIBRARIES/framework_intermediates/classes/android/view/View$FocusRealDirection.class
Deleting /root/worspace/aosip/out/target/common/obj/JAVA_LIBRARIES/framework_intermediates/classes/android/view/FrameMetrics$Metric.class
Deleting /root/worspace/aosip/out/target/common/obj/JAVA_LIBRARIES/framework_intermediates/classes/android/view/View$MeasureSpec$MeasureSpecMode.class
Deleting /root/worspace/aosip/out/target/common/obj/JAVA_LIBRARIES/framework_intermediates/classes/android/view/View$FindViewFlags.class
Deleting /root/worspace/aosip/out/target/common/obj/JAVA_LIBRARIES/framework_intermediates/classes/android/view/View$ScrollBarStyle.class
Deleting /root/worspace/aosip/out/target/common/obj/JAVA_LIBRARIES/framework_intermediates/classes/android/view/PixelCopy$CopyResultStatus.class
Deleting /root/worspace/aosip/out/target/common/obj/JAVA_LIBRARIES/framework_intermediates/classes/android/view/View$DrawingCacheQuality.class
Deleting /root/worspace/aosip/out/target/common/obj/JAVA_LIBRARIES/framework_intermediates/classes/android/view/FrameInfo$FrameInfoFlags.class
Deleting /root/worspace/aosip/out/target/common/obj/JAVA_LIBRARIES/framework_intermediates/classes/android/view/View$FocusDirection.class
Deleting /root/worspace/aosip/out/target/common/obj/JAVA_LIBRARIES/framework_intermediates/classes/android/view/WindowManagerPolicy$UserRotationMode.class
Deleting /root/worspace/aosip/out/target/common/obj/JAVA_LIBRARIES/framework_intermediates/classes/android/view/View$Visibility.class
Deleting /root/worspace/aosip/out/target/common/obj/JAVA_LIBRARIES/framework_intermediates/classes/android/view/View$ResolvedLayoutDir.class
Deleting /root/worspace/aosip/out/target/common/obj/JAVA_LIBRARIES/framework_intermediates/classes/android/view/ThreadedRenderer$DumpFlags.class
Deleting /root/worspace/aosip/out/target/common/obj/JAVA_LIBRARIES/framework_intermediates/classes/android/view/Surface$ScalingMode.class
Deleting /root/worspace/aosip/out/target/common/obj/JAVA_LIBRARIES/framework_intermediates/classes/android/view/inputmethod/InputConnectionInspector$MissingMethodFlags.class
Deleting /root/worspace/aosip/out/target/common/obj/JAVA_LIBRARIES/framework_intermediates/classes/android/view/View$LayoutDir.class
Deleting /root/worspace/aosip/out/target/common/obj/JAVA_LIBRARIES/framework_intermediates/classes/android/view/Surface$Rotation.class
Deleting /root/worspace/aosip/out/target/common/obj/JAVA_LIBRARIES/framework_intermediates/classes/android/view/View$TextAlignment.class
Deleting /root/worspace/aosip/out/target/common/obj/JAVA_LIBRARIES/framework_intermediates/classes/android/view/FrameMetrics$Index.class
Deleting /root/worspace/aosip/out/target/common/obj/JAVA_LIBRARIES/framework_intermediates/classes/android/view/View$FocusableMode.class
Deleting /root/worspace/aosip/out/target/common/obj/JAVA_LIBRARIES/framework_intermediates/classes/android/graphics/pdf/PdfRenderer$RenderMode.class
Deleting /root/worspace/aosip/out/target/common/obj/JAVA_LIBRARIES/framework_intermediates/classes/android/graphics/Outline$Mode.class
Deleting /root/worspace/aosip/out/target/common/obj/JAVA_LIBRARIES/framework_intermediates/classes/android/graphics/drawable/GradientDrawable$Shape.class
Deleting /root/worspace/aosip/out/target/common/obj/JAVA_LIBRARIES/framework_intermediates/classes/android/graphics/drawable/GradientDrawable$RadiusType.class
Deleting /root/worspace/aosip/out/target/common/obj/JAVA_LIBRARIES/framework_intermediates/classes/android/graphics/drawable/GradientDrawable$GradientType.class
Deleting /root/worspace/aosip/out/target/common/obj/JAVA_LIBRARIES/framework_intermediates/classes/android/graphics/PixelFormat$Opacity.class
Deleting /root/worspace/aosip/out/target/common/obj/JAVA_LIBRARIES/framework_intermediates/classes/android/graphics/Canvas$Saveflags.class
[  3% 1449/46492] build /root/worspace/aosip/out/target/common/obj/JAVA_LIBRARIES/framework_intermediates/classes-jarjar.jar
Copying: /root/worspace/aosip/out/target/common/obj/JAVA_LIBRARIES/framework_intermediates/classes-jarjar.jar
[  3% 1450/46492] build /root/worspace/aosip/out/target/common/obj/JAVA_LIBRARIES/framework_intermediates/classes.jar
Copying: /root/worspace/aosip/out/target/common/obj/JAVA_LIBRARIES/framework_intermediates/classes.jar
[  3% 1451/46492] build /root/worspace/aosip/out/target/common/obj/JAVA_LIBRARIES/framework_intermediates/classes.jar.toc
Generating TOC: /root/worspace/aosip/out/target/common/obj/JAVA_LIBRARIES/framework_intermediates/classes.jar.toc
[  3% 1452/46492] build /root/worspace/aosip/out/target/common/obj/JAVA_LIBRARIES/ims-common_intermediates/classes-full-debug.jar
target Java: ims-common (/root/worspace/aosip/out/target/common/obj/JAVA_LIBRARIES/ims-common_intermediates/classes)
Note: frameworks/opt/net/ims/src/java/com/android/ims/ImsUt.java uses unchecked or unsafe operations.
Note: Recompile with -Xlint:unchecked for details.
[  3% 1453/46492] build /root/worspace/aosip/out/target/common/obj/JAVA_LIBRARIES/ims-common_intermediates/classes-jarjar.jar
Copying: /root/worspace/aosip/out/target/common/obj/JAVA_LIBRARIES/ims-common_intermediates/classes-jarjar.jar
[  3% 1454/46492] build /root/worspace/aosip/out/target/common/obj/JAVA_LIBRARIES/ims-common_intermediates/classes.jar
Copying: /root/worspace/aosip/out/target/common/obj/JAVA_LIBRARIES/ims-common_intermediates/classes.jar
[  3% 1455/46492] build /root/worspace/aosip/out/target/common/obj/JAVA_LIBRARIES/ims-common_intermediates/classes.jar.toc
Generating TOC: /root/worspace/aosip/out/target/common/obj/JAVA_LIBRARIES/ims-common_intermediates/classes.jar.toc
[  3% 1456/46492] build /root/worspace/aosip/out/target/common/obj/JAVA_LIBRARIES/telephony-ext_intermediates/classes-full-debug.jar
target Java: telephony-ext (/root/worspace/aosip/out/target/common/obj/JAVA_LIBRARIES/telephony-ext_intermediates/classes)
[  3% 1457/46492] build /root/worspace/aosip/out/target/common/obj/JAVA_LIBRARIES/telephony-ext_intermediates/classes-jarjar.jar
Copying: /root/worspace/aosip/out/target/common/obj/JAVA_LIBRARIES/telephony-ext_intermediates/classes-jarjar.jar
[  3% 1458/46492] build /root/worspace/aosip/out/target/common/obj/JAVA_LIBRARIES/telephony-ext_intermediates/classes.jar
Copying: /root/worspace/aosip/out/target/common/obj/JAVA_LIBRARIES/telephony-ext_intermediates/classes.jar
[  3% 1459/46492] build /root/worspace/aosip/out/target/common/obj/JAVA_LIBRARIES/telephony-ext_intermediates/classes.jar.toc
Generating TOC: /root/worspace/aosip/out/target/common/obj/JAVA_LIBRARIES/telephony-ext_intermediates/classes.jar.toc
[  3% 1460/46492] build /root/worspace/aosip/out/target/product/lettuce/system/bin/monkey
target Prebuilt:  (/root/worspace/aosip/out/target/product/lettuce/system/bin/monkey)
[  3% 1461/46492] build /root/worspace/aosip/out/target/product/lettuce/system/usr/share/bmd/RFFstd_501.bmd
target Prebuilt:  (/root/worspace/aosip/out/target/product/lettuce/system/usr/share/bmd/RFFstd_501.bmd)
[  3% 1462/46492] build /root/worspace/aosip/out/target/product/lettuce/system/usr/share/bmd/RFFspeed_501.bmd
target Prebuilt:  (/root/worspace/aosip/out/target/product/lettuce/system/usr/share/bmd/RFFspeed_501.bmd)
[  3% 1463/46492] build /root/worspace/aosip/out/host/linux-x86/gen/SHARED_LIBRARIES/libart_intermediates/jdwp/jdwp_constants_operator_out.cc
target Generated: libart_32 <= art/runtime/jdwp/jdwp_constants.h
[  3% 1464/46492] build /root/worspace/aosip/out/target/product/lettuce/system/bin/pm
target Prebuilt:  (/root/worspace/aosip/out/target/product/lettuce/system/bin/pm)
[  3% 1465/46492] build /root/worspace/aosip/out/target/product/lettuce/system/bin/svc
target Prebuilt:  (/root/worspace/aosip/out/target/product/lettuce/system/bin/svc)
[  3% 1466/46492] build /root/worspace/aosip/out/target/product/lettuce/obj/KERNEL_OBJ/.mkdir_stamp
[  3% 1467/46492] build /root/worspace/aosip/out/target/product/lettuce/obj/KERNEL_OBJ/.additional_config
[  3% 1468/46492] build /root/worspace/aosip/out/target/product/lettuce/obj/KERNEL_OBJ/.config
Building Kernel Config
make: Entering directory '/root/worspace/aosip/kernel/cyanogen/msm8916'
  GEN     /root/worspace/aosip/out/target/product/lettuce/obj/KERNEL_OBJ/Makefile
  HOSTCC  scripts/basic/fixdep
  HOSTCC  scripts/kconfig/conf.o
  SHIPPED scripts/kconfig/zconf.tab.c
  SHIPPED scripts/kconfig/zconf.lex.c
  SHIPPED scripts/kconfig/zconf.hash.c
  HOSTCC  scripts/kconfig/zconf.tab.o
  HOSTLD  scripts/kconfig/conf
#
# configuration written to .config
#
make: Leaving directory '/root/worspace/aosip/kernel/cyanogen/msm8916'
make: Entering directory '/root/worspace/aosip/kernel/cyanogen/msm8916'
  GEN     /root/worspace/aosip/out/target/product/lettuce/obj/KERNEL_OBJ/Makefile
scripts/kconfig/conf --savedefconfig=defconfig Kconfig
make: Leaving directory '/root/worspace/aosip/kernel/cyanogen/msm8916'
[  3% 1469/46492] build /root/worspace/aosip/out/target/product/lettuce/obj/KERNEL_OBJ/.headers_install_stamp
Building Kernel Headers
make: Entering directory '/root/worspace/aosip/kernel/cyanogen/msm8916'
  GEN     /root/worspace/aosip/out/target/product/lettuce/obj/KERNEL_OBJ/Makefile
#
# configuration written to .config
#
make: Leaving directory '/root/worspace/aosip/kernel/cyanogen/msm8916'
make: Entering directory '/root/worspace/aosip/kernel/cyanogen/msm8916'
  CHK     include/generated/uapi/linux/version.h
  UPD     include/generated/uapi/linux/version.h
  WRAP    arch/arm64/include/generated/asm/bugs.h
  WRAP    arch/arm64/include/generated/asm/checksum.h
  WRAP    arch/arm64/include/generated/asm/cputime.h
  WRAP    arch/arm64/include/generated/asm/clkdev.h
  WRAP    arch/arm64/include/generated/asm/current.h
  WRAP    arch/arm64/include/generated/asm/div64.h
  WRAP    arch/arm64/include/generated/asm/dma.h
  WRAP    arch/arm64/include/generated/asm/early_ioremap.h
  WRAP    arch/arm64/include/generated/asm/delay.h
  WRAP    arch/arm64/include/generated/asm/errno.h
  WRAP    arch/arm64/include/generated/asm/ftrace.h
  WRAP    arch/arm64/include/generated/asm/hw_irq.h
  WRAP    arch/arm64/include/generated/asm/ioctls.h
  WRAP    arch/arm64/include/generated/asm/emergency-restart.h
  WRAP    arch/arm64/include/generated/asm/ioctl.h
  WRAP    arch/arm64/include/generated/asm/ipcbuf.h
  WRAP    arch/arm64/include/generated/asm/irq_regs.h
  WRAP    arch/arm64/include/generated/asm/kdebug.h
  WRAP    arch/arm64/include/generated/asm/kmap_types.h
  WRAP    arch/arm64/include/generated/asm/kvm_para.h
  WRAP    arch/arm64/include/generated/asm/local.h
  WRAP    arch/arm64/include/generated/asm/mman.h
  WRAP    arch/arm64/include/generated/asm/local64.h
  WRAP    arch/arm64/include/generated/asm/mutex.h
  WRAP    arch/arm64/include/generated/asm/mcs_spinlock.h
  WRAP    arch/arm64/include/generated/asm/msgbuf.h
  WRAP    arch/arm64/include/generated/asm/poll.h
  WRAP    arch/arm64/include/generated/asm/rwsem.h
  WRAP    arch/arm64/include/generated/asm/pci.h
  WRAP    arch/arm64/include/generated/asm/resource.h
  WRAP    arch/arm64/include/generated/asm/scatterlist.h
  WRAP    arch/arm64/include/generated/asm/segment.h
  WRAP    arch/arm64/include/generated/asm/sections.h
  WRAP    arch/arm64/include/generated/asm/sembuf.h
  WRAP    arch/arm64/include/generated/asm/shmbuf.h
  WRAP    arch/arm64/include/generated/asm/simd.h
  WRAP    arch/arm64/include/generated/asm/sizes.h
  WRAP    arch/arm64/include/generated/asm/serial.h
  WRAP    arch/arm64/include/generated/asm/sockios.h
  WRAP    arch/arm64/include/generated/asm/swab.h
  WRAP    arch/arm64/include/generated/asm/switch_to.h
  WRAP    arch/arm64/include/generated/asm/termbits.h
  WRAP    arch/arm64/include/generated/asm/termios.h
  WRAP    arch/arm64/include/generated/asm/topology.h
  WRAP    arch/arm64/include/generated/asm/trace_clock.h
  WRAP    arch/arm64/include/generated/asm/types.h
  WRAP    arch/arm64/include/generated/asm/socket.h
  WRAP    arch/arm64/include/generated/asm/user.h
  WRAP    arch/arm64/include/generated/asm/unaligned.h
  WRAP    arch/arm64/include/generated/asm/vga.h
  WRAP    arch/arm64/include/generated/asm/xor.h
  WRAP    arch/arm64/include/generated/uapi/asm/kvm_para.h
  HOSTCC  scripts/unifdef
  INSTALL include/asm-generic (35 files)
  INSTALL include/drm (18 files)
  INSTALL include/media (20 files)
  INSTALL include/linux/../../../usr/include/linux/staging/android/uapi (2 files)
  INSTALL include/linux/byteorder (2 files)
  INSTALL include/linux/caif (2 files)
  INSTALL include/linux/can (5 files)
  INSTALL include/linux/dvb (8 files)
  INSTALL include/linux/hdlc (1 file)
  INSTALL include/linux/hsi (1 file)
  INSTALL include/mtd (5 files)
  INSTALL include/linux/isdn (1 file)
  INSTALL include/linux/mmc (3 files)
  INSTALL include/linux/mfd (1 file)
  INSTALL include/linux/mfd/wcd9xxx (3 files)
  INSTALL include/rdma (6 files)
  INSTALL include/scsi/fc (4 files)
  INSTALL include/linux/netfilter/ipset (4 files)
  INSTALL include/linux/netfilter (78 files)
  INSTALL include/linux/netfilter_arp (2 files)
  INSTALL include/scsi/ufs (2 files)
  INSTALL include/sound (18 files)
  INSTALL include/video (5 files)
  INSTALL include/scsi (5 files)
  INSTALL include/linux/netfilter_bridge (18 files)
  INSTALL include/linux/netfilter_ipv4 (11 files)
  INSTALL include/xen (2 files)
  INSTALL include/linux/netfilter_ipv6 (12 files)
  INSTALL include/uapi (0 file)
  INSTALL include/linux/nfsd (5 files)
  INSTALL include/linux/raid (2 files)
  INSTALL include/linux/spi (1 file)
  INSTALL include/linux/sunrpc (1 file)
  INSTALL include/linux/tc_ematch (4 files)
  INSTALL include/linux/tc_act (7 files)
  INSTALL include/linux/usb (13 files)
  INSTALL include/linux/wimax (1 file)
  INSTALL include/linux (448 files)
  INSTALL include/asm (35 files)
make: Leaving directory '/root/worspace/aosip/kernel/cyanogen/msm8916'
[  3% 1470/46492] build TARGET_KERNEL_BINARIES
FAILED: /bin/bash -c "(echo \"Building Kernel\" ) && (make -j4  CFLAGS_MODULE=\"-fno-pic\" -C kernel/cyanogen/msm8916 O=/root/worspace/aosip/out/target/product/lettuce/obj/KERNEL_OBJ ARCH=arm64 CROSS_COMPILE=\" aarch64-linux-androidkernel-\" Image ) && (if grep -q 'CONFIG_OF=y' /root/worspace/aosip/out/target/product/lettuce/obj/KERNEL_OBJ/.config ; 			then 				echo \"Building DTBs\" ; 				make -j4  CFLAGS_MODULE=\"-fno-pic\" -C kernel/cyanogen/msm8916 O=/root/worspace/aosip/out/target/product/lettuce/obj/KERNEL_OBJ ARCH=arm64 CROSS_COMPILE=\" aarch64-linux-androidkernel-\" dtbs ; 			else 				echo \"DTBs not enabled\" ; 			fi ) && (if grep -q 'CONFIG_MODULES=y' /root/worspace/aosip/out/target/product/lettuce/obj/KERNEL_OBJ/.config ; 			then 				echo \"Building Kernel Modules\" ; 				make -j4  CFLAGS_MODULE=\"-fno-pic\" -C kernel/cyanogen/msm8916 O=/root/worspace/aosip/out/target/product/lettuce/obj/KERNEL_OBJ ARCH=arm64 CROSS_COMPILE=\" aarch64-linux-androidkernel-\" modules && 				make -j4  CFLAGS_MODULE=\"-fno-pic\" -C kernel/cyanogen/msm8916 O=/root/worspace/aosip/out/target/product/lettuce/obj/KERNEL_OBJ INSTALL_MOD_PATH=../../system ARCH=arm64 CROSS_COMPILE=\" aarch64-linux-androidkernel-\" modules_install && 				    mdpath=\`find /root/worspace/aosip/out/target/product/lettuce/system/lib/modules -type f -name modules.order\`; if [ \"\$mdpath\" != \"\" ];then mpath=\`dirname \$mdpath\`; ko=\`find \$mpath/kernel -type f -name *.ko\`; for i in \$ko; do aarch64-linux-androidkernel-strip --strip-unneeded \$i; mv \$i /root/worspace/aosip/out/target/product/lettuce/system/lib/modules/; done; fi && 				    mdpath=\`find /root/worspace/aosip/out/target/product/lettuce/system/lib/modules -type f -name modules.order\`; if [ \"\$mdpath\" != \"\" ];then mpath=\`dirname \$mdpath\`; rm -rf \$mpath; fi ; 			else 				echo \"Kernel Modules not enabled\" ; 			fi )"
Building Kernel
make: Entering directory '/root/worspace/aosip/kernel/cyanogen/msm8916'
  GEN     /root/worspace/aosip/out/target/product/lettuce/obj/KERNEL_OBJ/Makefile
scripts/kconfig/conf --silentoldconfig Kconfig
  GEN     /root/worspace/aosip/out/target/product/lettuce/obj/KERNEL_OBJ/Makefile
  CHK     include/generated/uapi/linux/version.h
  HOSTCC  scripts/dtc/checks.o
  CC      scripts/mod/empty.o
  HOSTCC  scripts/selinux/genheaders/genheaders
  HOSTCC  scripts/mod/mk_elfconfig
  CC      scripts/mod/devicetable-offsets.s
  HOSTCC  scripts/selinux/mdp/mdp
  MKELF   scripts/mod/elfconfig.h
  GEN     scripts/mod/devicetable-offsets.h
  HOSTCC  scripts/mod/modpost.o
  HOSTCC  scripts/mod/sumversion.o
  HOSTCC  scripts/dtc/data.o
  SHIPPED scripts/dtc/dtc-lexer.lex.c
  SHIPPED scripts/dtc/dtc-parser.tab.h
  SHIPPED scripts/dtc/dtc-parser.tab.c
  HOSTCC  scripts/dtc/dtc.o
  HOSTCC  scripts/kallsyms
  HOSTCC  scripts/dtc/flattree.o
  HOSTCC  scripts/dtc/fstree.o
  HOSTCC  scripts/bin2c
  HOSTCC  scripts/mod/file2alias.o
  HOSTCC  scripts/dtc/livetree.o
  HOSTCC  scripts/dtc/srcpos.o
  HOSTCC  scripts/sortextable
In file included from /root/worspace/aosip/kernel/cyanogen/msm8916/scripts/sortextable.c:166:0:
/root/worspace/aosip/kernel/cyanogen/msm8916/scripts/sortextable.c: In function ‘main’:
/root/worspace/aosip/kernel/cyanogen/msm8916/scripts/sortextable.h:158:3: warning: ‘relocs_size’ may be used uninitialized in this function [-Wmaybe-uninitialized]
   memset(relocs, 0, relocs_size);
   ^
/root/worspace/aosip/kernel/cyanogen/msm8916/scripts/sortextable.h:104:6: note: ‘relocs_size’ was declared here
  int relocs_size;
      ^
In file included from /root/worspace/aosip/kernel/cyanogen/msm8916/scripts/sortextable.c:164:0:
/root/worspace/aosip/kernel/cyanogen/msm8916/scripts/sortextable.h:158:3: warning: ‘relocs_size’ may be used uninitialized in this function [-Wmaybe-uninitialized]
   memset(relocs, 0, relocs_size);
   ^
/root/worspace/aosip/kernel/cyanogen/msm8916/scripts/sortextable.h:104:6: note: ‘relocs_size’ was declared here
  int relocs_size;
      ^
  HOSTCC  scripts/dtc/treesource.o
  HOSTCC  scripts/dtc/util.o
  HOSTCC  scripts/asn1_compiler
  HOSTLD  scripts/mod/modpost
/root/worspace/aosip/kernel/cyanogen/msm8916/scripts/asn1_compiler.c: In function ‘render_out_of_line_list’:
/root/worspace/aosip/kernel/cyanogen/msm8916/scripts/asn1_compiler.c:1341:3: warning: enumeration value ‘NOT_COMPOUND’ not handled in switch [-Wswitch]
   switch (e->compound) {
   ^
/root/worspace/aosip/kernel/cyanogen/msm8916/scripts/asn1_compiler.c:1341:3: warning: enumeration value ‘CHOICE’ not handled in switch [-Wswitch]
/root/worspace/aosip/kernel/cyanogen/msm8916/scripts/asn1_compiler.c:1341:3: warning: enumeration value ‘ANY’ not handled in switch [-Wswitch]
/root/worspace/aosip/kernel/cyanogen/msm8916/scripts/asn1_compiler.c:1341:3: warning: enumeration value ‘TYPE_REF’ not handled in switch [-Wswitch]
/root/worspace/aosip/kernel/cyanogen/msm8916/scripts/asn1_compiler.c:1341:3: warning: enumeration value ‘TAG_OVERRIDE’ not handled in switch [-Wswitch]
  HOSTCC  scripts/dtc/dtc-lexer.lex.o
  HOSTCC  scripts/dtc/dtc-parser.tab.o
  HOSTLD  scripts/dtc/dtc
  Using /root/worspace/aosip/kernel/cyanogen/msm8916 as source for kernel
  CHK     include/generated/utsrelease.h
  UPD     include/generated/utsrelease.h
  CC      kernel/bounds.s
  GEN     include/generated/bounds.h
  CC      arch/arm64/kernel/asm-offsets.s
  GEN     include/generated/asm-offsets.h
  CALL    /root/worspace/aosip/kernel/cyanogen/msm8916/scripts/checksyscalls.sh
  CC      init/main.o
  CHK     include/generated/compile.h
  CC      init/do_mounts.o
  HOSTCC  usr/gen_init_cpio
  UPD     include/generated/compile.h
  CC      arch/arm64/kernel/swp_emulate.o
  GEN     usr/initramfs_data.cpio
  AS      usr/initramfs_data.o
  LD      usr/built-in.o
  CC      arch/arm64/kernel/pcibios.o
  CC      arch/arm64/mm/dma-mapping.o
  CC      arch/arm64/mm/extable.o
  LDS     arch/arm64/kernel/vdso/vdso.lds
  VDSOA arch/arm64/kernel/vdso/gettimeofday.o
  VDSOA arch/arm64/kernel/vdso/note.o
  CC      init/do_mounts_rd.o
  VDSOA arch/arm64/kernel/vdso/sigreturn.o
  CC      arch/arm64/mm/fault.o
  CC      arch/arm64/crypto/aes-glue-ce.o
  VDSOL arch/arm64/kernel/vdso/vdso.so.dbg
  OBJCOPY arch/arm64/kernel/vdso/vdso.so
  VDSOSYM arch/arm64/kernel/vdso/vdso-offsets.h
  AS      arch/arm64/kernel/vdso/vdso.o
  LD      arch/arm64/kernel/vdso/built-in.o
  AS      arch/arm64/kernel/head.o
  LDS     arch/arm64/kernel/vmlinux.lds
  CC      init/do_mounts_initrd.o
  CC      arch/arm64/kernel/cputable.o
  AS      arch/arm64/crypto/aes-ce.o
  CC      arch/arm64/mm/init.o
  CC      arch/arm64/kernel/debug-monitors.o
  CC      arch/arm64/crypto/aes-ce-ccm-glue.o
  CC      init/initramfs.o
  AS      arch/arm64/mm/cache.o
  CC      arch/arm64/mm/copypage.o
  AS      arch/arm64/kernel/entry.o
  CC      arch/arm64/kernel/irq.o
  AS      arch/arm64/crypto/aes-ce-ccm-core.o
  CC      arch/arm64/crypto/aes-glue-neon.o
  CC      arch/arm64/mm/flush.o
  CC      arch/arm64/kernel/fpsimd.o
  CC      init/calibrate.o
  CC      arch/arm64/mm/ioremap.o
  AS      arch/arm64/crypto/aes-neon.o
  CC      arch/arm64/crypto/ghash-ce-glue.o
  AS      arch/arm64/kernel/entry-fpsimd.o
  CC      init/init_task.o
  CC      arch/arm64/kernel/process.o
  CC      arch/arm64/mm/iomap.o
  AS      arch/arm64/crypto/ghash-ce-core.o
  CC      init/version.o
  CC      arch/arm64/crypto/sha1-ce-glue.o
  CC      arch/arm64/mm/mmap.o
  CC      arch/arm64/kernel/ptrace.o
  LD      init/mounts.o
  LD      init/built-in.o
  CC      arch/arm64/kernel/setup.o
  AS      arch/arm64/crypto/sha1-ce-core.o
  CC      arch/arm64/crypto/sha2-ce-glue.o
  CC      arch/arm64/mm/pgd.o
  CC      arch/arm64/mm/mmu.o
  CC      arch/arm64/mm/context.o
  AS      arch/arm64/crypto/sha2-ce-core.o
  CC      arch/arm64/crypto/aes-ce-cipher.o
  CC      arch/arm64/kernel/signal.o
  CC      arch/arm64/kernel/sys.o
  LD      arch/arm64/crypto/aes-ce-ccm.o
  LD      arch/arm64/crypto/aes-ce-blk.o
  LD      arch/arm64/crypto/aes-neon-blk.o
  LD      arch/arm64/crypto/sha1-ce.o
  LD      arch/arm64/crypto/sha2-ce.o
  LD      arch/arm64/crypto/ghash-ce.o
  LD      arch/arm64/crypto/built-in.o
  CC      arch/arm64/kernel/stacktrace.o
  AS      arch/arm64/mm/proc.o
  CC      arch/arm64/mm/pageattr.o
  CC      arch/arm64/kernel/time.o
  CC      arch/arm64/kernel/traps.o
  CC      kernel/fork.o
  LD      arch/arm64/mm/built-in.o
  CC      kernel/exec_domain.o
  CC      mm/filemap.o
  CC      arch/arm64/kernel/io.o
  CC      arch/arm64/kernel/vdso.o
  CC      kernel/panic.o
  AS      arch/arm64/kernel/hyp-stub.o
  CC      arch/arm64/kernel/psci.o
  CC      kernel/printk.o
  CC      mm/mempool.o
  CC      arch/arm64/kernel/cpu_ops.o
  CC      arch/arm64/kernel/insn.o
  CC      kernel/cpu.o
  CC      mm/oom_kill.o
  CC      arch/arm64/kernel/opcodes.o
  CC      arch/arm64/kernel/return_address.o
  AS      arch/arm64/kernel/sys32.o
  CC      mm/fadvise.o
  AS      arch/arm64/kernel/kuser32.o
  CC      arch/arm64/kernel/signal32.o
  CC      fs/open.o
  CC      mm/maccess.o
  CC      kernel/exit.o
  CC      mm/page_alloc.o
  CC      arch/arm64/kernel/sys_compat.o
  CC      fs/read_write.o
  CC      arch/arm64/kernel/smp.o
  CC      kernel/itimer.o
  HZFILE  kernel/hz.bc
  CC      kernel/softirq.o
  CC      arch/arm64/kernel/smp_spin_table.o
  CC      arch/arm64/kernel/topology.o
  CC      fs/file_table.o
  CC      arch/arm64/kernel/perf_regs.o
  CC      kernel/resource.o
  CC      fs/super.o
  CC      arch/arm64/kernel/perf_event.o
  CC      kernel/sysctl.o
  CC      mm/page-writeback.o
  CC      fs/char_dev.o
  CC      arch/arm64/kernel/perf_debug.o
  CC      arch/arm64/kernel/perf_trace_counters.o
  CC      fs/stat.o
  CC      kernel/sysctl_binary.o
  CC      arch/arm64/kernel/early_printk.o
  CC      fs/exec.o
  CC      mm/readahead.o
  AS      arch/arm64/kernel/sleep.o
  CC      arch/arm64/kernel/suspend.o
  CC      kernel/capability.o
  LD      arch/arm64/kernel/built-in.o
  CC      fs/pipe.o
  CC      kernel/ptrace.o
  CC      mm/swap.o
  CC      mm/truncate.o
  CC      fs/namei.o
  CC      mm/vmscan.o
  CC      kernel/timer.o
  CC      fs/fcntl.o
  CC      mm/shmem.o
  CC      kernel/user.o
  CC      kernel/signal.o
  CC      kernel/sys.o
  CC      mm/util.o
  CC      fs/ioctl.o
  CC      fs/readdir.o
  CC      fs/select.o
  CC      mm/mmzone.o
  LD      ipc/built-in.o
  CC      mm/vmstat.o
  CC      kernel/kmod.o
  CC      fs/dcache.o
  CC      kernel/workqueue.o
  CC      fs/inode.o
  CC      mm/backing-dev.o
  CC      mm/mm_init.o
  CC      kernel/pid.o
  CC      fs/attr.o
  CC      mm/mmu_context.o
  CC      mm/percpu.o
  CC      fs/bad_inode.o
  CC      fs/file.o
  CC      security/keys/gc.o
  CC      kernel/task_work.o
  CC      fs/filesystems.o
  CC      security/keys/key.o
  CC      mm/slab_common.o
  CC      kernel/extable.o
  CC      fs/namespace.o
  CC      mm/compaction.o
  CC      kernel/params.o
  CC      security/keys/keyring.o
  CC      kernel/posix-timers.o
  CC      security/keys/keyctl.o
  CC      mm/balloon_compaction.o
  CC      mm/interval_tree.o
  CC      fs/seq_file.o
  CC      kernel/kthread.o
  CC      security/keys/permission.o
  CC      mm/fremap.o
  CC      fs/xattr.o
  CC      kernel/wait.o
  CC      security/keys/process_keys.o
  CC      mm/highmem.o
  CC      kernel/sys_ni.o
  CC      kernel/posix-cpu-timers.o
  CC      security/keys/request_key.o
  CC      mm/madvise.o
  CC      fs/libfs.o
  CC      security/keys/request_key_auth.o
  CC      mm/memory.o
  CC      kernel/mutex.o
  CC      security/keys/user_defined.o
  CC      fs/fs-writeback.o
  CC      security/keys/proc.o
  CC      kernel/hrtimer.o
  CC      security/keys/sysctl.o
  LD      security/keys/built-in.o
  GEN     security/selinux/flask.h security/selinux/av_permissions.h
  CC      security/selinux/avc.o
  CC      kernel/rwsem.o
  CC      mm/mincore.o
  CC      kernel/nsproxy.o
  CC      security/selinux/hooks.o
  CC      mm/mlock.o
  CC      fs/pnode.o
  CC      kernel/semaphore.o
  CC      kernel/notifier.o
  CC      fs/splice.o
  CC      mm/mmap.o
  CC      kernel/ksysfs.o
  CC      kernel/cred.o
  CC      fs/sync.o
  CC      kernel/async.o
  CC      mm/mprotect.o
  CC      kernel/range.o
  CC      fs/utimes.o
  CC      kernel/groups.o
  CC      fs/stack.o
  CC      mm/mremap.o
  CC      kernel/lglock.o
  CC      fs/fs_struct.o
  CC      security/selinux/selinuxfs.o
  CC      kernel/smpboot.o
  CC      mm/msync.o
  CC      fs/statfs.o
  CC      mm/rmap.o
  CC      kernel/cpu/idle.o
  CC      fs/buffer.o
  LD      kernel/cpu/built-in.o
  CC      kernel/events/core.o
  CC      security/selinux/netlink.o
  CC      mm/vmalloc.o
  CC      security/selinux/nlmsgtab.o
  CC      security/selinux/netif.o
  CC      fs/bio.o
  CC      security/selinux/netnode.o
  CC      mm/pagewalk.o
  CC      security/selinux/netport.o
  CC      mm/pgtable-generic.o
  CC      fs/block_dev.o
  CC      mm/process_vm_access.o
  CC      security/selinux/exports.o
  CC      security/selinux/ss/ebitmap.o
  CC      kernel/events/ring_buffer.o
  CC      mm/showmem.o
  CC      mm/vmpressure.o
  CC      fs/direct-io.o
  CC      kernel/events/callchain.o
  CC      security/selinux/ss/hashtab.o
  CC      security/selinux/ss/symtab.o
  CC      mm/init-mm.o
  LD      kernel/events/built-in.o
  CC      kernel/irq/irqdesc.o
  CC      security/selinux/ss/sidtab.o
  CC      mm/nobootmem.o
  CC      mm/memblock.o
  CC      kernel/irq/handle.o
  CC      security/selinux/ss/avtab.o
  CC      kernel/irq/manage.o
  CC      fs/mpage.o
  CC      mm/bounce.o
  CC      security/selinux/ss/policydb.o
  CC      fs/ioprio.o
  CC      mm/page_io.o
  CC      kernel/irq/spurious.o
  CC      fs/proc_namespace.o
  CC      kernel/irq/resend.o
  CC      mm/swap_state.o
  CC      kernel/irq/chip.o
  CC      fs/configfs/inode.o
  CC      mm/swapfile.o
  CC      fs/configfs/file.o
  CC      kernel/irq/dummychip.o
  CC      kernel/irq/devres.o
  CC      fs/configfs/dir.o
  CC      kernel/irq/autoprobe.o
  CC      security/selinux/ss/services.o
  CC      kernel/irq/irqdomain.o
  CC      mm/dmapool.o
  CC      fs/configfs/symlink.o
  CC      kernel/irq/proc.o
  CC      mm/sparse.o
  CC      fs/configfs/mount.o
  CC      kernel/irq/pm.o
  CC      fs/configfs/item.o
  CC      mm/sparse-vmemmap.o
  LD      kernel/irq/built-in.o
  CC      kernel/power/qos.o
  LD      fs/configfs/configfs.o
  LD      fs/configfs/built-in.o
  CC      security/selinux/ss/conditional.o
  CC      fs/debugfs/inode.o
  CC      mm/slub.o
  CC      kernel/power/main.o
  CC      fs/debugfs/file.o
  CC      security/selinux/ss/mls.o
  CC      kernel/power/process.o
  LD      fs/debugfs/debugfs.o
  LD      fs/debugfs/built-in.o
  CC      fs/devpts/inode.o
  CC      security/selinux/ss/status.o
  CC      kernel/power/suspend.o
  LD      fs/devpts/devpts.o
  LD      fs/devpts/built-in.o
  LD      fs/exofs/built-in.o
  CC      fs/ext4/balloc.o
  CC      mm/migrate.o
  LD      security/selinux/selinux.o
  LD      security/selinux/built-in.o
  CC      security/commoncap.o
  CC      kernel/power/autosleep.o
  CC      kernel/power/wakelock.o
  CC      fs/ext4/bitmap.o
  CC      kernel/power/suspend_time.o
  CC      security/min_addr.o
  CC      mm/page_isolation.o
  CC      kernel/power/poweroff.o
  CC      security/security.o
  CC      fs/ext4/dir.o
  CC      kernel/power/wakeup_reason.o
  CC      mm/zsmalloc.o
  LD      kernel/power/built-in.o
  CC      kernel/rcu/update.o
  CC      fs/ext4/file.o
  CC      kernel/rcu/srcu.o
  CC      security/capability.o
  CC      mm/early_ioremap.o
  CC      fs/ext4/fsync.o
  CC      kernel/rcu/tree.o
  CC      mm/process_reclaim.o
  CC      fs/ext4/ialloc.o
  LD      mm/built-in.o
  CC      kernel/sched/core.o
  CC      security/lsm_audit.o
  LD      security/built-in.o
  CC      fs/ext4/inode.o
  CC      kernel/sched/clock.o
  LD      kernel/rcu/built-in.o
  CC      fs/f2fs/dir.o
  CC      fs/fat/cache.o
  CC      fs/fat/dir.o
  CC      fs/f2fs/file.o
  CC      fs/fat/fatent.o
  CC      fs/fat/file.o
  CC      fs/ext4/page-io.o
  CC      fs/fat/inode.o
  CC      fs/f2fs/inode.o
  CC      fs/ext4/ioctl.o
  CC      fs/ext4/namei.o
  CC      fs/f2fs/namei.o
  CC      fs/fat/misc.o
  CC      kernel/sched/cputime.o
  CC      fs/fat/nfs.o
  CC      kernel/sched/idle_task.o
  CC      fs/f2fs/hash.o
  CC      fs/fat/namei_msdos.o
  CC      kernel/sched/fair.o
  CC      fs/f2fs/super.o
  CC      fs/fat/namei_vfat.o
  CC      fs/ext4/super.o
  LD      fs/fat/fat.o
  LD      fs/fat/vfat.o
  LD      fs/fat/msdos.o
  LD      fs/fat/built-in.o
  CC      fs/ext4/symlink.o
  CC      fs/fuse/dev.o
  CC      fs/f2fs/inline.o
  CC      fs/fuse/dir.o
  CC      kernel/sched/rt.o
  CC      fs/f2fs/checkpoint.o
  CC      fs/fuse/file.o
  CC      kernel/sched/stop_task.o
  CC      fs/f2fs/gc.o
  CC      kernel/sched/sched_avg.o
  CC      fs/fuse/inode.o
  CC      kernel/sched/cpupri.o
  CC      fs/f2fs/data.o
  CC      kernel/sched/stats.o
  CC      fs/ext4/hash.o
  CC      kernel/sched/cpuacct.o
  CC      fs/fuse/control.o
  CC      fs/ext4/resize.o
  LD      kernel/sched/built-in.o
  CC      kernel/time/timekeeping.o
  CC      fs/fuse/shortcircuit.o
  LD      fs/fuse/fuse.o
  LD      fs/fuse/built-in.o
  CC      kernel/time/ntp.o
  CC      crypto/api.o
  CC      kernel/time/clocksource.o
  CC      fs/f2fs/node.o
  CC      fs/ext4/extents.o
  CC      kernel/time/jiffies.o
  CC      crypto/cipher.o
  CC      kernel/time/timer_list.o
  CC      crypto/compress.o
  CC      kernel/time/timeconv.o
  CC      crypto/algapi.o
  CC      kernel/time/posix-clock.o
  CC      kernel/time/alarmtimer.o
  CC      crypto/scatterwalk.o
  CC      fs/ext4/ext4_jbd2.o
  CC      fs/f2fs/segment.o
  CC      kernel/time/clockevents.o
  CC      crypto/proc.o
  CC      kernel/time/tick-common.o
  CC      crypto/ablkcipher.o
  CC      fs/ext4/migrate.o
  CC      kernel/time/tick-broadcast.o
  CC      fs/ext4/mballoc.o
  CC      crypto/blkcipher.o
  CC      kernel/time/tick-broadcast-hrtimer.o
  CC      kernel/time/sched_clock.o
  CC      crypto/ahash.o
  CC      kernel/time/tick-oneshot.o
  CC      kernel/time/tick-sched.o
  CC      fs/f2fs/recovery.o
  CC      crypto/shash.o
  LD      kernel/time/built-in.o
  CC      kernel/trace/trace_clock.o
  CC      fs/f2fs/shrinker.o
  CC      crypto/algboss.o
  CC      kernel/trace/ring_buffer.o
  CC      fs/f2fs/extent_cache.o
  CC      crypto/testmgr.o
  CC      crypto/crypto_wq.o
  CC      fs/ext4/block_validity.o
  CC      fs/f2fs/debug.o
  LD      crypto/crypto_algapi.o
  CC      crypto/aead.o
  CC      fs/ext4/move_extent.o
  CC      fs/f2fs/xattr.o
  CC      kernel/trace/trace.o
  LD      crypto/crypto_blkcipher.o
  CC      crypto/chainiv.o
  CC      crypto/eseqiv.o
  CC      fs/f2fs/acl.o
  CC      fs/ext4/mmp.o
  CC      crypto/seqiv.o
  LD      fs/f2fs/f2fs.o
  LD      fs/f2fs/built-in.o
  CC      fs/ext4/indirect.o
  CC      kernel/freezer.o
  LD      crypto/crypto_hash.o
  CC      crypto/pcompress.o
  CC      fs/ext4/extents_status.o
  LD      crypto/cryptomgr.o
  CC      crypto/hmac.o
  CC      kernel/profile.o
  CC      crypto/xcbc.o
  CC      fs/ext4/xattr.o
  CC      kernel/trace/trace_output.o
  CC      crypto/crypto_null.o
  CC      crypto/md4.o
  CC      kernel/stacktrace.o
  CC      crypto/md5.o
  CC      crypto/sha1_generic.o
  CC      kernel/trace/trace_stat.o
  CC      fs/ext4/xattr_user.o
  CC      fs/ext4/xattr_trusted.o
  CC      crypto/sha256_generic.o
  CC      kernel/trace/trace_printk.o
  CC      kernel/trace/trace_sched_switch.o
  CC      fs/ext4/inline.o
  CC      fs/ext4/acl.o
  CC      kernel/trace/trace_nop.o
  CC      kernel/trace/blktrace.o
  CC      crypto/sha512_generic.o
  CC      crypto/gf128mul.o
  CC      kernel/trace/trace_events.o
  CC      fs/ext4/xattr_security.o
  CC      crypto/ecb.o
  CC      block/elevator.o
  LD      fs/ext4/ext4.o
  LD      fs/ext4/built-in.o
  CC      fs/jbd2/transaction.o
  CC      crypto/cbc.o
  CC      crypto/xts.o
  CC      kernel/trace/trace_export.o
  CC      block/blk-core.o
  CC      crypto/ctr.o
  CC      kernel/trace/trace_event_perf.o
  CC      fs/jbd2/commit.o
  CC      crypto/cryptd.o
  CC      kernel/trace/trace_events_filter.o
  CC      fs/jbd2/recovery.o
  CC      crypto/des_generic.o
  CC      kernel/trace/power-traces.o
  CC      fs/jbd2/checkpoint.o
  CC      crypto/twofish_generic.o
  CC      fs/jbd2/revoke.o
  CC      kernel/trace/rpm-traces.o
  CC      block/blk-tag.o
  CC      crypto/twofish_common.o
  CC      block/blk-sysfs.o
  CC      kernel/trace/ipc_logging.o
  CC      fs/jbd2/journal.o
  CC      block/blk-flush.o
  CC      crypto/aes_generic.o
  CC      kernel/trace/ipc_logging_debug.o
  LD      kernel/trace/built-in.o
  CC      kernel/futex.o
  CC      block/blk-settings.o
  CC      crypto/arc4.o
  CC      block/blk-ioc.o
  CC      crypto/deflate.o
  CC      block/blk-map.o
  LD      fs/jbd2/jbd2.o
  LD      fs/jbd2/built-in.o
  CC      crypto/crc32c.o
  CC      fs/nls/nls_base.o
  CC      kernel/futex_compat.o
  CC      block/blk-exec.o
  CC      crypto/crc32.o
  CC      fs/nls/nls_cp437.o
  CC      kernel/rtmutex.o
  CC      fs/nls/nls_ascii.o
  CC      block/blk-merge.o
  CC      crypto/authenc.o
  CC      fs/nls/nls_iso8859-1.o
  CC      kernel/smp.o
  LD      fs/nls/built-in.o
  CC      fs/notify/fsnotify.o
  CC      block/blk-softirq.o
  CC      crypto/authencesn.o
  CC      fs/notify/notification.o
  CC      kernel/spinlock.o
  CC      block/blk-timeout.o
  CC      kernel/uid16.o
  CC      block/blk-iopoll.o
  CC      fs/notify/group.o
  CC      crypto/rng.o
  CC      fs/notify/inode_mark.o
  CC      block/blk-lib.o
  CC      kernel/kallsyms.o
  CC      crypto/krng.o
  CC      fs/notify/mark.o
  CC      block/ioctl.o
  CC      crypto/ansi_cprng.o
  CC      kernel/compat.o
  CC      fs/notify/vfsmount_mark.o
  CC      block/genhd.o
  CC      crypto/asymmetric_keys/asymmetric_type.o
  CC      fs/notify/fdinfo.o
  CC      crypto/asymmetric_keys/signature.o
  CC      kernel/cgroup.o
  CC      fs/notify/dnotify/dnotify.o
  ASN.1   crypto/asymmetric_keys/x509-asn1.c
Extracted 200 tokens
Extracted 14 types
Extracted 11 actions
Pass 1
Pass 2
  ASN.1   crypto/asymmetric_keys/x509_rsakey-asn1.c
Extracted 16 tokens
Extracted 1 types
Extracted 1 actions
Pass 1
Pass 2
  CC      crypto/asymmetric_keys/x509_public_key.o
  LD      fs/notify/dnotify/built-in.o
  LD      fs/notify/fanotify/built-in.o
  CC      fs/notify/inotify/inotify_fsnotify.o
  CC      crypto/asymmetric_keys/public_key.o
  CC      block/scsi_ioctl.o
  CC      crypto/asymmetric_keys/rsa.o
  CC      fs/notify/inotify/inotify_user.o
  CC      crypto/asymmetric_keys/x509-asn1.o
  CC      crypto/asymmetric_keys/x509_rsakey-asn1.o
  CC      block/partition-generic.o
  CC      crypto/asymmetric_keys/x509_cert_parser.o
  LD      fs/notify/inotify/built-in.o
  LD      fs/notify/built-in.o
  CC      fs/proc/task_mmu.o
  LD      crypto/asymmetric_keys/asymmetric_keys.o
  LD      crypto/asymmetric_keys/x509_key_parser.o
  LD      crypto/asymmetric_keys/built-in.o
  CC      crypto/ablk_helper.o
  CC      block/partitions/check.o
  LD      crypto/crypto.o
  LD      crypto/built-in.o
  CC      block/bsg.o
  CC      block/partitions/msdos.o
  CC      fs/proc/inode.o
  CC      kernel/cgroup_freezer.o
  CC      block/partitions/efi.o
  CC      fs/proc/root.o
  CC      fs/proc/base.o
  CC      kernel/cpuset.o
  GZIP    kernel/config_data.gz
  CC      fs/proc/generic.o
  LD      block/partitions/built-in.o
  CC      block/noop-iosched.o
  CC      block/deadline-iosched.o
  CC      block/row-iosched.o
  CC      kernel/res_counter.o
  CC      fs/proc/array.o
  CC      fs/proc/fd.o
  CC      kernel/stop_machine.o
  CC      block/cfq-iosched.o
  CC      block/bfq-iosched.o
  CC      fs/proc/proc_tty.o
  CC      kernel/audit.o
  CC      fs/proc/cmdline.o
  CC      fs/proc/consoles.o
  CC      fs/proc/cpuinfo.o
  CC      fs/proc/devices.o
  CC      kernel/auditfilter.o
  CC      fs/proc/interrupts.o
  CC      block/compat_ioctl.o
  CC      fs/proc/loadavg.o
  CC      fs/proc/meminfo.o
  CC      kernel/seccomp.o
  CC      kernel/utsname_sysctl.o
  LD      block/built-in.o
  CC      kernel/tracepoint.o
  CC      fs/proc/stat.o
  CC      fs/proc/uptime.o
  CC      kernel/elfcore.o
  CC      fs/proc/version.o
  CC      fs/pstore/inode.o
  CC      drivers/amba/bus.o
  CC      fs/proc/softirqs.o
  CC      kernel/irq_work.o
  CC      fs/pstore/platform.o
  CC      fs/proc/namespaces.o
  CC      kernel/cpu_pm.o
  LD      drivers/amba/built-in.o
  LD      drivers/auxdisplay/built-in.o
  CC      drivers/base/core.o
  BC      kernel/timeconst.h
/bin/sh: 1: bc: not found
/root/worspace/aosip/kernel/cyanogen/msm8916/kernel/Makefile:136: recipe for target 'kernel/timeconst.h' failed
make[2]: *** [kernel/timeconst.h] Error 127
/root/worspace/aosip/kernel/cyanogen/msm8916/Makefile:819: recipe for target 'kernel' failed
make[1]: *** [kernel] Error 2
make[1]: *** Waiting for unfinished jobs....
  CC      fs/pstore/ram.o
  CC      fs/proc/self.o
  CC      fs/pstore/ram_core.o
  CC      fs/proc/proc_sysctl.o
  CC      fs/proc/proc_net.o
  LD      fs/pstore/pstore.o
  LD      fs/pstore/ramoops.o
  LD      fs/pstore/built-in.o
  CC      fs/proc/kmsg.o
  CC      drivers/block/brd.o
  LD      fs/quota/built-in.o
  CC      fs/proc/page.o
  CC      drivers/base/bus.o
  CC      drivers/bluetooth/bluetooth-power.o
  LD      fs/proc/proc.o
  LD      fs/proc/built-in.o
  CC      fs/ramfs/inode.o
  CC      drivers/block/loop.o
  CC      fs/ramfs/file-mmu.o
  LD      drivers/bluetooth/built-in.o
  CC      drivers/base/dd.o
  CC      fs/sdcardfs/dentry.o
  LD      fs/ramfs/ramfs.o
  LD      fs/ramfs/built-in.o
  CC      fs/sdcardfs/file.o
  CC      fs/sysfs/inode.o
  CC      drivers/base/syscore.o
  CC      fs/sdcardfs/inode.o
  CC      drivers/base/driver.o
  CC      drivers/block/zram/zcomp_lzo.o
  CC      fs/sysfs/file.o
  CC      drivers/block/zram/zcomp.o
  CC      drivers/base/class.o
  CC      fs/sdcardfs/main.o
  CC      fs/sysfs/dir.o
  CC      drivers/block/zram/zram_drv.o
  CC      drivers/base/platform.o
  CC      fs/sdcardfs/super.o
  CC      fs/sysfs/symlink.o
  CC      fs/sdcardfs/lookup.o
  CC      drivers/base/cpu.o
  LD      drivers/block/zram/zram.o
  LD      drivers/block/zram/built-in.o
  LD      drivers/block/built-in.o
  CC      fs/sysfs/mount.o
  CC      fs/eventpoll.o
  CC      fs/sdcardfs/mmap.o
  CC      drivers/base/firmware.o
  CC      fs/sysfs/bin.o
  CC      fs/sdcardfs/packagelist.o
  CC      drivers/base/init.o
  CC      drivers/base/map.o
  CC      fs/sysfs/group.o
  LD      drivers/bus/built-in.o
  CC      fs/anon_inodes.o
  CC      drivers/base/devres.o
  LD      fs/sysfs/built-in.o
  CC      fs/sdcardfs/derived_perm.o
  LD      drivers/cdrom/built-in.o
  CC      fs/signalfd.o
  CC      drivers/base/attribute_container.o
  CC      drivers/base/transport_class.o
  CC      drivers/base/topology.o
  CC      fs/timerfd.o
  LD      fs/sdcardfs/sdcardfs.o
  LD      fs/sdcardfs/built-in.o
  CC      drivers/base/dma-contiguous.o
  CC      fs/eventfd.o
  CC      fs/aio.o
  CC      drivers/base/dma-removed.o
  CC      drivers/base/power/sysfs.o
  CC      fs/locks.o
  CC      fs/compat.o
  CC      drivers/base/power/generic_ops.o
  CC      drivers/base/regmap/regmap.o
  CC      drivers/base/power/common.o
  CC      drivers/base/power/qos.o
  CC      drivers/base/dma-mapping.o
  CC      fs/compat_ioctl.o
  CC      drivers/base/power/main.o
  CC      drivers/base/regmap/regcache.o
  CC      drivers/base/dma-coherent.o
  CC      drivers/base/regmap/regcache-rbtree.o
  CC      drivers/base/power/wakeup.o
  CC      fs/binfmt_script.o
  CC      drivers/char/mem.o
  CC      drivers/base/regmap/regcache-lzo.o
  CC      fs/binfmt_elf.o
  CC      drivers/base/power/runtime.o
  CC      drivers/char/random.o
  CC      drivers/base/regmap/regcache-flat.o
  CC      drivers/base/regmap/regmap-debugfs.o
  CC      drivers/base/power/opp.o
  CC      drivers/base/regmap/regmap-i2c.o
  CC      fs/compat_binfmt_elf.o
  CC      drivers/base/power/clock_ops.o
  CC      drivers/char/misc.o
  CC      drivers/base/regmap/regmap-spi.o
  LD      drivers/base/power/built-in.o
  CC      drivers/base/regmap/regmap-irq.o
  CC      drivers/char/diag/diagchar_core.o
  CC      drivers/base/dma-buf.o
  CC      drivers/base/regmap/regmap-swr.o
  CC      fs/mbcache.o
  CC      fs/posix_acl.o
  LD      drivers/base/regmap/built-in.o
  CC      drivers/base/firmware_class.o
  CC      drivers/base/soc.o
  CC      fs/xattr_acl.o
  CC      fs/generic_acl.o
  CC      drivers/clk/clk-devres.o
  CC      drivers/char/diag/diagchar_hdlc.o
  CC      drivers/clk/clkdev.o
  CC      fs/coredump.o
  CC      drivers/base/pinctrl.o
  CC      drivers/char/diag/diagfwd.o
  LD      drivers/base/built-in.o
  CC      fs/drop_caches.o
  CC      drivers/clk/clk.o
  CC      drivers/char/diag/diag_mux.o
  CC      drivers/clk/qcom/clock.o
  CC      fs/dcookies.o
  CC      drivers/clocksource/clksrc-of.o
  CC      drivers/clocksource/arm_arch_timer.o
  LD      fs/built-in.o
  CC      drivers/cpufreq/cpufreq.o
  CC      drivers/char/diag/diag_memorydevice.o
  CC      drivers/clk/qcom/clock-dummy.o
  LD      drivers/clocksource/built-in.o
  CC      drivers/char/diag/diag_usb.o
  CC      drivers/clk/qcom/clock-generic.o
  CC      drivers/clk/qcom/clock-local2.o
  CC      drivers/char/diag/diagmem.o
  CC      drivers/char/diag/diagfwd_cntl.o
  CC      drivers/clk/qcom/clock-pll.o
  CC      drivers/cpufreq/freq_table.o
  CC      drivers/char/hw_random/core.o
  CC      drivers/cpufreq/cpufreq_stats.o
  CC      drivers/clk/qcom/clock-alpha-pll.o
  CC      drivers/char/diag/diag_dci.o
  CC      drivers/char/hw_random/msm_rng.o
  CC      drivers/clk/qcom/clock-rpm.o
  CC      drivers/cpufreq/cpufreq_performance.o
  CC      drivers/char/hw_random/fips_drbg.o
  CC      drivers/clk/qcom/clock-voter.o
  CC      drivers/cpufreq/cpufreq_powersave.o
  CC      drivers/clk/qcom/clock-debug.o
  CC      drivers/char/hw_random/ctr_drbg.o
  CC      drivers/cpufreq/cpufreq_userspace.o
  CC      drivers/cpufreq/cpufreq_ondemand.o
  CC      drivers/char/diag/diag_masks.o
  CC      drivers/clk/qcom/clock-rpm-8916.o
  CC      drivers/char/hw_random/msm_fips_selftest.o
  CC      drivers/clk/qcom/clock-gcc-8916.o
  CC      drivers/cpufreq/cpufreq_interactive.o
  LD      drivers/char/hw_random/rng-core.o
  LD      drivers/char/hw_random/built-in.o
  CC      drivers/clk/qcom/clock-rpm-8936.o
  CC      drivers/clk/qcom/clock-gcc-8936.o
  CC      drivers/char/msm_smd_pkt.o
  CC      drivers/char/diag/diag_debugfs.o
  CC      drivers/clk/qcom/clock-a7.o
  LD      drivers/char/diag/diagchar.o
  LD      drivers/char/diag/built-in.o
  CC      drivers/cpufreq/cpufreq_governor.o
  CC      drivers/clk/qcom/clock-cpu-8939.o
  LD      drivers/char/built-in.o
  CC      drivers/clk/qcom/clock-cpu-8936.o
  CC      drivers/clk/qcom/gdsc.o
  CC      drivers/cpufreq/cpu-boost.o
  CC      drivers/cpufreq/qcom-cpufreq.o
  CC      drivers/cpufreq/cpufreq_persistent_stats.o
  CC      drivers/clk/qcom/mdss/mdss-pll-util.o
  CC      drivers/clk/qcom/mdss/mdss-pll.o
  CC      drivers/cpuidle/cpuidle.o
  LD      drivers/cpufreq/built-in.o
  CC      drivers/clk/qcom/mdss/mdss-dsi-pll-util.o
  CC      drivers/crypto/msm/qcedev.o
  CC      drivers/devfreq/devfreq.o
  CC      drivers/cpuidle/driver.o
  CC      drivers/clk/qcom/mdss/mdss-dsi-20nm-pll-util.o
  CC      drivers/cpuidle/governor.o
  CC      drivers/devfreq/devfreq_trace.o
  CC      drivers/cpuidle/sysfs.o
  CC      drivers/clk/qcom/mdss/mdss-dsi-pll-28hpm.o
  CC      drivers/crypto/msm/qce50.o
  CC      drivers/devfreq/governor_simpleondemand.o
  CC      drivers/cpuidle/governors/ladder.o
  CC      drivers/clk/qcom/mdss/mdss-dsi-pll-28lpm.o
  CC      drivers/devfreq/governor_performance.o
  CC      drivers/cpuidle/governors/menu.o
  CC      drivers/clk/qcom/mdss/mdss-dsi-pll-20nm.o
  CC      drivers/devfreq/governor_powersave.o
  LD      drivers/cpuidle/governors/built-in.o
  CC      drivers/cpuidle/lpm-levels.o
  CC      drivers/clk/qcom/mdss/mdss-edp-pll-28hpm.o
  CC      drivers/devfreq/governor_userspace.o
  CC      drivers/devfreq/governor_cpufreq.o
  CC      drivers/clk/qcom/mdss/mdss-hdmi-pll-28hpm.o
  CC      drivers/devfreq/governor_msm_adreno_tz.o
  CC      drivers/clk/qcom/mdss/mdss-hdmi-pll-20nm.o
  CC      drivers/cpuidle/lpm-levels-of.o
  CC      drivers/crypto/msm/compat_qcedev.o
  CC      drivers/devfreq/bimc-bwmon.o
  LD      drivers/clk/qcom/mdss/built-in.o
  LD      drivers/clk/qcom/built-in.o
  LD      drivers/clk/built-in.o
  CC      drivers/devfreq/governor_bw_hwmon.o
  CC      drivers/cpuidle/lpm-workarounds.o
  CC      drivers/crypto/msm/qcrypto.o
  CC      drivers/devfreq/governor_gpubw_mon.o
  LD      drivers/cpuidle/built-in.o
  CC      drivers/devfreq/governor_bw_vbif.o
  CC      drivers/devfreq/devfreq_devbw.o
  CC      drivers/dma/dmaengine.o
  CC      drivers/dma/of-dma.o
  CC      drivers/devfreq/devfreq_simple_dev.o
  LD      drivers/firewire/built-in.o
  CC      drivers/firmware/qcom/tz_log.o
  LD      drivers/devfreq/built-in.o
  CC      drivers/dma/qcom-sps-dma.o
  CC      drivers/gpio/devres.o
  LD      drivers/firmware/qcom/built-in.o
  LD      drivers/firmware/built-in.o
  CC      drivers/gpio/gpiolib.o
  LD      drivers/dma/built-in.o
  CC      drivers/gpio/gpiolib-of.o
  LD      drivers/gpu/drm/i2c/built-in.o
  LD      drivers/gpu/drm/built-in.o
  CC      drivers/gpu/msm/adreno_ringbuffer.o
  LD      drivers/gpu/vga/built-in.o
  CC      drivers/gpio/gpio-arizona.o
  LD      drivers/crypto/msm/built-in.o
  LD      drivers/crypto/built-in.o
  CC      drivers/gpio/qpnp-pin.o
  CC      drivers/hid/hid-lg.o
  LD      drivers/hsi/clients/built-in.o
  LD      drivers/hsi/built-in.o
  CC      drivers/gpio/gpio-msm-smp2p.o
  CC      drivers/gpu/msm/adreno_drawctxt.o
  CC      drivers/hwmon/hwmon.o
  CC      drivers/hid/hid-lgff.o
  CC      drivers/hwmon/qpnp-buck-current-monitor.o
  CC      drivers/gpio/gpio-msm-smp2p-test.o
  CC      drivers/hid/hid-lg2ff.o
  CC      drivers/gpu/msm/adreno_dispatch.o
  CC      drivers/hid/hid-lg3ff.o
  CC      drivers/hwmon/qpnp-adc-voltage.o
  LD      drivers/gpio/built-in.o
  CC      drivers/gpu/msm/adreno_snapshot.o
  CC      drivers/hid/hid-lg4ff.o
  CC      drivers/gpu/msm/adreno_coresight.o
  CC      drivers/hid/hid-picolcd_core.o
  CC      drivers/hwspinlock/hwspinlock_core.o
  CC      drivers/gpu/msm/adreno_trace.o
  CC      drivers/hwmon/qpnp-adc-common.o
  CC      drivers/hwspinlock/msm_remote_spinlock.o
  CC      drivers/hid/hid-picolcd_debugfs.o
  LD      drivers/hwspinlock/built-in.o
  CC      drivers/gpu/msm/adreno_a3xx.o
  CC      drivers/hwmon/qpnp-adc-current.o
  CC      drivers/i2c/i2c-boardinfo.o
  CC      drivers/hid/hid-wiimote-core.o
  CC      drivers/i2c/i2c-core.o
  LD      drivers/hwmon/built-in.o
  CC      drivers/i2c/i2c-dev.o
  CC      drivers/gpu/msm/adreno_a4xx.o
  CC      drivers/hid/hid-wiimote-ext.o
  LD      drivers/idle/built-in.o
  LD      drivers/i2c/algos/built-in.o
  CC      drivers/input/input.o
  CC      drivers/i2c/busses/i2c-msm-v2.o
  CC      drivers/hid/hid-wiimote-debug.o
  CC      drivers/gpu/msm/adreno_a3xx_snapshot.o
  CC      drivers/hid/hid-debug.o
  CC      drivers/gpu/msm/adreno_a4xx_snapshot.o
  CC      drivers/gpu/msm/adreno.o
  CC      drivers/hid/hid-core.o
  LD      drivers/i2c/busses/built-in.o
  LD      drivers/i2c/muxes/built-in.o
  LD      drivers/i2c/built-in.o
  CC      drivers/gpu/msm/adreno_cp_parser.o
  CC      drivers/input/input-compat.o
  CC      drivers/input/input-mt.o
  CC      drivers/input/ff-core.o
  CC      drivers/input/serio/serio.o
  CC      drivers/hid/hid-input.o
  CC      drivers/input/ff-memless.o
  CC      drivers/gpu/msm/adreno_iommu.o
  CC      drivers/input/serio/serport.o
  CC      drivers/input/input-polldev.o
  CC      drivers/input/serio/libps2.o
  CC      drivers/gpu/msm/adreno_perfcounter.o
  CC      drivers/input/mousedev.o
  CC      drivers/hid/hidraw.o
  LD      drivers/input/serio/built-in.o
  CC      drivers/input/evdev.o
  CC      drivers/gpu/msm/adreno_debugfs.o
  CC      drivers/gpu/msm/adreno_profile.o
  CC      drivers/hid/uhid.o
  CC      drivers/input/joystick/xpad.o
  CC      drivers/gpu/msm/adreno_compat.o
  CC      drivers/hid/hid-generic.o
  CC      drivers/input/keyboard/atkbd.o
  CC      drivers/gpu/msm/kgsl.o
  LD      drivers/input/joystick/built-in.o
  CC      drivers/hid/hid-a4tech.o
  CC      drivers/gpu/msm/kgsl_trace.o
  CC      drivers/hid/hid-axff.o
  CC      drivers/input/keyboard/gpio_keys.o
  CC      drivers/hid/hid-apple.o
  CC      drivers/hid/hid-belkin.o
  LD      drivers/input/keyboard/built-in.o
  CC      drivers/input/misc/gpio_event.o
  CC      drivers/hid/hid-cherry.o
  CC      drivers/input/misc/gpio_matrix.o
  CC      drivers/hid/hid-chicony.o
  CC      drivers/hid/hid-cypress.o
  CC      drivers/input/misc/gpio_input.o
  CC      drivers/hid/hid-dr.o
  CC      drivers/input/misc/gpio_output.o
  CC      drivers/gpu/msm/kgsl_sharedmem.o
  CC      drivers/hid/hid-emsff.o
  CC      drivers/hid/hid-elecom.o
  CC      drivers/input/misc/gpio_axis.o
  CC      drivers/input/tablet/acecad.o
  CC      drivers/hid/hid-ezkey.o
  CC      drivers/input/misc/keychord.o
  CC      drivers/hid/hid-gyration.o
  CC      drivers/input/tablet/aiptek.o
  CC      drivers/gpu/msm/kgsl_pwrctrl.o
  CC      drivers/hid/hid-holtek-kbd.o
  CC      drivers/input/misc/uinput.o
  CC      drivers/hid/hid-holtekff.o
  CC      drivers/input/tablet/gtco.o
  CC      drivers/hid/hid-kensington.o
  CC      drivers/input/misc/mpu6050.o
  CC      drivers/hid/hid-keytouch.o
  CC      drivers/gpu/msm/kgsl_pwrscale.o
  CC      drivers/input/tablet/hanwang.o
  CC      drivers/hid/hid-kye.o
  CC      drivers/hid/hid-lcpower.o
  CC      drivers/gpu/msm/kgsl_mmu.o
  CC      drivers/input/tablet/kbtab.o
  LD      drivers/hid/hid-logitech.o
  CC      drivers/hid/hid-logitech-dj.o
  CC      drivers/input/tablet/wacom_wac.o
  CC      drivers/input/misc/akm09911.o
  CC      drivers/gpu/msm/kgsl_iommu.o
  CC      drivers/hid/hid-magicmouse.o
  CC      drivers/hid/hid-microsoft.o
  CC      drivers/input/tablet/wacom_sys.o
  CC      drivers/input/misc/ap3426_cm.o
  CC      drivers/hid/hid-monterey.o
  CC      drivers/gpu/msm/kgsl_snapshot.o
  CC      drivers/hid/hid-multitouch.o
  LD      drivers/input/tablet/wacom.o
  LD      drivers/input/tablet/built-in.o
  CC      drivers/hid/hid-ntrig.o
  CC      drivers/gpu/msm/kgsl_events.o
  CC      drivers/gpu/msm/kgsl_debugfs.o
  CC      drivers/hid/hid-ortek.o
  CC      drivers/hid/hid-prodikeys.o
  CC      drivers/gpu/msm/kgsl_sync.o
  CC      drivers/input/touchscreen/gsl_ts_driver.o
  CC      drivers/hid/hid-pl.o
  CC      drivers/gpu/msm/kgsl_compat.o
  CC      drivers/hid/hid-petalynx.o
  LD      drivers/gpu/msm/msm_kgsl_core.o
  LD      drivers/gpu/msm/msm_adreno.o
  LD      drivers/gpu/msm/built-in.o
  LD      drivers/gpu/built-in.o
  CC      drivers/input/keyreset.o
  CC      drivers/input/touchscreen/gsl_ReadArrayData.o
  LD      drivers/hid/hid-picolcd.o
  CC      drivers/hid/hid-primax.o
  CC      drivers/iommu/iommu.o
  CC      drivers/hid/hid-roccat.o
  AS      drivers/input/touchscreen/gsl_point_id_arm64.o
  LD      drivers/input/misc/built-in.o
  CC      drivers/input/touchscreen/gen_vkeys.o
  CC      drivers/hid/hid-roccat-common.o
  CC      drivers/iommu/of_iommu.o
  CC      drivers/iommu/msm_iommu.o
  CC      drivers/irqchip/irqchip.o
  LD      drivers/input/touchscreen/built-in.o
  CC      drivers/input/keycombo.o
  CC      drivers/iommu/msm_iommu_domains.o
  CC      drivers/hid/hid-roccat-arvo.o
  CC      drivers/irqchip/irq-gic.o
  LD      drivers/input/input-core.o
  LD      drivers/input/built-in.o
  CC      drivers/irqchip/irq-msm.o
  CC      drivers/hid/hid-roccat-isku.o
  CC      drivers/hid/hid-roccat-kone.o
  CC      drivers/irqchip/msm_show_resume_irq.o
  CC      drivers/iommu/msm_iommu_mapping.o
  CC      drivers/iommu/msm_iommu-v1.o
  LD      drivers/irqchip/built-in.o
  CC      drivers/iommu/msm_iommu_dev-v1.o
  CC      drivers/leds/led-core.o
  CC      drivers/hid/hid-roccat-koneplus.o
  CC      drivers/leds/led-class.o
  CC      drivers/hid/hid-roccat-konepure.o
  LD      drivers/lguest/built-in.o
  CC      drivers/hid/hid-roccat-kovaplus.o
  CC      drivers/iommu/msm_iommu_sec.o
  CC      drivers/leds/led-triggers.o
  CC      drivers/leds/leds-gpio.o
  CC      drivers/hid/hid-roccat-lua.o
  CC      drivers/leds/leds-msm-gpio-flash.o
  CC      drivers/hid/hid-roccat-pyra.o
  CC      drivers/iommu/msm_iommu_pagetable.o
  CC      drivers/leds/trigger/ledtrig-backlight.o
  CC      drivers/hid/hid-roccat-savu.o
  LD      drivers/macintosh/built-in.o
  CC      drivers/md/dm-uevent.o
  LD      drivers/leds/trigger/built-in.o
  LD      drivers/leds/built-in.o
  CC      drivers/hid/hid-saitek.o
  LD      drivers/iommu/built-in.o
  CC      drivers/hid/hid-samsung.o
  LD      drivers/media/common/b2c2/built-in.o
  LD      drivers/media/common/saa7146/built-in.o
  LD      drivers/media/common/siano/built-in.o
  LD      drivers/media/common/built-in.o
  LD      drivers/media/firewire/built-in.o
  LD      drivers/media/i2c/soc_camera/built-in.o
  LD      drivers/media/i2c/built-in.o
  CC      drivers/hid/hid-sjoy.o
  CC      drivers/md/dm.o
  LD      drivers/media/mmc/siano/built-in.o
  LD      drivers/media/mmc/built-in.o
  LD      drivers/media/parport/built-in.o
  LD      drivers/media/pci/b2c2/built-in.o
  LD      drivers/media/pci/ddbridge/built-in.o
  LD      drivers/media/pci/dm1105/built-in.o
  LD      drivers/media/pci/mantis/built-in.o
  LD      drivers/media/pci/ngene/built-in.o
  LD      drivers/media/pci/pluto2/built-in.o
  LD      drivers/media/platform/davinci/built-in.o
  LD      drivers/media/pci/pt1/built-in.o
  LD      drivers/media/pci/saa7146/built-in.o
  LD      drivers/media/platform/msm/broadcast/built-in.o
  LD      drivers/media/pci/ttpci/built-in.o
  LD      drivers/media/pci/built-in.o
  CC      drivers/mfd/arizona-core.o
  CC      drivers/media/platform/msm/camera_v2/msm.o
  CC      drivers/hid/hid-sony.o
  CC      drivers/hid/hid-speedlink.o
  CC      drivers/hid/hid-sunplus.o
  CC      drivers/mfd/arizona-irq.o
  CC      drivers/media/platform/msm/camera_v2/camera/camera.o
  CC      drivers/md/dm-table.o
  CC      drivers/hid/hid-gaff.o
  CC      drivers/mfd/arizona-i2c.o
  CC      drivers/hid/hid-tmff.o
  LD      drivers/media/platform/msm/camera_v2/camera/built-in.o
  CC      drivers/media/platform/msm/camera_v2/isp/msm_isp.o
  CC      drivers/mfd/vegas-tables.o
  CC      drivers/hid/hid-tivo.o
  CC      drivers/md/dm-target.o
  CC      drivers/hid/hid-topseed.o
  CC      drivers/mfd/mfd-core.o
  CC      drivers/media/platform/msm/camera_v2/isp/msm_buf_mgr.o
  CC      drivers/md/dm-linear.o
  CC      drivers/hid/hid-twinhan.o
  CC      drivers/mfd/wcd9xxx-core.o
  CC      drivers/hid/hid-uclogic.o
  CC      drivers/md/dm-stripe.o
  CC      drivers/hid/hid-zpff.o
  CC      drivers/media/platform/msm/camera_v2/isp/msm_isp_util.o
  CC      drivers/md/dm-ioctl.o
  CC      drivers/hid/hid-zydacron.o
  CC      drivers/hid/hid-wacom.o
  CC      drivers/mfd/wcd9xxx-irq.o
  CC      drivers/md/dm-io.o
  CC      drivers/media/platform/msm/camera_v2/isp/msm_isp_axi_util.o
  CC      drivers/hid/hid-waltop.o
  CC      drivers/mfd/wcd9xxx-slimslave.o
  CC      drivers/md/dm-kcopyd.o
  LD      drivers/hid/hid-wiimote.o
  CC      drivers/hid/usbhid/hid-core.o
  CC      drivers/md/dm-sysfs.o
  CC      drivers/mfd/wcd9xxx-core-resource.o
  CC      drivers/media/platform/msm/camera_v2/isp/msm_isp_stats_util.o
  CC      drivers/md/dm-builtin.o
  CC      drivers/mfd/wcd9335-regmap.o
  CC      drivers/hid/usbhid/hid-quirks.o
  CC      drivers/mfd/wcd9335-tables.o
  CC      drivers/md/dm-bufio.o
  LD      drivers/mfd/built-in.o
  CC      drivers/media/radio/radio-iris.o
  CC      drivers/media/platform/msm/camera_v2/isp/msm_isp47.o
  CC      drivers/hid/usbhid/hiddev.o
  CC      drivers/md/dm-crypt.o
  LD      drivers/hid/usbhid/usbhid.o
  LD      drivers/hid/usbhid/built-in.o
  LD      drivers/hid/hid.o
  LD      drivers/hid/built-in.o
  LD      drivers/media/rc/keymaps/built-in.o
  LD      drivers/media/rc/built-in.o
  CC      drivers/misc/uid_stat.o
  CC      drivers/media/platform/msm/camera_v2/isp/msm_isp46.o
  LD      drivers/misc/carma/built-in.o
  LD      drivers/misc/cb710/built-in.o
  LD      drivers/misc/eeprom/built-in.o
  LD      drivers/misc/lis3lv02d/built-in.o
  CC      drivers/misc/qcom/qdsp6v2/aac_in.o
  CC      drivers/media/radio/radio-iris-transport.o
  CC      drivers/md/dm-verity.o
  CC      drivers/misc/qcom/qdsp6v2/qcelp_in.o
  LD      drivers/media/radio/built-in.o
  CC      drivers/media/platform/msm/vidc/msm_v4l2_vidc.o
  CC      drivers/media/platform/msm/camera_v2/isp/msm_isp44.o
  CC      drivers/misc/qcom/qdsp6v2/evrc_in.o
  CC      drivers/md/dm-req-crypt.o
  CC      drivers/misc/qcom/qdsp6v2/amrnb_in.o
  CC      drivers/media/platform/msm/vidc/msm_vidc_common.o
  CC      drivers/media/platform/msm/camera_v2/isp/msm_isp40.o
  LD      drivers/md/dm-mod.o
  LD      drivers/md/built-in.o
  CC      drivers/media/tuners/tuner-xc2028.o
  CC      drivers/misc/qcom/qdsp6v2/audio_utils.o
  CC      drivers/misc/qcom/qdsp6v2/audio_wma.o
  CC      drivers/media/tuners/tuner-simple.o
  CC      drivers/misc/qcom/qdsp6v2/audio_wmapro.o
  CC      drivers/media/platform/msm/camera_v2/isp/msm_isp32.o
  CC      drivers/misc/qcom/qdsp6v2/audio_aac.o
  CC      drivers/media/tuners/tuner-types.o
  CC      drivers/misc/qcom/qdsp6v2/audio_multi_aac.o
  CC      drivers/media/tuners/mt20xx.o
  LD      drivers/media/platform/msm/camera_v2/isp/built-in.o
  CC      drivers/media/platform/msm/camera_v2/ispif/msm_ispif.o
  CC      drivers/misc/qcom/qdsp6v2/audio_alac.o
  CC      drivers/media/tuners/tda8290.o
  CC      drivers/misc/qcom/qdsp6v2/audio_ape.o
  LD      drivers/media/platform/msm/camera_v2/ispif/built-in.o
  CC      drivers/media/platform/msm/camera_v2/jpeg_10/msm_jpeg_dev.o
  CC      drivers/misc/qcom/qdsp6v2/audio_utils_aio.o
  CC      drivers/media/tuners/tea5767.o
  CC      drivers/media/platform/msm/camera_v2/jpeg_10/msm_jpeg_sync.o
  CC      drivers/media/platform/msm/vidc/msm_vidc.o
  CC      drivers/media/tuners/tea5761.o
  CC      drivers/media/tuners/tda9887.o
  CC      drivers/misc/qcom/qdsp6v2/q6audio_v2.o
  CC      drivers/misc/qcom/qdsp6v2/q6audio_v2_aio.o
  CC      drivers/media/tuners/tda827x.o
  CC      drivers/media/platform/msm/camera_v2/jpeg_10/msm_jpeg_core.o
  CC      drivers/misc/qcom/qdsp6v2/audio_mp3.o
  CC      drivers/media/platform/msm/vidc/msm_vdec.o
  CC      drivers/media/tuners/tda18271-maps.o
  CC      drivers/misc/qcom/qdsp6v2/audio_amrnb.o
  CC      drivers/media/platform/msm/camera_v2/jpeg_10/msm_jpeg_hw.o
  CC      drivers/misc/qcom/qdsp6v2/audio_amrwb.o
  CC      drivers/media/tuners/tda18271-common.o
  CC      drivers/media/platform/msm/camera_v2/jpeg_10/msm_jpeg_platform.o
  CC      drivers/misc/qcom/qdsp6v2/audio_amrwbplus.o
  CC      drivers/media/tuners/tda18271-fe.o
  LD      drivers/media/platform/msm/camera_v2/jpeg_10/built-in.o
  CC      drivers/misc/qcom/qdsp6v2/audio_evrc.o
  CC      drivers/media/platform/msm/camera_v2/msm_buf_mgr/msm_generic_buf_mgr.o
  CC      drivers/misc/qcom/qdsp6v2/audio_qcelp.o
  LD      drivers/media/platform/msm/camera_v2/msm_buf_mgr/built-in.o
  CC      drivers/media/platform/msm/camera_v2/msm_vb2/msm_vb2.o
  CC      drivers/media/platform/msm/vidc/msm_venc.o
  CC      drivers/misc/qcom/qdsp6v2/amrwb_in.o
  CC      drivers/media/tuners/xc5000.o
  LD      drivers/media/platform/msm/camera_v2/msm_vb2/built-in.o
  CC      drivers/media/platform/msm/camera_v2/pproc/cpp/msm_cpp.o
  LD      drivers/misc/qcom/qdsp6v2/built-in.o
  LD      drivers/misc/qcom/built-in.o
  LD      drivers/misc/ti-st/built-in.o
  CC      drivers/misc/qseecom.o
  CC      drivers/media/tuners/xc4000.o
  CC      drivers/media/tuners/mc44s803.o
  LD      drivers/media/tuners/tda18271.o
  LD      drivers/media/tuners/built-in.o
  CC      drivers/media/platform/msm/camera_v2/pproc/vpe/msm_vpe.o
  LD      drivers/media/platform/msm/camera_v2/pproc/cpp/built-in.o
  LD      drivers/media/usb/b2c2/built-in.o
  LD      drivers/media/usb/dvb-usb/built-in.o
  LD      drivers/media/usb/dvb-usb-v2/built-in.o
  LD      drivers/media/usb/s2255/built-in.o
  LD      drivers/media/usb/siano/built-in.o
  LD      drivers/media/usb/stkwebcam/built-in.o
  LD      drivers/media/usb/ttusb-budget/built-in.o
  LD      drivers/media/usb/ttusb-dec/built-in.o
  LD      drivers/media/usb/zr364xx/built-in.o
  LD      drivers/media/usb/built-in.o
  CC      drivers/media/platform/msm/vidc/msm_smem.o
  CC      drivers/media/v4l2-core/v4l2-dev.o
  LD      drivers/media/platform/msm/camera_v2/pproc/vpe/built-in.o
  LD      drivers/media/platform/msm/camera_v2/pproc/built-in.o
  CC      drivers/media/platform/msm/camera_v2/sensor/actuator/msm_actuator.o
  CC      drivers/media/platform/msm/vidc/msm_vidc_debug.o
  CC      drivers/misc/compat_qseecom.o
  CC      drivers/media/v4l2-core/v4l2-ioctl.o
  CC      drivers/misc/uid_cputime.o
  CC      drivers/media/platform/msm/vidc/msm_vidc_res_parse.o
  LD      drivers/media/platform/msm/camera_v2/sensor/actuator/built-in.o
  CC      drivers/media/platform/msm/camera_v2/sensor/cci/msm_cci.o
  LD      drivers/misc/built-in.o
  CC      drivers/media/platform/msm/camera_v2/sensor/csid/msm_csid.o
  CC      drivers/media/v4l2-core/v4l2-device.o
  CC      drivers/media/platform/msm/vidc/venus_hfi.o
  CC      drivers/media/v4l2-core/v4l2-fh.o
  LD      drivers/media/platform/msm/camera_v2/sensor/csid/built-in.o
  LD      drivers/media/platform/msm/camera_v2/sensor/cci/built-in.o
  CC      drivers/media/platform/msm/camera_v2/sensor/csiphy/msm_csiphy.o
  CC      drivers/mmc/card/block.o
  CC      drivers/media/v4l2-core/v4l2-event.o
  CC      drivers/media/v4l2-core/v4l2-ctrls.o
  LD      drivers/media/platform/msm/camera_v2/sensor/csiphy/built-in.o
  CC      drivers/media/platform/msm/camera_v2/sensor/eeprom/msm_eeprom.o
  LD      drivers/media/platform/msm/camera_v2/sensor/eeprom/built-in.o
  CC      drivers/media/platform/msm/camera_v2/sensor/flash/msm_led_flash.o
  CC      drivers/mmc/card/queue.o
  CC      drivers/media/platform/msm/camera_v2/sensor/flash/msm_led_trigger.o
  CC      drivers/media/v4l2-core/v4l2-subdev.o
  CC      drivers/media/platform/msm/camera_v2/sensor/flash/msm_led_i2c_trigger.o
  LD      drivers/mmc/card/mmc_block.o
  CC      drivers/media/v4l2-core/v4l2-compat-ioctl32.o
  LD      drivers/mmc/card/built-in.o
  CC      drivers/mmc/core/core.o
  CC      drivers/media/platform/msm/camera_v2/sensor/flash/adp1660.o
  CC      drivers/media/v4l2-core/v4l2-of.o
  CC      drivers/media/platform/msm/camera_v2/sensor/flash/bd7710.o
  CC      drivers/media/v4l2-core/v4l2-common.o
  CC      drivers/media/platform/msm/camera_v2/sensor/flash/msm_led_torch.o
  CC      drivers/media/platform/msm/camera_v2/sensor/flash/msm_flash.o
  CC      drivers/media/v4l2-core/videobuf2-core.o
  CC      drivers/media/platform/msm/vidc/hfi_response_handler.o
  CC      drivers/mmc/core/bus.o
  CC      drivers/mmc/core/host.o
  CC      drivers/media/platform/msm/camera_v2/sensor/flash/lm3642.o
  LD      drivers/media/platform/msm/camera_v2/sensor/flash/built-in.o
  CC      drivers/media/platform/msm/camera_v2/sensor/io/msm_camera_io_util.o
  CC      drivers/mmc/core/mmc.o
  CC      drivers/media/platform/msm/vidc/hfi_packetization.o
  CC      drivers/media/v4l2-core/videobuf2-memops.o
  CC      drivers/media/platform/msm/camera_v2/sensor/io/msm_camera_cci_i2c.o
  CC      drivers/media/v4l2-core/videobuf2-vmalloc.o
  CC      drivers/media/platform/msm/camera_v2/sensor/io/msm_camera_qup_i2c.o
  CC      drivers/mmc/core/mmc_ops.o
  CC      drivers/media/v4l2-core/videobuf2-dma-contig.o
  CC      drivers/media/platform/msm/vidc/vidc_hfi.o
  CC      drivers/media/platform/msm/camera_v2/sensor/io/msm_camera_spi.o
  CC      drivers/mmc/core/sd.o
  CC      drivers/media/platform/msm/vidc/q6_hfi.o
  CC      drivers/media/v4l2-core/videobuf2-dma-sg.o
  CC      drivers/media/platform/msm/vidc/venus_boot.o
  LD      drivers/media/v4l2-core/videodev.o
  LD      drivers/media/v4l2-core/built-in.o
  CC      drivers/media/platform/msm/camera_v2/sensor/io/msm_camera_dt_util.o
  CC      drivers/media/media-device.o
  CC      drivers/mmc/core/sd_ops.o
  LD      drivers/media/platform/msm/vidc/built-in.o
  CC      drivers/mmc/core/sdio.o
  CC      drivers/mmc/core/sdio_ops.o
  CC      drivers/media/platform/msm/camera_v2/sensor/ois/msm_ois.o
  CC      drivers/media/platform/msm/camera_v2/sensor/msm_sensor_init.o
  CC      drivers/mmc/core/sdio_bus.o
  LD      drivers/media/platform/msm/camera_v2/sensor/io/built-in.o
  CC      drivers/net/dummy.o
  LD      drivers/media/platform/msm/camera_v2/sensor/ois/built-in.o
  LD      drivers/nfc/built-in.o
  CC      drivers/media/platform/msm/camera_v2/sensor/msm_sensor_driver.o
  CC      drivers/of/base.o
  CC      drivers/mmc/core/sdio_cis.o
  CC      drivers/net/mii.o
  CC      drivers/mmc/core/sdio_io.o
  CC      drivers/of/fdt.o
  CC      drivers/media/platform/msm/camera_v2/sensor/msm_sensor.o
  CC      drivers/net/Space.o
  CC      drivers/mmc/core/sdio_irq.o
  CC      drivers/net/loopback.o
  CC      drivers/of/address.o
  CC      drivers/mmc/core/quirks.o
  CC      drivers/mmc/core/slot-gpio.o
  CC      drivers/net/ethernet/msm/msm_rmnet_bam.o
  CC      drivers/of/irq.o
  CC      drivers/mmc/core/debugfs.o
  LD      drivers/media/platform/msm/camera_v2/sensor/built-in.o
  LD      drivers/media/platform/msm/camera_v2/built-in.o
  LD      drivers/media/platform/msm/built-in.o
  LD      drivers/media/platform/built-in.o
  CC      drivers/media/media-devnode.o
  CC      drivers/of/device.o
  CC      drivers/media/media-entity.o
  LD      drivers/mmc/core/mmc_core.o
  LD      drivers/mmc/core/built-in.o
  CC      drivers/mmc/host/sdhci.o
  LD      drivers/net/ethernet/msm/built-in.o
  LD      drivers/net/ethernet/built-in.o
  CC      drivers/net/phy/phy.o
  CC      drivers/of/platform.o
  LD      drivers/media/media.o
  LD      drivers/media/built-in.o
  CC      drivers/net/phy/phy_device.o
  CC      drivers/of/of_i2c.o
  CC      drivers/of/of_net.o
  CC      drivers/net/phy/mdio_bus.o
  CC      drivers/net/ppp/ppp_generic.o
  CC      drivers/of/of_mdio.o
  LD      drivers/net/phy/libphy.o
  LD      drivers/net/phy/built-in.o
  CC      drivers/of/of_pci.o
  CC      drivers/net/slip/slip.o
  CC      drivers/of/of_pci_irq.o
  CC      drivers/of/of_spmi.o
  CC      drivers/mmc/host/sdhci-pltfm.o
  CC      drivers/mmc/host/sdhci-msm.o
  CC      drivers/of/of_slimbus.o
  CC      drivers/net/slip/slhc.o
  CC      drivers/net/ppp/ppp_async.o
  CC      drivers/of/of_batterydata.o
  CC      drivers/of/of_reserved_mem.o
  LD      drivers/net/slip/built-in.o
  CC      drivers/net/usb/asix_devices.o
  CC      drivers/net/ppp/bsd_comp.o
  LD      drivers/of/built-in.o
  CC      drivers/net/usb/asix_common.o
  CC      drivers/net/ppp/ppp_deflate.o
  CC      drivers/pci/access.o
  LD      drivers/mmc/host/built-in.o
  LD      drivers/mmc/built-in.o
  CC      drivers/net/usb/ax88172a.o
  CC      drivers/net/ppp/ppp_mppe.o
  CC      drivers/net/wireless/wcnss/wcnss_wlan.o
  CC      drivers/pci/bus.o
  CC      drivers/net/ppp/ppp_synctty.o
  CC      drivers/net/usb/ax88179_178a.o
  CC      drivers/pci/probe.o
  CC      drivers/net/ppp/pppox.o
  CC      drivers/net/usb/cdc_ether.o
  CC      drivers/net/ppp/pppoe.o
  CC      drivers/net/wireless/wcnss/qcomwlan_secif.o
  CC      drivers/pci/host-bridge.o
  CC      drivers/net/wireless/wcnss/wcnss_vreg.o
  CC      drivers/net/usb/dm9601.o
  CC      drivers/pci/remove.o
  CC      drivers/pci/pci.o
  CC      drivers/net/wireless/wcnss/wcnss_prealloc.o
  CC      drivers/net/ppp/pppolac.o
  CC      drivers/net/usb/net1080.o
  LD      drivers/net/wireless/wcnss/wcnsscore.o
  LD      drivers/net/wireless/wcnss/built-in.o
  LD      drivers/net/wireless/built-in.o
  CC      drivers/pci/pci-driver.o
  CC      drivers/net/ppp/pppopns.o
  CC      drivers/net/usb/cdc_subset.o
  CC      drivers/net/tun.o
  CC      drivers/net/usb/zaurus.o
  LD      drivers/net/ppp/built-in.o
  CC      drivers/net/usb/usbnet.o
  CC      drivers/pci/search.o
  CC      drivers/pinctrl/core.o
  CC      drivers/pci/pci-sysfs.o
  CC      drivers/pinctrl/pinmux.o
  CC      drivers/net/usb/cdc_ncm.o
  CC      drivers/platform/msm/msm_bus/msm_bus_bimc.o
  CC      drivers/pci/rom.o
  CC      drivers/pinctrl/pinconf.o
  CC      drivers/pci/setup-res.o
  LD      drivers/net/usb/asix.o
  LD      drivers/net/usb/built-in.o
  LD      drivers/net/built-in.o
  CC      drivers/platform/msm/msm_bus/msm_bus_noc.o
  CC      drivers/pci/irq.o
  CC      drivers/power/power_supply_core.o
  CC      drivers/pinctrl/devicetree.o
  CC      drivers/pci/vpd.o
  CC      drivers/pinctrl/pinconf-generic.o
  CC      drivers/pci/setup-bus.o
  CC      drivers/power/power_supply_sysfs.o
  CC      drivers/pinctrl/pinctrl-msm.o
  CC      drivers/platform/msm/msm_bus/msm_bus_core.o
  CC      drivers/power/power_supply_leds.o
  CC      drivers/platform/msm/msm_bus/msm_bus_client_api.o
  CC      drivers/power/smb1360-charger-fg.o
  CC      drivers/pinctrl/pinctrl-msm-tlmm.o
  CC      drivers/pci/proc.o
  CC      drivers/platform/msm/msm_bus/msm_bus_of.o
  CC      drivers/pci/slot.o
  LD      drivers/pinctrl/built-in.o
  CC      drivers/platform/msm/msm_bus/msm_bus_rpm_smd.o
  CC      drivers/pwm/core.o
  CC      drivers/pci/setup-irq.o
  CC      drivers/platform/msm/msm_bus/msm_bus_fabric_adhoc.o
  CC      drivers/pci/syscall.o
  CC      drivers/pwm/pwm-qpnp.o
  CC      drivers/pci/of.o
  CC      drivers/platform/msm/msm_bus/msm_bus_arb_adhoc.o
  LD      drivers/pci/host/built-in.o
  LD      drivers/pci/built-in.o
  CC      drivers/platform/msm/sps/bam.o
  LD      drivers/pwm/built-in.o
  CC      drivers/platform/msm/sps/sps_bam.o
  CC      drivers/power/battery_current_limit.o
  CC      drivers/platform/msm/msm_bus/msm_bus_rules.o
  CC      drivers/platform/msm/msm_bus/msm_bus_of_adhoc.o
  CC      drivers/power/qcom/msm-pm.o
  CC      drivers/regulator/core.o
  CC      drivers/platform/msm/msm_bus/msm_bus_id.o
  CC      drivers/power/qcom/pm-data.o
  CC      drivers/platform/msm/msm_bus/msm_bus_dbg.o
  CC      drivers/power/qcom/pm-stats.o
  CC      drivers/power/qcom/lpm-stats.o
  LD      drivers/platform/msm/msm_bus/built-in.o
  CC      drivers/regulator/dummy.o
  CC      drivers/power/qcom/pm-boot.o
  CC      drivers/platform/msm/usb_bam.o
  LD      drivers/power/qcom/built-in.o
  CC      drivers/power/reset/msm-poweroff.o
  CC      drivers/regulator/fixed-helper.o
  LD      drivers/power/reset/built-in.o
  LD      drivers/power/power_supply.o
  LD      drivers/power/built-in.o
  CC      drivers/regulator/of_regulator.o
  CC      drivers/rtc/rtc-lib.o
  CC      drivers/regulator/fixed.o
  CC      drivers/rtc/hctosys.o
  CC      drivers/rtc/systohc.o
  CC      drivers/regulator/proxy-consumer.o
  CC      drivers/rtc/class.o
  CC      drivers/regulator/arizona-micsupp.o
  CC      drivers/rtc/interface.o
  CC      drivers/regulator/arizona-ldo1.o
  CC      drivers/regulator/fan53555.o
  CC      drivers/platform/msm/qpnp-power-on.o
  CC      drivers/platform/msm/sps/sps.o
  CC      drivers/rtc/rtc-dev.o
  CC      drivers/regulator/mem-acc-regulator.o
  CC      drivers/rtc/rtc-proc.o
  CC      drivers/regulator/onsemi-ncp6335d.o
  CC      drivers/rtc/rtc-sysfs.o
  CC      drivers/platform/msm/qpnp-vibrator.o
  CC      drivers/rtc/qpnp-rtc.o
  CC      drivers/regulator/stub-regulator.o
  CC      drivers/platform/msm/avtimer.o
  LD      drivers/rtc/rtc-core.o
  LD      drivers/rtc/built-in.o
  CC      drivers/platform/msm/qpnp-revid.o
  CC      drivers/regulator/tps65132-regulator.o
  CC      drivers/regulator/rpm-smd-regulator.o
  CC      drivers/regulator/qpnp-regulator.o
  CC      drivers/platform/msm/pft.o
  CC      drivers/platform/msm/sps/sps_dma.o
  CC      drivers/platform/msm/sps/sps_map.o
  CC      drivers/platform/msm/sps/sps_mem.o
  CC      drivers/scsi/scsi.o
  CC      drivers/regulator/spm-regulator.o
  CC      drivers/platform/msm/sps/sps_rm.o
  CC      drivers/scsi/hosts.o
  CC      drivers/regulator/cpr-regulator.o
  LD      drivers/platform/msm/sps/built-in.o
  LD      drivers/platform/msm/built-in.o
  LD      drivers/platform/built-in.o
  CC      drivers/scsi/scsi_ioctl.o
  CC      drivers/sensors/sensors_class.o
  CC      drivers/sensors/sensors_ssc.o
  CC      drivers/scsi/constants.o
  CC      drivers/scsi/scsicam.o
  LD      drivers/sensors/built-in.o
  CC      drivers/scsi/scsi_error.o
  CC      drivers/scsi/scsi_lib.o
  CC      drivers/slimbus/slimbus.o
  CC      drivers/slimbus/slim-msm.o
  LD      drivers/regulator/built-in.o
  CC      drivers/scsi/scsi_lib_dma.o
  CC      drivers/soc/qcom/memshare/heap_mem_ext_v01.o
  CC      drivers/scsi/scsi_scan.o
  CC      drivers/soc/qcom/memshare/msm_memshare.o
  CC      drivers/scsi/scsi_sysfs.o
  CC      drivers/slimbus/slim-msm-ngd.o
  LD      drivers/soc/qcom/memshare/built-in.o
  CC      drivers/soc/qcom/qdsp6v2/apr.o
  CC      drivers/soc/qcom/boot_stats.o
  CC      drivers/scsi/scsi_devinfo.o
  CC      drivers/scsi/scsi_sysctl.o
  CC      drivers/soc/qcom/qdsp6v2/apr_v3.o
  CC      drivers/soundwire/soundwire.o
  CC      drivers/scsi/scsi_proc.o
  LD      drivers/slimbus/built-in.o
  CC      drivers/scsi/scsi_trace.o
  CC      drivers/soc/qcom/qdsp6v2/apr_tal.o
  CC      drivers/spi/spi.o
  CC      drivers/scsi/scsi_pm.o
  CC      drivers/soc/qcom/qdsp6v2/voice_svc.o
  CC      drivers/soundwire/swr-wcd-ctrl.o
  CC      drivers/scsi/scsi_tgt_lib.o
  CC      drivers/soc/qcom/qdsp6v2/msm_audio_ion.o
  CC      drivers/spi/spi_qsd.o
  CC      drivers/scsi/scsi_tgt_if.o
  LD      drivers/soundwire/built-in.o
  CC      drivers/scsi/sd.o
  CC      drivers/soc/qcom/qdsp6v2/adsp-loader.o
  LD      drivers/soc/qcom/qdsp6v2/built-in.o
  CC      drivers/soc/qcom/msm_rq_stats.o
  CC      drivers/spmi/spmi.o
  CC      drivers/soc/qcom/nohlt.o
  CC      drivers/spmi/spmi-resources.o
  AS      drivers/soc/qcom/idle-v8.o
  LD      drivers/spi/built-in.o
  CC      drivers/soc/qcom/cpu_ops.o
  CC      drivers/scsi/sg.o
  CC      drivers/spmi/spmi-pmic-arb.o
  CC      drivers/soc/qcom/bam_dmux.o
  CC      drivers/spmi/qpnp-int.o
  CC      drivers/scsi/ch.o
  CC      drivers/spmi/spmi-dbgfs.o
  LD      drivers/spmi/built-in.o
  CC      drivers/soc/qcom/ipc_router_smd_xprt.o
  CC      drivers/soc/qcom/memory_dump_v2.o
  LD      drivers/scsi/scsi_mod.o
  LD      drivers/scsi/scsi_tgt.o
  LD      drivers/scsi/sd_mod.o
  LD      drivers/scsi/built-in.o
  CC      drivers/soc/qcom/mpm-of.o
  CC      drivers/staging/staging.o
  CC      drivers/staging/android/ion/ion.o
  CC      drivers/soc/qcom/rpm-smd.o
  CC      drivers/switch/switch_class.o
  LD      drivers/switch/built-in.o
  CC      drivers/soc/qcom/rpm-smd-debug.o
  CC      drivers/thermal/thermal_core.o
  CC      drivers/thermal/step_wise.o
  CC      drivers/soc/qcom/rpm_stats.o
  CC      drivers/staging/android/ion/ion_page_pool.o
  CC      drivers/staging/android/ion/ion_heap.o
  CC      drivers/thermal/msm8974-tsens.o
  CC      drivers/soc/qcom/rpm_master_stat.o
  CC      drivers/staging/android/ion/ion_system_heap.o
  CC      drivers/soc/qcom/rpm_log.o
  CC      drivers/soc/qcom/qmi_interface.o
  CC      drivers/staging/android/ion/ion_carveout_heap.o
  LD      drivers/staging/media/built-in.o
  CC      drivers/soc/qcom/scm.o
  CC      drivers/staging/android/ion/ion_chunk_heap.o
  CC      drivers/staging/android/ion/ion_cma_heap.o
  CC      drivers/thermal/qpnp-temp-alarm.o
  CC      drivers/soc/qcom/scm-boot.o
  CC      drivers/staging/prima/CORE/BAP/src/bapApiData.o
  CC      drivers/staging/android/ion/ion_cma_secure_heap.o
  CC      drivers/thermal/qpnp-adc-tm.o
  CC      drivers/soc/qcom/smd.o
  CC      drivers/staging/android/ion/compat_ion.o
  CC      drivers/staging/prima/CORE/BAP/src/bapApiDebug.o
  CC      drivers/staging/android/ion/ion_removed_heap.o
  CC      drivers/staging/prima/CORE/BAP/src/bapApiExt.o
  CC      drivers/thermal/msm_thermal.o
  CC      drivers/staging/android/ion/msm/msm_ion.o
  CC      drivers/staging/prima/CORE/BAP/src/bapApiHCBB.o
  CC      drivers/soc/qcom/smd_debug.o
  CC      drivers/soc/qcom/smd_private.o
  CC      drivers/staging/prima/CORE/BAP/src/bapApiInfo.o
  CC      drivers/staging/android/ion/msm/secure_buffer.o
  CC      drivers/soc/qcom/smd_init_dt.o
  CC      drivers/staging/android/ion/msm/compat_msm_ion.o
  CC      drivers/staging/prima/CORE/BAP/src/bapApiLinkCntl.o
  CC      drivers/soc/qcom/smsm_debug.o
  LD      drivers/staging/android/ion/msm/built-in.o
  LD      drivers/staging/android/ion/built-in.o
  CC      drivers/staging/android/binder.o
  CC      drivers/soc/qcom/smem.o
  CC      drivers/staging/prima/CORE/BAP/src/bapApiLinkSupervision.o
  CC      drivers/staging/prima/CORE/BAP/src/bapApiStatus.o
  CC      drivers/soc/qcom/smem_debug.o
  CC      drivers/staging/prima/CORE/BAP/src/bapApiTimer.o
  CC      drivers/soc/qcom/smem_log.o
  CC      drivers/staging/prima/CORE/BAP/src/bapModule.o
  CC      drivers/thermal/msm_thermal-dev.o
  CC      drivers/soc/qcom/common_log.o
  LD      drivers/thermal/thermal_sys.o
  LD      drivers/thermal/built-in.o
  CC      drivers/soc/qcom/smp2p.o
  CC      drivers/staging/prima/CORE/BAP/src/bapRsn8021xAuthFsm.o
  CC      drivers/tty/tty_io.o
  CC      drivers/staging/prima/CORE/BAP/src/bapRsn8021xPrf.o
  CC      drivers/soc/qcom/smp2p_debug.o
  CC      drivers/staging/android/ashmem.o
  CC      drivers/staging/prima/CORE/BAP/src/bapRsn8021xSuppRsnFsm.o
  CC      drivers/soc/qcom/smp2p_loopback.o
  CC      drivers/soc/qcom/smp2p_test.o
  CC      drivers/tty/n_tty.o
  CC      drivers/staging/prima/CORE/BAP/src/bapRsnAsfPacket.o
  CC      drivers/staging/android/timed_output.o
  CC      drivers/staging/android/timed_gpio.o
  CC      drivers/staging/prima/CORE/BAP/src/bapRsnSsmAesKeyWrap.o
  CC      drivers/staging/android/lowmemorykiller.o
  CC      drivers/soc/qcom/smp2p_spinlock_test.o
  CC      drivers/staging/prima/CORE/BAP/src/bapRsnSsmEapol.o
  CC      drivers/tty/tty_ioctl.o
  CC      drivers/soc/qcom/watchdog_v2.o
  CC      drivers/staging/android/alarm-dev.o
  CC      drivers/staging/prima/CORE/BAP/src/bapRsnSsmReplayCtr.o
  CC      drivers/tty/tty_ldisc.o
  CC      drivers/staging/android/sync.o
  CC      drivers/staging/prima/CORE/BAP/src/bapRsnTxRx.o
  CC      drivers/soc/qcom/spm.o
  CC      drivers/tty/tty_buffer.o
  CC      drivers/staging/prima/CORE/BAP/src/btampFsm.o
  CC      drivers/soc/qcom/spm_devices.o
  CC      drivers/tty/tty_port.o
  CC      drivers/staging/android/sw_sync.o
  CC      drivers/soc/qcom/socinfo.o
  CC      drivers/staging/prima/CORE/BAP/src/btampHCI.o
  CC      drivers/staging/android/oneshot_sync.o
  CC      drivers/tty/tty_mutex.o
  CC      drivers/tty/tty_ldsem.o
  LD      drivers/staging/android/built-in.o
  CC      drivers/staging/prima/CORE/DXE/src/wlan_qct_dxe.o
  CC      drivers/soc/qcom/peripheral-loader.o
  CC      drivers/tty/pty.o
  CC      drivers/soc/qcom/subsys-pil-tz.o
  CC      drivers/tty/tty_audit.o
  LD      drivers/staging/silicom/built-in.o
  CC      drivers/staging/prima/CORE/DXE/src/wlan_qct_dxe_cfg_i.o
  CC      drivers/tty/sysrq.o
  CC      drivers/soc/qcom/pil-q6v5.o
  CC      drivers/uio/uio.o
  CC      drivers/soc/qcom/pil-msa.o
  CC      drivers/staging/prima/CORE/HDD/src/bap_hdd_main.o
  LD      drivers/tty/ipwireless/built-in.o
  CC      drivers/staging/prima/CORE/HDD/src/wlan_hdd_assoc.o
  CC      drivers/tty/serial/msm_smd_tty.o
  CC      drivers/uio/msm_sharedmem/msm_sharedmem.o
  CC      drivers/soc/qcom/pil-q6v5-mss.o
  CC      drivers/uio/msm_sharedmem/remote_filesystem_access_v01.o
  CC      drivers/uio/msm_sharedmem/sharedmem_qmi.o
  LD      drivers/tty/serial/built-in.o
  LD      drivers/tty/vt/built-in.o
  LD      drivers/tty/built-in.o
  CC      drivers/staging/prima/CORE/HDD/src/wlan_hdd_cfg.o
  CC      drivers/soc/qcom/ocmem.o
  LD      drivers/uio/msm_sharedmem/built-in.o
  LD      drivers/uio/built-in.o
  CC      drivers/staging/prima/CORE/HDD/src/wlan_hdd_debugfs.o
  CC      drivers/soc/qcom/ocmem_allocator.o
  CC      drivers/soc/qcom/ocmem_notifier.o
  CC      drivers/usb/class/cdc-acm.o
  CC      drivers/usb/core/usb.o
  CC      drivers/staging/prima/CORE/HDD/src/wlan_hdd_dev_pwr.o
  CC      drivers/soc/qcom/ocmem_sched.o
  CC      drivers/usb/core/hub.o
  CC      drivers/staging/prima/CORE/HDD/src/wlan_hdd_dp_utils.o
  CC      drivers/usb/class/ccid_bridge.o
  CC      drivers/staging/prima/CORE/HDD/src/wlan_hdd_early_suspend.o
  CC      drivers/soc/qcom/ocmem_api.o
  CC      drivers/soc/qcom/ocmem_rdm.o
  LD      drivers/usb/class/built-in.o
  CC      drivers/video/fb_notify.o
  CC      drivers/soc/qcom/ocmem_core.o
  CC      drivers/video/fbmem.o
  CC      drivers/staging/prima/CORE/HDD/src/wlan_hdd_ftm.o
  CC      drivers/usb/core/hcd.o
  CC      drivers/soc/qcom/msm_performance.o
  CC      drivers/video/fbmon.o
  CC      drivers/soc/qcom/core_ctl_helper.o
  CC      drivers/video/fbcmap.o
  CC      drivers/soc/qcom/core_ctl.o
  CC      drivers/usb/core/urb.o
  CC      drivers/video/fbsysfs.o
  CC      drivers/staging/prima/CORE/HDD/src/wlan_hdd_hostapd.o
  CC      drivers/video/modedb.o
  CC      drivers/usb/core/message.o
  CC      drivers/soc/qcom/subsystem_notif.o
  CC      drivers/soc/qcom/subsystem_restart.o
  CC      drivers/video/fbcvt.o
  CC      drivers/video/backlight/backlight.o
  CC      drivers/usb/core/driver.o
  CC      drivers/staging/prima/CORE/HDD/src/wlan_hdd_main.o
  LD      drivers/video/backlight/built-in.o
  CC      drivers/soc/qcom/ramdump.o
  CC      drivers/video/msm/mdss/mdss_dsi.o
  CC      drivers/usb/core/config.o
  CC      drivers/soc/qcom/sysmon.o
  CC      drivers/soc/qcom/sysmon-qmi.o
  CC      drivers/usb/core/file.o
  CC      drivers/video/msm/mdss/mdss_dsi_host.o
  CC      drivers/soc/qcom/cpu_pwr_ctl.o
  CC      drivers/usb/core/buffer.o
  LD      drivers/soc/qcom/built-in.o
  LD      drivers/soc/built-in.o
  LD      drivers/video/omap2/displays/built-in.o
  LD      drivers/video/omap2/built-in.o
  CC      drivers/video/msm/mdss/mdss_dsi_cmd.o
  CC      drivers/usb/core/sysfs.o
  CC      drivers/staging/prima/CORE/HDD/src/wlan_hdd_mib.o
  CC      drivers/usb/core/endpoint.o
  CC      drivers/video/msm/mdss/mdss_dsi_status.o
  CC      drivers/usb/dwc3/core.o
  CC      drivers/usb/core/devio.o
  CC      drivers/video/msm/mdss/mdss_dsi_panel.o
  CC      drivers/usb/dwc3/host.o
  CC      drivers/staging/prima/CORE/HDD/src/wlan_hdd_oemdata.o
  CC      drivers/usb/dwc3/gadget.o
  CC      drivers/staging/prima/CORE/HDD/src/wlan_hdd_scan.o
  CC      drivers/video/msm/mdss/msm_mdss_io_8974.o
  CC      drivers/usb/core/notify.o
  CC      drivers/usb/core/generic.o
  CC      drivers/usb/core/quirks.o
  CC      drivers/staging/prima/CORE/HDD/src/wlan_hdd_softap_tx_rx.o
  CC      drivers/video/msm/mdss/mdss_mdp.o
  CC      drivers/usb/core/devices.o
  CC      drivers/usb/dwc3/ep0.o
  CC      drivers/usb/core/port.o
  CC      drivers/usb/dwc3/dwc3_otg.o
  CC      drivers/usb/core/hcd-pci.o
  CC      drivers/staging/prima/CORE/HDD/src/wlan_hdd_tx_rx.o
  CC      drivers/usb/dwc3/debugfs.o
  LD      drivers/usb/core/usbcore.o
  LD      drivers/usb/core/built-in.o
  CC      drivers/staging/prima/CORE/HDD/src/wlan_hdd_trace.o
  CC      drivers/usb/dwc3/dwc3-omap.o
  CC      drivers/usb/gadget/udc-core.o
  CC      drivers/staging/prima/CORE/HDD/src/wlan_hdd_wext.o
  CC      drivers/video/msm/mdss/mdss_mdp_ctl.o
  CC      drivers/usb/dwc3/dwc3-exynos.o
  CC      drivers/usb/gadget/android.o
  CC      drivers/usb/dwc3/dbm-1_4.o
  CC      drivers/usb/dwc3/dbm-1_5.o
  CC      drivers/usb/dwc3/dwc3-msm.o
  CC      drivers/video/msm/mdss/mdss_mdp_pipe.o
  CC      drivers/staging/prima/CORE/HDD/src/wlan_hdd_wmm.o
  CC      drivers/usb/dwc3/dbm.o
  CC      drivers/video/msm/mdss/mdss_mdp_util.o
  CC      drivers/usb/dwc3/dwc3-pci.o
  CC      drivers/staging/prima/CORE/HDD/src/wlan_hdd_wowl.o
  LD      drivers/usb/dwc3/dwc3.o
  LD      drivers/usb/dwc3/built-in.o
  CC      drivers/staging/prima/CORE/HDD/src/wlan_hdd_cfg80211.o
  CC      drivers/video/msm/mdss/dsi_status_6g.o
  CC      drivers/video/msm/mdss/mdss_mdp_pp.o
  CC      drivers/video/cfbfillrect.o
  CC      drivers/staging/prima/CORE/HDD/src/wlan_hdd_p2p.o
  CC      drivers/video/cfbcopyarea.o
  CC      drivers/staging/prima/CORE/HDD/src/wlan_hdd_tdls.o
  CC      drivers/video/msm/mdss/mdss_mdp_pp_debug.o
  CC      drivers/video/cfbimgblt.o
  CC      drivers/staging/prima/CORE/MAC/src/cfg/cfgApi.o
  LD      drivers/video/fb.o
  CC      drivers/staging/prima/CORE/MAC/src/cfg/cfgDebug.o
  CC      drivers/video/msm/mdss/mdss_mdp_intf_video.o
  CC      drivers/usb/host/pci-quirks.o
  CC      drivers/staging/prima/CORE/MAC/src/cfg/cfgParamName.o
  CC      drivers/video/msm/mdss/mdss_mdp_intf_cmd.o
  CC      drivers/staging/prima/CORE/MAC/src/cfg/cfgProcMsg.o
  CC      drivers/usb/host/ehci-hcd.o
  CC      drivers/staging/prima/CORE/MAC/src/cfg/cfgSendMsg.o
  CC      drivers/video/msm/mdss/mdss_mdp_intf_writeback.o
  CC      drivers/staging/prima/CORE/MAC/src/dph/dphHashTable.o
  CC      drivers/video/msm/mdss/mdss_mdp_rotator.o
  CC      drivers/staging/prima/CORE/MAC/src/pe/lim/limAIDmgmt.o
  CC      drivers/video/msm/mdss/mdss_mdp_overlay.o
  CC      drivers/staging/prima/CORE/MAC/src/pe/lim/limAdmitControl.o
  CC      drivers/usb/host/ehci-pci.o
  CC      drivers/staging/prima/CORE/MAC/src/pe/lim/limApi.o
  CC      drivers/usb/host/ehci-msm.o
  CC      drivers/usb/host/ehci-msm2.o
  CC      drivers/staging/prima/CORE/MAC/src/pe/lim/limAssocUtils.o
  CC      drivers/video/msm/mdss/mdss_mdp_splash_logo.o
  CC      drivers/usb/host/ice40-hcd.o
  CC      drivers/video/msm/mdss/mdss_mdp_wb.o
  CC      drivers/staging/prima/CORE/MAC/src/pe/lim/limDebug.o
  CC      drivers/staging/prima/CORE/MAC/src/pe/lim/limFT.o
  CC      drivers/video/msm/mdss/mdss_mdp_debug.o
  CC      drivers/video/msm/mdss/mdss_debug.o
  CC      drivers/usb/host/ehci-msm-uicc.o
  CC      drivers/staging/prima/CORE/MAC/src/pe/lim/limIbssPeerMgmt.o
  LD      drivers/usb/host/built-in.o
  CC      drivers/usb/gadget/usbstring.o
  CC      drivers/usb/misc/ehset.o
  CC      drivers/video/msm/mdss/mdss_debug_xlog.o
  CC      drivers/staging/prima/CORE/MAC/src/pe/lim/limLinkMonitoringAlgo.o
  LD      drivers/usb/misc/built-in.o
  CC      drivers/staging/prima/CORE/MAC/src/pe/lim/limLogDump.o
  LD      drivers/video/msm/mdss/mdss-dsi.o
  CC      drivers/video/msm/mdss/mdss_panel.o
  CC      drivers/video/msm/mdss/adv7533_dsi2hdmi.o
  CC      drivers/staging/prima/CORE/MAC/src/pe/lim/limP2P.o
  CC      drivers/video/msm/mdss/mdss_io_util.o
  CC      drivers/usb/gadget/config.o
  CC      drivers/video/msm/mdss/mdss_wb.o
  CC      drivers/usb/gadget/epautoconf.o
  CC      drivers/staging/prima/CORE/MAC/src/pe/lim/limProcessActionFrame.o
  CC      drivers/video/msm/mdss/mdss_fb.o
  CC      drivers/usb/gadget/composite.o
  CC      drivers/video/msm/mdss/mdss_util.o
  CC      drivers/usb/mon/mon_main.o
  CC      drivers/staging/prima/CORE/MAC/src/pe/lim/limProcessAssocReqFrame.o
  CC      drivers/usb/mon/mon_stat.o
  CC      drivers/usb/gadget/functions.o
  CC      drivers/usb/mon/mon_text.o
  CC      drivers/usb/gadget/f_acm.o
  CC      drivers/video/msm/mdss/mdss_compat_utils.o
  CC      drivers/staging/prima/CORE/MAC/src/pe/lim/limProcessAssocRspFrame.o
  CC      drivers/usb/mon/mon_bin.o
  CC      drivers/usb/gadget/f_serial.o
  CC      drivers/staging/prima/CORE/MAC/src/pe/lim/limProcessAuthFrame.o
  LD      drivers/usb/mon/usbmon.o
  LD      drivers/usb/mon/built-in.o
  CC      drivers/video/msm/mdss/mdss_livedisplay.o
  CC      drivers/usb/gadget/ci13xxx_msm.o
  CC      drivers/staging/prima/CORE/MAC/src/pe/lim/limProcessBeaconFrame.o
  CC      drivers/usb/phy/phy.o
  CC      drivers/staging/prima/CORE/MAC/src/pe/lim/limProcessCfgUpdates.o
  LD      drivers/video/msm/mdss/mdss-mdp.o
  LD      drivers/video/msm/mdss/built-in.o
  LD      drivers/video/msm/built-in.o
  LD      drivers/video/built-in.o
  CC      drivers/usb/phy/of.o
  CC      drivers/usb/serial/usb-serial.o
  CC      drivers/usb/phy/otg-wakelock.o
  CC      drivers/staging/prima/CORE/MAC/src/pe/lim/limProcessDeauthFrame.o
  CC      drivers/usb/phy/phy-msm-usb.o
  CC      drivers/staging/prima/CORE/MAC/src/pe/lim/limProcessDisassocFrame.o
  CC      drivers/usb/serial/generic.o
  LD      drivers/usb/gadget/usb_f_acm.o
  CC      drivers/usb/gadget/u_serial.o
  CC      drivers/staging/prima/CORE/MAC/src/pe/lim/limProcessLmmMessages.o
  CC      drivers/usb/serial/bus.o
  CC      drivers/usb/serial/csvt.o
  CC      drivers/staging/prima/CORE/MAC/src/pe/lim/limProcessMessageQueue.o
  LD      drivers/usb/gadget/usb_f_serial.o
  LD      drivers/usb/gadget/g_android.o
  LD      drivers/usb/gadget/libcomposite.o
  LD      drivers/usb/gadget/built-in.o
  CC      drivers/staging/prima/CORE/MAC/src/pe/lim/limProcessMlmReqMessages.o
  LD      drivers/usb/serial/usbserial.o
  LD      drivers/usb/serial/built-in.o
  CC      drivers/staging/prima/CORE/MAC/src/pe/lim/limProcessMlmRspMessages.o
  CC      drivers/usb/storage/alauda.o
  CC      drivers/usb/phy/phy-msm-hsusb.o
  CC      drivers/usb/phy/phy-msm-ssusb.o
  CC      drivers/usb/storage/cypress_atacb.o
  CC      drivers/staging/prima/CORE/MAC/src/pe/lim/limProcessProbeReqFrame.o
  CC      drivers/staging/prima/CORE/MAC/src/pe/lim/limProcessProbeRspFrame.o
  CC      drivers/usb/phy/phy-msm-ssusb-qmp.o
  CC      drivers/usb/storage/datafab.o
  CC      drivers/usb/usb-common.o
  CC      drivers/staging/prima/CORE/MAC/src/pe/lim/limProcessSmeReqMessages.o
  LD      drivers/usb/phy/built-in.o
  CC      drivers/staging/prima/CORE/MAC/src/pe/lim/limPropExtsUtils.o
  CC      drivers/staging/prima/CORE/MAC/src/pe/lim/limRMC.o
  CC      drivers/usb/storage/freecom.o
  CC      drivers/usb/storage/isd200.o
  CC      drivers/staging/prima/CORE/MAC/src/pe/lim/limRoamingAlgo.o
  CC      drivers/usb/storage/jumpshot.o
  CC      drivers/usb/storage/karma.o
  CC      drivers/usb/storage/sddr09.o
  CC      drivers/staging/prima/CORE/MAC/src/pe/lim/limScanResultUtils.o
  CC      drivers/staging/prima/CORE/MAC/src/pe/lim/limSecurityUtils.o
  CC      drivers/usb/storage/sddr55.o
  CC      drivers/staging/prima/CORE/MAC/src/pe/lim/limSendManagementFrames.o
  CC      drivers/usb/storage/shuttle_usbat.o
  CC      drivers/usb/storage/scsiglue.o
  CC      drivers/staging/prima/CORE/MAC/src/pe/lim/limSendMessages.o
  CC      drivers/staging/prima/CORE/MAC/src/pe/lim/limSendSmeRspMessages.o
  CC      drivers/usb/storage/protocol.o
  CC      drivers/usb/storage/transport.o
  CC      drivers/staging/prima/CORE/MAC/src/pe/lim/limSerDesUtils.o
  CC      drivers/usb/storage/usb.o
  CC      drivers/staging/prima/CORE/MAC/src/pe/lim/limSession.o
  CC      drivers/usb/storage/initializers.o
  CC      drivers/usb/storage/sierra_ms.o
  CC      drivers/staging/prima/CORE/MAC/src/pe/lim/limSessionUtils.o
  CC      drivers/staging/prima/CORE/MAC/src/pe/lim/limSmeReqUtils.o
  CC      drivers/staging/prima/CORE/MAC/src/pe/lim/limStaHashApi.o
  CC      drivers/usb/storage/option_ms.o
  CC      drivers/usb/storage/usual-tables.o
  CC      drivers/staging/prima/CORE/MAC/src/pe/lim/limTimerUtils.o
  CC      drivers/staging/prima/CORE/MAC/src/pe/lim/limTrace.o
  CC      drivers/staging/prima/CORE/MAC/src/pe/lim/limUtils.o
  LD      drivers/usb/storage/usb-storage.o
  LD      drivers/usb/storage/ums-alauda.o
  LD      drivers/usb/storage/ums-cypress.o
  LD      drivers/usb/storage/ums-datafab.o
  LD      drivers/usb/storage/ums-freecom.o
  LD      drivers/usb/storage/ums-isd200.o
  LD      drivers/usb/storage/ums-jumpshot.o
  LD      drivers/usb/storage/ums-karma.o
  LD      drivers/usb/storage/ums-sddr09.o
  LD      drivers/usb/storage/ums-sddr55.o
  LD      drivers/usb/storage/ums-usbat.o
  LD      drivers/usb/storage/built-in.o
  LD      drivers/usb/built-in.o
  CC      drivers/staging/prima/CORE/MAC/src/pe/lim/limProcessTdls.o
  CC      drivers/staging/prima/CORE/MAC/src/pe/pmm/pmmAP.o
  CC      drivers/staging/prima/CORE/MAC/src/pe/pmm/pmmApi.o
  CC      drivers/staging/prima/CORE/MAC/src/pe/pmm/pmmDebug.o
  CC      drivers/staging/prima/CORE/MAC/src/pe/sch/schApi.o
  CC      drivers/staging/prima/CORE/MAC/src/pe/sch/schBeaconGen.o
  CC      drivers/staging/prima/CORE/MAC/src/pe/sch/schBeaconProcess.o
  CC      drivers/staging/prima/CORE/MAC/src/pe/sch/schDebug.o
  CC      drivers/staging/prima/CORE/MAC/src/pe/sch/schMessage.o
  CC      drivers/staging/prima/CORE/MAC/src/pe/rrm/rrmApi.o
  CC      drivers/staging/prima/CORE/SAP/src/sapApiLinkCntl.o
  CC      drivers/staging/prima/CORE/SAP/src/sapChSelect.o
  CC      drivers/staging/prima/CORE/SAP/src/sapFsm.o
  CC      drivers/staging/prima/CORE/SAP/src/sapModule.o
  CC      drivers/staging/prima/CORE/SME/src/btc/btcApi.o
  CC      drivers/staging/prima/CORE/SME/src/ccm/ccmApi.o
  CC      drivers/staging/prima/CORE/SME/src/ccm/ccmLogDump.o
  CC      drivers/staging/prima/CORE/SME/src/sme_common/sme_Api.o
  CC      drivers/staging/prima/CORE/SME/src/sme_common/sme_FTApi.o
  CC      drivers/staging/prima/CORE/SME/src/sme_common/sme_Trace.o
  CC      drivers/staging/prima/CORE/SME/src/csr/csrApiRoam.o
  CC      drivers/staging/prima/CORE/SME/src/csr/csrApiScan.o
  CC      drivers/staging/prima/CORE/SME/src/csr/csrCmdProcess.o
  CC      drivers/staging/prima/CORE/SME/src/csr/csrLinkList.o
  CC      drivers/staging/prima/CORE/SME/src/csr/csrLogDump.o
  CC      drivers/staging/prima/CORE/SME/src/csr/csrNeighborRoam.o
  CC      drivers/staging/prima/CORE/SME/src/csr/csrUtil.o
  CC      drivers/staging/prima/CORE/SME/src/csr/csrTdlsProcess.o
  CC      drivers/staging/prima/CORE/SME/src/oemData/oemDataApi.o
  CC      drivers/staging/prima/CORE/SME/src/p2p/p2p_Api.o
  CC      drivers/staging/prima/CORE/SME/src/pmc/pmcApi.o
  CC      drivers/staging/prima/CORE/SME/src/pmc/pmc.o
  CC      drivers/staging/prima/CORE/SME/src/pmc/pmcLogDump.o
  CC      drivers/staging/prima/CORE/SME/src/QoS/sme_Qos.o
  CC      drivers/staging/prima/CORE/SME/src/rrm/sme_rrm.o
  CC      drivers/staging/prima/CORE/SME/src/nan/nan_Api.o
  CC      drivers/staging/prima/CORE/SVC/src/btc/wlan_btc_svc.o
  CC      drivers/staging/prima/CORE/SVC/src/nlink/wlan_nlink_srv.o
  CC      drivers/staging/prima/CORE/SVC/src/ptt/wlan_ptt_sock_svc.o
  CC      drivers/staging/prima/CORE/SVC/src/logging/wlan_logging_sock_svc.o
  CC      drivers/staging/prima/CORE/SYS/common/src/wlan_qct_sys.o
  CC      drivers/staging/prima/CORE/SYS/legacy/src/pal/src/palApiComm.o
  CC      drivers/staging/prima/CORE/SYS/legacy/src/pal/src/palTimer.o
  CC      drivers/staging/prima/CORE/SYS/legacy/src/platform/src/VossWrapper.o
  CC      drivers/staging/prima/CORE/SYS/legacy/src/system/src/macInitApi.o
  CC      drivers/staging/prima/CORE/SYS/legacy/src/system/src/sysEntryFunc.o
  CC      drivers/staging/prima/CORE/SYS/legacy/src/utils/src/dot11f.o
  CC      drivers/staging/prima/CORE/SYS/legacy/src/utils/src/logApi.o
  CC      drivers/staging/prima/CORE/SYS/legacy/src/utils/src/logDump.o
  CC      drivers/staging/prima/CORE/SYS/legacy/src/utils/src/macTrace.o
  CC      drivers/staging/prima/CORE/SYS/legacy/src/utils/src/parserApi.o
  CC      drivers/staging/prima/CORE/SYS/legacy/src/utils/src/utilsApi.o
  CC      drivers/staging/prima/CORE/SYS/legacy/src/utils/src/utilsParser.o
  CC      drivers/staging/prima/CORE/TL/src/wlan_qct_tl.o
  CC      drivers/staging/prima/CORE/TL/src/wlan_qct_tl_ba.o
  CC      drivers/staging/prima/CORE/TL/src/wlan_qct_tl_hosupport.o
  CC      drivers/staging/prima/CORE/TL/src/wlan_qct_tl_trace.o
  CC      drivers/staging/prima/CORE/VOSS/src/vos_api.o
  CC      drivers/staging/prima/CORE/VOSS/src/vos_event.o
  CC      drivers/staging/prima/CORE/VOSS/src/vos_getBin.o
  CC      drivers/staging/prima/CORE/VOSS/src/vos_list.o
  CC      drivers/staging/prima/CORE/VOSS/src/vos_lock.o
  CC      drivers/staging/prima/CORE/VOSS/src/vos_memory.o
  CC      drivers/staging/prima/CORE/VOSS/src/vos_mq.o
  CC      drivers/staging/prima/CORE/VOSS/src/vos_nvitem.o
  CC      drivers/staging/prima/CORE/VOSS/src/vos_packet.o
  CC      drivers/staging/prima/CORE/VOSS/src/vos_sched.o
  CC      drivers/staging/prima/CORE/VOSS/src/vos_threads.o
  CC      drivers/staging/prima/CORE/VOSS/src/vos_timer.o
  CC      drivers/staging/prima/CORE/VOSS/src/vos_trace.o
  CC      drivers/staging/prima/CORE/VOSS/src/vos_types.o
  CC      drivers/staging/prima/CORE/VOSS/src/vos_utils.o
  CC      drivers/staging/prima/CORE/VOSS/src/wlan_nv_parser.o
  CC      drivers/staging/prima/CORE/VOSS/src/wlan_nv_stream_read.o
  CC      drivers/staging/prima/CORE/VOSS/src/wlan_nv_template_builtin.o
  CC      drivers/staging/prima/CORE/VOSS/src/vos_diag.o
  CC      drivers/staging/prima/CORE/WDA/src/wlan_qct_wda.o
  CC      drivers/staging/prima/CORE/WDA/src/wlan_qct_wda_debug.o
  CC      drivers/staging/prima/CORE/WDA/src/wlan_qct_wda_ds.o
  CC      drivers/staging/prima/CORE/WDA/src/wlan_qct_wda_legacy.o
  CC      drivers/staging/prima/CORE/WDA/src/wlan_nv.o
  CC      drivers/staging/prima/CORE/WDI/CP/src/wlan_qct_wdi.o
  CC      drivers/staging/prima/CORE/WDI/CP/src/wlan_qct_wdi_dp.o
  CC      drivers/staging/prima/CORE/WDI/CP/src/wlan_qct_wdi_sta.o
  CC      drivers/staging/prima/CORE/WDI/DP/src/wlan_qct_wdi_bd.o
  CC      drivers/staging/prima/CORE/WDI/DP/src/wlan_qct_wdi_ds.o
  CC      drivers/staging/prima/CORE/WDI/TRP/CTS/src/wlan_qct_wdi_cts.o
  CC      drivers/staging/prima/CORE/WDI/TRP/DTS/src/wlan_qct_wdi_dts.o
  CC      drivers/staging/prima/CORE/WDI/WPAL/src/wlan_qct_pal_api.o
  CC      drivers/staging/prima/CORE/WDI/WPAL/src/wlan_qct_pal_device.o
  CC      drivers/staging/prima/CORE/WDI/WPAL/src/wlan_qct_pal_msg.o
  CC      drivers/staging/prima/CORE/WDI/WPAL/src/wlan_qct_pal_packet.o
  CC      drivers/staging/prima/CORE/WDI/WPAL/src/wlan_qct_pal_sync.o
  CC      drivers/staging/prima/CORE/WDI/WPAL/src/wlan_qct_pal_timer.o
  CC      drivers/staging/prima/CORE/WDI/WPAL/src/wlan_qct_pal_trace.o
  LD      drivers/staging/prima/wlan.o
  LD      drivers/staging/prima/built-in.o
  LD      drivers/staging/built-in.o
  LD      drivers/built-in.o
Makefile:130: recipe for target 'sub-make' failed
make: *** [sub-make] Error 2
make: Leaving directory '/root/worspace/aosip/kernel/cyanogen/msm8916'
ninja: build stopped: subcommand failed.
build/core/ninja.mk:151: recipe for target 'ninja_wrapper' failed

[0;31m#### make failed to build some targets (11:10 (mm:ss)) ####[00m

